                                                                                       1: sent at 175589811000000, (unhandled) KeyEvent { action=ACTION_DOWN, keyCode=KEYCODE_DPAD_DOWN, scanCode=108, metaState=META_NUM_LOCK_ON, flags=0x8, repeatCount=0, eventTime=175589811, downTime=175589811, deviceId=1, source=0x101 }
                                                                                       2: sent at 175545130000000, (unhandled) KeyEvent { action=ACTION_UP, keyCode=KEYCODE_DPAD_UP, scanCode=103, metaState=META_NUM_LOCK_ON, flags=0x80000008, repeatCount=0, eventTime=175545130, downTime=175545010, deviceId=1, source=0x101 }
                                                                                       3: sent at 175542666000000, (unhandled) KeyEvent { action=ACTION_DOWN, keyCode=KEYCODE_DPAD_DOWN, scanCode=108, metaState=META_NUM_LOCK_ON, flags=0x8, repeatCount=0, eventTime=175542666, downTime=175542666, deviceId=1, source=0x101 }
                                                                                       4: sent at 175542170000000, (unhandled) KeyEvent { action=ACTION_UP, keyCode=KEYCODE_DPAD_UP, scanCode=103, metaState=META_NUM_LOCK_ON, flags=0x80000008, repeatCount=0, eventTime=175542170, downTime=175542050, deviceId=1, source=0x101 }
                                                                                       5: sent at 175539258000000, (unhandled) KeyEvent { action=ACTION_DOWN, keyCode=KEYCODE_DPAD_DOWN, scanCode=108, metaState=META_NUM_LOCK_ON, flags=0x8, repeatCount=0, eventTime=175539258, downTime=175539258, deviceId=1, source=0x101 }
10-20 17:54:54.484 29148-29148/com.cibn.tv.debug_v2 I/System.out: !!==!! onChildViewHolderSelected
10-20 17:54:54.484 29148-29148/com.cibn.tv.debug_v2 D/PageWithLoaderFragment: onRowSelected 1
10-20 17:54:54.484 29148-29148/com.cibn.tv.debug_v2 D/BackgroundHelper:  clearBackground  level:0 backgroundManager:com.tv.background.BackgroundManager@419d6710 mBackgroundLevel1:null mBackgroundLevel2:null mDefaultBackground:android.graphics.drawable.LayerDrawable@418e27a0
10-20 17:54:54.484 29148-29148/com.cibn.tv.debug_v2 V/BackgroundManager: setBackgroundDrawable android.graphics.drawable.LayerDrawable@418e27a0
10-20 17:54:54.484 29148-29148/com.cibn.tv.debug_v2 V/BackgroundManager: new drawable same as pending
10-20 17:54:54.854 29148-29148/com.cibn.tv.debug_v2 V/TEA_JNI: JNI--jni_tea_media_player_set_videoview x=0,y=0,view_w=894,view_h=502
10-20 17:54:54.854 29148-29148/com.cibn.tv.debug_v2 V/TEA_JNI: JNI--jni_tea_media_player_start
10-20 17:54:54.854 29148-31953/com.cibn.tv.debug_v2 I/TEA_JNI: cur_decoder get success
10-20 17:54:54.854 29148-1917/com.cibn.tv.debug_v2 I/OMXClient: Using client-side OMX mux.
10-20 17:54:54.864 29148-1917/com.cibn.tv.debug_v2 E/ACodec: [OMX.rk.video_decoder.avc] storeMetaDataInBuffers failed w/ err -2147483648
10-20 17:54:54.874 29148-31953/com.cibn.tv.debug_v2 I/AudioTrack: set() streamType 3 frameCount 12288 flags 0000 channelMask 3 sampleRate 44100 format 1
10-20 17:54:54.904 29148-29148/com.cibn.tv.debug_v2 V/TEA_JNI: JNI--jni_tea_get_slice_domain_name, domainname is  k.cp31.ott.cibntv.net
10-20 17:54:54.924 29148-29148/com.cibn.tv.debug_v2 V/LocalBroadcastManager: Resolving type null scheme null of intent Intent { act=action_ui_player_control_callback_changed (has extras) }
10-20 17:54:54.924 29148-29148/com.cibn.tv.debug_v2 V/LocalBroadcastManager: Action list: [Receiver{com.youku.tv.player.common.localbroadcast.DataBroadcast$1@42669c50 filter=android.content.IntentFilter@42670a40}, Receiver{com.youku.tv.player.common.localbroadcast.DataBroadcast$1@4269d450 filter=android.content.IntentFilter@42687a08}]
10-20 17:54:54.924 29148-29148/com.cibn.tv.debug_v2 V/LocalBroadcastManager: Matching against filter android.content.IntentFilter@42670a40
10-20 17:54:54.924 29148-29148/com.cibn.tv.debug_v2 V/LocalBroadcastManager:   Filter matched!  match=0x108000
10-20 17:54:54.924 29148-29148/com.cibn.tv.debug_v2 V/LocalBroadcastManager: Matching against filter android.content.IntentFilter@42687a08
10-20 17:54:54.924 29148-29148/com.cibn.tv.debug_v2 V/LocalBroadcastManager:   Filter matched!  match=0x108000
10-20 17:54:54.924 29148-29148/com.cibn.tv.debug_v2 E/youku_player_sdk_Track_ErrorMsg: onPlayLoadingEnd loadingTime=1965.0 loadingPosition=333.92 ,CurrentTime : 175594144
10-20 17:54:54.924 29148-29148/com.cibn.tv.debug_v2 V/LocalBroadcastManager: Resolving type null scheme null of intent Intent { act=action_ui_player_control_callback_changed (has extras) }
10-20 17:54:54.924 29148-29148/com.cibn.tv.debug_v2 V/LocalBroadcastManager: Action list: [Receiver{com.youku.tv.player.common.localbroadcast.DataBroadcast$1@42669c50 filter=android.content.IntentFilter@42670a40}, Receiver{com.youku.tv.player.common.localbroadcast.DataBroadcast$1@4269d450 filter=android.content.IntentFilter@42687a08}]
10-20 17:54:54.924 29148-29148/com.cibn.tv.debug_v2 V/LocalBroadcastManager: Matching against filter android.content.IntentFilter@42670a40
10-20 17:54:54.924 29148-29148/com.cibn.tv.debug_v2 V/LocalBroadcastManager:   Filter matched!  match=0x108000
10-20 17:54:54.924 29148-29148/com.cibn.tv.debug_v2 V/LocalBroadcastManager: Matching against filter android.content.IntentFilter@42687a08
10-20 17:54:54.924 29148-29148/com.cibn.tv.debug_v2 V/LocalBroadcastManager:   Filter matched!  match=0x108000
10-20 17:54:54.954 29148-29148/com.cibn.tv.debug_v2 V/LocalBroadcastManager: Resolving type null scheme null of intent Intent { act=action_ui_player_control_callback_changed (has extras) }
10-20 17:54:54.954 29148-29148/com.cibn.tv.debug_v2 V/LocalBroadcastManager: Action list: [Receiver{com.youku.tv.player.common.localbroadcast.DataBroadcast$1@42669c50 filter=android.content.IntentFilter@42670a40}, Receiver{com.youku.tv.player.common.localbroadcast.DataBroadcast$1@4269d450 filter=android.content.IntentFilter@42687a08}]
10-20 17:54:54.954 29148-29148/com.cibn.tv.debug_v2 V/LocalBroadcastManager: Matching against filter android.content.IntentFilter@42670a40
10-20 17:54:54.954 29148-29148/com.cibn.tv.debug_v2 V/LocalBroadcastManager:   Filter matched!  match=0x108000
10-20 17:54:54.954 29148-29148/com.cibn.tv.debug_v2 V/LocalBroadcastManager: Matching against filter android.content.IntentFilter@42687a08
10-20 17:54:54.954 29148-29148/com.cibn.tv.debug_v2 V/LocalBroadcastManager:   Filter matched!  match=0x108000
10-20 17:54:54.954 29148-29148/com.cibn.tv.debug_v2 V/TEA_JNI: JNI--jni_tea_media_player_play
10-20 17:54:55.034 29148-29148/com.cibn.tv.debug_v2 I/System.out: !!==!! xxxx 99999 BrowseFrameLayout
10-20 17:54:55.034 29148-29148/com.cibn.tv.debug_v2 I/System.out: !!==!! onChildViewHolderSelected
10-20 17:54:55.034 29148-29148/com.cibn.tv.debug_v2 D/PageWithLoaderFragment: onRowSelected 2
10-20 17:54:55.044 29148-29148/com.cibn.tv.debug_v2 D/BackgroundHelper:  clearBackground  level:0 backgroundManager:com.tv.background.BackgroundManager@419d6710 mBackgroundLevel1:null mBackgroundLevel2:null mDefaultBackground:android.graphics.drawable.LayerDrawable@418e27a0
10-20 17:54:55.044 29148-29148/com.cibn.tv.debug_v2 V/BackgroundManager: setBackgroundDrawable android.graphics.drawable.LayerDrawable@418e27a0
10-20 17:54:55.044 29148-29148/com.cibn.tv.debug_v2 V/BackgroundManager: new drawable same as pending
10-20 17:54:55.214 29148-29148/com.cibn.tv.debug_v2 V/PLog_DexVideoView: pause
10-20 17:54:55.214 29148-29148/com.cibn.tv.debug_v2 V/TEA_JNI: JNI--jni_tea_media_player_pause
10-20 17:54:55.314 29148-1917/com.cibn.tv.debug_v2 D/ACodec: que first frame for set xy
10-20 17:54:55.314 29148-1917/com.cibn.tv.debug_v2 D/ACodec: dequeueBufferFromNativeWindow:something err
10-20 17:54:55.364 29148-1917/com.cibn.tv.debug_v2 D/ACodec: open fb1 success
10-20 17:54:55.364 29148-1917/com.cibn.tv.debug_v2 D/ACodec: dequeueBufferFromNativeWindow renderBuffer:time not enough
10-20 17:54:55.364 29148-29148/com.cibn.tv.debug_v2 D/InputEventConsistencyVerifier: KeyEvent: ACTION_UP but key was not down.
                                                                                       in com.tv.ui.view.RowContainerView{45db1b80 V.E..... ........ 0,295-1920,849}
                                                                                       0: sent at 175594379000000, KeyEvent { action=ACTION_UP, keyCode=KEYCODE_DPAD_DOWN, scanCode=108, metaState=META_NUM_LOCK_ON, flags=0x8, repeatCount=0, eventTime=175594379, downTime=175594251, deviceId=1, source=0x101 }
                                                                                       -- recent events --
                                                                                       1: sent at 175591371000000, (unhandled) KeyEvent { action=ACTION_DOWN, keyCode=KEYCODE_DPAD_UP, scanCode=103, metaState=META_NUM_LOCK_ON, flags=0x8, repeatCount=0, eventTime=175591371, downTime=175591371, deviceId=1, source=0x101 }
                                                                                       2: sent at 175590403000000, (unhandled) KeyEvent { action=ACTION_UP, keyCode=KEYCODE_DPAD_DOWN, scanCode=108, metaState=META_NUM_LOCK_ON, flags=0x80000008, repeatCount=0, eventTime=175590403, downTime=175590267, deviceId=1, source=0x101 }
                                                                                       3: sent at 175544434000000, (unhandled) KeyEvent { action=ACTION_DOWN, keyCode=KEYCODE_DPAD_UP, scanCode=103, metaState=META_NUM_LOCK_ON, flags=0x8, repeatCount=0, eventTime=175544434, downTime=175544434, deviceId=1, source=0x101 }
                                                                                       4: sent at 175543410000000, (unhandled) KeyEvent { action=ACTION_UP, keyCode=KEYCODE_DPAD_DOWN, scanCode=108, metaState=META_NUM_LOCK_ON, flags=0x80000008, repeatCount=0, eventTime=175543410, downTime=175543290, deviceId=1, source=0x101 }
                                                                                       5: sent at 175541090000000, (unhandled) KeyEvent { action=ACTION_DOWN, keyCode=KEYCODE_DPAD_UP, scanCode=103, metaState=META_NUM_LOCK_ON, flags=0x8, repeatCount=0, eventTime=175541090, downTime=175541090, deviceId=1, source=0x101 }
10-20 17:54:55.364 29148-29148/com.cibn.tv.debug_v2 V/LocalBroadcastManager: Resolving type null scheme null of intent Intent { act=action_ui_player_control_callback_changed (has extras) }
10-20 17:54:55.364 29148-29148/com.cibn.tv.debug_v2 V/LocalBroadcastManager: Action list: [Receiver{com.youku.tv.player.common.localbroadcast.DataBroadcast$1@42669c50 filter=android.content.IntentFilter@42670a40}, Receiver{com.youku.tv.player.common.localbroadcast.DataBroadcast$1@4269d450 filter=android.content.IntentFilter@42687a08}]
10-20 17:54:55.364 29148-29148/com.cibn.tv.debug_v2 V/LocalBroadcastManager: Matching against filter android.content.IntentFilter@42670a40
10-20 17:54:55.364 29148-29148/com.cibn.tv.debug_v2 V/LocalBroadcastManager:   Filter matched!  match=0x108000
10-20 17:54:55.364 29148-29148/com.cibn.tv.debug_v2 V/LocalBroadcastManager: Matching against filter android.content.IntentFilter@42687a08
10-20 17:54:55.364 29148-29148/com.cibn.tv.debug_v2 V/LocalBroadcastManager:   Filter matched!  match=0x108000
10-20 17:54:55.374 29148-29148/com.cibn.tv.debug_v2 D/PlayerControlFragment: updateProgressBubble progress:332800
10-20 17:54:55.374 29148-29148/com.cibn.tv.debug_v2 D/PlayerControlFragment: updateProgressBubble  seekbarWidth:604 bubbleWidth:103 seekBarMax : 3316200  seekBarLeft: 0
10-20 17:54:55.374 29148-29148/com.cibn.tv.debug_v2 D/PlayerControlFragment: updateProgressBubble leftMargin:9 bubbleParentWidth 894
10-20 17:54:55.744 29148-31929/com.cibn.tv.debug_v2 W/ResponseProcessCookies: Cookie rejected: "BasicClientCookie[version=0,name=userTrack_predict,domain=.atm.youku.com,path=/,expiry=Wed Oct 15 17:50:51 GMT+08:00 2036]". Illegal domain attribute "atm.youku.com". Domain of origin: "test.cibn.api.ott.youku.com"
10-20 17:54:55.774 29148-31929/com.cibn.tv.debug_v2 E/youku_player_sdk_PlayerManager_ErrorMsg: setPauseAdImageRes info.VAL is null.
10-20 17:54:56.214 29148-29148/com.cibn.tv.debug_v2 I/System.out: !!==!! xxxx 99999 BrowseFrameLayout
10-20 17:54:56.224 29148-29148/com.cibn.tv.debug_v2 I/System.out: !!==!! onChildViewHolderSelected
10-20 17:54:56.224 29148-29148/com.cibn.tv.debug_v2 D/PageWithLoaderFragment: onRowSelected 1
10-20 17:54:56.224 29148-29148/com.cibn.tv.debug_v2 D/BackgroundHelper:  clearBackground  level:0 backgroundManager:com.tv.background.BackgroundManager@419d6710 mBackgroundLevel1:null mBackgroundLevel2:null mDefaultBackground:android.graphics.drawable.LayerDrawable@418e27a0
10-20 17:54:56.224 29148-29148/com.cibn.tv.debug_v2 V/BackgroundManager: setBackgroundDrawable android.graphics.drawable.LayerDrawable@418e27a0
10-20 17:54:56.224 29148-29148/com.cibn.tv.debug_v2 V/BackgroundManager: new drawable same as pending
10-20 17:54:56.384 29148-29148/com.cibn.tv.debug_v2 I/TEA_JNI: JSetSurface enter, new object: 0xee80001d, old object: 0x1df0050a
10-20 17:54:56.814 29148-29148/com.cibn.tv.debug_v2 V/PLog_DexVideoView: start
10-20 17:54:56.814 29148-29148/com.cibn.tv.debug_v2 V/TEA_JNI: JNI--jni_tea_vplayer_surface_change_end
10-20 17:54:56.814 29148-1917/com.cibn.tv.debug_v2 E/ACodec: dd~ACodec:close mCodec->fb1_fd
10-20 17:54:56.924 29148-1917/com.cibn.tv.debug_v2 E/ACodec: changeStateIfWeOwnAllBuffers out
10-20 17:54:56.924 29148-1917/com.cibn.tv.debug_v2 E/ACodec: changeStateIfWeOwnAllBuffers out
10-20 17:54:56.924 29148-1917/com.cibn.tv.debug_v2 E/ACodec: changeStateIfWeOwnAllBuffers out
10-20 17:54:56.924 29148-1917/com.cibn.tv.debug_v2 E/ACodec: changeStateIfWeOwnAllBuffers out
10-20 17:54:56.924 29148-1917/com.cibn.tv.debug_v2 E/ACodec: changeStateIfWeOwnAllBuffers out
10-20 17:54:56.924 29148-1917/com.cibn.tv.debug_v2 D/ACodec: renderBuffer:freeBuffer
10-20 17:54:56.934 29148-1917/com.cibn.tv.debug_v2 E/ACodec: changeStateIfWeOwnAllBuffers out
10-20 17:54:56.954 29148-29148/com.cibn.tv.debug_v2 V/TEA_JNI: JNI--jni_tea_media_player_open:6  start_pos(ms):333920
10-20 17:54:56.954 29148-29148/com.cibn.tv.debug_v2 I/TEA_JNI: open dll:libdecengine_RK_mc_44.so success, dlhander 0x7a328a48
10-20 17:54:56.954 29148-29148/com.cibn.tv.debug_v2 V/TEA_JNI: jni_tea_media_player_load_so:0
10-20 17:54:56.964 29148-29148/com.cibn.tv.debug_v2 I/TEA_JNI: JSetSurface enter, new object: 0x830001d, old object: 0x1e00050a
10-20 17:54:56.964 29148-29148/com.cibn.tv.debug_v2 V/TEA_JNI: JNI--jni_tea_vplayer_surface_ready
10-20 17:54:56.964 29148-29148/com.cibn.tv.debug_v2 V/LocalBroadcastManager: Resolving type null scheme null of intent Intent { act=action_ui_player_control_callback_changed (has extras) }
10-20 17:54:56.964 29148-29148/com.cibn.tv.debug_v2 V/LocalBroadcastManager: Action list: [Receiver{com.youku.tv.player.common.localbroadcast.DataBroadcast$1@42669c50 filter=android.content.IntentFilter@42670a40}, Receiver{com.youku.tv.player.common.localbroadcast.DataBroadcast$1@4269d450 filter=android.content.IntentFilter@42687a08}]
10-20 17:54:56.964 29148-29148/com.cibn.tv.debug_v2 V/LocalBroadcastManager: Matching against filter android.content.IntentFilter@42670a40
10-20 17:54:56.964 29148-29148/com.cibn.tv.debug_v2 V/LocalBroadcastManager:   Filter matched!  match=0x108000
10-20 17:54:56.964 29148-29148/com.cibn.tv.debug_v2 V/LocalBroadcastManager: Matching against filter android.content.IntentFilter@42687a08
10-20 17:54:56.964 29148-29148/com.cibn.tv.debug_v2 V/LocalBroadcastManager:   Filter matched!  match=0x108000
10-20 17:54:57.244 29148-29148/com.cibn.tv.debug_v2 V/TEA_JNI: JNI--jni_tea_media_player_set_videoview x=0,y=0,view_w=894,view_h=502
10-20 17:54:57.244 29148-29148/com.cibn.tv.debug_v2 V/TEA_JNI: JNI--jni_tea_media_player_start
10-20 17:54:57.244 29148-31953/com.cibn.tv.debug_v2 I/TEA_JNI: cur_decoder get success
10-20 17:54:57.244 29148-2008/com.cibn.tv.debug_v2 I/OMXClient: Using client-side OMX mux.
10-20 17:54:57.244 29148-2008/com.cibn.tv.debug_v2 E/ACodec: [OMX.rk.video_decoder.avc] storeMetaDataInBuffers failed w/ err -2147483648
10-20 17:54:57.264 29148-31953/com.cibn.tv.debug_v2 I/AudioTrack: set() streamType 3 frameCount 12288 flags 0000 channelMask 3 sampleRate 44100 format 1
10-20 17:54:57.274 29148-29148/com.cibn.tv.debug_v2 V/TEA_JNI: JNI--jni_tea_get_slice_domain_name, domainname is  k.cp31.ott.cibntv.net
10-20 17:54:57.314 29148-29148/com.cibn.tv.debug_v2 E/youku_player_sdk_Track_ErrorMsg: onPlayLoadingEnd loadingTime=348.0 loadingPosition=332.8 ,CurrentTime : 175596530
10-20 17:54:57.314 29148-29148/com.cibn.tv.debug_v2 V/LocalBroadcastManager: Resolving type null scheme null of intent Intent { act=action_ui_player_control_callback_changed (has extras) }
10-20 17:54:57.314 29148-29148/com.cibn.tv.debug_v2 V/LocalBroadcastManager: Action list: [Receiver{com.youku.tv.player.common.localbroadcast.DataBroadcast$1@42669c50 filter=android.content.IntentFilter@42670a40}, Receiver{com.youku.tv.player.common.localbroadcast.DataBroadcast$1@4269d450 filter=android.content.IntentFilter@42687a08}]
10-20 17:54:57.314 29148-29148/com.cibn.tv.debug_v2 V/LocalBroadcastManager: Matching against filter android.content.IntentFilter@42670a40
10-20 17:54:57.314 29148-29148/com.cibn.tv.debug_v2 V/LocalBroadcastManager:   Filter matched!  match=0x108000
10-20 17:54:57.314 29148-29148/com.cibn.tv.debug_v2 V/LocalBroadcastManager: Matching against filter android.content.IntentFilter@42687a08
10-20 17:54:57.314 29148-29148/com.cibn.tv.debug_v2 V/LocalBroadcastManager:   Filter matched!  match=0x108000
10-20 17:54:57.344 29148-29148/com.cibn.tv.debug_v2 V/LocalBroadcastManager: Resolving type null scheme null of intent Intent { act=action_ui_player_control_callback_changed (has extras) }
10-20 17:54:57.344 29148-29148/com.cibn.tv.debug_v2 V/LocalBroadcastManager: Action list: [Receiver{com.youku.tv.player.common.localbroadcast.DataBroadcast$1@42669c50 filter=android.content.IntentFilter@42670a40}, Receiver{com.youku.tv.player.common.localbroadcast.DataBroadcast$1@4269d450 filter=android.content.IntentFilter@42687a08}]
10-20 17:54:57.344 29148-29148/com.cibn.tv.debug_v2 V/LocalBroadcastManager: Matching against filter android.content.IntentFilter@42670a40
10-20 17:54:57.344 29148-29148/com.cibn.tv.debug_v2 V/LocalBroadcastManager:   Filter matched!  match=0x108000
10-20 17:54:57.344 29148-29148/com.cibn.tv.debug_v2 V/LocalBroadcastManager: Matching against filter android.content.IntentFilter@42687a08
10-20 17:54:57.344 29148-29148/com.cibn.tv.debug_v2 V/LocalBroadcastManager:   Filter matched!  match=0x108000
10-20 17:54:57.344 29148-29148/com.cibn.tv.debug_v2 V/TEA_JNI: JNI--jni_tea_media_player_play
10-20 17:54:57.534 29148-29148/com.cibn.tv.debug_v2 I/System.out: !!==!! xxxx 99999 BrowseFrameLayout
10-20 17:54:57.534 29148-29148/com.cibn.tv.debug_v2 I/System.out: !!==!! onChildViewHolderSelected
10-20 17:54:57.534 29148-29148/com.cibn.tv.debug_v2 D/PageWithLoaderFragment: onRowSelected 0
10-20 17:54:57.654 29148-29148/com.cibn.tv.debug_v2 D/InputEventConsistencyVerifier: KeyEvent: ACTION_UP but key was not down.
                                                                                       in com.tv.ui.view.RowContainerView{45cd4f50 V.E..... ........ 0,-130-1920,769}
                                                                                       0: sent at 175596868000000, KeyEvent { action=ACTION_UP, keyCode=KEYCODE_DPAD_UP, scanCode=103, metaState=META_NUM_LOCK_ON, flags=0x8, repeatCount=0, eventTime=175596868, downTime=175596748, deviceId=1, source=0x101 }
                                                                                       -- recent events --
                                                                                       1: sent at 175593691000000, (unhandled) KeyEvent { action=ACTION_DOWN, keyCode=KEYCODE_DPAD_DOWN, scanCode=108, metaState=META_NUM_LOCK_ON, flags=0x8, repeatCount=0, eventTime=175593691, downTime=175593691, deviceId=1, source=0x101 }
                                                                                       2: sent at 175592587000000, (unhandled) KeyEvent { action=ACTION_UP, keyCode=KEYCODE_DPAD_UP, scanCode=103, metaState=META_NUM_LOCK_ON, flags=0x80000008, repeatCount=0, eventTime=175592587, downTime=175592451, deviceId=1, source=0x101 }
                                                                                       3: sent at 175589811000000, (unhandled) KeyEvent { action=ACTION_DOWN, keyCode=KEYCODE_DPAD_DOWN, scanCode=108, metaState=META_NUM_LOCK_ON, flags=0x8, repeatCount=0, eventTime=175589811, downTime=175589811, deviceId=1, source=0x101 }
                                                                                       4: sent at 175545130000000, (unhandled) KeyEvent { action=ACTION_UP, keyCode=KEYCODE_DPAD_UP, scanCode=103, metaState=META_NUM_LOCK_ON, flags=0x80000008, repeatCount=0, eventTime=175545130, downTime=175545010, deviceId=1, source=0x101 }
                                                                                       5: sent at 175542666000000, (unhandled) KeyEvent { action=ACTION_DOWN, keyCode=KEYCODE_DPAD_DOWN, scanCode=108, metaState=META_NUM_LOCK_ON, flags=0x8, repeatCount=0, eventTime=175542666, downTime=175542666, deviceId=1, source=0x101 }
10-20 17:54:57.704 29148-2008/com.cibn.tv.debug_v2 D/ACodec: que first frame for set xy
10-20 17:54:57.704 29148-2008/com.cibn.tv.debug_v2 D/ACodec: dequeueBufferFromNativeWindow:something err
10-20 17:54:57.754 29148-2008/com.cibn.tv.debug_v2 D/ACodec: open fb1 success
10-20 17:54:57.754 29148-2008/com.cibn.tv.debug_v2 D/ACodec: dequeueBufferFromNativeWindow renderBuffer:time not enough
10-20 17:54:57.804 29148-2008/com.cibn.tv.debug_v2 D/ACodec: dequeueBufferFromNativeWindow renderBuffer:time not enough
10-20 17:54:57.914 29148-29148/com.cibn.tv.debug_v2 V/LocalBroadcastManager: Resolving type null scheme null of intent Intent { act=action_ui_player_control_callback_changed (has extras) }
10-20 17:54:57.914 29148-29148/com.cibn.tv.debug_v2 V/LocalBroadcastManager: Action list: [Receiver{com.youku.tv.player.common.localbroadcast.DataBroadcast$1@42669c50 filter=android.content.IntentFilter@42670a40}, Receiver{com.youku.tv.player.common.localbroadcast.DataBroadcast$1@4269d450 filter=android.content.IntentFilter@42687a08}]
10-20 17:54:57.924 29148-29148/com.cibn.tv.debug_v2 V/LocalBroadcastManager: Matching against filter android.content.IntentFilter@42670a40
10-20 17:54:57.924 29148-29148/com.cibn.tv.debug_v2 V/LocalBroadcastManager:   Filter matched!  match=0x108000
10-20 17:54:57.924 29148-29148/com.cibn.tv.debug_v2 V/LocalBroadcastManager: Matching against filter android.content.IntentFilter@42687a08
10-20 17:54:57.924 29148-29148/com.cibn.tv.debug_v2 V/LocalBroadcastManager:   Filter matched!  match=0x108000
10-20 17:54:57.924 29148-29148/com.cibn.tv.debug_v2 D/PlayerControlFragment: updateProgressBubble progress:333000
10-20 17:54:57.924 29148-29148/com.cibn.tv.debug_v2 D/PlayerControlFragment: updateProgressBubble  seekbarWidth:604 bubbleWidth:103 seekBarMax : 3316200  seekBarLeft: 315
10-20 17:54:57.924 29148-29148/com.cibn.tv.debug_v2 D/PlayerControlFragment: updateProgressBubble leftMargin:324 bubbleParentWidth 894
10-20 17:54:58.114 29148-29148/com.cibn.tv.debug_v2 V/LocalBroadcastManager: Resolving type null scheme null of intent Intent { act=action_ui_player_control_callback_changed (has extras) }
10-20 17:54:58.114 29148-29148/com.cibn.tv.debug_v2 V/LocalBroadcastManager: Action list: [Receiver{com.youku.tv.player.common.localbroadcast.DataBroadcast$1@42669c50 filter=android.content.IntentFilter@42670a40}, Receiver{com.youku.tv.player.common.localbroadcast.DataBroadcast$1@4269d450 filter=android.content.IntentFilter@42687a08}]
10-20 17:54:58.114 29148-29148/com.cibn.tv.debug_v2 V/LocalBroadcastManager: Matching against filter android.content.IntentFilter@42670a40
10-20 17:54:58.114 29148-29148/com.cibn.tv.debug_v2 V/LocalBroadcastManager:   Filter matched!  match=0x108000
10-20 17:54:58.114 29148-29148/com.cibn.tv.debug_v2 V/LocalBroadcastManager: Matching against filter android.content.IntentFilter@42687a08
10-20 17:54:58.114 29148-29148/com.cibn.tv.debug_v2 V/LocalBroadcastManager:   Filter matched!  match=0x108000
10-20 17:54:58.114 29148-29148/com.cibn.tv.debug_v2 D/PlayerControlFragment: updateProgressBubble progress:333200
10-20 17:54:58.114 29148-29148/com.cibn.tv.debug_v2 D/PlayerControlFragment: updateProgressBubble  seekbarWidth:604 bubbleWidth:103 seekBarMax : 3316200  seekBarLeft: 315
10-20 17:54:58.114 29148-29148/com.cibn.tv.debug_v2 D/PlayerControlFragment: updateProgressBubble leftMargin:324 bubbleParentWidth 894
10-20 17:54:58.314 29148-29148/com.cibn.tv.debug_v2 V/LocalBroadcastManager: Resolving type null scheme null of intent Intent { act=action_ui_player_control_callback_changed (has extras) }
10-20 17:54:58.314 29148-29148/com.cibn.tv.debug_v2 V/LocalBroadcastManager: Action list: [Receiver{com.youku.tv.player.common.localbroadcast.DataBroadcast$1@42669c50 filter=android.content.IntentFilter@42670a40}, Receiver{com.youku.tv.player.common.localbroadcast.DataBroadcast$1@4269d450 filter=android.content.IntentFilter@42687a08}]
10-20 17:54:58.314 29148-29148/com.cibn.tv.debug_v2 V/LocalBroadcastManager: Matching against filter android.content.IntentFilter@42670a40
10-20 17:54:58.314 29148-29148/com.cibn.tv.debug_v2 V/LocalBroadcastManager:   Filter matched!  match=0x108000
10-20 17:54:58.314 29148-29148/com.cibn.tv.debug_v2 V/LocalBroadcastManager: Matching against filter android.content.IntentFilter@42687a08
10-20 17:54:58.314 29148-29148/com.cibn.tv.debug_v2 V/LocalBroadcastManager:   Filter matched!  match=0x108000
10-20 17:54:58.314 29148-29148/com.cibn.tv.debug_v2 D/PlayerControlFragment: updateProgressBubble progress:333400
10-20 17:54:58.314 29148-29148/com.cibn.tv.debug_v2 D/PlayerControlFragment: updateProgressBubble  seekbarWidth:604 bubbleWidth:103 seekBarMax : 3316200  seekBarLeft: 315
10-20 17:54:58.314 29148-29148/com.cibn.tv.debug_v2 D/PlayerControlFragment: updateProgressBubble leftMargin:324 bubbleParentWidth 894
10-20 17:54:58.514 29148-29148/com.cibn.tv.debug_v2 V/LocalBroadcastManager: Resolving type null scheme null of intent Intent { act=action_ui_player_control_callback_changed (has extras) }
10-20 17:54:58.514 29148-29148/com.cibn.tv.debug_v2 V/LocalBroadcastManager: Action list: [Receiver{com.youku.tv.player.common.localbroadcast.DataBroadcast$1@42669c50 filter=android.content.IntentFilter@42670a40}, Receiver{com.youku.tv.player.common.localbroadcast.DataBroadcast$1@4269d450 filter=android.content.IntentFilter@42687a08}]
10-20 17:54:58.514 29148-29148/com.cibn.tv.debug_v2 V/LocalBroadcastManager: Matching against filter android.content.IntentFilter@42670a40
10-20 17:54:58.514 29148-29148/com.cibn.tv.debug_v2 V/LocalBroadcastManager:   Filter matched!  match=0x108000
10-20 17:54:58.514 29148-29148/com.cibn.tv.debug_v2 V/LocalBroadcastManager: Matching against filter android.content.IntentFilter@42687a08
10-20 17:54:58.514 29148-29148/com.cibn.tv.debug_v2 V/LocalBroadcastManager:   Filter matched!  match=0x108000
10-20 17:54:58.514 29148-29148/com.cibn.tv.debug_v2 D/PlayerControlFragment: updateProgressBubble progress:333600
10-20 17:54:58.514 29148-29148/com.cibn.tv.debug_v2 D/PlayerControlFragment: updateProgressBubble  seekbarWidth:604 bubbleWidth:103 seekBarMax : 3316200  seekBarLeft: 315
10-20 17:54:58.514 29148-29148/com.cibn.tv.debug_v2 D/PlayerControlFragment: updateProgressBubble leftMargin:324 bubbleParentWidth 894
10-20 17:54:58.704 29148-29148/com.cibn.tv.debug_v2 V/LocalBroadcastManager: Resolving type null scheme null of intent Intent { act=action_ui_player_control_callback_changed (has extras) }
10-20 17:54:58.704 29148-29148/com.cibn.tv.debug_v2 V/LocalBroadcastManager: Action list: [Receiver{com.youku.tv.player.common.localbroadcast.DataBroadcast$1@42669c50 filter=android.content.IntentFilter@42670a40}, Receiver{com.youku.tv.player.common.localbroadcast.DataBroadcast$1@4269d450 filter=android.content.IntentFilter@42687a08}]
10-20 17:54:58.704 29148-29148/com.cibn.tv.debug_v2 V/LocalBroadcastManager: Matching against filter android.content.IntentFilter@42670a40
10-20 17:54:58.704 29148-29148/com.cibn.tv.debug_v2 V/LocalBroadcastManager:   Filter matched!  match=0x108000
10-20 17:54:58.704 29148-29148/com.cibn.tv.debug_v2 V/LocalBroadcastManager: Matching against filter android.content.IntentFilter@42687a08
10-20 17:54:58.704 29148-29148/com.cibn.tv.debug_v2 V/LocalBroadcastManager:   Filter matched!  match=0x108000
10-20 17:54:58.704 29148-29148/com.cibn.tv.debug_v2 D/PlayerControlFragment: updateProgressBubble progress:333800
10-20 17:54:58.704 29148-29148/com.cibn.tv.debug_v2 D/PlayerControlFragment: updateProgressBubble  seekbarWidth:604 bubbleWidth:103 seekBarMax : 3316200  seekBarLeft: 315
10-20 17:54:58.704 29148-29148/com.cibn.tv.debug_v2 D/PlayerControlFragment: updateProgressBubble leftMargin:324 bubbleParentWidth 894
10-20 17:54:58.864 29148-29148/com.cibn.tv.debug_v2 I/System.out: !!==!! onChildViewHolderSelected
10-20 17:54:58.864 29148-29148/com.cibn.tv.debug_v2 D/PageWithLoaderFragment: onRowSelected 1
10-20 17:54:58.864 29148-29148/com.cibn.tv.debug_v2 D/BackgroundHelper:  clearBackground  level:0 backgroundManager:com.tv.background.BackgroundManager@419d6710 mBackgroundLevel1:null mBackgroundLevel2:null mDefaultBackground:android.graphics.drawable.LayerDrawable@418e27a0
10-20 17:54:58.864 29148-29148/com.cibn.tv.debug_v2 V/BackgroundManager: setBackgroundDrawable android.graphics.drawable.LayerDrawable@418e27a0
10-20 17:54:58.864 29148-29148/com.cibn.tv.debug_v2 V/BackgroundManager: new drawable same as pending
10-20 17:54:58.904 29148-29148/com.cibn.tv.debug_v2 V/LocalBroadcastManager: Resolving type null scheme null of intent Intent { act=action_ui_player_control_callback_changed (has extras) }
10-20 17:54:58.904 29148-29148/com.cibn.tv.debug_v2 V/LocalBroadcastManager: Action list: [Receiver{com.youku.tv.player.common.localbroadcast.DataBroadcast$1@42669c50 filter=android.content.IntentFilter@42670a40}, Receiver{com.youku.tv.player.common.localbroadcast.DataBroadcast$1@4269d450 filter=android.content.IntentFilter@42687a08}]
10-20 17:54:58.904 29148-29148/com.cibn.tv.debug_v2 V/LocalBroadcastManager: Matching against filter android.content.IntentFilter@42670a40
10-20 17:54:58.904 29148-29148/com.cibn.tv.debug_v2 V/LocalBroadcastManager:   Filter matched!  match=0x108000
10-20 17:54:58.904 29148-29148/com.cibn.tv.debug_v2 V/LocalBroadcastManager: Matching against filter android.content.IntentFilter@42687a08
10-20 17:54:58.904 29148-29148/com.cibn.tv.debug_v2 V/LocalBroadcastManager:   Filter matched!  match=0x108000
10-20 17:54:58.904 29148-29148/com.cibn.tv.debug_v2 D/PlayerControlFragment: updateProgressBubble progress:334000
10-20 17:54:58.914 29148-29148/com.cibn.tv.debug_v2 D/PlayerControlFragment: updateProgressBubble  seekbarWidth:604 bubbleWidth:103 seekBarMax : 3316200  seekBarLeft: 315
10-20 17:54:58.914 29148-29148/com.cibn.tv.debug_v2 D/PlayerControlFragment: updateProgressBubble leftMargin:324 bubbleParentWidth 894
10-20 17:54:59.104 29148-29148/com.cibn.tv.debug_v2 V/LocalBroadcastManager: Resolving type null scheme null of intent Intent { act=action_ui_player_control_callback_changed (has extras) }
10-20 17:54:59.104 29148-29148/com.cibn.tv.debug_v2 V/LocalBroadcastManager: Action list: [Receiver{com.youku.tv.player.common.localbroadcast.DataBroadcast$1@42669c50 filter=android.content.IntentFilter@42670a40}, Receiver{com.youku.tv.player.common.localbroadcast.DataBroadcast$1@4269d450 filter=android.content.IntentFilter@42687a08}]
10-20 17:54:59.104 29148-29148/com.cibn.tv.debug_v2 V/LocalBroadcastManager: Matching against filter android.content.IntentFilter@42670a40
10-20 17:54:59.104 29148-29148/com.cibn.tv.debug_v2 V/LocalBroadcastManager:   Filter matched!  match=0x108000
10-20 17:54:59.104 29148-29148/com.cibn.tv.debug_v2 V/LocalBroadcastManager: Matching against filter android.content.IntentFilter@42687a08
10-20 17:54:59.104 29148-29148/com.cibn.tv.debug_v2 V/LocalBroadcastManager:   Filter matched!  match=0x108000
10-20 17:54:59.124 29148-29148/com.cibn.tv.debug_v2 D/PlayerControlFragment: updateProgressBubble progress:334200
10-20 17:54:59.124 29148-29148/com.cibn.tv.debug_v2 D/PlayerControlFragment: updateProgressBubble  seekbarWidth:604 bubbleWidth:104 seekBarMax : 3316200  seekBarLeft: 315
10-20 17:54:59.124 29148-29148/com.cibn.tv.debug_v2 D/PlayerControlFragment: updateProgressBubble leftMargin:323 bubbleParentWidth 894
10-20 17:54:59.304 29148-29148/com.cibn.tv.debug_v2 V/LocalBroadcastManager: Resolving type null scheme null of intent Intent { act=action_ui_player_control_callback_changed (has extras) }
10-20 17:54:59.304 29148-29148/com.cibn.tv.debug_v2 V/LocalBroadcastManager: Action list: [Receiver{com.youku.tv.player.common.localbroadcast.DataBroadcast$1@42669c50 filter=android.content.IntentFilter@42670a40}, Receiver{com.youku.tv.player.common.localbroadcast.DataBroadcast$1@4269d450 filter=android.content.IntentFilter@42687a08}]
10-20 17:54:59.304 29148-29148/com.cibn.tv.debug_v2 V/LocalBroadcastManager: Matching against filter android.content.IntentFilter@42670a40
10-20 17:54:59.304 29148-29148/com.cibn.tv.debug_v2 V/LocalBroadcastManager:   Filter matched!  match=0x108000
10-20 17:54:59.304 29148-29148/com.cibn.tv.debug_v2 V/LocalBroadcastManager: Matching against filter android.content.IntentFilter@42687a08
10-20 17:54:59.304 29148-29148/com.cibn.tv.debug_v2 V/LocalBroadcastManager:   Filter matched!  match=0x108000
10-20 17:54:59.324 29148-29148/com.cibn.tv.debug_v2 D/PlayerControlFragment: updateProgressBubble progress:334400
10-20 17:54:59.324 29148-29148/com.cibn.tv.debug_v2 D/PlayerControlFragment: updateProgressBubble  seekbarWidth:604 bubbleWidth:104 seekBarMax : 3316200  seekBarLeft: 315
10-20 17:54:59.324 29148-29148/com.cibn.tv.debug_v2 D/PlayerControlFragment: updateProgressBubble leftMargin:323 bubbleParentWidth 894
10-20 17:54:59.474 29148-29148/com.cibn.tv.debug_v2 I/System.out: !!==!! xxxx 99999 BrowseFrameLayout
10-20 17:54:59.474 29148-29148/com.cibn.tv.debug_v2 I/System.out: !!==!! onChildViewHolderSelected
10-20 17:54:59.474 29148-29148/com.cibn.tv.debug_v2 D/PageWithLoaderFragment: onRowSelected 0
10-20 17:54:59.514 29148-29148/com.cibn.tv.debug_v2 V/LocalBroadcastManager: Resolving type null scheme null of intent Intent { act=action_ui_player_control_callback_changed (has extras) }
10-20 17:54:59.514 29148-29148/com.cibn.tv.debug_v2 V/LocalBroadcastManager: Action list: [Receiver{com.youku.tv.player.common.localbroadcast.DataBroadcast$1@42669c50 filter=android.content.IntentFilter@42670a40}, Receiver{com.youku.tv.player.common.localbroadcast.DataBroadcast$1@4269d450 filter=android.content.IntentFilter@42687a08}]
10-20 17:54:59.514 29148-29148/com.cibn.tv.debug_v2 V/LocalBroadcastManager: Matching against filter android.content.IntentFilter@42670a40
10-20 17:54:59.514 29148-29148/com.cibn.tv.debug_v2 V/LocalBroadcastManager:   Filter matched!  match=0x108000
10-20 17:54:59.514 29148-29148/com.cibn.tv.debug_v2 V/LocalBroadcastManager: Matching against filter android.content.IntentFilter@42687a08
10-20 17:54:59.514 29148-29148/com.cibn.tv.debug_v2 V/LocalBroadcastManager:   Filter matched!  match=0x108000
10-20 17:54:59.524 29148-29148/com.cibn.tv.debug_v2 D/PlayerControlFragment: updateProgressBubble progress:334600
10-20 17:54:59.524 29148-29148/com.cibn.tv.debug_v2 D/PlayerControlFragment: updateProgressBubble  seekbarWidth:604 bubbleWidth:104 seekBarMax : 3316200  seekBarLeft: 315
10-20 17:54:59.524 29148-29148/com.cibn.tv.debug_v2 D/PlayerControlFragment: updateProgressBubble leftMargin:323 bubbleParentWidth 894
10-20 17:54:59.594 29148-29148/com.cibn.tv.debug_v2 D/InputEventConsistencyVerifier: KeyEvent: ACTION_UP but key was not down.
                                                                                       in com.tv.ui.view.RowContainerView{45cd4f50 V.E..... ........ 0,-151-1920,748}
                                                                                       0: sent at 175598788000000, KeyEvent { action=ACTION_UP, keyCode=KEYCODE_DPAD_UP, scanCode=103, metaState=META_NUM_LOCK_ON, flags=0x8, repeatCount=0, eventTime=175598788, downTime=175598692, deviceId=1, source=0x101 }
                                                                                       -- recent events --
                                                                                       1: sent at 175598076000000, (unhandled) KeyEvent { action=ACTION_DOWN, keyCode=KEYCODE_DPAD_DOWN, scanCode=108, metaState=META_NUM_LOCK_ON, flags=0x8, repeatCount=0, eventTime=175598076, downTime=175598076, deviceId=1, source=0x101 }
                                                                                       2: sent at 175596868000000, (unhandled) KeyEvent { action=ACTION_UP, keyCode=KEYCODE_DPAD_UP, scanCode=103, metaState=META_NUM_LOCK_ON, flags=0x80000008, repeatCount=0, eventTime=175596868, downTime=175596748, deviceId=1, source=0x101 }
                                                                                       3: sent at 175593691000000, (unhandled) KeyEvent { action=ACTION_DOWN, keyCode=KEYCODE_DPAD_DOWN, scanCode=108, metaState=META_NUM_LOCK_ON, flags=0x8, repeatCount=0, eventTime=175593691, downTime=175593691, deviceId=1, source=0x101 }
                                                                                       4: sent at 175592587000000, (unhandled) KeyEvent { action=ACTION_UP, keyCode=KEYCODE_DPAD_UP, scanCode=103, metaState=META_NUM_LOCK_ON, flags=0x80000008, repeatCount=0, eventTime=175592587, downTime=175592451, deviceId=1, source=0x101 }
                                                                                       5: sent at 175589811000000, (unhandled) KeyEvent { action=ACTION_DOWN, keyCode=KEYCODE_DPAD_DOWN, scanCode=108, metaState=META_NUM_LOCK_ON, flags=0x8, repeatCount=0, eventTime=175589811, downTime=175589811, deviceId=1, source=0x101 }
10-20 17:54:59.724 29148-29148/com.cibn.tv.debug_v2 V/LocalBroadcastManager: Resolving type null scheme null of intent Intent { act=action_ui_player_control_callback_changed (has extras) }
10-20 17:54:59.724 29148-29148/com.cibn.tv.debug_v2 V/LocalBroadcastManager: Action list: [Receiver{com.youku.tv.player.common.localbroadcast.DataBroadcast$1@42669c50 filter=android.content.IntentFilter@42670a40}, Receiver{com.youku.tv.player.common.localbroadcast.DataBroadcast$1@4269d450 filter=android.content.IntentFilter@42687a08}]
10-20 17:54:59.724 29148-29148/com.cibn.tv.debug_v2 V/LocalBroadcastManager: Matching against filter android.content.IntentFilter@42670a40
10-20 17:54:59.724 29148-29148/com.cibn.tv.debug_v2 V/LocalBroadcastManager:   Filter matched!  match=0x108000
10-20 17:54:59.724 29148-29148/com.cibn.tv.debug_v2 V/LocalBroadcastManager: Matching against filter android.content.IntentFilter@42687a08
10-20 17:54:59.724 29148-29148/com.cibn.tv.debug_v2 V/LocalBroadcastManager:   Filter matched!  match=0x108000
10-20 17:54:59.744 29148-29148/com.cibn.tv.debug_v2 D/PlayerControlFragment: updateProgressBubble progress:334800
10-20 17:54:59.744 29148-29148/com.cibn.tv.debug_v2 D/PlayerControlFragment: updateProgressBubble  seekbarWidth:604 bubbleWidth:104 seekBarMax : 3316200  seekBarLeft: 315
10-20 17:54:59.744 29148-29148/com.cibn.tv.debug_v2 D/PlayerControlFragment: updateProgressBubble leftMargin:323 bubbleParentWidth 894
10-20 17:54:59.924 29148-29148/com.cibn.tv.debug_v2 V/LocalBroadcastManager: Resolving type null scheme null of intent Intent { act=action_ui_player_control_callback_changed (has extras) }
10-20 17:54:59.924 29148-29148/com.cibn.tv.debug_v2 V/LocalBroadcastManager: Action list: [Receiver{com.youku.tv.player.common.localbroadcast.DataBroadcast$1@42669c50 filter=android.content.IntentFilter@42670a40}, Receiver{com.youku.tv.player.common.localbroadcast.DataBroadcast$1@4269d450 filter=android.content.IntentFilter@42687a08}]
10-20 17:54:59.924 29148-29148/com.cibn.tv.debug_v2 V/LocalBroadcastManager: Matching against filter android.content.IntentFilter@42670a40
10-20 17:54:59.924 29148-29148/com.cibn.tv.debug_v2 V/LocalBroadcastManager:   Filter matched!  match=0x108000
10-20 17:54:59.924 29148-29148/com.cibn.tv.debug_v2 V/LocalBroadcastManager: Matching against filter android.content.IntentFilter@42687a08
10-20 17:54:59.924 29148-29148/com.cibn.tv.debug_v2 V/LocalBroadcastManager:   Filter matched!  match=0x108000
10-20 17:54:59.944 29148-29148/com.cibn.tv.debug_v2 D/PlayerControlFragment: updateProgressBubble progress:335000
10-20 17:54:59.944 29148-29148/com.cibn.tv.debug_v2 D/PlayerControlFragment: updateProgressBubble  seekbarWidth:604 bubbleWidth:104 seekBarMax : 3316200  seekBarLeft: 315
10-20 17:54:59.944 29148-29148/com.cibn.tv.debug_v2 D/PlayerControlFragment: updateProgressBubble leftMargin:324 bubbleParentWidth 894
10-20 17:55:00.104 29148-29148/com.cibn.tv.debug_v2 V/LocalBroadcastManager: Resolving type null scheme null of intent Intent { act=action_ui_player_control_callback_changed (has extras) }
10-20 17:55:00.104 29148-29148/com.cibn.tv.debug_v2 V/LocalBroadcastManager: Action list: [Receiver{com.youku.tv.player.common.localbroadcast.DataBroadcast$1@42669c50 filter=android.content.IntentFilter@42670a40}, Receiver{com.youku.tv.player.common.localbroadcast.DataBroadcast$1@4269d450 filter=android.content.IntentFilter@42687a08}]
10-20 17:55:00.104 29148-29148/com.cibn.tv.debug_v2 V/LocalBroadcastManager: Matching against filter android.content.IntentFilter@42670a40
10-20 17:55:00.104 29148-29148/com.cibn.tv.debug_v2 V/LocalBroadcastManager:   Filter matched!  match=0x108000
10-20 17:55:00.104 29148-29148/com.cibn.tv.debug_v2 V/LocalBroadcastManager: Matching against filter android.content.IntentFilter@42687a08
10-20 17:55:00.104 29148-29148/com.cibn.tv.debug_v2 V/LocalBroadcastManager:   Filter matched!  match=0x108000
10-20 17:55:00.114 29148-29148/com.cibn.tv.debug_v2 D/PlayerControlFragment: updateProgressBubble progress:335200
10-20 17:55:00.114 29148-29148/com.cibn.tv.debug_v2 D/PlayerControlFragment: updateProgressBubble  seekbarWidth:604 bubbleWidth:103 seekBarMax : 3316200  seekBarLeft: 315
10-20 17:55:00.124 29148-29148/com.cibn.tv.debug_v2 D/PlayerControlFragment: updateProgressBubble leftMargin:325 bubbleParentWidth 894
10-20 17:55:00.174 29148-29148/com.cibn.tv.debug_v2 I/System.out: !!==!! onChildViewHolderSelected
10-20 17:55:00.174 29148-29148/com.cibn.tv.debug_v2 D/PageWithLoaderFragment: onRowSelected 1
10-20 17:55:00.174 29148-29148/com.cibn.tv.debug_v2 D/BackgroundHelper:  clearBackground  level:0 backgroundManager:com.tv.background.BackgroundManager@419d6710 mBackgroundLevel1:null mBackgroundLevel2:null mDefaultBackground:android.graphics.drawable.LayerDrawable@418e27a0
10-20 17:55:00.174 29148-29148/com.cibn.tv.debug_v2 V/BackgroundManager: setBackgroundDrawable android.graphics.drawable.LayerDrawable@418e27a0
10-20 17:55:00.174 29148-29148/com.cibn.tv.debug_v2 V/BackgroundManager: new drawable same as pending
10-20 17:55:00.294 29148-29148/com.cibn.tv.debug_v2 D/InputEventConsistencyVerifier: KeyEvent: ACTION_UP but key was not down.
                                                                                       in com.tv.ui.view.RowContainerView{45d287d0 V.E..... ........ 0,527-1920,845}
                                                                                       0: sent at 175599492000000, KeyEvent { action=ACTION_UP, keyCode=KEYCODE_DPAD_DOWN, scanCode=108, metaState=META_NUM_LOCK_ON, flags=0x8, repeatCount=0, eventTime=175599492, downTime=175599388, deviceId=1, source=0x101 }
                                                                                       -- recent events --
                                                                                       1: sent at 175598692000000, (unhandled) KeyEvent { action=ACTION_DOWN, keyCode=KEYCODE_DPAD_UP, scanCode=103, metaState=META_NUM_LOCK_ON, flags=0x8, repeatCount=0, eventTime=175598692, downTime=175598692, deviceId=1, source=0x101 }
                                                                                       2: sent at 175598196000000, (unhandled) KeyEvent { action=ACTION_UP, keyCode=KEYCODE_DPAD_DOWN, scanCode=108, metaState=META_NUM_LOCK_ON, flags=0x8, repeatCount=0, eventTime=175598196, downTime=175598076, deviceId=1, source=0x101 }
                                                                                       3: sent at 175596748000000, (unhandled) KeyEvent { action=ACTION_DOWN, keyCode=KEYCODE_DPAD_UP, scanCode=103, metaState=META_NUM_LOCK_ON, flags=0x8, repeatCount=0, eventTime=175596748, downTime=175596748, deviceId=1, source=0x101 }
                                                                                       4: sent at 175595564000000, (unhandled) KeyEvent { action=ACTION_UP, keyCode=KEYCODE_DPAD_UP, scanCode=103, metaState=META_NUM_LOCK_ON, flags=0x8, repeatCount=0, eventTime=175595564, downTime=175595436, deviceId=1, source=0x101 }
                                                                                       5: sent at 175594251000000, (unhandled) KeyEvent { action=ACTION_DOWN, keyCode=KEYCODE_DPAD_DOWN, scanCode=108, metaState=META_NUM_LOCK_ON, flags=0x8, repeatCount=0, eventTime=175594251, downTime=175594251, deviceId=1, source=0x101 }
10-20 17:55:00.344 29148-29148/com.cibn.tv.debug_v2 V/LocalBroadcastManager: Resolving type null scheme null of intent Intent { act=action_ui_player_control_callback_changed (has extras) }
10-20 17:55:00.344 29148-29148/com.cibn.tv.debug_v2 V/LocalBroadcastManager: Action list: [Receiver{com.youku.tv.player.common.localbroadcast.DataBroadcast$1@42669c50 filter=android.content.IntentFilter@42670a40}, Receiver{com.youku.tv.player.common.localbroadcast.DataBroadcast$1@4269d450 filter=android.content.IntentFilter@42687a08}]
10-20 17:55:00.344 29148-29148/com.cibn.tv.debug_v2 V/LocalBroadcastManager: Matching against filter android.content.IntentFilter@42670a40
10-20 17:55:00.344 29148-29148/com.cibn.tv.debug_v2 V/LocalBroadcastManager:   Filter matched!  match=0x108000
10-20 17:55:00.344 29148-29148/com.cibn.tv.debug_v2 V/LocalBroadcastManager: Matching against filter android.content.IntentFilter@42687a08
10-20 17:55:00.344 29148-29148/com.cibn.tv.debug_v2 V/LocalBroadcastManager:   Filter matched!  match=0x108000
10-20 17:55:00.364 29148-29148/com.cibn.tv.debug_v2 D/PlayerControlFragment: updateProgressBubble progress:335400
10-20 17:55:00.364 29148-29148/com.cibn.tv.debug_v2 D/PlayerControlFragment: updateProgressBubble  seekbarWidth:604 bubbleWidth:103 seekBarMax : 3316200  seekBarLeft: 315
10-20 17:55:00.364 29148-29148/com.cibn.tv.debug_v2 D/PlayerControlFragment: updateProgressBubble leftMargin:325 bubbleParentWidth 894
10-20 17:55:00.524 29148-29148/com.cibn.tv.debug_v2 V/LocalBroadcastManager: Resolving type null scheme null of intent Intent { act=action_ui_player_control_callback_changed (has extras) }
10-20 17:55:00.524 29148-29148/com.cibn.tv.debug_v2 V/LocalBroadcastManager: Action list: [Receiver{com.youku.tv.player.common.localbroadcast.DataBroadcast$1@42669c50 filter=android.content.IntentFilter@42670a40}, Receiver{com.youku.tv.player.common.localbroadcast.DataBroadcast$1@4269d450 filter=android.content.IntentFilter@42687a08}]
10-20 17:55:00.524 29148-29148/com.cibn.tv.debug_v2 V/LocalBroadcastManager: Matching against filter android.content.IntentFilter@42670a40
10-20 17:55:00.524 29148-29148/com.cibn.tv.debug_v2 V/LocalBroadcastManager:   Filter matched!  match=0x108000
10-20 17:55:00.524 29148-29148/com.cibn.tv.debug_v2 V/LocalBroadcastManager: Matching against filter android.content.IntentFilter@42687a08
10-20 17:55:00.524 29148-29148/com.cibn.tv.debug_v2 V/LocalBroadcastManager:   Filter matched!  match=0x108000
10-20 17:55:00.544 29148-29148/com.cibn.tv.debug_v2 D/PlayerControlFragment: updateProgressBubble progress:335600
10-20 17:55:00.544 29148-29148/com.cibn.tv.debug_v2 D/PlayerControlFragment: updateProgressBubble  seekbarWidth:604 bubbleWidth:103 seekBarMax : 3316200  seekBarLeft: 315
10-20 17:55:00.544 29148-29148/com.cibn.tv.debug_v2 D/PlayerControlFragment: updateProgressBubble leftMargin:325 bubbleParentWidth 894
10-20 17:55:00.704 29148-29148/com.cibn.tv.debug_v2 V/LocalBroadcastManager: Resolving type null scheme null of intent Intent { act=action_ui_player_control_callback_changed (has extras) }
10-20 17:55:00.704 29148-29148/com.cibn.tv.debug_v2 V/LocalBroadcastManager: Action list: [Receiver{com.youku.tv.player.common.localbroadcast.DataBroadcast$1@42669c50 filter=android.content.IntentFilter@42670a40}, Receiver{com.youku.tv.player.common.localbroadcast.DataBroadcast$1@4269d450 filter=android.content.IntentFilter@42687a08}]
10-20 17:55:00.704 29148-29148/com.cibn.tv.debug_v2 V/LocalBroadcastManager: Matching against filter android.content.IntentFilter@42670a40
10-20 17:55:00.704 29148-29148/com.cibn.tv.debug_v2 V/LocalBroadcastManager:   Filter matched!  match=0x108000
10-20 17:55:00.714 29148-29148/com.cibn.tv.debug_v2 V/LocalBroadcastManager: Matching against filter android.content.IntentFilter@42687a08
10-20 17:55:00.714 29148-29148/com.cibn.tv.debug_v2 V/LocalBroadcastManager:   Filter matched!  match=0x108000
10-20 17:55:00.714 29148-29148/com.cibn.tv.debug_v2 D/PlayerControlFragment: updateProgressBubble progress:335800
10-20 17:55:00.714 29148-29148/com.cibn.tv.debug_v2 D/PlayerControlFragment: updateProgressBubble  seekbarWidth:604 bubbleWidth:103 seekBarMax : 3316200  seekBarLeft: 315
10-20 17:55:00.714 29148-29148/com.cibn.tv.debug_v2 D/PlayerControlFragment: updateProgressBubble leftMargin:325 bubbleParentWidth 894
