10-20 17:55:00.914 29148-29148/com.cibn.tv.debug_v2 V/LocalBroadcastManager: Resolving type null scheme null of intent Intent { act=action_ui_player_control_callback_changed (has extras) }
10-20 17:55:00.914 29148-29148/com.cibn.tv.debug_v2 V/LocalBroadcastManager: Action list: [Receiver{com.youku.tv.player.common.localbroadcast.DataBroadcast$1@42669c50 filter=android.content.IntentFilter@42670a40}, Receiver{com.youku.tv.player.common.localbroadcast.DataBroadcast$1@4269d450 filter=android.content.IntentFilter@42687a08}]
10-20 17:55:00.914 29148-29148/com.cibn.tv.debug_v2 V/LocalBroadcastManager: Matching against filter android.content.IntentFilter@42670a40
10-20 17:55:00.914 29148-29148/com.cibn.tv.debug_v2 V/LocalBroadcastManager:   Filter matched!  match=0x108000
10-20 17:55:00.914 29148-29148/com.cibn.tv.debug_v2 V/LocalBroadcastManager: Matching against filter android.content.IntentFilter@42687a08
10-20 17:55:00.914 29148-29148/com.cibn.tv.debug_v2 V/LocalBroadcastManager:   Filter matched!  match=0x108000
10-20 17:55:00.914 29148-29148/com.cibn.tv.debug_v2 D/PlayerControlFragment: updateProgressBubble progress:336000
10-20 17:55:00.914 29148-29148/com.cibn.tv.debug_v2 D/PlayerControlFragment: updateProgressBubble  seekbarWidth:604 bubbleWidth:103 seekBarMax : 3316200  seekBarLeft: 315
10-20 17:55:00.914 29148-29148/com.cibn.tv.debug_v2 D/PlayerControlFragment: updateProgressBubble leftMargin:325 bubbleParentWidth 894
10-20 17:55:00.974 29148-29148/com.cibn.tv.debug_v2 I/System.out: !!==!! xxxx 99999 BrowseFrameLayout
10-20 17:55:00.974 29148-29148/com.cibn.tv.debug_v2 I/System.out: !!==!! onChildViewHolderSelected
10-20 17:55:00.974 29148-29148/com.cibn.tv.debug_v2 D/PageWithLoaderFragment: onRowSelected 2
10-20 17:55:00.974 29148-29148/com.cibn.tv.debug_v2 D/BackgroundHelper:  clearBackground  level:0 backgroundManager:com.tv.background.BackgroundManager@419d6710 mBackgroundLevel1:null mBackgroundLevel2:null mDefaultBackground:android.graphics.drawable.LayerDrawable@418e27a0
10-20 17:55:00.974 29148-29148/com.cibn.tv.debug_v2 V/BackgroundManager: setBackgroundDrawable android.graphics.drawable.LayerDrawable@418e27a0
10-20 17:55:00.974 29148-29148/com.cibn.tv.debug_v2 V/BackgroundManager: new drawable same as pending
10-20 17:55:01.114 29148-29148/com.cibn.tv.debug_v2 D/InputEventConsistencyVerifier: KeyEvent: ACTION_UP but key was not down.
                                                                                       in com.tv.ui.view.RowContainerView{45db1b80 V.E..... ........ 0,344-1920,898}
                                                                                       0: sent at 175600276000000, KeyEvent { action=ACTION_UP, keyCode=KEYCODE_DPAD_DOWN, scanCode=108, metaState=META_NUM_LOCK_ON, flags=0x8, repeatCount=0, eventTime=175600276, downTime=175600188, deviceId=1, source=0x101 }
                                                                                       -- recent events --
                                                                                       1: sent at 175595436000000, (unhandled) KeyEvent { action=ACTION_DOWN, keyCode=KEYCODE_DPAD_UP, scanCode=103, metaState=META_NUM_LOCK_ON, flags=0x8, repeatCount=0, eventTime=175595436, downTime=175595436, deviceId=1, source=0x101 }
                                                                                       2: sent at 175594379000000, (unhandled) KeyEvent { action=ACTION_UP, keyCode=KEYCODE_DPAD_DOWN, scanCode=108, metaState=META_NUM_LOCK_ON, flags=0x80000008, repeatCount=0, eventTime=175594379, downTime=175594251, deviceId=1, source=0x101 }
                                                                                       3: sent at 175591371000000, (unhandled) KeyEvent { action=ACTION_DOWN, keyCode=KEYCODE_DPAD_UP, scanCode=103, metaState=META_NUM_LOCK_ON, flags=0x8, repeatCount=0, eventTime=175591371, downTime=175591371, deviceId=1, source=0x101 }
                                                                                       4: sent at 175590403000000, (unhandled) KeyEvent { action=ACTION_UP, keyCode=KEYCODE_DPAD_DOWN, scanCode=108, metaState=META_NUM_LOCK_ON, flags=0x80000008, repeatCount=0, eventTime=175590403, downTime=175590267, deviceId=1, source=0x101 }
                                                                                       5: sent at 175544434000000, (unhandled) KeyEvent { action=ACTION_DOWN, keyCode=KEYCODE_DPAD_UP, scanCode=103, metaState=META_NUM_LOCK_ON, flags=0x8, repeatCount=0, eventTime=175544434, downTime=175544434, deviceId=1, source=0x101 }
10-20 17:55:01.124 29148-29148/com.cibn.tv.debug_v2 V/LocalBroadcastManager: Resolving type null scheme null of intent Intent { act=action_ui_player_control_callback_changed (has extras) }
10-20 17:55:01.124 29148-29148/com.cibn.tv.debug_v2 V/LocalBroadcastManager: Action list: [Receiver{com.youku.tv.player.common.localbroadcast.DataBroadcast$1@42669c50 filter=android.content.IntentFilter@42670a40}, Receiver{com.youku.tv.player.common.localbroadcast.DataBroadcast$1@4269d450 filter=android.content.IntentFilter@42687a08}]
10-20 17:55:01.124 29148-29148/com.cibn.tv.debug_v2 V/LocalBroadcastManager: Matching against filter android.content.IntentFilter@42670a40
10-20 17:55:01.124 29148-29148/com.cibn.tv.debug_v2 V/LocalBroadcastManager:   Filter matched!  match=0x108000
10-20 17:55:01.124 29148-29148/com.cibn.tv.debug_v2 V/LocalBroadcastManager: Matching against filter android.content.IntentFilter@42687a08
10-20 17:55:01.124 29148-29148/com.cibn.tv.debug_v2 V/LocalBroadcastManager:   Filter matched!  match=0x108000
10-20 17:55:01.134 29148-29148/com.cibn.tv.debug_v2 V/PLog_DexVideoView: pause
10-20 17:55:01.134 29148-29148/com.cibn.tv.debug_v2 V/TEA_JNI: JNI--jni_tea_media_player_pause
10-20 17:55:01.264 29148-29148/com.cibn.tv.debug_v2 D/PlayerControlFragment: updateProgressBubble progress:336200
10-20 17:55:01.264 29148-29148/com.cibn.tv.debug_v2 D/PlayerControlFragment: updateProgressBubble  seekbarWidth:604 bubbleWidth:103 seekBarMax : 3316200  seekBarLeft: 0
10-20 17:55:01.264 29148-29148/com.cibn.tv.debug_v2 D/PlayerControlFragment: updateProgressBubble leftMargin:10 bubbleParentWidth 894
10-20 17:55:01.564 29148-31929/com.cibn.tv.debug_v2 W/ResponseProcessCookies: Cookie rejected: "BasicClientCookie[version=0,name=userTrack_predict,domain=.atm.youku.com,path=/,expiry=Wed Oct 15 17:50:51 GMT+08:00 2036]". Illegal domain attribute "atm.youku.com". Domain of origin: "test.cibn.api.ott.youku.com"
10-20 17:55:01.584 29148-31929/com.cibn.tv.debug_v2 E/youku_player_sdk_PlayerManager_ErrorMsg: setPauseAdImageRes info.VAL is null.
10-20 17:55:01.994 29148-29148/com.cibn.tv.debug_v2 V/LocalBroadcastManager: Resolving type null scheme null of intent Intent { act=action_ui_player_control_callback_changed (has extras) }
10-20 17:55:01.994 29148-29148/com.cibn.tv.debug_v2 V/LocalBroadcastManager: Action list: [Receiver{com.youku.tv.player.common.localbroadcast.DataBroadcast$1@42669c50 filter=android.content.IntentFilter@42670a40}, Receiver{com.youku.tv.player.common.localbroadcast.DataBroadcast$1@4269d450 filter=android.content.IntentFilter@42687a08}]
10-20 17:55:01.994 29148-29148/com.cibn.tv.debug_v2 V/LocalBroadcastManager: Matching against filter android.content.IntentFilter@42670a40
10-20 17:55:01.994 29148-29148/com.cibn.tv.debug_v2 V/LocalBroadcastManager:   Filter matched!  match=0x108000
10-20 17:55:01.994 29148-29148/com.cibn.tv.debug_v2 V/LocalBroadcastManager: Matching against filter android.content.IntentFilter@42687a08
10-20 17:55:01.994 29148-29148/com.cibn.tv.debug_v2 V/LocalBroadcastManager:   Filter matched!  match=0x108000
10-20 17:55:02.104 29148-29148/com.cibn.tv.debug_v2 I/System.out: !!==!! xxxx 99999 BrowseFrameLayout
10-20 17:55:02.104 29148-29148/com.cibn.tv.debug_v2 I/System.out: !!==!! onChildViewHolderSelected
10-20 17:55:02.104 29148-29148/com.cibn.tv.debug_v2 D/PageWithLoaderFragment: onRowSelected 1
10-20 17:55:02.104 29148-29148/com.cibn.tv.debug_v2 D/BackgroundHelper:  clearBackground  level:0 backgroundManager:com.tv.background.BackgroundManager@419d6710 mBackgroundLevel1:null mBackgroundLevel2:null mDefaultBackground:android.graphics.drawable.LayerDrawable@418e27a0
10-20 17:55:02.104 29148-29148/com.cibn.tv.debug_v2 V/BackgroundManager: setBackgroundDrawable android.graphics.drawable.LayerDrawable@418e27a0
10-20 17:55:02.104 29148-29148/com.cibn.tv.debug_v2 V/BackgroundManager: new drawable same as pending
10-20 17:55:02.264 29148-29148/com.cibn.tv.debug_v2 I/TEA_JNI: JSetSurface enter, new object: 0xa7a0001d, old object: 0x1e10050a
10-20 17:55:02.694 29148-29148/com.cibn.tv.debug_v2 V/PLog_DexVideoView: start
10-20 17:55:02.694 29148-29148/com.cibn.tv.debug_v2 V/TEA_JNI: JNI--jni_tea_vplayer_surface_change_end
10-20 17:55:02.694 29148-2008/com.cibn.tv.debug_v2 E/ACodec: dd~ACodec:close mCodec->fb1_fd
10-20 17:55:02.804 29148-2008/com.cibn.tv.debug_v2 E/ACodec: changeStateIfWeOwnAllBuffers out
10-20 17:55:02.804 29148-2008/com.cibn.tv.debug_v2 E/ACodec: changeStateIfWeOwnAllBuffers out
10-20 17:55:02.804 29148-2008/com.cibn.tv.debug_v2 E/ACodec: changeStateIfWeOwnAllBuffers out
10-20 17:55:02.804 29148-2008/com.cibn.tv.debug_v2 E/ACodec: changeStateIfWeOwnAllBuffers out
10-20 17:55:02.804 29148-2008/com.cibn.tv.debug_v2 E/ACodec: changeStateIfWeOwnAllBuffers out
10-20 17:55:02.804 29148-2008/com.cibn.tv.debug_v2 D/ACodec: renderBuffer:freeBuffer
10-20 17:55:02.804 29148-2008/com.cibn.tv.debug_v2 D/ACodec: renderBuffer:freeBuffer
10-20 17:55:02.804 29148-2008/com.cibn.tv.debug_v2 E/ACodec: changeStateIfWeOwnAllBuffers out
10-20 17:55:02.834 29148-29148/com.cibn.tv.debug_v2 V/TEA_JNI: JNI--jni_tea_media_player_open:6  start_pos(ms):336200
10-20 17:55:02.834 29148-29148/com.cibn.tv.debug_v2 I/TEA_JNI: open dll:libdecengine_RK_mc_44.so success, dlhander 0x7a328a48
10-20 17:55:02.834 29148-29148/com.cibn.tv.debug_v2 V/TEA_JNI: jni_tea_media_player_load_so:0
10-20 17:55:02.844 29148-29148/com.cibn.tv.debug_v2 I/TEA_JNI: JSetSurface enter, new object: 0xc190001d, old object: 0x1e20050a
10-20 17:55:02.844 29148-29148/com.cibn.tv.debug_v2 V/TEA_JNI: JNI--jni_tea_vplayer_surface_ready
10-20 17:55:02.844 29148-29148/com.cibn.tv.debug_v2 V/LocalBroadcastManager: Resolving type null scheme null of intent Intent { act=action_ui_player_control_callback_changed (has extras) }
10-20 17:55:02.844 29148-29148/com.cibn.tv.debug_v2 V/LocalBroadcastManager: Action list: [Receiver{com.youku.tv.player.common.localbroadcast.DataBroadcast$1@42669c50 filter=android.content.IntentFilter@42670a40}, Receiver{com.youku.tv.player.common.localbroadcast.DataBroadcast$1@4269d450 filter=android.content.IntentFilter@42687a08}]
10-20 17:55:02.844 29148-29148/com.cibn.tv.debug_v2 V/LocalBroadcastManager: Matching against filter android.content.IntentFilter@42670a40
10-20 17:55:02.844 29148-29148/com.cibn.tv.debug_v2 V/LocalBroadcastManager:   Filter matched!  match=0x108000
10-20 17:55:02.844 29148-29148/com.cibn.tv.debug_v2 V/LocalBroadcastManager: Matching against filter android.content.IntentFilter@42687a08
10-20 17:55:02.844 29148-29148/com.cibn.tv.debug_v2 V/LocalBroadcastManager:   Filter matched!  match=0x108000
10-20 17:55:03.194 29148-29148/com.cibn.tv.debug_v2 I/System.out: !!==!! xxxx 99999 BrowseFrameLayout
10-20 17:55:03.194 29148-29148/com.cibn.tv.debug_v2 I/System.out: !!==!! onChildViewHolderSelected
10-20 17:55:03.194 29148-29148/com.cibn.tv.debug_v2 D/PageWithLoaderFragment: onRowSelected 2
10-20 17:55:03.194 29148-29148/com.cibn.tv.debug_v2 D/BackgroundHelper:  clearBackground  level:0 backgroundManager:com.tv.background.BackgroundManager@419d6710 mBackgroundLevel1:null mBackgroundLevel2:null mDefaultBackground:android.graphics.drawable.LayerDrawable@418e27a0
10-20 17:55:03.194 29148-29148/com.cibn.tv.debug_v2 V/BackgroundManager: setBackgroundDrawable android.graphics.drawable.LayerDrawable@418e27a0
10-20 17:55:03.194 29148-29148/com.cibn.tv.debug_v2 V/BackgroundManager: new drawable same as pending
10-20 17:55:03.314 29148-29148/com.cibn.tv.debug_v2 D/InputEventConsistencyVerifier: KeyEvent: ACTION_UP but key was not down.
                                                                                       in com.tv.ui.view.RowContainerView{45db1b80 V.E..... ........ 0,357-1920,911}
                                                                                       0: sent at 175602532000000, KeyEvent { action=ACTION_UP, keyCode=KEYCODE_DPAD_DOWN, scanCode=108, metaState=META_NUM_LOCK_ON, flags=0x8, repeatCount=0, eventTime=175602532, downTime=175602412, deviceId=1, source=0x101 }
                                                                                       -- recent events --
                                                                                       1: sent at 175601308000000, (unhandled) KeyEvent { action=ACTION_DOWN, keyCode=KEYCODE_DPAD_UP, scanCode=103, metaState=META_NUM_LOCK_ON, flags=0x8, repeatCount=0, eventTime=175601308, downTime=175601308, deviceId=1, source=0x101 }
                                                                                       2: sent at 175600276000000, (unhandled) KeyEvent { action=ACTION_UP, keyCode=KEYCODE_DPAD_DOWN, scanCode=108, metaState=META_NUM_LOCK_ON, flags=0x80000008, repeatCount=0, eventTime=175600276, downTime=175600188, deviceId=1, source=0x101 }
                                                                                       3: sent at 175595436000000, (unhandled) KeyEvent { action=ACTION_DOWN, keyCode=KEYCODE_DPAD_UP, scanCode=103, metaState=META_NUM_LOCK_ON, flags=0x8, repeatCount=0, eventTime=175595436, downTime=175595436, deviceId=1, source=0x101 }
                                                                                       4: sent at 175594379000000, (unhandled) KeyEvent { action=ACTION_UP, keyCode=KEYCODE_DPAD_DOWN, scanCode=108, metaState=META_NUM_LOCK_ON, flags=0x80000008, repeatCount=0, eventTime=175594379, downTime=175594251, deviceId=1, source=0x101 }
                                                                                       5: sent at 175591371000000, (unhandled) KeyEvent { action=ACTION_DOWN, keyCode=KEYCODE_DPAD_UP, scanCode=103, metaState=META_NUM_LOCK_ON, flags=0x8, repeatCount=0, eventTime=175591371, downTime=175591371, deviceId=1, source=0x101 }
10-20 17:55:03.344 29148-29148/com.cibn.tv.debug_v2 V/PLog_DexVideoView: pause
10-20 17:55:03.344 29148-29148/com.cibn.tv.debug_v2 V/TEA_JNI: JNI--jni_tea_media_player_pause
10-20 17:55:03.854 29148-29148/com.cibn.tv.debug_v2 I/System.out: !!==!! xxxx 99999 BrowseFrameLayout
10-20 17:55:03.854 29148-29148/com.cibn.tv.debug_v2 I/System.out: !!==!! onChildViewHolderSelected
10-20 17:55:03.854 29148-29148/com.cibn.tv.debug_v2 D/PageWithLoaderFragment: onRowSelected 1
10-20 17:55:03.854 29148-29148/com.cibn.tv.debug_v2 D/BackgroundHelper:  clearBackground  level:0 backgroundManager:com.tv.background.BackgroundManager@419d6710 mBackgroundLevel1:null mBackgroundLevel2:null mDefaultBackground:android.graphics.drawable.LayerDrawable@418e27a0
10-20 17:55:03.854 29148-29148/com.cibn.tv.debug_v2 V/BackgroundManager: setBackgroundDrawable android.graphics.drawable.LayerDrawable@418e27a0
10-20 17:55:03.854 29148-29148/com.cibn.tv.debug_v2 V/BackgroundManager: new drawable same as pending
10-20 17:55:03.854 29148-31929/com.cibn.tv.debug_v2 W/ResponseProcessCookies: Cookie rejected: "BasicClientCookie[version=0,name=userTrack_predict,domain=.atm.youku.com,path=/,expiry=Wed Oct 15 17:50:51 GMT+08:00 2036]". Illegal domain attribute "atm.youku.com". Domain of origin: "test.cibn.api.ott.youku.com"
10-20 17:55:03.864 29148-31929/com.cibn.tv.debug_v2 E/youku_player_sdk_PlayerManager_ErrorMsg: setPauseAdImageRes info.VAL is null.
10-20 17:55:03.954 29148-29148/com.cibn.tv.debug_v2 I/TEA_JNI: JSetSurface enter, new object: 0x4ee0001d, old object: 0x1dc0051e
10-20 17:55:03.994 29148-29148/com.cibn.tv.debug_v2 D/InputEventConsistencyVerifier: KeyEvent: ACTION_UP but key was not down.
                                                                                       in com.tv.ui.view.RowContainerView{45d287d0 V.E..... ........ 0,301-1920,619}
                                                                                       0: sent at 175603156000000, KeyEvent { action=ACTION_UP, keyCode=KEYCODE_DPAD_UP, scanCode=103, metaState=META_NUM_LOCK_ON, flags=0x8, repeatCount=0, eventTime=175603156, downTime=175603068, deviceId=1, source=0x101 }
                                                                                       -- recent events --
                                                                                       1: sent at 175602412000000, (unhandled) KeyEvent { action=ACTION_DOWN, keyCode=KEYCODE_DPAD_DOWN, scanCode=108, metaState=META_NUM_LOCK_ON, flags=0x8, repeatCount=0, eventTime=175602412, downTime=175602412, deviceId=1, source=0x101 }
                                                                                       2: sent at 175601420000000, (unhandled) KeyEvent { action=ACTION_UP, keyCode=KEYCODE_DPAD_UP, scanCode=103, metaState=META_NUM_LOCK_ON, flags=0x8, repeatCount=0, eventTime=175601420, downTime=175601308, deviceId=1, source=0x101 }
                                                                                       3: sent at 175600188000000, (unhandled) KeyEvent { action=ACTION_DOWN, keyCode=KEYCODE_DPAD_DOWN, scanCode=108, metaState=META_NUM_LOCK_ON, flags=0x8, repeatCount=0, eventTime=175600188, downTime=175600188, deviceId=1, source=0x101 }
                                                                                       4: sent at 175599492000000, (unhandled) KeyEvent { action=ACTION_UP, keyCode=KEYCODE_DPAD_DOWN, scanCode=108, metaState=META_NUM_LOCK_ON, flags=0x80000008, repeatCount=0, eventTime=175599492, downTime=175599388, deviceId=1, source=0x101 }
                                                                                       5: sent at 175598692000000, (unhandled) KeyEvent { action=ACTION_DOWN, keyCode=KEYCODE_DPAD_UP, scanCode=103, metaState=META_NUM_LOCK_ON, flags=0x8, repeatCount=0, eventTime=175598692, downTime=175598692, deviceId=1, source=0x101 }
10-20 17:55:04.404 29148-29148/com.cibn.tv.debug_v2 V/PLog_DexVideoView: start
10-20 17:55:04.404 29148-29148/com.cibn.tv.debug_v2 V/TEA_JNI: JNI--jni_tea_vplayer_surface_change_end
10-20 17:55:04.404 29148-29148/com.cibn.tv.debug_v2 V/TEA_JNI: JNI--jni_tea_media_player_open:6  start_pos(ms):336200
10-20 17:55:04.414 29148-29148/com.cibn.tv.debug_v2 I/TEA_JNI: open dll:libdecengine_RK_mc_44.so success, dlhander 0x7a328a48
10-20 17:55:04.414 29148-29148/com.cibn.tv.debug_v2 V/TEA_JNI: jni_tea_media_player_load_so:0
10-20 17:55:04.414 29148-29148/com.cibn.tv.debug_v2 I/TEA_JNI: JSetSurface enter, new object: 0x6e80001d, old object: 0x1e2004aa
10-20 17:55:04.414 29148-29148/com.cibn.tv.debug_v2 V/TEA_JNI: JNI--jni_tea_vplayer_surface_ready
10-20 17:55:04.414 29148-29148/com.cibn.tv.debug_v2 E/youku_player_sdk_Track_ErrorMsg: onPlayLoadingEnd loadingTime=1567.0 loadingPosition=336.2 ,CurrentTime : 175603632
10-20 17:55:04.414 29148-29148/com.cibn.tv.debug_v2 V/LocalBroadcastManager: Resolving type null scheme null of intent Intent { act=action_ui_player_control_callback_changed (has extras) }
10-20 17:55:04.414 29148-29148/com.cibn.tv.debug_v2 V/LocalBroadcastManager: Action list: [Receiver{com.youku.tv.player.common.localbroadcast.DataBroadcast$1@42669c50 filter=android.content.IntentFilter@42670a40}, Receiver{com.youku.tv.player.common.localbroadcast.DataBroadcast$1@4269d450 filter=android.content.IntentFilter@42687a08}]
10-20 17:55:04.414 29148-29148/com.cibn.tv.debug_v2 V/LocalBroadcastManager: Matching against filter android.content.IntentFilter@42670a40
10-20 17:55:04.414 29148-29148/com.cibn.tv.debug_v2 V/LocalBroadcastManager:   Filter matched!  match=0x108000
10-20 17:55:04.414 29148-29148/com.cibn.tv.debug_v2 V/LocalBroadcastManager: Matching against filter android.content.IntentFilter@42687a08
10-20 17:55:04.414 29148-29148/com.cibn.tv.debug_v2 V/LocalBroadcastManager:   Filter matched!  match=0x108000
10-20 17:55:04.414 29148-29148/com.cibn.tv.debug_v2 V/LocalBroadcastManager: Resolving type null scheme null of intent Intent { act=action_ui_player_control_callback_changed (has extras) }
10-20 17:55:04.414 29148-29148/com.cibn.tv.debug_v2 V/LocalBroadcastManager: Action list: [Receiver{com.youku.tv.player.common.localbroadcast.DataBroadcast$1@42669c50 filter=android.content.IntentFilter@42670a40}, Receiver{com.youku.tv.player.common.localbroadcast.DataBroadcast$1@4269d450 filter=android.content.IntentFilter@42687a08}]
10-20 17:55:04.414 29148-29148/com.cibn.tv.debug_v2 V/LocalBroadcastManager: Matching against filter android.content.IntentFilter@42670a40
10-20 17:55:04.414 29148-29148/com.cibn.tv.debug_v2 V/LocalBroadcastManager:   Filter matched!  match=0x108000
10-20 17:55:04.414 29148-29148/com.cibn.tv.debug_v2 V/LocalBroadcastManager: Matching against filter android.content.IntentFilter@42687a08
10-20 17:55:04.414 29148-29148/com.cibn.tv.debug_v2 V/LocalBroadcastManager:   Filter matched!  match=0x108000
10-20 17:55:04.534 29148-29148/com.cibn.tv.debug_v2 I/System.out: !!==!! xxxx 99999 BrowseFrameLayout
10-20 17:55:04.534 29148-29148/com.cibn.tv.debug_v2 I/System.out: !!==!! onChildViewHolderSelected
10-20 17:55:04.534 29148-29148/com.cibn.tv.debug_v2 D/PageWithLoaderFragment: onRowSelected 2
10-20 17:55:04.544 29148-29148/com.cibn.tv.debug_v2 D/BackgroundHelper:  clearBackground  level:0 backgroundManager:com.tv.background.BackgroundManager@419d6710 mBackgroundLevel1:null mBackgroundLevel2:null mDefaultBackground:android.graphics.drawable.LayerDrawable@418e27a0
10-20 17:55:04.544 29148-29148/com.cibn.tv.debug_v2 V/BackgroundManager: setBackgroundDrawable android.graphics.drawable.LayerDrawable@418e27a0
10-20 17:55:04.544 29148-29148/com.cibn.tv.debug_v2 V/BackgroundManager: new drawable same as pending
10-20 17:55:04.654 29148-29148/com.cibn.tv.debug_v2 D/InputEventConsistencyVerifier: KeyEvent: ACTION_UP but key was not down.
                                                                                       in com.tv.ui.view.RowContainerView{45db1b80 V.E..... ........ 0,375-1920,929}
                                                                                       0: sent at 175603860000000, KeyEvent { action=ACTION_UP, keyCode=KEYCODE_DPAD_DOWN, scanCode=108, metaState=META_NUM_LOCK_ON, flags=0x8, repeatCount=0, eventTime=175603860, downTime=175603756, deviceId=1, source=0x101 }
                                                                                       -- recent events --
                                                                                       1: sent at 175603068000000, (unhandled) KeyEvent { action=ACTION_DOWN, keyCode=KEYCODE_DPAD_UP, scanCode=103, metaState=META_NUM_LOCK_ON, flags=0x8, repeatCount=0, eventTime=175603068, downTime=175603068, deviceId=1, source=0x101 }
                                                                                       2: sent at 175602532000000, (unhandled) KeyEvent { action=ACTION_UP, keyCode=KEYCODE_DPAD_DOWN, scanCode=108, metaState=META_NUM_LOCK_ON, flags=0x80000008, repeatCount=0, eventTime=175602532, downTime=175602412, deviceId=1, source=0x101 }
                                                                                       3: sent at 175601308000000, (unhandled) KeyEvent { action=ACTION_DOWN, keyCode=KEYCODE_DPAD_UP, scanCode=103, metaState=META_NUM_LOCK_ON, flags=0x8, repeatCount=0, eventTime=175601308, downTime=175601308, deviceId=1, source=0x101 }
                                                                                       4: sent at 175600276000000, (unhandled) KeyEvent { action=ACTION_UP, keyCode=KEYCODE_DPAD_DOWN, scanCode=108, metaState=META_NUM_LOCK_ON, flags=0x80000008, repeatCount=0, eventTime=175600276, downTime=175600188, deviceId=1, source=0x101 }
                                                                                       5: sent at 175595436000000, (unhandled) KeyEvent { action=ACTION_DOWN, keyCode=KEYCODE_DPAD_UP, scanCode=103, metaState=META_NUM_LOCK_ON, flags=0x8, repeatCount=0, eventTime=175595436, downTime=175595436, deviceId=1, source=0x101 }
10-20 17:55:04.694 29148-29148/com.cibn.tv.debug_v2 V/PLog_DexVideoView: pause
10-20 17:55:04.694 29148-29148/com.cibn.tv.debug_v2 V/TEA_JNI: JNI--jni_tea_media_player_pause
10-20 17:55:05.004 29148-29148/com.cibn.tv.debug_v2 I/System.out: !!==!! xxxx 99999 BrowseFrameLayout
10-20 17:55:05.004 29148-29148/com.cibn.tv.debug_v2 I/System.out: !!==!! onChildViewHolderSelected
10-20 17:55:05.004 29148-29148/com.cibn.tv.debug_v2 D/PageWithLoaderFragment: onRowSelected 1
10-20 17:55:05.004 29148-29148/com.cibn.tv.debug_v2 D/BackgroundHelper:  clearBackground  level:0 backgroundManager:com.tv.background.BackgroundManager@419d6710 mBackgroundLevel1:null mBackgroundLevel2:null mDefaultBackground:android.graphics.drawable.LayerDrawable@418e27a0
10-20 17:55:05.004 29148-29148/com.cibn.tv.debug_v2 V/BackgroundManager: setBackgroundDrawable android.graphics.drawable.LayerDrawable@418e27a0
10-20 17:55:05.004 29148-29148/com.cibn.tv.debug_v2 V/BackgroundManager: new drawable same as pending
10-20 17:55:05.094 29148-31929/com.cibn.tv.debug_v2 W/ResponseProcessCookies: Cookie rejected: "BasicClientCookie[version=0,name=userTrack_predict,domain=.atm.youku.com,path=/,expiry=Wed Oct 15 17:50:51 GMT+08:00 2036]". Illegal domain attribute "atm.youku.com". Domain of origin: "test.cibn.api.ott.youku.com"
10-20 17:55:05.114 29148-31929/com.cibn.tv.debug_v2 E/youku_player_sdk_PlayerManager_ErrorMsg: setPauseAdImageRes info.VAL is null.
10-20 17:55:05.124 29148-29148/com.cibn.tv.debug_v2 I/TEA_JNI: JSetSurface enter, new object: 0xf730001d, old object: 0x1de0050e
10-20 17:55:05.154 29148-29148/com.cibn.tv.debug_v2 D/InputEventConsistencyVerifier: KeyEvent: ACTION_UP but key was not down.
                                                                                       in com.tv.ui.view.RowContainerView{45d287d0 V.E..... ........ 0,315-1920,633}
                                                                                       0: sent at 175604308000000, KeyEvent { action=ACTION_UP, keyCode=KEYCODE_DPAD_UP, scanCode=103, metaState=META_NUM_LOCK_ON, flags=0x8, repeatCount=0, eventTime=175604308, downTime=175604220, deviceId=1, source=0x101 }
                                                                                       -- recent events --
                                                                                       1: sent at 175603756000000, (unhandled) KeyEvent { action=ACTION_DOWN, keyCode=KEYCODE_DPAD_DOWN, scanCode=108, metaState=META_NUM_LOCK_ON, flags=0x8, repeatCount=0, eventTime=175603756, downTime=175603756, deviceId=1, source=0x101 }
                                                                                       2: sent at 175603156000000, (unhandled) KeyEvent { action=ACTION_UP, keyCode=KEYCODE_DPAD_UP, scanCode=103, metaState=META_NUM_LOCK_ON, flags=0x80000008, repeatCount=0, eventTime=175603156, downTime=175603068, deviceId=1, source=0x101 }
                                                                                       3: sent at 175602412000000, (unhandled) KeyEvent { action=ACTION_DOWN, keyCode=KEYCODE_DPAD_DOWN, scanCode=108, metaState=META_NUM_LOCK_ON, flags=0x8, repeatCount=0, eventTime=175602412, downTime=175602412, deviceId=1, source=0x101 }
                                                                                       4: sent at 175601420000000, (unhandled) KeyEvent { action=ACTION_UP, keyCode=KEYCODE_DPAD_UP, scanCode=103, metaState=META_NUM_LOCK_ON, flags=0x8, repeatCount=0, eventTime=175601420, downTime=175601308, deviceId=1, source=0x101 }
                                                                                       5: sent at 175600188000000, (unhandled) KeyEvent { action=ACTION_DOWN, keyCode=KEYCODE_DPAD_DOWN, scanCode=108, metaState=META_NUM_LOCK_ON, flags=0x8, repeatCount=0, eventTime=175600188, downTime=175600188, deviceId=1, source=0x101 }
10-20 17:55:05.564 29148-29148/com.cibn.tv.debug_v2 V/PLog_DexVideoView: start
10-20 17:55:05.564 29148-29148/com.cibn.tv.debug_v2 V/TEA_JNI: JNI--jni_tea_vplayer_surface_change_end
10-20 17:55:05.564 29148-29148/com.cibn.tv.debug_v2 V/TEA_JNI: JNI--jni_tea_media_player_open:6  start_pos(ms):336200
10-20 17:55:05.564 29148-29148/com.cibn.tv.debug_v2 I/TEA_JNI: open dll:libdecengine_RK_mc_44.so success, dlhander 0x7a328a48
10-20 17:55:05.564 29148-29148/com.cibn.tv.debug_v2 V/TEA_JNI: jni_tea_media_player_load_so:0
10-20 17:55:05.564 29148-29148/com.cibn.tv.debug_v2 I/TEA_JNI: JSetSurface enter, new object: 0x1640001d, old object: 0x1df0050e
10-20 17:55:05.564 29148-29148/com.cibn.tv.debug_v2 V/TEA_JNI: JNI--jni_tea_vplayer_surface_ready
10-20 17:55:05.564 29148-29148/com.cibn.tv.debug_v2 E/youku_player_sdk_Track_ErrorMsg: onPlayLoadingEnd loadingTime=1153.0 loadingPosition=336.2 ,CurrentTime : 175604788
10-20 17:55:05.564 29148-29148/com.cibn.tv.debug_v2 V/LocalBroadcastManager: Resolving type null scheme null of intent Intent { act=action_ui_player_control_callback_changed (has extras) }
10-20 17:55:05.564 29148-29148/com.cibn.tv.debug_v2 V/LocalBroadcastManager: Action list: [Receiver{com.youku.tv.player.common.localbroadcast.DataBroadcast$1@42669c50 filter=android.content.IntentFilter@42670a40}, Receiver{com.youku.tv.player.common.localbroadcast.DataBroadcast$1@4269d450 filter=android.content.IntentFilter@42687a08}]
10-20 17:55:05.564 29148-29148/com.cibn.tv.debug_v2 V/LocalBroadcastManager: Matching against filter android.content.IntentFilter@42670a40
10-20 17:55:05.564 29148-29148/com.cibn.tv.debug_v2 V/LocalBroadcastManager:   Filter matched!  match=0x108000
10-20 17:55:05.564 29148-29148/com.cibn.tv.debug_v2 V/LocalBroadcastManager: Matching against filter android.content.IntentFilter@42687a08
10-20 17:55:05.564 29148-29148/com.cibn.tv.debug_v2 V/LocalBroadcastManager:   Filter matched!  match=0x108000
10-20 17:55:05.574 29148-29148/com.cibn.tv.debug_v2 V/LocalBroadcastManager: Resolving type null scheme null of intent Intent { act=action_ui_player_control_callback_changed (has extras) }
10-20 17:55:05.574 29148-29148/com.cibn.tv.debug_v2 V/LocalBroadcastManager: Action list: [Receiver{com.youku.tv.player.common.localbroadcast.DataBroadcast$1@42669c50 filter=android.content.IntentFilter@42670a40}, Receiver{com.youku.tv.player.common.localbroadcast.DataBroadcast$1@4269d450 filter=android.content.IntentFilter@42687a08}]
10-20 17:55:05.574 29148-29148/com.cibn.tv.debug_v2 V/LocalBroadcastManager: Matching against filter android.content.IntentFilter@42670a40
10-20 17:55:05.574 29148-29148/com.cibn.tv.debug_v2 V/LocalBroadcastManager:   Filter matched!  match=0x108000
10-20 17:55:05.574 29148-29148/com.cibn.tv.debug_v2 V/LocalBroadcastManager: Matching against filter android.content.IntentFilter@42687a08
10-20 17:55:05.574 29148-29148/com.cibn.tv.debug_v2 V/LocalBroadcastManager:   Filter matched!  match=0x108000
10-20 17:55:05.674 29148-29148/com.cibn.tv.debug_v2 I/System.out: !!==!! xxxx 99999 BrowseFrameLayout
10-20 17:55:05.674 29148-29148/com.cibn.tv.debug_v2 I/System.out: !!==!! onChildViewHolderSelected
10-20 17:55:05.674 29148-29148/com.cibn.tv.debug_v2 D/PageWithLoaderFragment: onRowSelected 2
10-20 17:55:05.674 29148-29148/com.cibn.tv.debug_v2 D/BackgroundHelper:  clearBackground  level:0 backgroundManager:com.tv.background.BackgroundManager@419d6710 mBackgroundLevel1:null mBackgroundLevel2:null mDefaultBackground:android.graphics.drawable.LayerDrawable@418e27a0
10-20 17:55:05.674 29148-29148/com.cibn.tv.debug_v2 V/BackgroundManager: setBackgroundDrawable android.graphics.drawable.LayerDrawable@418e27a0
10-20 17:55:05.674 29148-29148/com.cibn.tv.debug_v2 V/BackgroundManager: new drawable same as pending
10-20 17:55:05.784 29148-29148/com.cibn.tv.debug_v2 D/InputEventConsistencyVerifier: KeyEvent: ACTION_UP but key was not down.
                                                                                       in com.tv.ui.view.RowContainerView{45db1b80 V.E..... ........ 0,384-1920,938}
                                                                                       0: sent at 175604996000000, KeyEvent { action=ACTION_UP, keyCode=KEYCODE_DPAD_DOWN, scanCode=108, metaState=META_NUM_LOCK_ON, flags=0x8, repeatCount=0, eventTime=175604996, downTime=175604892, deviceId=1, source=0x101 }
                                                                                       -- recent events --
                                                                                       1: sent at 175604220000000, (unhandled) KeyEvent { action=ACTION_DOWN, keyCode=KEYCODE_DPAD_UP, scanCode=103, metaState=META_NUM_LOCK_ON, flags=0x8, repeatCount=0, eventTime=175604220, downTime=175604220, deviceId=1, source=0x101 }
                                                                                       2: sent at 175603860000000, (unhandled) KeyEvent { action=ACTION_UP, keyCode=KEYCODE_DPAD_DOWN, scanCode=108, metaState=META_NUM_LOCK_ON, flags=0x80000008, repeatCount=0, eventTime=175603860, downTime=175603756, deviceId=1, source=0x101 }
                                                                                       3: sent at 175603068000000, (unhandled) KeyEvent { action=ACTION_DOWN, keyCode=KEYCODE_DPAD_UP, scanCode=103, metaState=META_NUM_LOCK_ON, flags=0x8, repeatCount=0, eventTime=175603068, downTime=175603068, deviceId=1, source=0x101 }
                                                                                       4: sent at 175602532000000, (unhandled) KeyEvent { action=ACTION_UP, keyCode=KEYCODE_DPAD_DOWN, scanCode=108, metaState=META_NUM_LOCK_ON, flags=0x80000008, repeatCount=0, eventTime=175602532, downTime=175602412, deviceId=1, source=0x101 }
                                                                                       5: sent at 175601308000000, (unhandled) KeyEvent { action=ACTION_DOWN, keyCode=KEYCODE_DPAD_UP, scanCode=103, metaState=META_NUM_LOCK_ON, flags=0x8, repeatCount=0, eventTime=175601308, downTime=175601308, deviceId=1, source=0x101 }
10-20 17:55:05.824 29148-29148/com.cibn.tv.debug_v2 V/PLog_DexVideoView: pause
10-20 17:55:05.824 29148-29148/com.cibn.tv.debug_v2 V/TEA_JNI: JNI--jni_tea_media_player_pause
10-20 17:55:06.174 29148-29148/com.cibn.tv.debug_v2 I/System.out: !!==!! xxxx 99999 BrowseFrameLayout
10-20 17:55:06.174 29148-29148/com.cibn.tv.debug_v2 I/System.out: !!==!! onChildViewHolderSelected
10-20 17:55:06.174 29148-29148/com.cibn.tv.debug_v2 D/PageWithLoaderFragment: onRowSelected 1
10-20 17:55:06.174 29148-29148/com.cibn.tv.debug_v2 D/BackgroundHelper:  clearBackground  level:0 backgroundManager:com.tv.background.BackgroundManager@419d6710 mBackgroundLevel1:null mBackgroundLevel2:null mDefaultBackground:android.graphics.drawable.LayerDrawable@418e27a0
10-20 17:55:06.174 29148-29148/com.cibn.tv.debug_v2 V/BackgroundManager: setBackgroundDrawable android.graphics.drawable.LayerDrawable@418e27a0
10-20 17:55:06.174 29148-29148/com.cibn.tv.debug_v2 V/BackgroundManager: new drawable same as pending
10-20 17:55:06.294 29148-29148/com.cibn.tv.debug_v2 I/TEA_JNI: JSetSurface enter, new object: 0x9e00001d, old object: 0x1df0051a
10-20 17:55:06.334 29148-31929/com.cibn.tv.debug_v2 W/ResponseProcessCookies: Cookie rejected: "BasicClientCookie[version=0,name=userTrack_predict,domain=.atm.youku.com,path=/,expiry=Wed Oct 15 17:50:51 GMT+08:00 2036]". Illegal domain attribute "atm.youku.com". Domain of origin: "test.cibn.api.ott.youku.com"
10-20 17:55:06.334 29148-31929/com.cibn.tv.debug_v2 E/youku_player_sdk_PlayerManager_ErrorMsg: setPauseAdImageRes info.VAL is null.
10-20 17:55:06.334 29148-29148/com.cibn.tv.debug_v2 D/InputEventConsistencyVerifier: KeyEvent: ACTION_UP but key was not down.
                                                                                       in com.tv.ui.view.RowContainerView{45d287d0 V.E..... ........ 0,322-1920,640}
                                                                                       0: sent at 175605468000000, KeyEvent { action=ACTION_UP, keyCode=KEYCODE_DPAD_UP, scanCode=103, metaState=META_NUM_LOCK_ON, flags=0x8, repeatCount=0, eventTime=175605468, downTime=175605380, deviceId=1, source=0x101 }
                                                                                       -- recent events --
                                                                                       1: sent at 175604892000000, (unhandled) KeyEvent { action=ACTION_DOWN, keyCode=KEYCODE_DPAD_DOWN, scanCode=108, metaState=META_NUM_LOCK_ON, flags=0x8, repeatCount=0, eventTime=175604892, downTime=175604892, deviceId=1, source=0x101 }
                                                                                       2: sent at 175604308000000, (unhandled) KeyEvent { action=ACTION_UP, keyCode=KEYCODE_DPAD_UP, scanCode=103, metaState=META_NUM_LOCK_ON, flags=0x80000008, repeatCount=0, eventTime=175604308, downTime=175604220, deviceId=1, source=0x101 }
                                                                                       3: sent at 175603756000000, (unhandled) KeyEvent { action=ACTION_DOWN, keyCode=KEYCODE_DPAD_DOWN, scanCode=108, metaState=META_NUM_LOCK_ON, flags=0x8, repeatCount=0, eventTime=175603756, downTime=175603756, deviceId=1, source=0x101 }
                                                                                       4: sent at 175603156000000, (unhandled) KeyEvent { action=ACTION_UP, keyCode=KEYCODE_DPAD_UP, scanCode=103, metaState=META_NUM_LOCK_ON, flags=0x80000008, repeatCount=0, eventTime=175603156, downTime=175603068, deviceId=1, source=0x101 }
                                                                                       5: sent at 175602412000000, (unhandled) KeyEvent { action=ACTION_DOWN, keyCode=KEYCODE_DPAD_DOWN, scanCode=108, metaState=META_NUM_LOCK_ON, flags=0x8, repeatCount=0, eventTime=175602412, downTime=175602412, deviceId=1, source=0x101 }
10-20 17:55:06.724 29148-29148/com.cibn.tv.debug_v2 V/PLog_DexVideoView: start
10-20 17:55:06.724 29148-29148/com.cibn.tv.debug_v2 V/TEA_JNI: JNI--jni_tea_vplayer_surface_change_end
10-20 17:55:06.724 29148-29148/com.cibn.tv.debug_v2 V/TEA_JNI: JNI--jni_tea_media_player_open:6  start_pos(ms):336200
10-20 17:55:06.724 29148-29148/com.cibn.tv.debug_v2 I/TEA_JNI: open dll:libdecengine_RK_mc_44.so success, dlhander 0x7a328a48
10-20 17:55:06.724 29148-29148/com.cibn.tv.debug_v2 V/TEA_JNI: jni_tea_media_player_load_so:0
10-20 17:55:06.724 29148-29148/com.cibn.tv.debug_v2 I/TEA_JNI: JSetSurface enter, new object: 0xba30001d, old object: 0x1e200466
10-20 17:55:06.724 29148-29148/com.cibn.tv.debug_v2 V/TEA_JNI: JNI--jni_tea_vplayer_surface_ready
10-20 17:55:06.734 29148-29148/com.cibn.tv.debug_v2 E/youku_player_sdk_Track_ErrorMsg: onPlayLoadingEnd loadingTime=1161.0 loadingPosition=336.2 ,CurrentTime : 175605951
10-20 17:55:06.734 29148-29148/com.cibn.tv.debug_v2 V/LocalBroadcastManager: Resolving type null scheme null of intent Intent { act=action_ui_player_control_callback_changed (has extras) }
10-20 17:55:06.734 29148-29148/com.cibn.tv.debug_v2 V/LocalBroadcastManager: Action list: [Receiver{com.youku.tv.player.common.localbroadcast.DataBroadcast$1@42669c50 filter=android.content.IntentFilter@42670a40}, Receiver{com.youku.tv.player.common.localbroadcast.DataBroadcast$1@4269d450 filter=android.content.IntentFilter@42687a08}]
10-20 17:55:06.734 29148-29148/com.cibn.tv.debug_v2 V/LocalBroadcastManager: Matching against filter android.content.IntentFilter@42670a40
10-20 17:55:06.734 29148-29148/com.cibn.tv.debug_v2 V/LocalBroadcastManager:   Filter matched!  match=0x108000
10-20 17:55:06.734 29148-29148/com.cibn.tv.debug_v2 V/LocalBroadcastManager: Matching against filter android.content.IntentFilter@42687a08
10-20 17:55:06.734 29148-29148/com.cibn.tv.debug_v2 V/LocalBroadcastManager:   Filter matched!  match=0x108000
10-20 17:55:06.734 29148-29148/com.cibn.tv.debug_v2 V/LocalBroadcastManager: Resolving type null scheme null of intent Intent { act=action_ui_player_control_callback_changed (has extras) }
10-20 17:55:06.734 29148-29148/com.cibn.tv.debug_v2 V/LocalBroadcastManager: Action list: [Receiver{com.youku.tv.player.common.localbroadcast.DataBroadcast$1@42669c50 filter=android.content.IntentFilter@42670a40}, Receiver{com.youku.tv.player.common.localbroadcast.DataBroadcast$1@4269d450 filter=android.content.IntentFilter@42687a08}]
10-20 17:55:06.734 29148-29148/com.cibn.tv.debug_v2 V/LocalBroadcastManager: Matching against filter android.content.IntentFilter@42670a40
10-20 17:55:06.734 29148-29148/com.cibn.tv.debug_v2 V/LocalBroadcastManager:   Filter matched!  match=0x108000
10-20 17:55:06.734 29148-29148/com.cibn.tv.debug_v2 V/LocalBroadcastManager: Matching against filter android.content.IntentFilter@42687a08
10-20 17:55:06.734 29148-29148/com.cibn.tv.debug_v2 V/LocalBroadcastManager:   Filter matched!  match=0x108000
10-20 17:55:06.774 29148-29148/com.cibn.tv.debug_v2 I/System.out: !!==!! xxxx 99999 BrowseFrameLayout
10-20 17:55:06.774 29148-29148/com.cibn.tv.debug_v2 I/System.out: !!==!! onChildViewHolderSelected
10-20 17:55:06.774 29148-29148/com.cibn.tv.debug_v2 D/PageWithLoaderFragment: onRowSelected 2
10-20 17:55:06.774 29148-29148/com.cibn.tv.debug_v2 D/BackgroundHelper:  clearBackground  level:0 backgroundManager:com.tv.background.BackgroundManager@419d6710 mBackgroundLevel1:null mBackgroundLevel2:null mDefaultBackground:android.graphics.drawable.LayerDrawable@418e27a0
10-20 17:55:06.774 29148-29148/com.cibn.tv.debug_v2 V/BackgroundManager: setBackgroundDrawable android.graphics.drawable.LayerDrawable@418e27a0
10-20 17:55:06.774 29148-29148/com.cibn.tv.debug_v2 V/BackgroundManager: new drawable same as pending
10-20 17:55:06.884 29148-29148/com.cibn.tv.debug_v2 D/InputEventConsistencyVerifier: KeyEvent: ACTION_UP but key was not down.
                                                                                       in com.tv.ui.view.RowContainerView{45db1b80 V.E..... ........ 0,372-1920,926}
                                                                                       0: sent at 175606100000000, KeyEvent { action=ACTION_UP, keyCode=KEYCODE_DPAD_DOWN, scanCode=108, metaState=META_NUM_LOCK_ON, flags=0x8, repeatCount=0, eventTime=175606100, downTime=175605988, deviceId=1, source=0x101 }
                                                                                       -- recent events --
                                                                                       1: sent at 175605380000000, (unhandled) KeyEvent { action=ACTION_DOWN, keyCode=KEYCODE_DPAD_UP, scanCode=103, metaState=META_NUM_LOCK_ON, flags=0x8, repeatCount=0, eventTime=175605380, downTime=175605380, deviceId=1, source=0x101 }
                                                                                       2: sent at 175604996000000, (unhandled) KeyEvent { action=ACTION_UP, keyCode=KEYCODE_DPAD_DOWN, scanCode=108, metaState=META_NUM_LOCK_ON, flags=0x80000008, repeatCount=0, eventTime=175604996, downTime=175604892, deviceId=1, source=0x101 }
                                                                                       3: sent at 175604220000000, (unhandled) KeyEvent { action=ACTION_DOWN, keyCode=KEYCODE_DPAD_UP, scanCode=103, metaState=META_NUM_LOCK_ON, flags=0x8, repeatCount=0, eventTime=175604220, downTime=175604220, deviceId=1, source=0x101 }
                                                                                       4: sent at 175603860000000, (unhandled) KeyEvent { action=ACTION_UP, keyCode=KEYCODE_DPAD_DOWN, scanCode=108, metaState=META_NUM_LOCK_ON, flags=0x80000008, repeatCount=0, eventTime=175603860, downTime=175603756, deviceId=1, source=0x101 }
                                                                                       5: sent at 175603068000000, (unhandled) KeyEvent { action=ACTION_DOWN, keyCode=KEYCODE_DPAD_UP, scanCode=103, metaState=META_NUM_LOCK_ON, flags=0x8, repeatCount=0, eventTime=175603068, downTime=175603068, deviceId=1, source=0x101 }
10-20 17:55:06.924 29148-29148/com.cibn.tv.debug_v2 V/PLog_DexVideoView: pause
10-20 17:55:06.924 29148-29148/com.cibn.tv.debug_v2 V/TEA_JNI: JNI--jni_tea_media_player_pause
10-20 17:55:07.194 29148-29148/com.cibn.tv.debug_v2 I/System.out: !!==!! xxxx 99999 BrowseFrameLayout
10-20 17:55:07.194 29148-29148/com.cibn.tv.debug_v2 I/System.out: !!==!! onChildViewHolderSelected
10-20 17:55:07.194 29148-29148/com.cibn.tv.debug_v2 D/PageWithLoaderFragment: onRowSelected 1
10-20 17:55:07.194 29148-29148/com.cibn.tv.debug_v2 D/BackgroundHelper:  clearBackground  level:0 backgroundManager:com.tv.background.BackgroundManager@419d6710 mBackgroundLevel1:null mBackgroundLevel2:null mDefaultBackground:android.graphics.drawable.LayerDrawable@418e27a0
10-20 17:55:07.194 29148-29148/com.cibn.tv.debug_v2 V/BackgroundManager: setBackgroundDrawable android.graphics.drawable.LayerDrawable@418e27a0
10-20 17:55:07.194 29148-29148/com.cibn.tv.debug_v2 V/BackgroundManager: new drawable same as pending
10-20 17:55:07.244 29148-31929/com.cibn.tv.debug_v2 W/ResponseProcessCookies: Cookie rejected: "BasicClientCookie[version=0,name=userTrack_predict,domain=.atm.youku.com,path=/,expiry=Wed Oct 15 17:50:51 GMT+08:00 2036]". Illegal domain attribute "atm.youku.com". Domain of origin: "test.cibn.api.ott.youku.com"
10-20 17:55:07.264 29148-31929/com.cibn.tv.debug_v2 E/youku_player_sdk_PlayerManager_ErrorMsg: setPauseAdImageRes info.VAL is null.
10-20 17:55:07.294 29148-29148/com.cibn.tv.debug_v2 I/TEA_JNI: JSetSurface enter, new object: 0x4050001d, old object: 0x1e10050e
10-20 17:55:07.324 29148-29148/com.cibn.tv.debug_v2 D/InputEventConsistencyVerifier: KeyEvent: ACTION_UP but key was not down.
                                                                                       in com.tv.ui.view.RowContainerView{45d287d0 V.E..... ........ 0,297-1920,615}
                                                                                       0: sent at 175606476000000, KeyEvent { action=ACTION_UP, keyCode=KEYCODE_DPAD_UP, scanCode=103, metaState=META_NUM_LOCK_ON, flags=0x8, repeatCount=0, eventTime=175606476, downTime=175606396, deviceId=1, source=0x101 }
                                                                                       -- recent events --
                                                                                       1: sent at 175605988000000, (unhandled) KeyEvent { action=ACTION_DOWN, keyCode=KEYCODE_DPAD_DOWN, scanCode=108, metaState=META_NUM_LOCK_ON, flags=0x8, repeatCount=0, eventTime=175605988, downTime=175605988, deviceId=1, source=0x101 }
                                                                                       2: sent at 175605468000000, (unhandled) KeyEvent { action=ACTION_UP, keyCode=KEYCODE_DPAD_UP, scanCode=103, metaState=META_NUM_LOCK_ON, flags=0x80000008, repeatCount=0, eventTime=175605468, downTime=175605380, deviceId=1, source=0x101 }
                                                                                       3: sent at 175604892000000, (unhandled) KeyEvent { action=ACTION_DOWN, keyCode=KEYCODE_DPAD_DOWN, scanCode=108, metaState=META_NUM_LOCK_ON, flags=0x8, repeatCount=0, eventTime=175604892, downTime=175604892, deviceId=1, source=0x101 }
                                                                                       4: sent at 175604308000000, (unhandled) KeyEvent { action=ACTION_UP, keyCode=KEYCODE_DPAD_UP, scanCode=103, metaState=META_NUM_LOCK_ON, flags=0x80000008, repeatCount=0, eventTime=175604308, downTime=175604220, deviceId=1, source=0x101 }
                                                                                       5: sent at 175603756000000, (unhandled) KeyEvent { action=ACTION_DOWN, keyCode=KEYCODE_DPAD_DOWN, scanCode=108, metaState=META_NUM_LOCK_ON, flags=0x8, repeatCount=0, eventTime=175603756, downTime=175603756, deviceId=1, source=0x101 }
10-20 17:55:07.664 29148-29148/com.cibn.tv.debug_v2 I/System.out: !!==!! xxxx 99999 BrowseFrameLayout
10-20 17:55:07.664 29148-29148/com.cibn.tv.debug_v2 I/System.out: !!==!! onChildViewHolderSelected
10-20 17:55:07.664 29148-29148/com.cibn.tv.debug_v2 D/PageWithLoaderFragment: onRowSelected 0
10-20 17:55:07.744 29148-29148/com.cibn.tv.debug_v2 V/PLog_DexVideoView: start
10-20 17:55:07.744 29148-29148/com.cibn.tv.debug_v2 V/TEA_JNI: JNI--jni_tea_vplayer_surface_change_end
10-20 17:55:07.744 29148-29148/com.cibn.tv.debug_v2 V/TEA_JNI: JNI--jni_tea_media_player_open:6  start_pos(ms):336200
10-20 17:55:07.744 29148-29148/com.cibn.tv.debug_v2 I/TEA_JNI: open dll:libdecengine_RK_mc_44.so success, dlhander 0x7a328a48
10-20 17:55:07.744 29148-29148/com.cibn.tv.debug_v2 V/TEA_JNI: jni_tea_media_player_load_so:0
10-20 17:55:07.744 29148-29148/com.cibn.tv.debug_v2 I/TEA_JNI: JSetSurface enter, new object: 0x6680001d, old object: 0x1e20050e
10-20 17:55:07.744 29148-29148/com.cibn.tv.debug_v2 V/TEA_JNI: JNI--jni_tea_vplayer_surface_ready
10-20 17:55:07.754 29148-29148/com.cibn.tv.debug_v2 E/youku_player_sdk_Track_ErrorMsg: onPlayLoadingEnd loadingTime=1017.0 loadingPosition=336.2 ,CurrentTime : 175606970
10-20 17:55:07.754 29148-29148/com.cibn.tv.debug_v2 V/LocalBroadcastManager: Resolving type null scheme null of intent Intent { act=action_ui_player_control_callback_changed (has extras) }
10-20 17:55:07.754 29148-29148/com.cibn.tv.debug_v2 V/LocalBroadcastManager: Action list: [Receiver{com.youku.tv.player.common.localbroadcast.DataBroadcast$1@42669c50 filter=android.content.IntentFilter@42670a40}, Receiver{com.youku.tv.player.common.localbroadcast.DataBroadcast$1@4269d450 filter=android.content.IntentFilter@42687a08}]
