10-20 17:55:07.754 29148-29148/com.cibn.tv.debug_v2 V/LocalBroadcastManager: Matching against filter android.content.IntentFilter@42670a40
10-20 17:55:07.754 29148-29148/com.cibn.tv.debug_v2 V/LocalBroadcastManager:   Filter matched!  match=0x108000
10-20 17:55:07.754 29148-29148/com.cibn.tv.debug_v2 V/LocalBroadcastManager: Matching against filter android.content.IntentFilter@42687a08
10-20 17:55:07.754 29148-29148/com.cibn.tv.debug_v2 V/LocalBroadcastManager:   Filter matched!  match=0x108000
10-20 17:55:07.754 29148-29148/com.cibn.tv.debug_v2 V/LocalBroadcastManager: Resolving type null scheme null of intent Intent { act=action_ui_player_control_callback_changed (has extras) }
10-20 17:55:07.754 29148-29148/com.cibn.tv.debug_v2 V/LocalBroadcastManager: Action list: [Receiver{com.youku.tv.player.common.localbroadcast.DataBroadcast$1@42669c50 filter=android.content.IntentFilter@42670a40}, Receiver{com.youku.tv.player.common.localbroadcast.DataBroadcast$1@4269d450 filter=android.content.IntentFilter@42687a08}]
10-20 17:55:07.754 29148-29148/com.cibn.tv.debug_v2 V/LocalBroadcastManager: Matching against filter android.content.IntentFilter@42670a40
10-20 17:55:07.754 29148-29148/com.cibn.tv.debug_v2 V/LocalBroadcastManager:   Filter matched!  match=0x108000
10-20 17:55:07.754 29148-29148/com.cibn.tv.debug_v2 V/LocalBroadcastManager: Matching against filter android.content.IntentFilter@42687a08
10-20 17:55:07.754 29148-29148/com.cibn.tv.debug_v2 V/LocalBroadcastManager:   Filter matched!  match=0x108000
10-20 17:55:07.764 29148-29148/com.cibn.tv.debug_v2 D/InputEventConsistencyVerifier: KeyEvent: ACTION_UP but key was not down.
                                                                                       in com.tv.ui.view.RowContainerView{45cd4f50 V.E..... ......ID 0,-171-1920,728}
                                                                                       0: sent at 175606980000000, KeyEvent { action=ACTION_UP, keyCode=KEYCODE_DPAD_UP, scanCode=103, metaState=META_NUM_LOCK_ON, flags=0x8, repeatCount=0, eventTime=175606980, downTime=175606884, deviceId=1, source=0x101 }
                                                                                       -- recent events --
                                                                                       1: sent at 175599388000000, (unhandled) KeyEvent { action=ACTION_DOWN, keyCode=KEYCODE_DPAD_DOWN, scanCode=108, metaState=META_NUM_LOCK_ON, flags=0x8, repeatCount=0, eventTime=175599388, downTime=175599388, deviceId=1, source=0x101 }
                                                                                       2: sent at 175598788000000, (unhandled) KeyEvent { action=ACTION_UP, keyCode=KEYCODE_DPAD_UP, scanCode=103, metaState=META_NUM_LOCK_ON, flags=0x80000008, repeatCount=0, eventTime=175598788, downTime=175598692, deviceId=1, source=0x101 }
                                                                                       3: sent at 175598076000000, (unhandled) KeyEvent { action=ACTION_DOWN, keyCode=KEYCODE_DPAD_DOWN, scanCode=108, metaState=META_NUM_LOCK_ON, flags=0x8, repeatCount=0, eventTime=175598076, downTime=175598076, deviceId=1, source=0x101 }
                                                                                       4: sent at 175596868000000, (unhandled) KeyEvent { action=ACTION_UP, keyCode=KEYCODE_DPAD_UP, scanCode=103, metaState=META_NUM_LOCK_ON, flags=0x80000008, repeatCount=0, eventTime=175596868, downTime=175596748, deviceId=1, source=0x101 }
                                                                                       5: sent at 175593691000000, (unhandled) KeyEvent { action=ACTION_DOWN, keyCode=KEYCODE_DPAD_DOWN, scanCode=108, metaState=META_NUM_LOCK_ON, flags=0x8, repeatCount=0, eventTime=175593691, downTime=175593691, deviceId=1, source=0x101 }
10-20 17:55:08.104 29148-29148/com.cibn.tv.debug_v2 V/TEA_JNI: JNI--jni_tea_media_player_set_videoview x=0,y=0,view_w=894,view_h=502
10-20 17:55:08.114 29148-29148/com.cibn.tv.debug_v2 V/TEA_JNI: JNI--jni_tea_media_player_start
10-20 17:55:08.114 29148-31953/com.cibn.tv.debug_v2 I/TEA_JNI: cur_decoder get success
10-20 17:55:08.114 29148-2378/com.cibn.tv.debug_v2 I/OMXClient: Using client-side OMX mux.
10-20 17:55:08.114 29148-2378/com.cibn.tv.debug_v2 E/ACodec: [OMX.rk.video_decoder.avc] storeMetaDataInBuffers failed w/ err -2147483648
10-20 17:55:08.134 29148-31953/com.cibn.tv.debug_v2 I/AudioTrack: set() streamType 3 frameCount 12288 flags 0000 channelMask 3 sampleRate 44100 format 1
10-20 17:55:08.144 29148-29148/com.cibn.tv.debug_v2 V/TEA_JNI: JNI--jni_tea_get_slice_domain_name, domainname is  k.cp31.ott.cibntv.net
10-20 17:55:08.194 29148-29148/com.cibn.tv.debug_v2 E/youku_player_sdk_Track_ErrorMsg: onPlayLoadingEnd loadingTime=439.0 loadingPosition=336.2 ,CurrentTime : 175607410
10-20 17:55:08.194 29148-29148/com.cibn.tv.debug_v2 V/LocalBroadcastManager: Resolving type null scheme null of intent Intent { act=action_ui_player_control_callback_changed (has extras) }
10-20 17:55:08.194 29148-29148/com.cibn.tv.debug_v2 V/LocalBroadcastManager: Action list: [Receiver{com.youku.tv.player.common.localbroadcast.DataBroadcast$1@42669c50 filter=android.content.IntentFilter@42670a40}, Receiver{com.youku.tv.player.common.localbroadcast.DataBroadcast$1@4269d450 filter=android.content.IntentFilter@42687a08}]
10-20 17:55:08.194 29148-29148/com.cibn.tv.debug_v2 V/LocalBroadcastManager: Matching against filter android.content.IntentFilter@42670a40
10-20 17:55:08.194 29148-29148/com.cibn.tv.debug_v2 V/LocalBroadcastManager:   Filter matched!  match=0x108000
10-20 17:55:08.194 29148-29148/com.cibn.tv.debug_v2 V/LocalBroadcastManager: Matching against filter android.content.IntentFilter@42687a08
10-20 17:55:08.194 29148-29148/com.cibn.tv.debug_v2 V/LocalBroadcastManager:   Filter matched!  match=0x108000
10-20 17:55:08.224 29148-29148/com.cibn.tv.debug_v2 V/LocalBroadcastManager: Resolving type null scheme null of intent Intent { act=action_ui_player_control_callback_changed (has extras) }
10-20 17:55:08.224 29148-29148/com.cibn.tv.debug_v2 V/LocalBroadcastManager: Action list: [Receiver{com.youku.tv.player.common.localbroadcast.DataBroadcast$1@42669c50 filter=android.content.IntentFilter@42670a40}, Receiver{com.youku.tv.player.common.localbroadcast.DataBroadcast$1@4269d450 filter=android.content.IntentFilter@42687a08}]
10-20 17:55:08.224 29148-29148/com.cibn.tv.debug_v2 V/LocalBroadcastManager: Matching against filter android.content.IntentFilter@42670a40
10-20 17:55:08.224 29148-29148/com.cibn.tv.debug_v2 V/LocalBroadcastManager:   Filter matched!  match=0x108000
10-20 17:55:08.224 29148-29148/com.cibn.tv.debug_v2 V/LocalBroadcastManager: Matching against filter android.content.IntentFilter@42687a08
10-20 17:55:08.224 29148-29148/com.cibn.tv.debug_v2 V/LocalBroadcastManager:   Filter matched!  match=0x108000
10-20 17:55:08.224 29148-29148/com.cibn.tv.debug_v2 V/TEA_JNI: JNI--jni_tea_media_player_play
10-20 17:55:08.574 29148-2378/com.cibn.tv.debug_v2 D/ACodec: que first frame for set xy
10-20 17:55:08.574 29148-2378/com.cibn.tv.debug_v2 D/ACodec: dequeueBufferFromNativeWindow:something err
10-20 17:55:08.574 29148-29148/com.cibn.tv.debug_v2 V/LocalBroadcastManager: Resolving type null scheme null of intent Intent { act=action_ui_player_control_callback_changed (has extras) }
10-20 17:55:08.574 29148-29148/com.cibn.tv.debug_v2 V/LocalBroadcastManager: Action list: [Receiver{com.youku.tv.player.common.localbroadcast.DataBroadcast$1@42669c50 filter=android.content.IntentFilter@42670a40}, Receiver{com.youku.tv.player.common.localbroadcast.DataBroadcast$1@4269d450 filter=android.content.IntentFilter@42687a08}]
10-20 17:55:08.574 29148-29148/com.cibn.tv.debug_v2 V/LocalBroadcastManager: Matching against filter android.content.IntentFilter@42670a40
10-20 17:55:08.574 29148-29148/com.cibn.tv.debug_v2 V/LocalBroadcastManager:   Filter matched!  match=0x108000
10-20 17:55:08.574 29148-29148/com.cibn.tv.debug_v2 V/LocalBroadcastManager: Matching against filter android.content.IntentFilter@42687a08
10-20 17:55:08.574 29148-29148/com.cibn.tv.debug_v2 V/LocalBroadcastManager:   Filter matched!  match=0x108000
10-20 17:55:08.584 29148-29148/com.cibn.tv.debug_v2 D/PlayerControlFragment: updateProgressBubble progress:334600
10-20 17:55:08.584 29148-29148/com.cibn.tv.debug_v2 D/PlayerControlFragment: updateProgressBubble  seekbarWidth:604 bubbleWidth:103 seekBarMax : 3316200  seekBarLeft: 315
10-20 17:55:08.584 29148-29148/com.cibn.tv.debug_v2 D/PlayerControlFragment: updateProgressBubble leftMargin:324 bubbleParentWidth 894
10-20 17:55:08.614 29148-2378/com.cibn.tv.debug_v2 D/ACodec: open fb1 success
10-20 17:55:08.614 29148-2378/com.cibn.tv.debug_v2 D/ACodec: dequeueBufferFromNativeWindow renderBuffer:time not enough
10-20 17:55:08.654 29148-2378/com.cibn.tv.debug_v2 D/ACodec: dequeueBufferFromNativeWindow renderBuffer:time not enough
10-20 17:55:08.754 29148-29148/com.cibn.tv.debug_v2 V/LocalBroadcastManager: Resolving type null scheme null of intent Intent { act=action_ui_player_control_callback_changed (has extras) }
10-20 17:55:08.754 29148-29148/com.cibn.tv.debug_v2 V/LocalBroadcastManager: Action list: [Receiver{com.youku.tv.player.common.localbroadcast.DataBroadcast$1@42669c50 filter=android.content.IntentFilter@42670a40}, Receiver{com.youku.tv.player.common.localbroadcast.DataBroadcast$1@4269d450 filter=android.content.IntentFilter@42687a08}]
10-20 17:55:08.754 29148-29148/com.cibn.tv.debug_v2 V/LocalBroadcastManager: Matching against filter android.content.IntentFilter@42670a40
10-20 17:55:08.754 29148-29148/com.cibn.tv.debug_v2 V/LocalBroadcastManager:   Filter matched!  match=0x108000
10-20 17:55:08.754 29148-29148/com.cibn.tv.debug_v2 V/LocalBroadcastManager: Matching against filter android.content.IntentFilter@42687a08
10-20 17:55:08.754 29148-29148/com.cibn.tv.debug_v2 V/LocalBroadcastManager:   Filter matched!  match=0x108000
10-20 17:55:08.754 29148-29148/com.cibn.tv.debug_v2 D/PlayerControlFragment: updateProgressBubble progress:334800
10-20 17:55:08.754 29148-29148/com.cibn.tv.debug_v2 D/PlayerControlFragment: updateProgressBubble  seekbarWidth:604 bubbleWidth:104 seekBarMax : 3316200  seekBarLeft: 315
10-20 17:55:08.754 29148-29148/com.cibn.tv.debug_v2 D/PlayerControlFragment: updateProgressBubble leftMargin:323 bubbleParentWidth 894
10-20 17:55:08.954 29148-29148/com.cibn.tv.debug_v2 V/LocalBroadcastManager: Resolving type null scheme null of intent Intent { act=action_ui_player_control_callback_changed (has extras) }
10-20 17:55:08.954 29148-29148/com.cibn.tv.debug_v2 V/LocalBroadcastManager: Action list: [Receiver{com.youku.tv.player.common.localbroadcast.DataBroadcast$1@42669c50 filter=android.content.IntentFilter@42670a40}, Receiver{com.youku.tv.player.common.localbroadcast.DataBroadcast$1@4269d450 filter=android.content.IntentFilter@42687a08}]
10-20 17:55:08.954 29148-29148/com.cibn.tv.debug_v2 V/LocalBroadcastManager: Matching against filter android.content.IntentFilter@42670a40
10-20 17:55:08.954 29148-29148/com.cibn.tv.debug_v2 V/LocalBroadcastManager:   Filter matched!  match=0x108000
10-20 17:55:08.954 29148-29148/com.cibn.tv.debug_v2 V/LocalBroadcastManager: Matching against filter android.content.IntentFilter@42687a08
10-20 17:55:08.954 29148-29148/com.cibn.tv.debug_v2 V/LocalBroadcastManager:   Filter matched!  match=0x108000
10-20 17:55:08.954 29148-29148/com.cibn.tv.debug_v2 D/PlayerControlFragment: updateProgressBubble progress:335000
10-20 17:55:08.954 29148-29148/com.cibn.tv.debug_v2 D/PlayerControlFragment: updateProgressBubble  seekbarWidth:604 bubbleWidth:104 seekBarMax : 3316200  seekBarLeft: 315
10-20 17:55:08.954 29148-29148/com.cibn.tv.debug_v2 D/PlayerControlFragment: updateProgressBubble leftMargin:324 bubbleParentWidth 894
10-20 17:55:09.154 29148-29148/com.cibn.tv.debug_v2 V/LocalBroadcastManager: Resolving type null scheme null of intent Intent { act=action_ui_player_control_callback_changed (has extras) }
10-20 17:55:09.154 29148-29148/com.cibn.tv.debug_v2 V/LocalBroadcastManager: Action list: [Receiver{com.youku.tv.player.common.localbroadcast.DataBroadcast$1@42669c50 filter=android.content.IntentFilter@42670a40}, Receiver{com.youku.tv.player.common.localbroadcast.DataBroadcast$1@4269d450 filter=android.content.IntentFilter@42687a08}]
10-20 17:55:09.154 29148-29148/com.cibn.tv.debug_v2 V/LocalBroadcastManager: Matching against filter android.content.IntentFilter@42670a40
10-20 17:55:09.154 29148-29148/com.cibn.tv.debug_v2 V/LocalBroadcastManager:   Filter matched!  match=0x108000
10-20 17:55:09.154 29148-29148/com.cibn.tv.debug_v2 V/LocalBroadcastManager: Matching against filter android.content.IntentFilter@42687a08
10-20 17:55:09.154 29148-29148/com.cibn.tv.debug_v2 V/LocalBroadcastManager:   Filter matched!  match=0x108000
10-20 17:55:09.154 29148-29148/com.cibn.tv.debug_v2 D/PlayerControlFragment: updateProgressBubble progress:335200
10-20 17:55:09.154 29148-29148/com.cibn.tv.debug_v2 D/PlayerControlFragment: updateProgressBubble  seekbarWidth:604 bubbleWidth:103 seekBarMax : 3316200  seekBarLeft: 315
10-20 17:55:09.154 29148-29148/com.cibn.tv.debug_v2 D/PlayerControlFragment: updateProgressBubble leftMargin:325 bubbleParentWidth 894
10-20 17:55:09.274 29148-29148/com.cibn.tv.debug_v2 I/System.out: !!==!! onChildViewHolderSelected
10-20 17:55:09.274 29148-29148/com.cibn.tv.debug_v2 D/PageWithLoaderFragment: onRowSelected 1
10-20 17:55:09.274 29148-29148/com.cibn.tv.debug_v2 D/BackgroundHelper:  clearBackground  level:0 backgroundManager:com.tv.background.BackgroundManager@419d6710 mBackgroundLevel1:null mBackgroundLevel2:null mDefaultBackground:android.graphics.drawable.LayerDrawable@418e27a0
10-20 17:55:09.274 29148-29148/com.cibn.tv.debug_v2 V/BackgroundManager: setBackgroundDrawable android.graphics.drawable.LayerDrawable@418e27a0
10-20 17:55:09.274 29148-29148/com.cibn.tv.debug_v2 V/BackgroundManager: new drawable same as pending
10-20 17:55:09.354 29148-29148/com.cibn.tv.debug_v2 V/LocalBroadcastManager: Resolving type null scheme null of intent Intent { act=action_ui_player_control_callback_changed (has extras) }
10-20 17:55:09.354 29148-29148/com.cibn.tv.debug_v2 V/LocalBroadcastManager: Action list: [Receiver{com.youku.tv.player.common.localbroadcast.DataBroadcast$1@42669c50 filter=android.content.IntentFilter@42670a40}, Receiver{com.youku.tv.player.common.localbroadcast.DataBroadcast$1@4269d450 filter=android.content.IntentFilter@42687a08}]
10-20 17:55:09.354 29148-29148/com.cibn.tv.debug_v2 V/LocalBroadcastManager: Matching against filter android.content.IntentFilter@42670a40
10-20 17:55:09.354 29148-29148/com.cibn.tv.debug_v2 V/LocalBroadcastManager:   Filter matched!  match=0x108000
10-20 17:55:09.354 29148-29148/com.cibn.tv.debug_v2 V/LocalBroadcastManager: Matching against filter android.content.IntentFilter@42687a08
10-20 17:55:09.354 29148-29148/com.cibn.tv.debug_v2 V/LocalBroadcastManager:   Filter matched!  match=0x108000
10-20 17:55:09.374 29148-29148/com.cibn.tv.debug_v2 D/PlayerControlFragment: updateProgressBubble progress:335400
10-20 17:55:09.374 29148-29148/com.cibn.tv.debug_v2 D/PlayerControlFragment: updateProgressBubble  seekbarWidth:604 bubbleWidth:103 seekBarMax : 3316200  seekBarLeft: 315
10-20 17:55:09.374 29148-29148/com.cibn.tv.debug_v2 D/PlayerControlFragment: updateProgressBubble leftMargin:325 bubbleParentWidth 894
10-20 17:55:09.554 29148-29148/com.cibn.tv.debug_v2 V/LocalBroadcastManager: Resolving type null scheme null of intent Intent { act=action_ui_player_control_callback_changed (has extras) }
10-20 17:55:09.554 29148-29148/com.cibn.tv.debug_v2 V/LocalBroadcastManager: Action list: [Receiver{com.youku.tv.player.common.localbroadcast.DataBroadcast$1@42669c50 filter=android.content.IntentFilter@42670a40}, Receiver{com.youku.tv.player.common.localbroadcast.DataBroadcast$1@4269d450 filter=android.content.IntentFilter@42687a08}]
10-20 17:55:09.554 29148-29148/com.cibn.tv.debug_v2 V/LocalBroadcastManager: Matching against filter android.content.IntentFilter@42670a40
10-20 17:55:09.554 29148-29148/com.cibn.tv.debug_v2 V/LocalBroadcastManager:   Filter matched!  match=0x108000
10-20 17:55:09.554 29148-29148/com.cibn.tv.debug_v2 V/LocalBroadcastManager: Matching against filter android.content.IntentFilter@42687a08
10-20 17:55:09.554 29148-29148/com.cibn.tv.debug_v2 V/LocalBroadcastManager:   Filter matched!  match=0x108000
10-20 17:55:09.584 29148-29148/com.cibn.tv.debug_v2 D/PlayerControlFragment: updateProgressBubble progress:335600
10-20 17:55:09.584 29148-29148/com.cibn.tv.debug_v2 D/PlayerControlFragment: updateProgressBubble  seekbarWidth:604 bubbleWidth:103 seekBarMax : 3316200  seekBarLeft: 315
10-20 17:55:09.584 29148-29148/com.cibn.tv.debug_v2 D/PlayerControlFragment: updateProgressBubble leftMargin:325 bubbleParentWidth 894
10-20 17:55:09.704 29148-29148/com.cibn.tv.debug_v2 I/System.out: !!==!! xxxx 99999 BrowseFrameLayout
10-20 17:55:09.704 29148-29148/com.cibn.tv.debug_v2 I/System.out: !!==!! onChildViewHolderSelected
10-20 17:55:09.704 29148-29148/com.cibn.tv.debug_v2 D/PageWithLoaderFragment: onRowSelected 2
10-20 17:55:09.714 29148-29148/com.cibn.tv.debug_v2 D/BackgroundHelper:  clearBackground  level:0 backgroundManager:com.tv.background.BackgroundManager@419d6710 mBackgroundLevel1:null mBackgroundLevel2:null mDefaultBackground:android.graphics.drawable.LayerDrawable@418e27a0
10-20 17:55:09.714 29148-29148/com.cibn.tv.debug_v2 V/BackgroundManager: setBackgroundDrawable android.graphics.drawable.LayerDrawable@418e27a0
10-20 17:55:09.714 29148-29148/com.cibn.tv.debug_v2 V/BackgroundManager: new drawable same as pending
10-20 17:55:09.834 29148-29148/com.cibn.tv.debug_v2 V/LocalBroadcastManager: Resolving type null scheme null of intent Intent { act=action_ui_player_control_callback_changed (has extras) }
10-20 17:55:09.834 29148-29148/com.cibn.tv.debug_v2 V/LocalBroadcastManager: Action list: [Receiver{com.youku.tv.player.common.localbroadcast.DataBroadcast$1@42669c50 filter=android.content.IntentFilter@42670a40}, Receiver{com.youku.tv.player.common.localbroadcast.DataBroadcast$1@4269d450 filter=android.content.IntentFilter@42687a08}]
10-20 17:55:09.834 29148-29148/com.cibn.tv.debug_v2 V/LocalBroadcastManager: Matching against filter android.content.IntentFilter@42670a40
10-20 17:55:09.834 29148-29148/com.cibn.tv.debug_v2 V/LocalBroadcastManager:   Filter matched!  match=0x108000
10-20 17:55:09.834 29148-29148/com.cibn.tv.debug_v2 V/LocalBroadcastManager: Matching against filter android.content.IntentFilter@42687a08
10-20 17:55:09.834 29148-29148/com.cibn.tv.debug_v2 V/LocalBroadcastManager:   Filter matched!  match=0x108000
10-20 17:55:09.834 29148-29148/com.cibn.tv.debug_v2 D/InputEventConsistencyVerifier: KeyEvent: ACTION_UP but key was not down.
                                                                                       in com.tv.ui.view.RowContainerView{45db1b80 V.E..... ........ 0,498-1920,1052}
                                                                                       0: sent at 175609044000000, KeyEvent { action=ACTION_UP, keyCode=KEYCODE_DPAD_DOWN, scanCode=108, metaState=META_NUM_LOCK_ON, flags=0x8, repeatCount=0, eventTime=175609044, downTime=175608908, deviceId=1, source=0x101 }
                                                                                       -- recent events --
                                                                                       1: sent at 175606396000000, (unhandled) KeyEvent { action=ACTION_DOWN, keyCode=KEYCODE_DPAD_UP, scanCode=103, metaState=META_NUM_LOCK_ON, flags=0x8, repeatCount=0, eventTime=175606396, downTime=175606396, deviceId=1, source=0x101 }
                                                                                       2: sent at 175606100000000, (unhandled) KeyEvent { action=ACTION_UP, keyCode=KEYCODE_DPAD_DOWN, scanCode=108, metaState=META_NUM_LOCK_ON, flags=0x80000008, repeatCount=0, eventTime=175606100, downTime=175605988, deviceId=1, source=0x101 }
                                                                                       3: sent at 175605380000000, (unhandled) KeyEvent { action=ACTION_DOWN, keyCode=KEYCODE_DPAD_UP, scanCode=103, metaState=META_NUM_LOCK_ON, flags=0x8, repeatCount=0, eventTime=175605380, downTime=175605380, deviceId=1, source=0x101 }
                                                                                       4: sent at 175604996000000, (unhandled) KeyEvent { action=ACTION_UP, keyCode=KEYCODE_DPAD_DOWN, scanCode=108, metaState=META_NUM_LOCK_ON, flags=0x80000008, repeatCount=0, eventTime=175604996, downTime=175604892, deviceId=1, source=0x101 }
                                                                                       5: sent at 175604220000000, (unhandled) KeyEvent { action=ACTION_DOWN, keyCode=KEYCODE_DPAD_UP, scanCode=103, metaState=META_NUM_LOCK_ON, flags=0x8, repeatCount=0, eventTime=175604220, downTime=175604220, deviceId=1, source=0x101 }
10-20 17:55:09.854 29148-29148/com.cibn.tv.debug_v2 D/PlayerControlFragment: updateProgressBubble progress:335800
10-20 17:55:09.854 29148-29148/com.cibn.tv.debug_v2 D/PlayerControlFragment: updateProgressBubble  seekbarWidth:604 bubbleWidth:103 seekBarMax : 3316200  seekBarLeft: 315
10-20 17:55:09.854 29148-29148/com.cibn.tv.debug_v2 D/PlayerControlFragment: updateProgressBubble leftMargin:325 bubbleParentWidth 894
10-20 17:55:09.854 29148-29148/com.cibn.tv.debug_v2 V/PLog_DexVideoView: pause
10-20 17:55:09.854 29148-29148/com.cibn.tv.debug_v2 V/TEA_JNI: JNI--jni_tea_media_player_pause
10-20 17:55:10.174 29148-29148/com.cibn.tv.debug_v2 I/System.out: !!==!! xxxx 99999 BrowseFrameLayout
10-20 17:55:10.174 29148-29148/com.cibn.tv.debug_v2 I/System.out: !!==!! onChildViewHolderSelected
10-20 17:55:10.174 29148-29148/com.cibn.tv.debug_v2 D/PageWithLoaderFragment: onRowSelected 3
10-20 17:55:10.174 29148-29148/com.cibn.tv.debug_v2 D/BackgroundHelper:  clearBackground  level:0 backgroundManager:com.tv.background.BackgroundManager@419d6710 mBackgroundLevel1:null mBackgroundLevel2:null mDefaultBackground:android.graphics.drawable.LayerDrawable@418e27a0
10-20 17:55:10.174 29148-29148/com.cibn.tv.debug_v2 V/BackgroundManager: setBackgroundDrawable android.graphics.drawable.LayerDrawable@418e27a0
10-20 17:55:10.174 29148-29148/com.cibn.tv.debug_v2 V/BackgroundManager: new drawable same as pending
10-20 17:55:10.184 29148-31929/com.cibn.tv.debug_v2 W/ResponseProcessCookies: Cookie rejected: "BasicClientCookie[version=0,name=userTrack_predict,domain=.atm.youku.com,path=/,expiry=Wed Oct 15 17:50:51 GMT+08:00 2036]". Illegal domain attribute "atm.youku.com". Domain of origin: "test.cibn.api.ott.youku.com"
10-20 17:55:10.204 29148-31929/com.cibn.tv.debug_v2 E/youku_player_sdk_PlayerManager_ErrorMsg: setPauseAdImageRes info.VAL is null.
10-20 17:55:10.224 29148-29148/com.cibn.tv.debug_v2 D/DisplayItemSelector: ui_type:block_grid_classic id:21102 title: unitary:false
10-20 17:55:10.224 29148-29148/com.cibn.tv.debug_v2 D/DisplayItemSelector: presenter  com.tv.ui.presenter.CardBasicClassicPresenter@45c97f58
10-20 17:55:10.344 29148-29214/com.cibn.tv.debug_v2 D/dalvikvm: GC_FOR_ALLOC freed 6407K, 8% free 81070K/87512K, paused 85ms, total 85ms
10-20 17:55:10.464 29148-29214/com.cibn.tv.debug_v2 D/dalvikvm: GC_FOR_ALLOC freed 374K, 8% free 82464K/88844K, paused 58ms, total 58ms
10-20 17:55:10.544 29148-29214/com.cibn.tv.debug_v2 D/dalvikvm: GC_FOR_ALLOC freed 22K, 7% free 83977K/90024K, paused 57ms, total 57ms
10-20 17:55:10.624 29148-29214/com.cibn.tv.debug_v2 D/dalvikvm: GC_FOR_ALLOC freed 21K, 7% free 85488K/91204K, paused 57ms, total 58ms
10-20 17:55:10.724 29148-29214/com.cibn.tv.debug_v2 D/dalvikvm: GC_FOR_ALLOC freed 37K, 6% free 88201K/93564K, paused 57ms, total 57ms
10-20 17:55:10.804 29148-29148/com.cibn.tv.debug_v2 D/InputEventConsistencyVerifier: KeyEvent: ACTION_UP but key was not down.
                                                                                       in com.tv.ui.view.RowContainerView{45f63ba0 V.E..... ........ 0,596-1920,1049}
                                                                                       0: sent at 175609492000000, KeyEvent { action=ACTION_UP, keyCode=KEYCODE_DPAD_DOWN, scanCode=108, metaState=META_NUM_LOCK_ON, flags=0x8, repeatCount=0, eventTime=175609492, downTime=175609388, deviceId=1, source=0x101 }
10-20 17:55:11.304 29148-29148/com.cibn.tv.debug_v2 I/System.out: !!==!! xxxx 99999 BrowseFrameLayout
10-20 17:55:11.304 29148-29148/com.cibn.tv.debug_v2 I/System.out: !!==!! onChildViewHolderSelected
10-20 17:55:11.304 29148-29148/com.cibn.tv.debug_v2 D/PageWithLoaderFragment: onRowSelected 2
10-20 17:55:11.304 29148-29148/com.cibn.tv.debug_v2 D/BackgroundHelper:  clearBackground  level:0 backgroundManager:com.tv.background.BackgroundManager@419d6710 mBackgroundLevel1:null mBackgroundLevel2:null mDefaultBackground:android.graphics.drawable.LayerDrawable@418e27a0
10-20 17:55:11.304 29148-29148/com.cibn.tv.debug_v2 V/BackgroundManager: setBackgroundDrawable android.graphics.drawable.LayerDrawable@418e27a0
10-20 17:55:11.304 29148-29148/com.cibn.tv.debug_v2 V/BackgroundManager: new drawable same as pending
10-20 17:55:11.774 29148-29148/com.cibn.tv.debug_v2 I/System.out: !!==!! xxxx 99999 BrowseFrameLayout
10-20 17:55:11.774 29148-29148/com.cibn.tv.debug_v2 I/System.out: !!==!! onChildViewHolderSelected
10-20 17:55:11.774 29148-29148/com.cibn.tv.debug_v2 D/PageWithLoaderFragment: onRowSelected 1
10-20 17:55:11.774 29148-29148/com.cibn.tv.debug_v2 D/BackgroundHelper:  clearBackground  level:0 backgroundManager:com.tv.background.BackgroundManager@419d6710 mBackgroundLevel1:null mBackgroundLevel2:null mDefaultBackground:android.graphics.drawable.LayerDrawable@418e27a0
10-20 17:55:11.774 29148-29148/com.cibn.tv.debug_v2 V/BackgroundManager: setBackgroundDrawable android.graphics.drawable.LayerDrawable@418e27a0
10-20 17:55:11.774 29148-29148/com.cibn.tv.debug_v2 V/BackgroundManager: new drawable same as pending
10-20 17:55:11.914 29148-29148/com.cibn.tv.debug_v2 I/TEA_JNI: JSetSurface enter, new object: 0x2460001d, old object: 0x1e30050e
10-20 17:55:12.104 29148-29148/com.cibn.tv.debug_v2 V/TEA_JNI: JNI--jni_tea_get_slice_domain_name, domainname is  k.cp31.ott.cibntv.net
10-20 17:55:12.334 29148-29148/com.cibn.tv.debug_v2 V/PLog_DexVideoView: start
10-20 17:55:12.334 29148-29148/com.cibn.tv.debug_v2 V/TEA_JNI: JNI--jni_tea_vplayer_surface_change_end
10-20 17:55:12.344 29148-2378/com.cibn.tv.debug_v2 E/ACodec: dd~ACodec:close mCodec->fb1_fd
10-20 17:55:12.454 29148-2378/com.cibn.tv.debug_v2 E/ACodec: changeStateIfWeOwnAllBuffers out
10-20 17:55:12.454 29148-2378/com.cibn.tv.debug_v2 E/ACodec: changeStateIfWeOwnAllBuffers out
10-20 17:55:12.454 29148-2378/com.cibn.tv.debug_v2 E/ACodec: changeStateIfWeOwnAllBuffers out
10-20 17:55:12.454 29148-2378/com.cibn.tv.debug_v2 E/ACodec: changeStateIfWeOwnAllBuffers out
10-20 17:55:12.454 29148-2378/com.cibn.tv.debug_v2 E/ACodec: changeStateIfWeOwnAllBuffers out
10-20 17:55:12.454 29148-2378/com.cibn.tv.debug_v2 D/ACodec: renderBuffer:freeBuffer
10-20 17:55:12.454 29148-2378/com.cibn.tv.debug_v2 D/ACodec: renderBuffer:freeBuffer
10-20 17:55:12.454 29148-2378/com.cibn.tv.debug_v2 E/ACodec: changeStateIfWeOwnAllBuffers out
10-20 17:55:12.494 29148-29148/com.cibn.tv.debug_v2 V/TEA_JNI: JNI--jni_tea_media_player_open:6  start_pos(ms):335800
10-20 17:55:12.494 29148-29148/com.cibn.tv.debug_v2 I/TEA_JNI: open dll:libdecengine_RK_mc_44.so success, dlhander 0x7a328a48
10-20 17:55:12.494 29148-29148/com.cibn.tv.debug_v2 V/TEA_JNI: jni_tea_media_player_load_so:0
10-20 17:55:12.494 29148-29148/com.cibn.tv.debug_v2 I/System.out: !!==!! xxxx 99999 BrowseFrameLayout
10-20 17:55:12.494 29148-29148/com.cibn.tv.debug_v2 I/System.out: !!==!! onChildViewHolderSelected
10-20 17:55:12.494 29148-29148/com.cibn.tv.debug_v2 D/PageWithLoaderFragment: onRowSelected 0
10-20 17:55:12.494 29148-29148/com.cibn.tv.debug_v2 I/TEA_JNI: JSetSurface enter, new object: 0x4330001d, old object: 0x1e40050e
10-20 17:55:12.494 29148-29148/com.cibn.tv.debug_v2 V/TEA_JNI: JNI--jni_tea_vplayer_surface_ready
10-20 17:55:12.494 29148-29148/com.cibn.tv.debug_v2 D/InputEventConsistencyVerifier: KeyEvent: ACTION_UP but key was not down.
                                                                                       in com.tv.ui.view.RowContainerView{45cd4f50 V.E..... .......D 0,-518-1920,381}
                                                                                       0: sent at 175611684000000, KeyEvent { action=ACTION_UP, keyCode=KEYCODE_DPAD_UP, scanCode=103, metaState=META_NUM_LOCK_ON, flags=0x8, repeatCount=0, eventTime=175611684, downTime=175611556, deviceId=1, source=0x101 }
                                                                                       -- recent events --
                                                                                       1: sent at 175608484000000, (unhandled) KeyEvent { action=ACTION_DOWN, keyCode=KEYCODE_DPAD_DOWN, scanCode=108, metaState=META_NUM_LOCK_ON, flags=0x8, repeatCount=0, eventTime=175608484, downTime=175608484, deviceId=1, source=0x101 }
                                                                                       2: sent at 175606980000000, (unhandled) KeyEvent { action=ACTION_UP, keyCode=KEYCODE_DPAD_UP, scanCode=103, metaState=META_NUM_LOCK_ON, flags=0x80000008, repeatCount=0, eventTime=175606980, downTime=175606884, deviceId=1, source=0x101 }
                                                                                       3: sent at 175599388000000, (unhandled) KeyEvent { action=ACTION_DOWN, keyCode=KEYCODE_DPAD_DOWN, scanCode=108, metaState=META_NUM_LOCK_ON, flags=0x8, repeatCount=0, eventTime=175599388, downTime=175599388, deviceId=1, source=0x101 }
                                                                                       4: sent at 175598788000000, (unhandled) KeyEvent { action=ACTION_UP, keyCode=KEYCODE_DPAD_UP, scanCode=103, metaState=META_NUM_LOCK_ON, flags=0x80000008, repeatCount=0, eventTime=175598788, downTime=175598692, deviceId=1, source=0x101 }
                                                                                       5: sent at 175598076000000, (unhandled) KeyEvent { action=ACTION_DOWN, keyCode=KEYCODE_DPAD_DOWN, scanCode=108, metaState=META_NUM_LOCK_ON, flags=0x8, repeatCount=0, eventTime=175598076, downTime=175598076, deviceId=1, source=0x101 }
10-20 17:55:12.514 29148-29148/com.cibn.tv.debug_v2 V/LocalBroadcastManager: Resolving type null scheme null of intent Intent { act=action_ui_player_control_callback_changed (has extras) }
10-20 17:55:12.514 29148-29148/com.cibn.tv.debug_v2 V/LocalBroadcastManager: Action list: [Receiver{com.youku.tv.player.common.localbroadcast.DataBroadcast$1@42669c50 filter=android.content.IntentFilter@42670a40}, Receiver{com.youku.tv.player.common.localbroadcast.DataBroadcast$1@4269d450 filter=android.content.IntentFilter@42687a08}]
10-20 17:55:12.514 29148-29148/com.cibn.tv.debug_v2 V/LocalBroadcastManager: Matching against filter android.content.IntentFilter@42670a40
10-20 17:55:12.514 29148-29148/com.cibn.tv.debug_v2 V/LocalBroadcastManager:   Filter matched!  match=0x108000
10-20 17:55:12.514 29148-29148/com.cibn.tv.debug_v2 V/LocalBroadcastManager: Matching against filter android.content.IntentFilter@42687a08
10-20 17:55:12.514 29148-29148/com.cibn.tv.debug_v2 V/LocalBroadcastManager:   Filter matched!  match=0x108000
10-20 17:55:13.044 29148-29148/com.cibn.tv.debug_v2 V/TEA_JNI: JNI--jni_tea_media_player_set_videoview x=0,y=0,view_w=894,view_h=502
10-20 17:55:13.044 29148-29148/com.cibn.tv.debug_v2 V/TEA_JNI: JNI--jni_tea_media_player_start
10-20 17:55:13.044 29148-31953/com.cibn.tv.debug_v2 I/TEA_JNI: cur_decoder get success
10-20 17:55:13.044 29148-2536/com.cibn.tv.debug_v2 I/OMXClient: Using client-side OMX mux.
10-20 17:55:13.044 29148-2536/com.cibn.tv.debug_v2 E/ACodec: [OMX.rk.video_decoder.avc] storeMetaDataInBuffers failed w/ err -2147483648
10-20 17:55:13.064 29148-31953/com.cibn.tv.debug_v2 I/AudioTrack: set() streamType 3 frameCount 12288 flags 0000 channelMask 3 sampleRate 44100 format 1
10-20 17:55:13.074 29148-29148/com.cibn.tv.debug_v2 V/TEA_JNI: JNI--jni_tea_get_slice_domain_name, domainname is  k.cp31.ott.cibntv.net
10-20 17:55:13.074 29148-29148/com.cibn.tv.debug_v2 D/InputEventConsistencyVerifier: KeyEvent: ACTION_UP but key was not down.
                                                                                       in android.support.v17.leanback.widget.HorizontalGridView{45cd1e80 VFE..... ........ 0,0-1805,120 #7f100157 app:id/detail_series_content}
                                                                                       0: sent at 175612292000000, KeyEvent { action=ACTION_UP, keyCode=KEYCODE_DPAD_UP, scanCode=103, metaState=META_NUM_LOCK_ON, flags=0x8, repeatCount=0, eventTime=175612292, downTime=175612188, deviceId=1, source=0x101 }
                                                                                       -- recent events --
                                                                                       1: sent at 175516161000000, (unhandled) KeyEvent { action=ACTION_DOWN, keyCode=KEYCODE_DPAD_DOWN, scanCode=108, metaState=META_NUM_LOCK_ON, flags=0x8, repeatCount=0, eventTime=175516161, downTime=175516161, deviceId=1, source=0x101 }
                                                                                       2: sent at 175515849000000, (unhandled) KeyEvent { action=ACTION_UP, keyCode=KEYCODE_DPAD_DOWN, scanCode=108, metaState=META_NUM_LOCK_ON, flags=0x80000008, repeatCount=0, eventTime=175515849, downTime=175515721, deviceId=1, source=0x101 }
10-20 17:55:13.374 29148-29148/com.cibn.tv.debug_v2 E/youku_player_sdk_Track_ErrorMsg: onPlayLoadingEnd loadingTime=861.0 loadingPosition=335.8 ,CurrentTime : 175612596
10-20 17:55:13.374 29148-29148/com.cibn.tv.debug_v2 V/LocalBroadcastManager: Resolving type null scheme null of intent Intent { act=action_ui_player_control_callback_changed (has extras) }
10-20 17:55:13.374 29148-29148/com.cibn.tv.debug_v2 V/LocalBroadcastManager: Action list: [Receiver{com.youku.tv.player.common.localbroadcast.DataBroadcast$1@42669c50 filter=android.content.IntentFilter@42670a40}, Receiver{com.youku.tv.player.common.localbroadcast.DataBroadcast$1@4269d450 filter=android.content.IntentFilter@42687a08}]
10-20 17:55:13.374 29148-29148/com.cibn.tv.debug_v2 V/LocalBroadcastManager: Matching against filter android.content.IntentFilter@42670a40
10-20 17:55:13.374 29148-29148/com.cibn.tv.debug_v2 V/LocalBroadcastManager:   Filter matched!  match=0x108000
10-20 17:55:13.374 29148-29148/com.cibn.tv.debug_v2 V/LocalBroadcastManager: Matching against filter android.content.IntentFilter@42687a08
10-20 17:55:13.374 29148-29148/com.cibn.tv.debug_v2 V/LocalBroadcastManager:   Filter matched!  match=0x108000
10-20 17:55:13.414 29148-29148/com.cibn.tv.debug_v2 V/LocalBroadcastManager: Resolving type null scheme null of intent Intent { act=action_ui_player_control_callback_changed (has extras) }
10-20 17:55:13.414 29148-29148/com.cibn.tv.debug_v2 V/LocalBroadcastManager: Action list: [Receiver{com.youku.tv.player.common.localbroadcast.DataBroadcast$1@42669c50 filter=android.content.IntentFilter@42670a40}, Receiver{com.youku.tv.player.common.localbroadcast.DataBroadcast$1@4269d450 filter=android.content.IntentFilter@42687a08}]
10-20 17:55:13.414 29148-29148/com.cibn.tv.debug_v2 V/LocalBroadcastManager: Matching against filter android.content.IntentFilter@42670a40
10-20 17:55:13.414 29148-29148/com.cibn.tv.debug_v2 V/LocalBroadcastManager:   Filter matched!  match=0x108000
10-20 17:55:13.414 29148-29148/com.cibn.tv.debug_v2 V/LocalBroadcastManager: Matching against filter android.content.IntentFilter@42687a08
10-20 17:55:13.414 29148-29148/com.cibn.tv.debug_v2 V/LocalBroadcastManager:   Filter matched!  match=0x108000
10-20 17:55:13.414 29148-29148/com.cibn.tv.debug_v2 V/TEA_JNI: JNI--jni_tea_media_player_play
10-20 17:55:13.764 29148-2536/com.cibn.tv.debug_v2 D/ACodec: que first frame for set xy
10-20 17:55:13.764 29148-2536/com.cibn.tv.debug_v2 D/ACodec: dequeueBufferFromNativeWindow:something err
10-20 17:55:13.764 29148-29148/com.cibn.tv.debug_v2 V/LocalBroadcastManager: Resolving type null scheme null of intent Intent { act=action_ui_player_control_callback_changed (has extras) }
10-20 17:55:13.764 29148-29148/com.cibn.tv.debug_v2 V/LocalBroadcastManager: Action list: [Receiver{com.youku.tv.player.common.localbroadcast.DataBroadcast$1@42669c50 filter=android.content.IntentFilter@42670a40}, Receiver{com.youku.tv.player.common.localbroadcast.DataBroadcast$1@4269d450 filter=android.content.IntentFilter@42687a08}]
10-20 17:55:13.764 29148-29148/com.cibn.tv.debug_v2 V/LocalBroadcastManager: Matching against filter android.content.IntentFilter@42670a40
10-20 17:55:13.764 29148-29148/com.cibn.tv.debug_v2 V/LocalBroadcastManager:   Filter matched!  match=0x108000
10-20 17:55:13.764 29148-29148/com.cibn.tv.debug_v2 V/LocalBroadcastManager: Matching against filter android.content.IntentFilter@42687a08
10-20 17:55:13.764 29148-29148/com.cibn.tv.debug_v2 V/LocalBroadcastManager:   Filter matched!  match=0x108000
10-20 17:55:13.764 29148-29148/com.cibn.tv.debug_v2 D/PlayerControlFragment: updateProgressBubble progress:334600
10-20 17:55:13.764 29148-29148/com.cibn.tv.debug_v2 D/PlayerControlFragment: updateProgressBubble  seekbarWidth:604 bubbleWidth:103 seekBarMax : 3316200  seekBarLeft: 315
10-20 17:55:13.764 29148-29148/com.cibn.tv.debug_v2 D/PlayerControlFragment: updateProgressBubble leftMargin:324 bubbleParentWidth 894
10-20 17:55:13.804 29148-2536/com.cibn.tv.debug_v2 D/ACodec: open fb1 success
10-20 17:55:13.804 29148-2536/com.cibn.tv.debug_v2 D/ACodec: dequeueBufferFromNativeWindow renderBuffer:time not enough
10-20 17:55:13.834 29148-2536/com.cibn.tv.debug_v2 D/ACodec: dequeueBufferFromNativeWindow renderBuffer:time not enough
10-20 17:55:13.944 29148-29148/com.cibn.tv.debug_v2 V/LocalBroadcastManager: Resolving type null scheme null of intent Intent { act=action_ui_player_control_callback_changed (has extras) }
10-20 17:55:13.944 29148-29148/com.cibn.tv.debug_v2 V/LocalBroadcastManager: Action list: [Receiver{com.youku.tv.player.common.localbroadcast.DataBroadcast$1@42669c50 filter=android.content.IntentFilter@42670a40}, Receiver{com.youku.tv.player.common.localbroadcast.DataBroadcast$1@4269d450 filter=android.content.IntentFilter@42687a08}]
10-20 17:55:13.944 29148-29148/com.cibn.tv.debug_v2 V/LocalBroadcastManager: Matching against filter android.content.IntentFilter@42670a40
10-20 17:55:13.944 29148-29148/com.cibn.tv.debug_v2 V/LocalBroadcastManager:   Filter matched!  match=0x108000
10-20 17:55:13.944 29148-29148/com.cibn.tv.debug_v2 V/LocalBroadcastManager: Matching against filter android.content.IntentFilter@42687a08
10-20 17:55:13.944 29148-29148/com.cibn.tv.debug_v2 V/LocalBroadcastManager:   Filter matched!  match=0x108000
10-20 17:55:13.944 29148-29148/com.cibn.tv.debug_v2 D/PlayerControlFragment: updateProgressBubble progress:334800
10-20 17:55:13.944 29148-29148/com.cibn.tv.debug_v2 D/PlayerControlFragment: updateProgressBubble  seekbarWidth:604 bubbleWidth:104 seekBarMax : 3316200  seekBarLeft: 315
10-20 17:55:13.944 29148-29148/com.cibn.tv.debug_v2 D/PlayerControlFragment: updateProgressBubble leftMargin:323 bubbleParentWidth 894
10-20 17:55:14.144 29148-29148/com.cibn.tv.debug_v2 V/LocalBroadcastManager: Resolving type null scheme null of intent Intent { act=action_ui_player_control_callback_changed (has extras) }
10-20 17:55:14.144 29148-29148/com.cibn.tv.debug_v2 V/LocalBroadcastManager: Action list: [Receiver{com.youku.tv.player.common.localbroadcast.DataBroadcast$1@42669c50 filter=android.content.IntentFilter@42670a40}, Receiver{com.youku.tv.player.common.localbroadcast.DataBroadcast$1@4269d450 filter=android.content.IntentFilter@42687a08}]
10-20 17:55:14.144 29148-29148/com.cibn.tv.debug_v2 V/LocalBroadcastManager: Matching against filter android.content.IntentFilter@42670a40
10-20 17:55:14.144 29148-29148/com.cibn.tv.debug_v2 V/LocalBroadcastManager:   Filter matched!  match=0x108000
10-20 17:55:14.144 29148-29148/com.cibn.tv.debug_v2 V/LocalBroadcastManager: Matching against filter android.content.IntentFilter@42687a08
10-20 17:55:14.144 29148-29148/com.cibn.tv.debug_v2 V/LocalBroadcastManager:   Filter matched!  match=0x108000
10-20 17:55:14.144 29148-29148/com.cibn.tv.debug_v2 D/PlayerControlFragment: updateProgressBubble progress:335000
10-20 17:55:14.144 29148-29148/com.cibn.tv.debug_v2 D/PlayerControlFragment: updateProgressBubble  seekbarWidth:604 bubbleWidth:104 seekBarMax : 3316200  seekBarLeft: 315
10-20 17:55:14.144 29148-29148/com.cibn.tv.debug_v2 D/PlayerControlFragment: updateProgressBubble leftMargin:324 bubbleParentWidth 894
10-20 17:55:14.344 29148-29148/com.cibn.tv.debug_v2 V/LocalBroadcastManager: Resolving type null scheme null of intent Intent { act=action_ui_player_control_callback_changed (has extras) }
10-20 17:55:14.344 29148-29148/com.cibn.tv.debug_v2 V/LocalBroadcastManager: Action list: [Receiver{com.youku.tv.player.common.localbroadcast.DataBroadcast$1@42669c50 filter=android.content.IntentFilter@42670a40}, Receiver{com.youku.tv.player.common.localbroadcast.DataBroadcast$1@4269d450 filter=android.content.IntentFilter@42687a08}]
10-20 17:55:14.344 29148-29148/com.cibn.tv.debug_v2 V/LocalBroadcastManager: Matching against filter android.content.IntentFilter@42670a40
10-20 17:55:14.344 29148-29148/com.cibn.tv.debug_v2 V/LocalBroadcastManager:   Filter matched!  match=0x108000
10-20 17:55:14.344 29148-29148/com.cibn.tv.debug_v2 V/LocalBroadcastManager: Matching against filter android.content.IntentFilter@42687a08
10-20 17:55:14.344 29148-29148/com.cibn.tv.debug_v2 V/LocalBroadcastManager:   Filter matched!  match=0x108000
10-20 17:55:14.344 29148-29148/com.cibn.tv.debug_v2 D/PlayerControlFragment: updateProgressBubble progress:335200
10-20 17:55:14.344 29148-29148/com.cibn.tv.debug_v2 D/PlayerControlFragment: updateProgressBubble  seekbarWidth:604 bubbleWidth:103 seekBarMax : 3316200  seekBarLeft: 315
10-20 17:55:14.344 29148-29148/com.cibn.tv.debug_v2 D/PlayerControlFragment: updateProgressBubble leftMargin:325 bubbleParentWidth 894
10-20 17:55:14.544 29148-29148/com.cibn.tv.debug_v2 V/LocalBroadcastManager: Resolving type null scheme null of intent Intent { act=action_ui_player_control_callback_changed (has extras) }
10-20 17:55:14.544 29148-29148/com.cibn.tv.debug_v2 V/LocalBroadcastManager: Action list: [Receiver{com.youku.tv.player.common.localbroadcast.DataBroadcast$1@42669c50 filter=android.content.IntentFilter@42670a40}, Receiver{com.youku.tv.player.common.localbroadcast.DataBroadcast$1@4269d450 filter=android.content.IntentFilter@42687a08}]
10-20 17:55:14.544 29148-29148/com.cibn.tv.debug_v2 V/LocalBroadcastManager: Matching against filter android.content.IntentFilter@42670a40
10-20 17:55:14.544 29148-29148/com.cibn.tv.debug_v2 V/LocalBroadcastManager:   Filter matched!  match=0x108000
10-20 17:55:14.544 29148-29148/com.cibn.tv.debug_v2 V/LocalBroadcastManager: Matching against filter android.content.IntentFilter@42687a08
10-20 17:55:14.544 29148-29148/com.cibn.tv.debug_v2 V/LocalBroadcastManager:   Filter matched!  match=0x108000
10-20 17:55:14.544 29148-29148/com.cibn.tv.debug_v2 D/PlayerControlFragment: updateProgressBubble progress:335400
10-20 17:55:14.544 29148-29148/com.cibn.tv.debug_v2 D/PlayerControlFragment: updateProgressBubble  seekbarWidth:604 bubbleWidth:103 seekBarMax : 3316200  seekBarLeft: 315
10-20 17:55:14.544 29148-29148/com.cibn.tv.debug_v2 D/PlayerControlFragment: updateProgressBubble leftMargin:325 bubbleParentWidth 894
10-20 17:55:14.744 29148-29148/com.cibn.tv.debug_v2 V/LocalBroadcastManager: Resolving type null scheme null of intent Intent { act=action_ui_player_control_callback_changed (has extras) }
10-20 17:55:14.744 29148-29148/com.cibn.tv.debug_v2 V/LocalBroadcastManager: Action list: [Receiver{com.youku.tv.player.common.localbroadcast.DataBroadcast$1@42669c50 filter=android.content.IntentFilter@42670a40}, Receiver{com.youku.tv.player.common.localbroadcast.DataBroadcast$1@4269d450 filter=android.content.IntentFilter@42687a08}]
10-20 17:55:14.744 29148-29148/com.cibn.tv.debug_v2 V/LocalBroadcastManager: Matching against filter android.content.IntentFilter@42670a40
10-20 17:55:14.744 29148-29148/com.cibn.tv.debug_v2 V/LocalBroadcastManager:   Filter matched!  match=0x108000
10-20 17:55:14.744 29148-29148/com.cibn.tv.debug_v2 V/LocalBroadcastManager: Matching against filter android.content.IntentFilter@42687a08
10-20 17:55:14.744 29148-29148/com.cibn.tv.debug_v2 V/LocalBroadcastManager:   Filter matched!  match=0x108000
10-20 17:55:14.744 29148-29148/com.cibn.tv.debug_v2 D/PlayerControlFragment: updateProgressBubble progress:335600
10-20 17:55:14.744 29148-29148/com.cibn.tv.debug_v2 D/PlayerControlFragment: updateProgressBubble  seekbarWidth:604 bubbleWidth:103 seekBarMax : 3316200  seekBarLeft: 315
10-20 17:55:14.744 29148-29148/com.cibn.tv.debug_v2 D/PlayerControlFragment: updateProgressBubble leftMargin:325 bubbleParentWidth 894
10-20 17:55:14.944 29148-29148/com.cibn.tv.debug_v2 V/LocalBroadcastManager: Resolving type null scheme null of intent Intent { act=action_ui_player_control_callback_changed (has extras) }
10-20 17:55:14.944 29148-29148/com.cibn.tv.debug_v2 V/LocalBroadcastManager: Action list: [Receiver{com.youku.tv.player.common.localbroadcast.DataBroadcast$1@42669c50 filter=android.content.IntentFilter@42670a40}, Receiver{com.youku.tv.player.common.localbroadcast.DataBroadcast$1@4269d450 filter=android.content.IntentFilter@42687a08}]
10-20 17:55:14.944 29148-29148/com.cibn.tv.debug_v2 V/LocalBroadcastManager: Matching against filter android.content.IntentFilter@42670a40
10-20 17:55:14.944 29148-29148/com.cibn.tv.debug_v2 V/LocalBroadcastManager:   Filter matched!  match=0x108000
10-20 17:55:14.944 29148-29148/com.cibn.tv.debug_v2 V/LocalBroadcastManager: Matching against filter android.content.IntentFilter@42687a08
10-20 17:55:14.944 29148-29148/com.cibn.tv.debug_v2 V/LocalBroadcastManager:   Filter matched!  match=0x108000
10-20 17:55:14.944 29148-29148/com.cibn.tv.debug_v2 D/PlayerControlFragment: updateProgressBubble progress:335800
10-20 17:55:14.944 29148-29148/com.cibn.tv.debug_v2 D/PlayerControlFragment: updateProgressBubble  seekbarWidth:604 bubbleWidth:103 seekBarMax : 3316200  seekBarLeft: 315
10-20 17:55:14.944 29148-29148/com.cibn.tv.debug_v2 D/PlayerControlFragment: updateProgressBubble leftMargin:325 bubbleParentWidth 894
10-20 17:55:15.144 29148-29148/com.cibn.tv.debug_v2 V/LocalBroadcastManager: Resolving type null scheme null of intent Intent { act=action_ui_player_control_callback_changed (has extras) }
10-20 17:55:15.144 29148-29148/com.cibn.tv.debug_v2 V/LocalBroadcastManager: Action list: [Receiver{com.youku.tv.player.common.localbroadcast.DataBroadcast$1@42669c50 filter=android.content.IntentFilter@42670a40}, Receiver{com.youku.tv.player.common.localbroadcast.DataBroadcast$1@4269d450 filter=android.content.IntentFilter@42687a08}]
10-20 17:55:15.144 29148-29148/com.cibn.tv.debug_v2 V/LocalBroadcastManager: Matching against filter android.content.IntentFilter@42670a40
10-20 17:55:15.144 29148-29148/com.cibn.tv.debug_v2 V/LocalBroadcastManager:   Filter matched!  match=0x108000
10-20 17:55:15.144 29148-29148/com.cibn.tv.debug_v2 V/LocalBroadcastManager: Matching against filter android.content.IntentFilter@42687a08
10-20 17:55:15.144 29148-29148/com.cibn.tv.debug_v2 V/LocalBroadcastManager:   Filter matched!  match=0x108000
10-20 17:55:15.144 29148-29148/com.cibn.tv.debug_v2 D/PlayerControlFragment: updateProgressBubble progress:336000
10-20 17:55:15.144 29148-29148/com.cibn.tv.debug_v2 D/PlayerControlFragment: updateProgressBubble  seekbarWidth:604 bubbleWidth:103 seekBarMax : 3316200  seekBarLeft: 315
10-20 17:55:15.144 29148-29148/com.cibn.tv.debug_v2 D/PlayerControlFragment: updateProgressBubble leftMargin:325 bubbleParentWidth 894
10-20 17:55:15.344 29148-29148/com.cibn.tv.debug_v2 V/LocalBroadcastManager: Resolving type null scheme null of intent Intent { act=action_ui_player_control_callback_changed (has extras) }
10-20 17:55:15.344 29148-29148/com.cibn.tv.debug_v2 V/LocalBroadcastManager: Action list: [Receiver{com.youku.tv.player.common.localbroadcast.DataBroadcast$1@42669c50 filter=android.content.IntentFilter@42670a40}, Receiver{com.youku.tv.player.common.localbroadcast.DataBroadcast$1@4269d450 filter=android.content.IntentFilter@42687a08}]
10-20 17:55:15.344 29148-29148/com.cibn.tv.debug_v2 V/LocalBroadcastManager: Matching against filter android.content.IntentFilter@42670a40
10-20 17:55:15.344 29148-29148/com.cibn.tv.debug_v2 V/LocalBroadcastManager:   Filter matched!  match=0x108000
10-20 17:55:15.344 29148-29148/com.cibn.tv.debug_v2 V/LocalBroadcastManager: Matching against filter android.content.IntentFilter@42687a08
10-20 17:55:15.344 29148-29148/com.cibn.tv.debug_v2 V/LocalBroadcastManager:   Filter matched!  match=0x108000
10-20 17:55:15.344 29148-29148/com.cibn.tv.debug_v2 D/PlayerControlFragment: updateProgressBubble progress:336200
10-20 17:55:15.344 29148-29148/com.cibn.tv.debug_v2 D/PlayerControlFragment: updateProgressBubble  seekbarWidth:604 bubbleWidth:103 seekBarMax : 3316200  seekBarLeft: 315
10-20 17:55:15.344 29148-29148/com.cibn.tv.debug_v2 D/PlayerControlFragment: updateProgressBubble leftMargin:325 bubbleParentWidth 894
10-20 17:55:15.544 29148-29148/com.cibn.tv.debug_v2 V/LocalBroadcastManager: Resolving type null scheme null of intent Intent { act=action_ui_player_control_callback_changed (has extras) }
