W/ContextImpl(  466): Calling a method in the system process without a qualified user: android.app.ContextImpl.sendBroadcast:1138 com.android.internal.policy.impl.PhoneWindowManager.interceptKeyBeforeQueueing:4448 com.android.server.wm.InputMonitor.interceptKeyBeforeQueueing:357 com.android.server.input.InputManagerService.interceptKeyBeforeQueueing:1332 dalvik.system.NativeStart.run:-2 
W/ContextImpl( 2179): Calling a method in the system process without a qualified user: android.app.ContextImpl.startService:1494 android.content.ContextWrapper.startService:494 android.content.ContextWrapper.startService:494 com.tvbox.feedback.FeedbackReceiver.onReceive:34 android.app.ActivityThread.handleReceiver:2419 
W/ContextImpl(  466): Calling a method in the system process without a qualified user: android.app.ContextImpl.sendBroadcast:1138 com.android.internal.policy.impl.PhoneWindowManager.interceptKeyBeforeQueueing:4448 com.android.server.wm.InputMonitor.interceptKeyBeforeQueueing:357 com.android.server.input.InputManagerService.interceptKeyBeforeQueueing:1332 dalvik.system.NativeStart.run:-2 
W/ContextImpl(  466): Calling a method in the system process without a qualified user: android.app.ContextImpl.sendBroadcast:1138 com.android.internal.policy.impl.PhoneWindowManager.interceptKeyBeforeQueueing:4448 com.android.server.wm.InputMonitor.interceptKeyBeforeQueueing:357 com.android.server.input.InputManagerService.interceptKeyBeforeQueueing:1332 dalvik.system.NativeStart.run:-2 
W/ContextImpl(  466): Calling a method in the system process without a qualified user: android.app.ContextImpl.sendBroadcast:1138 com.android.internal.policy.impl.PhoneWindowManager.interceptKeyBeforeQueueing:4448 com.android.server.wm.InputMonitor.interceptKeyBeforeQueueing:357 com.android.server.input.InputManagerService.interceptKeyBeforeQueueing:1332 dalvik.system.NativeStart.run:-2 
W/ContextImpl( 2179): Calling a method in the system process without a qualified user: android.app.ContextImpl.startService:1494 android.content.ContextWrapper.startService:494 android.content.ContextWrapper.startService:494 com.tvbox.feedback.FeedbackReceiver.onReceive:34 android.app.ActivityThread.handleReceiver:2419 
W/ContextImpl(  466): Calling a method in the system process without a qualified user: android.app.ContextImpl.sendBroadcast:1138 com.android.internal.policy.impl.PhoneWindowManager.interceptKeyBeforeQueueing:4448 com.android.server.wm.InputMonitor.interceptKeyBeforeQueueing:357 com.android.server.input.InputManagerService.interceptKeyBeforeQueueing:1332 dalvik.system.NativeStart.run:-2 
E/AndroidRuntime( 9631): FATAL EXCEPTION: main
E/AndroidRuntime( 9631): Process: com.cibn.tv.debug_v2, PID: 9631
E/AndroidRuntime( 9631): java.lang.NullPointerException
E/AndroidRuntime( 9631): 	at android.support.v7.widget.OrientationHelper$2.getDecoratedStart(OrientationHelper.java:395)
E/AndroidRuntime( 9631): 	at android.support.v17.leanback.widget.GridLayoutManager.getViewMin(GridLayoutManager.java:1023)
E/AndroidRuntime( 9631): 	at android.support.v17.leanback.widget.GridLayoutManager.access$3700(GridLayoutManager.java:50)
E/AndroidRuntime( 9631): 	at android.support.v17.leanback.widget.GridLayoutManager$2.getEdge(GridLayoutManager.java:1587)
E/AndroidRuntime( 9631): 	at android.support.v17.leanback.widget.SingleRow.appendVisibleItems(SingleRow.java:120)
E/AndroidRuntime( 9631): 	at android.support.v17.leanback.widget.Grid.appendVisibleItems(Grid.java:371)
E/AndroidRuntime( 9631): 	at android.support.v17.leanback.widget.GridLayoutManager.appendVisibleItems(GridLayoutManager.java:1702)
E/AndroidRuntime( 9631): 	at android.support.v17.leanback.widget.GridLayoutManager.scrollDirectionPrimary(GridLayoutManager.java:2058)
E/AndroidRuntime( 9631): 	at android.support.v17.leanback.widget.GridLayoutManager.scrollVerticallyBy(GridLayoutManager.java:2010)
E/AndroidRuntime( 9631): 	at android.support.v7.widget.RecyclerView$ViewFlinger.run(RecyclerView.java:4413)
E/AndroidRuntime( 9631): 	at android.view.Choreographer$CallbackRecord.run(Choreographer.java:761)
E/AndroidRuntime( 9631): 	at android.view.Choreographer.doCallbacks(Choreographer.java:574)
E/AndroidRuntime( 9631): 	at android.view.Choreographer.doFrame(Choreographer.java:543)
E/AndroidRuntime( 9631): 	at android.view.Choreographer$FrameDisplayEventReceiver.run(Choreographer.java:747)
E/AndroidRuntime( 9631): 	at android.os.Handler.handleCallback(Handler.java:733)
E/AndroidRuntime( 9631): 	at android.os.Handler.dispatchMessage(Handler.java:95)
E/AndroidRuntime( 9631): 	at android.os.Looper.loop(Looper.java:136)
E/AndroidRuntime( 9631): 	at android.app.ActivityThread.main(ActivityThread.java:5017)
E/AndroidRuntime( 9631): 	at java.lang.reflect.Method.invokeNative(Native Method)
E/AndroidRuntime( 9631): 	at java.lang.reflect.Method.invoke(Method.java:515)
E/AndroidRuntime( 9631): 	at com.android.internal.os.ZygoteInit$MethodAndArgsCaller.run(ZygoteInit.java:794)
E/AndroidRuntime( 9631): 	at com.android.internal.os.ZygoteInit.main(ZygoteInit.java:610)
E/AndroidRuntime( 9631): 	at dalvik.system.NativeStart.main(Native Method)
W/ActivityManager(  466):   Force finishing activity com.cibn.tv.debug_v2/com.tv.DetailActivity
W/ProcessCpuTracker(  466): Skipping unknown process pid 12206
W/ProcessCpuTracker(  466): Skipping unknown process pid 12208
W/ProcessCpuTracker(  466): Skipping unknown process pid 12209
I/WindowState(  466): WIN DEATH: Window{41b05700 u0 com.cibn.tv.debug_v2/com.tv.MainActivity}
I/ActivityManager(  466): Process com.cibn.tv.debug_v2 (pid 9631) has died.
I/WindowState(  466): WIN DEATH: Window{419c1eb8 u0 com.cibn.tv.debug_v2/com.tv.DetailActivity}
I/ActivityManager(  466): Start proc com.cibn.tv.debug_v2 for activity com.cibn.tv.debug_v2/com.tv.MainActivity: pid=12211 uid=10884 gids={50884, 3003, 1028, 1015, 3002}
W/ContextImpl(  466): Calling a method in the system process without a qualified user: android.app.ContextImpl.sendBroadcast:1138 com.android.internal.policy.impl.PhoneWindowManager.interceptKeyBeforeQueueing:4448 com.android.server.wm.InputMonitor.interceptKeyBeforeQueueing:357 com.android.server.input.InputManagerService.interceptKeyBeforeQueueing:1332 dalvik.system.NativeStart.run:-2 
D/PackageParser(12211): Scanning package: /data/data/com.cibn.tv.debug_v2/app_SGLib/libsgmain_315417600000.zip
V/PackageParser(12211): parsePackageName...
V/PackageParser(12211): Root element name: 'manifest'
W/ViewRootImpl(12211): Dropping event due to no window focus: KeyEvent { action=ACTION_DOWN, keyCode=KEYCODE_DPAD_DOWN, scanCode=108, metaState=0, flags=0x8, repeatCount=0, eventTime=2506146, downTime=2506146, deviceId=1, source=0x101 }
W/ViewRootImpl(12211): Dropping event due to no window focus: KeyEvent { action=ACTION_DOWN, keyCode=KEYCODE_DPAD_DOWN, scanCode=108, metaState=0, flags=0x8, repeatCount=0, eventTime=2506474, downTime=2506474, deviceId=1, source=0x101 }
W/InputMethodManagerService(  466): Got RemoteException sending setActive(false) notification to pid 9631 uid 10884
D/PackageParser(12211): Scanning package: /data/data/com.cibn.tv.debug_v2/app_SGLib/libsgsecuritybody_315417600000.zip
V/PackageParser(12211): parsePackageName...
V/PackageParser(12211): Root element name: 'manifest'
W/BackupManagerService(  466): dataChanged but no participant pkg='com.android.providers.settings' uid=10884
E/NetdConnector(  466): RCV <- {601 limit alert globalAlert eth0} with time:2512305
E/NetdConnector(  466): RCV <- {200 374 Tethering stats list completed} with time:2512312
E/NetdConnector(  466): RCV <- {200 375 Bandwidth command succeeeded} with time:2512342
E/NetdConnector(  466): RCV <- {601 limit alert globalAlert eth0} with time:2512572
E/NetdConnector(  466): RCV <- {200 376 Tethering stats list completed} with time:2512578
E/NetdConnector(  466): RCV <- {200 377 Bandwidth command succeeeded} with time:2512612
E/NetdConnector(  466): RCV <- {601 limit alert globalAlert eth0} with time:2521722
E/NetdConnector(  466): RCV <- {200 378 Tethering stats list completed} with time:2521733
E/NetdConnector(  466): RCV <- {200 379 Bandwidth command succeeeded} with time:2521772
W/ContextImpl(  466): Calling a method in the system process without a qualified user: android.app.ContextImpl.sendBroadcast:1138 com.android.internal.policy.impl.PhoneWindowManager.interceptKeyBeforeQueueing:4448 com.android.server.wm.InputMonitor.interceptKeyBeforeQueueing:357 com.android.server.input.InputManagerService.interceptKeyBeforeQueueing:1332 dalvik.system.NativeStart.run:-2 
W/ContextImpl(  466): Calling a method in the system process without a qualified user: android.app.ContextImpl.sendBroadcast:1138 com.android.internal.policy.impl.PhoneWindowManager.interceptKeyBeforeQueueing:4448 com.android.server.wm.InputMonitor.interceptKeyBeforeQueueing:357 com.android.server.input.InputManagerService.interceptKeyBeforeQueueing:1332 dalvik.system.NativeStart.run:-2 
W/ContextImpl(  466): Calling a method in the system process without a qualified user: android.app.ContextImpl.sendBroadcast:1138 com.android.internal.policy.impl.PhoneWindowManager.interceptKeyBeforeQueueing:4448 com.android.server.wm.InputMonitor.interceptKeyBeforeQueueing:357 com.android.server.input.InputManagerService.interceptKeyBeforeQueueing:1332 dalvik.system.NativeStart.run:-2 
W/ContextImpl(  466): Calling a method in the system process without a qualified user: android.app.ContextImpl.sendBroadcast:1138 com.android.internal.policy.impl.PhoneWindowManager.interceptKeyBeforeQueueing:4448 com.android.server.wm.InputMonitor.interceptKeyBeforeQueueing:357 com.android.server.input.InputManagerService.interceptKeyBeforeQueueing:1332 dalvik.system.NativeStart.run:-2 
W/ContextImpl(  466): Calling a method in the system process without a qualified user: android.app.ContextImpl.sendBroadcast:1138 com.android.internal.policy.impl.PhoneWindowManager.interceptKeyBeforeQueueing:4448 com.android.server.wm.InputMonitor.interceptKeyBeforeQueueing:357 com.android.server.input.InputManagerService.interceptKeyBeforeQueueing:1332 dalvik.system.NativeStart.run:-2 
I/ActivityManager(  466): START u0 {act=android.intent.action.VIEW dat=yktv://tv/detail?id=205 cmp=com.cibn.tv.debug_v2/com.tv.DetailActivity (has extras)} from pid 12211
W/ContextImpl(  466): Calling a method in the system process without a qualified user: android.app.ContextImpl.sendBroadcast:1138 com.android.internal.policy.impl.PhoneWindowManager.interceptKeyBeforeQueueing:4448 com.android.server.wm.InputMonitor.interceptKeyBeforeQueueing:357 com.android.server.input.InputManagerService.interceptKeyBeforeQueueing:1332 dalvik.system.NativeStart.run:-2 
W/ContextImpl(  466): Calling a method in the system process without a qualified user: android.app.ContextImpl.sendBroadcast:1138 com.android.internal.policy.impl.PhoneWindowManager.interceptKeyBeforeQueueing:4448 com.android.server.wm.InputMonitor.interceptKeyBeforeQueueing:357 com.android.server.input.InputManagerService.interceptKeyBeforeQueueing:1332 dalvik.system.NativeStart.run:-2 
W/ContextImpl(  466): Calling a method in the system process without a qualified user: android.app.ContextImpl.sendBroadcast:1138 com.android.internal.policy.impl.PhoneWindowManager.interceptKeyBeforeQueueing:4448 com.android.server.wm.InputMonitor.interceptKeyBeforeQueueing:357 com.android.server.input.InputManagerService.interceptKeyBeforeQueueing:1332 dalvik.system.NativeStart.run:-2 
W/ContextImpl( 2179): Calling a method in the system process without a qualified user: android.app.ContextImpl.startService:1494 android.content.ContextWrapper.startService:494 android.content.ContextWrapper.startService:494 com.tvbox.feedback.FeedbackReceiver.onReceive:34 android.app.ActivityThread.handleReceiver:2419 
W/ContextImpl(  466): Calling a method in the system process without a qualified user: android.app.ContextImpl.sendBroadcast:1138 com.android.internal.policy.impl.PhoneWindowManager.interceptKeyBeforeQueueing:4448 com.android.server.wm.InputMonitor.interceptKeyBeforeQueueing:357 com.android.server.input.InputManagerService.interceptKeyBeforeQueueing:1332 dalvik.system.NativeStart.run:-2 
W/ContextImpl(  466): Calling a method in the system process without a qualified user: android.app.ContextImpl.sendBroadcast:1138 com.android.internal.policy.impl.PhoneWindowManager.interceptKeyBeforeQueueing:4448 com.android.server.wm.InputMonitor.interceptKeyBeforeQueueing:357 com.android.server.input.InputManagerService.interceptKeyBeforeQueueing:1332 dalvik.system.NativeStart.run:-2 
W/ContextImpl(  466): Calling a method in the system process without a qualified user: android.app.ContextImpl.sendBroadcast:1138 com.android.internal.policy.impl.PhoneWindowManager.interceptKeyBeforeQueueing:4448 com.android.server.wm.InputMonitor.interceptKeyBeforeQueueing:357 com.android.server.input.InputManagerService.interceptKeyBeforeQueueing:1332 dalvik.system.NativeStart.run:-2 
W/ContextImpl( 2179): Calling a method in the system process without a qualified user: android.app.ContextImpl.startService:1494 android.content.ContextWrapper.startService:494 android.content.ContextWrapper.startService:494 com.tvbox.feedback.FeedbackReceiver.onReceive:34 android.app.ActivityThread.handleReceiver:2419 
W/ContextImpl(  466): Calling a method in the system process without a qualified user: android.app.ContextImpl.sendBroadcast:1138 com.android.internal.policy.impl.PhoneWindowManager.interceptKeyBeforeQueueing:4448 com.android.server.wm.InputMonitor.interceptKeyBeforeQueueing:357 com.android.server.input.InputManagerService.interceptKeyBeforeQueueing:1332 dalvik.system.NativeStart.run:-2 
W/ContextImpl(  466): Calling a method in the system process without a qualified user: android.app.ContextImpl.sendBroadcast:1138 com.android.internal.policy.impl.PhoneWindowManager.interceptKeyBeforeQueueing:4448 com.android.server.wm.InputMonitor.interceptKeyBeforeQueueing:357 com.android.server.input.InputManagerService.interceptKeyBeforeQueueing:1332 dalvik.system.NativeStart.run:-2 
W/ContextImpl(  466): Calling a method in the system process without a qualified user: android.app.ContextImpl.sendBroadcast:1138 com.android.internal.policy.impl.PhoneWindowManager.interceptKeyBeforeQueueing:4448 com.android.server.wm.InputMonitor.interceptKeyBeforeQueueing:357 com.android.server.input.InputManagerService.interceptKeyBeforeQueueing:1332 dalvik.system.NativeStart.run:-2 
W/ContextImpl( 2179): Calling a method in the system process without a qualified user: android.app.ContextImpl.startService:1494 android.content.ContextWrapper.startService:494 android.content.ContextWrapper.startService:494 com.tvbox.feedback.FeedbackReceiver.onReceive:34 android.app.ActivityThread.handleReceiver:2419 
W/ContextImpl(  466): Calling a method in the system process without a qualified user: android.app.ContextImpl.sendBroadcast:1138 com.android.internal.policy.impl.PhoneWindowManager.interceptKeyBeforeQueueing:4448 com.android.server.wm.InputMonitor.interceptKeyBeforeQueueing:357 com.android.server.input.InputManagerService.interceptKeyBeforeQueueing:1332 dalvik.system.NativeStart.run:-2 
W/ContextImpl(  466): Calling a method in the system process without a qualified user: android.app.ContextImpl.sendBroadcast:1138 com.android.internal.policy.impl.PhoneWindowManager.interceptKeyBeforeQueueing:4448 com.android.server.wm.InputMonitor.interceptKeyBeforeQueueing:357 com.android.server.input.InputManagerService.interceptKeyBeforeQueueing:1332 dalvik.system.NativeStart.run:-2 
W/ContextImpl(  466): Calling a method in the system process without a qualified user: android.app.ContextImpl.sendBroadcast:1138 com.android.internal.policy.impl.PhoneWindowManager.interceptKeyBeforeQueueing:4448 com.android.server.wm.InputMonitor.interceptKeyBeforeQueueing:357 com.android.server.input.InputManagerService.interceptKeyBeforeQueueing:1332 dalvik.system.NativeStart.run:-2 
W/ContextImpl( 2179): Calling a method in the system process without a qualified user: android.app.ContextImpl.startService:1494 android.content.ContextWrapper.startService:494 android.content.ContextWrapper.startService:494 com.tvbox.feedback.FeedbackReceiver.onReceive:34 android.app.ActivityThread.handleReceiver:2419 
W/ContextImpl(  466): Calling a method in the system process without a qualified user: android.app.ContextImpl.sendBroadcast:1138 com.android.internal.policy.impl.PhoneWindowManager.interceptKeyBeforeQueueing:4448 com.android.server.wm.InputMonitor.interceptKeyBeforeQueueing:357 com.android.server.input.InputManagerService.interceptKeyBeforeQueueing:1332 dalvik.system.NativeStart.run:-2 
W/ContextImpl(  466): Calling a method in the system process without a qualified user: android.app.ContextImpl.sendBroadcast:1138 com.android.internal.policy.impl.PhoneWindowManager.interceptKeyBeforeQueueing:4448 com.android.server.wm.InputMonitor.interceptKeyBeforeQueueing:357 com.android.server.input.InputManagerService.interceptKeyBeforeQueueing:1332 dalvik.system.NativeStart.run:-2 
W/ContextImpl(  466): Calling a method in the system process without a qualified user: android.app.ContextImpl.sendBroadcast:1138 com.android.internal.policy.impl.PhoneWindowManager.interceptKeyBeforeQueueing:4448 com.android.server.wm.InputMonitor.interceptKeyBeforeQueueing:357 com.android.server.input.InputManagerService.interceptKeyBeforeQueueing:1332 dalvik.system.NativeStart.run:-2 
W/ContextImpl( 2179): Calling a method in the system process without a qualified user: android.app.ContextImpl.startService:1494 android.content.ContextWrapper.startService:494 android.content.ContextWrapper.startService:494 com.tvbox.feedback.FeedbackReceiver.onReceive:34 android.app.ActivityThread.handleReceiver:2419 
I/ActivityManager(  466): Process com.youku.tv (pid 1242) has died.
I/ActivityManager(  466): Process com.qihoo.tvsafe (pid 1396) has died.
I/ActivityManager(  466): Start proc com.youku.tv for service com.youku.tv/com.morgoo.droidplugin.PluginManagerService: pid=13049 uid=10828 gids={50828, 3003, 1028, 1015, 3002, 3001}
W/ContextImpl(  466): Calling a method in the system process without a qualified user: android.app.ContextImpl.sendBroadcast:1138 com.android.internal.policy.impl.PhoneWindowManager.interceptKeyBeforeQueueing:4448 com.android.server.wm.InputMonitor.interceptKeyBeforeQueueing:357 com.android.server.input.InputManagerService.interceptKeyBeforeQueueing:1332 dalvik.system.NativeStart.run:-2 
W/ContextImpl(  466): Calling a method in the system process without a qualified user: android.app.ContextImpl.sendBroadcast:1138 com.android.internal.policy.impl.PhoneWindowManager.interceptKeyBeforeQueueing:4448 com.android.server.wm.InputMonitor.interceptKeyBeforeQueueing:357 com.android.server.input.InputManagerService.interceptKeyBeforeQueueing:1332 dalvik.system.NativeStart.run:-2 
W/ContextImpl(  466): Calling a method in the system process without a qualified user: android.app.ContextImpl.sendBroadcast:1138 com.android.internal.policy.impl.PhoneWindowManager.interceptKeyBeforeQueueing:4448 com.android.server.wm.InputMonitor.interceptKeyBeforeQueueing:357 com.android.server.input.InputManagerService.interceptKeyBeforeQueueing:1332 dalvik.system.NativeStart.run:-2 
W/ContextImpl( 2179): Calling a method in the system process without a qualified user: android.app.ContextImpl.startService:1494 android.content.ContextWrapper.startService:494 android.content.ContextWrapper.startService:494 com.tvbox.feedback.FeedbackReceiver.onReceive:34 android.app.ActivityThread.handleReceiver:2419 
W/ContextImpl(  466): Calling a method in the system process without a qualified user: android.app.ContextImpl.sendBroadcast:1138 com.android.internal.policy.impl.PhoneWindowManager.interceptKeyBeforeQueueing:4448 com.android.server.wm.InputMonitor.interceptKeyBeforeQueueing:357 com.android.server.input.InputManagerService.interceptKeyBeforeQueueing:1332 dalvik.system.NativeStart.run:-2 
W/ContextImpl(  466): Calling a method in the system process without a qualified user: android.app.ContextImpl.sendBroadcast:1138 com.android.internal.policy.impl.PhoneWindowManager.interceptKeyBeforeQueueing:4448 com.android.server.wm.InputMonitor.interceptKeyBeforeQueueing:357 com.android.server.input.InputManagerService.interceptKeyBeforeQueueing:1332 dalvik.system.NativeStart.run:-2 
W/ContextImpl(  466): Calling a method in the system process without a qualified user: android.app.ContextImpl.sendBroadcast:1138 com.android.internal.policy.impl.PhoneWindowManager.interceptKeyBeforeQueueing:4448 com.android.server.wm.InputMonitor.interceptKeyBeforeQueueing:357 com.android.server.input.InputManagerService.interceptKeyBeforeQueueing:1332 dalvik.system.NativeStart.run:-2 
W/ContextImpl( 2179): Calling a method in the system process without a qualified user: android.app.ContextImpl.startService:1494 android.content.ContextWrapper.startService:494 android.content.ContextWrapper.startService:494 com.tvbox.feedback.FeedbackReceiver.onReceive:34 android.app.ActivityThread.handleReceiver:2419 
W/ContextImpl(  466): Calling a method in the system process without a qualified user: android.app.ContextImpl.sendBroadcast:1138 com.android.internal.policy.impl.PhoneWindowManager.interceptKeyBeforeQueueing:4448 com.android.server.wm.InputMonitor.interceptKeyBeforeQueueing:357 com.android.server.input.InputManagerService.interceptKeyBeforeQueueing:1332 dalvik.system.NativeStart.run:-2 
W/ContextImpl(  466): Calling a method in the system process without a qualified user: android.app.ContextImpl.sendBroadcast:1138 com.android.internal.policy.impl.PhoneWindowManager.interceptKeyBeforeQueueing:4448 com.android.server.wm.InputMonitor.interceptKeyBeforeQueueing:357 com.android.server.input.InputManagerService.interceptKeyBeforeQueueing:1332 dalvik.system.NativeStart.run:-2 
W/ContextImpl(  466): Calling a method in the system process without a qualified user: android.app.ContextImpl.sendBroadcast:1138 com.android.internal.policy.impl.PhoneWindowManager.interceptKeyBeforeQueueing:4448 com.android.server.wm.InputMonitor.interceptKeyBeforeQueueing:357 com.android.server.input.InputManagerService.interceptKeyBeforeQueueing:1332 dalvik.system.NativeStart.run:-2 
W/ContextImpl( 2179): Calling a method in the system process without a qualified user: android.app.ContextImpl.startService:1494 android.content.ContextWrapper.startService:494 android.content.ContextWrapper.startService:494 com.tvbox.feedback.FeedbackReceiver.onReceive:34 android.app.ActivityThread.handleReceiver:2419 
W/ContextImpl(  466): Calling a method in the system process without a qualified user: android.app.ContextImpl.sendBroadcast:1138 com.android.internal.policy.impl.PhoneWindowManager.interceptKeyBeforeQueueing:4448 com.android.server.wm.InputMonitor.interceptKeyBeforeQueueing:357 com.android.server.input.InputManagerService.interceptKeyBeforeQueueing:1332 dalvik.system.NativeStart.run:-2 
W/ContextImpl(  466): Calling a method in the system process without a qualified user: android.app.ContextImpl.sendBroadcast:1138 com.android.internal.policy.impl.PhoneWindowManager.interceptKeyBeforeQueueing:4448 com.android.server.wm.InputMonitor.interceptKeyBeforeQueueing:357 com.android.server.input.InputManagerService.interceptKeyBeforeQueueing:1332 dalvik.system.NativeStart.run:-2 
W/ContextImpl(  466): Calling a method in the system process without a qualified user: android.app.ContextImpl.sendBroadcast:1138 com.android.internal.policy.impl.PhoneWindowManager.interceptKeyBeforeQueueing:4448 com.android.server.wm.InputMonitor.interceptKeyBeforeQueueing:357 com.android.server.input.InputManagerService.interceptKeyBeforeQueueing:1332 dalvik.system.NativeStart.run:-2 
W/ContextImpl(  466): Calling a method in the system process without a qualified user: android.app.ContextImpl.sendBroadcast:1138 com.android.internal.policy.impl.PhoneWindowManager.interceptKeyBeforeQueueing:4448 com.android.server.wm.InputMonitor.interceptKeyBeforeQueueing:357 com.android.server.input.InputManagerService.interceptKeyBeforeQueueing:1332 dalvik.system.NativeStart.run:-2 
W/ContextImpl(  466): Calling a method in the system process without a qualified user: android.app.ContextImpl.sendBroadcast:1138 com.android.internal.policy.impl.PhoneWindowManager.interceptKeyBeforeQueueing:4448 com.android.server.wm.InputMonitor.interceptKeyBeforeQueueing:357 com.android.server.input.InputManagerService.interceptKeyBeforeQueueing:1332 dalvik.system.NativeStart.run:-2 
W/ContextImpl(  466): Calling a method in the system process without a qualified user: android.app.ContextImpl.sendBroadcast:1138 com.android.internal.policy.impl.PhoneWindowManager.interceptKeyBeforeQueueing:4448 com.android.server.wm.InputMonitor.interceptKeyBeforeQueueing:357 com.android.server.input.InputManagerService.interceptKeyBeforeQueueing:1332 dalvik.system.NativeStart.run:-2 
W/ContextImpl(  466): Calling a method in the system process without a qualified user: android.app.ContextImpl.sendBroadcast:1138 com.android.internal.policy.impl.PhoneWindowManager.interceptKeyBeforeQueueing:4448 com.android.server.wm.InputMonitor.interceptKeyBeforeQueueing:357 com.android.server.input.InputManagerService.interceptKeyBeforeQueueing:1332 dalvik.system.NativeStart.run:-2 
W/ContextImpl(  466): Calling a method in the system process without a qualified user: android.app.ContextImpl.sendBroadcast:1138 com.android.internal.policy.impl.PhoneWindowManager.interceptKeyBeforeQueueing:4448 com.android.server.wm.InputMonitor.interceptKeyBeforeQueueing:357 com.android.server.input.InputManagerService.interceptKeyBeforeQueueing:1332 dalvik.system.NativeStart.run:-2 
W/ContextImpl(  466): Calling a method in the system process without a qualified user: android.app.ContextImpl.sendBroadcast:1138 com.android.internal.policy.impl.PhoneWindowManager.interceptKeyBeforeQueueing:4448 com.android.server.wm.InputMonitor.interceptKeyBeforeQueueing:357 com.android.server.input.InputManagerService.interceptKeyBeforeQueueing:1332 dalvik.system.NativeStart.run:-2 
W/ContextImpl(  466): Calling a method in the system process without a qualified user: android.app.ContextImpl.sendBroadcast:1138 com.android.internal.policy.impl.PhoneWindowManager.interceptKeyBeforeQueueing:4448 com.android.server.wm.InputMonitor.interceptKeyBeforeQueueing:357 com.android.server.input.InputManagerService.interceptKeyBeforeQueueing:1332 dalvik.system.NativeStart.run:-2 
W/ContextImpl(  466): Calling a method in the system process without a qualified user: android.app.ContextImpl.sendBroadcast:1138 com.android.internal.policy.impl.PhoneWindowManager.interceptKeyBeforeQueueing:4448 com.android.server.wm.InputMonitor.interceptKeyBeforeQueueing:357 com.android.server.input.InputManagerService.interceptKeyBeforeQueueing:1332 dalvik.system.NativeStart.run:-2 
W/ContextImpl(  466): Calling a method in the system process without a qualified user: android.app.ContextImpl.sendBroadcast:1138 com.android.internal.policy.impl.PhoneWindowManager.interceptKeyBeforeQueueing:4448 com.android.server.wm.InputMonitor.interceptKeyBeforeQueueing:357 com.android.server.input.InputManagerService.interceptKeyBeforeQueueing:1332 dalvik.system.NativeStart.run:-2 
W/ContextImpl(  466): Calling a method in the system process without a qualified user: android.app.ContextImpl.sendBroadcast:1138 com.android.internal.policy.impl.PhoneWindowManager.interceptKeyBeforeQueueing:4448 com.android.server.wm.InputMonitor.interceptKeyBeforeQueueing:357 com.android.server.input.InputManagerService.interceptKeyBeforeQueueing:1332 dalvik.system.NativeStart.run:-2 
W/ContextImpl(  466): Calling a method in the system process without a qualified user: android.app.ContextImpl.sendBroadcast:1138 com.android.internal.policy.impl.PhoneWindowManager.interceptKeyBeforeQueueing:4448 com.android.server.wm.InputMonitor.interceptKeyBeforeQueueing:357 com.android.server.input.InputManagerService.interceptKeyBeforeQueueing:1332 dalvik.system.NativeStart.run:-2 
W/ContextImpl(  466): Calling a method in the system process without a qualified user: android.app.ContextImpl.sendBroadcast:1138 com.android.internal.policy.impl.PhoneWindowManager.interceptKeyBeforeQueueing:4448 com.android.server.wm.InputMonitor.interceptKeyBeforeQueueing:357 com.android.server.input.InputManagerService.interceptKeyBeforeQueueing:1332 dalvik.system.NativeStart.run:-2 
W/ContextImpl(  466): Calling a method in the system process without a qualified user: android.app.ContextImpl.sendBroadcast:1138 com.android.internal.policy.impl.PhoneWindowManager.interceptKeyBeforeQueueing:4448 com.android.server.wm.InputMonitor.interceptKeyBeforeQueueing:357 com.android.server.input.InputManagerService.interceptKeyBeforeQueueing:1332 dalvik.system.NativeStart.run:-2 
W/ContextImpl(  466): Calling a method in the system process without a qualified user: android.app.ContextImpl.sendBroadcast:1138 com.android.internal.policy.impl.PhoneWindowManager.interceptKeyBeforeQueueing:4448 com.android.server.wm.InputMonitor.interceptKeyBeforeQueueing:357 com.android.server.input.InputManagerService.interceptKeyBeforeQueueing:1332 dalvik.system.NativeStart.run:-2 
W/ContextImpl(  466): Calling a method in the system process without a qualified user: android.app.ContextImpl.sendBroadcast:1138 com.android.internal.policy.impl.PhoneWindowManager.interceptKeyBeforeQueueing:4448 com.android.server.wm.InputMonitor.interceptKeyBeforeQueueing:357 com.android.server.input.InputManagerService.interceptKeyBeforeQueueing:1332 dalvik.system.NativeStart.run:-2 
W/ContextImpl(  466): Calling a method in the system process without a qualified user: android.app.ContextImpl.sendBroadcast:1138 com.android.internal.policy.impl.PhoneWindowManager.interceptKeyBeforeQueueing:4448 com.android.server.wm.InputMonitor.interceptKeyBeforeQueueing:357 com.android.server.input.InputManagerService.interceptKeyBeforeQueueing:1332 dalvik.system.NativeStart.run:-2 
--------- beginning of /dev/log/main
D/smy_FeedbackReceiver( 2179): one mLastPressBackTime = 2546647
D/smy_FeedbackReceiver( 2179): keyCode = 19
D/RemoteIME(  622): keycode: 19, realAction: true
D/FocusHelper(12211): getScale scale:1.0791667 width:530 maxWidth:1632 minWidth:240
I/System.out(12211): !!==!! xxxx 99999 BrowseFrameLayout
I/System.out(12211): !!==!! onChildViewHolderSelected
D/PageWithLoaderFragment(12211): onRowSelected. positon: 7  adapter size:25 mCacheVideoView:true
D/FocusHelper(12211): getScale scale:1.0791667 width:530 maxWidth:1632 minWidth:240
D/FocusHelper(12211): getScale scale:1.0791667 width:530 maxWidth:1632 minWidth:240
D/DisplayItemSelected(12211): onSelect  ns:video id:YK/4f1ee17ed9d011e5b2ad target=url: tv/v3/show/detail?id=4f1ee17ed9d011e5b2ad entity:detail:show params:{} title: sub_title: null desc: null images:ImageGroup: 	poster=Image: 	bgcolor=null 	url=http://r3.ykimg.com/050C000057EE1E6467BC3C385F09E20BImageGroup: 	background=null 	icon=null 	normal=null 	pressed=null _ui: type:display_item  id:-1 hint: hint left:null mid:null right:null settings:null level:0
D/DisplayItemSelected(12211): onSelect, clearBackground
D/BackgroundHelper(12211):  clearBackground  level:0 backgroundManager:null mBackgroundLevel1:null mBackgroundLevel2:null mDefaultBackground:null
D/FocusHelper(12211): getScale scale:1.0791667 width:530 maxWidth:1632 minWidth:240
D/FocusHelper(12211): getScale scale:1.0791667 width:530 maxWidth:1632 minWidth:240
D/RemoteIME(  622): onFinishInput.
D/RemoteIME(  622): onStartInput  ccontentType: 0 Restarting:false
D/RemoteIME(  622): [requestInputWithHkb] estimate if number...
D/RemoteIME(  622): [requestInputWithHkb] mEditorInfo is: android.view.inputmethod.EditorInfo@41959c80
D/FocusHelper(12211): getScale scale:1.0791667 width:530 maxWidth:1632 minWidth:240
D/FocusHelper(12211): getScale scale:1.0791667 width:530 maxWidth:1632 minWidth:240
D/FocusHelper(12211): getScale scale:1.0791667 width:530 maxWidth:1632 minWidth:240
D/BlockPresenterSelector(12211): ui_type:block_grid_classic_same id:20102 title: unitary:true
D/BaseRowsFragment(12211): getViewForPositionAndType, view: null position:6 type:2 recycler:android.support.v7.widget.RecyclerView$Recycler@41efbe40
D/onBindRowViewHolder(12211): false--hasHeads--position:-1
D/DisplayItemSelector(12211): ui_type:block_grid_classic_same id:20102 title: unitary:true
D/DisplayItemSelector(12211): presenter  com.tv.ui.presenter.CardBasicClassicPresenter@43dbe7d8
D/BlockBasePresenter(12211): rows:1 item size:6 columns:6 title: ui_type:block_grid_classic_same item0_title:
D/DisplayItemPresenter(12211): setViewId ui_type.rows():-1 old_view_id:-1 view_id:-1 title:
D/WindowManager(  466): action = 1
D/WindowManager(  466): hyq lasteventDownTime=0
D/WindowManager(  466): hyq getEventTime()=2550723
D/WindowManager(  466): hyq lasteventDownTime=2550627
D/WindowManager(  466): hyq getEventTime()=2550723
E/WindowManager(  466): smy interceptKeyBeforeDispatching up !!! 
E/WindowManager(  466): smy interceptKeyBeforeDispatching up !!! screensaverDelay = -1
E/WindowManager(  466): smy interceptKeyBeforeDispatching up !!! sleepDelay = -1
D/DisplayItemPresenter(12211): setViewId ui_type.rows():-1 old_view_id:-1 view_id:-1 title:
D/DisplayItemPresenter(12211): setViewId ui_type.rows():-1 old_view_id:-1 view_id:-1 title:
D/DisplayItemPresenter(12211): setViewId ui_type.rows():-1 old_view_id:-1 view_id:-1 title: TV
D/DisplayItemPresenter(12211): setViewId ui_type.rows():-1 old_view_id:-1 view_id:-1 title: TV
D/DisplayItemPresenter(12211): setViewId ui_type.rows():-1 old_view_id:-1 view_id:-1 title: TV
D/FocusHelper(12211): getScale scale:1.0791667 width:530 maxWidth:1632 minWidth:240
D/RemoteIME(  622): keycode: 19, realAction: false
D/InputEventConsistencyVerifier(12211): KeyEvent: ACTION_UP but key was not down.
D/InputEventConsistencyVerifier(12211):   in com.tv.ui.view.RowContainerView{43c95158 V.E..... ........ 0,41-1920,536}
D/InputEventConsistencyVerifier(12211):   0: sent at 2550723000000, KeyEvent { action=ACTION_UP, keyCode=KEYCODE_DPAD_UP, scanCode=103, metaState=0, flags=0x8, repeatCount=0, eventTime=2550723, downTime=2550627, deviceId=1, source=0x101 }
D/InputEventConsistencyVerifier(12211):   -- recent events --
D/InputEventConsistencyVerifier(12211):   1: sent at 2549139000000, (unhandled) KeyEvent { action=ACTION_UP, keyCode=KEYCODE_DPAD_UP, scanCode=103, metaState=0, flags=0x8, repeatCount=0, eventTime=2549139, downTime=2549035, deviceId=1, source=0x101 }
D/InputEventConsistencyVerifier(12211):   2: sent at 2549035000000, (unhandled) KeyEvent { action=ACTION_DOWN, keyCode=KEYCODE_DPAD_UP, scanCode=103, metaState=0, flags=0x8, repeatCount=0, eventTime=2549035, downTime=2549035, deviceId=1, source=0x101 }
D/InputEventConsistencyVerifier(12211):   3: sent at 2548907000000, (unhandled) KeyEvent { action=ACTION_UP, keyCode=KEYCODE_DPAD_UP, scanCode=103, metaState=0, flags=0x8, repeatCount=0, eventTime=2548907, downTime=2548835, deviceId=1, source=0x101 }
D/InputEventConsistencyVerifier(12211):   4: sent at 2547835000000, (unhandled) KeyEvent { action=ACTION_DOWN, keyCode=KEYCODE_DPAD_UP, scanCode=103, metaState=0, flags=0x8, repeatCount=0, eventTime=2547835, downTime=2547835, deviceId=1, source=0x101 }
D/InputEventConsistencyVerifier(12211):   5: sent at 2547715000000, (unhandled) KeyEvent { action=ACTION_UP, keyCode=KEYCODE_DPAD_UP, scanCode=103, metaState=0, flags=0x80000008, repeatCount=0, eventTime=2547715, downTime=2547651, deviceId=1, source=0x101 }
D/FocusHelper(12211): getScale scale:1.0791667 width:530 maxWidth:1632 minWidth:240
D/FocusHelper(12211): getScale scale:1.0791667 width:530 maxWidth:1632 minWidth:240
D/FocusHelper(12211): getScale scale:1.0791667 width:530 maxWidth:1632 minWidth:240
D/FocusHelper(12211): getScale scale:1.0791667 width:530 maxWidth:1632 minWidth:240
D/FocusHelper(12211): getScale scale:1.0791667 width:530 maxWidth:1632 minWidth:240
D/FocusHelper(12211): getScale scale:1.0791667 width:530 maxWidth:1632 minWidth:240
D/FocusHelper(12211): getScale scale:1.0791667 width:530 maxWidth:1632 minWidth:240
D/WindowManager(  466): action = 0
D/WindowManager(  466): hyq is down event 
D/WindowManager(  466): hyq lasteventDownTime=0
D/WindowManager(  466): hyq getEventTime()=2550875
I/com.app.core(  709): Hua.Wong......runWhenKeyPressed 
D/RemoteIME(  622): keycode: 19, realAction: true
I/System.out(12211): !!==!! xxxx 99999 BrowseFrameLayout
I/System.out(12211): !!==!! onChildViewHolderSelected
D/PageWithLoaderFragment(12211): onRowSelected. positon: 6  adapter size:25 mCacheVideoView:true
D/smy_FeedbackReceiver( 2179): one mLastPressBackTime = 2546647
D/smy_FeedbackReceiver( 2179): keyCode = 19
D/FocusHelper(12211): getScale scale:1.0791667 width:530 maxWidth:1632 minWidth:240
W/ContextImpl(  466): Calling a method in the system process without a qualified user: android.app.ContextImpl.sendBroadcast:1138 com.android.internal.policy.impl.PhoneWindowManager.interceptKeyBeforeQueueing:4448 com.android.server.wm.InputMonitor.interceptKeyBeforeQueueing:357 com.android.server.input.InputManagerService.interceptKeyBeforeQueueing:1332 dalvik.system.NativeStart.run:-2 
D/FocusHelper(12211): getScale scale:1.1 width:240 maxWidth:1632 minWidth:240
D/DisplayItemSelected(12211): onSelect  ns:video id:YK/70cfeb2d905111e6bdbb target=url: tv/v3/show/detail?id=70cfeb2d905111e6bdbb entity:detail:show params:{} title: sub_title: null desc: null images:ImageGroup: 	poster=Image: 	bgcolor=null 	url=http://r1.ykimg.com/050E000057FDF96E67BC3C74B10E9003ImageGroup: 	background=null 	icon=null 	normal=null 	pressed=null _ui: type:display_item  id:-1 hint: hint left:null mid:null right:null settings:null level:0
D/DisplayItemSelected(12211): onSelect, clearBackground
D/BackgroundHelper(12211):  clearBackground  level:0 backgroundManager:null mBackgroundLevel1:null mBackgroundLevel2:null mDefaultBackground:null
D/FocusHelper(12211): getScale scale:1.1 width:240 maxWidth:1632 minWidth:240
D/FocusHelper(12211): getScale scale:1.1 width:240 maxWidth:1632 minWidth:240
D/RemoteIME(  622): onFinishInput.
D/RemoteIME(  622): onStartInput  ccontentType: 0 Restarting:false
D/RemoteIME(  622): [requestInputWithHkb] estimate if number...
D/RemoteIME(  622): [requestInputWithHkb] mEditorInfo is: android.view.inputmethod.EditorInfo@4195a4f8
D/FocusHelper(12211): getScale scale:1.1 width:240 maxWidth:1632 minWidth:240
D/FocusHelper(12211): getScale scale:1.1 width:240 maxWidth:1632 minWidth:240
D/FocusHelper(12211): getScale scale:1.1 width:240 maxWidth:1632 minWidth:240
D/BlockPresenterSelector(12211): ui_type:block_grid_classic_same id:20102 title: unitary:true
D/BaseRowsFragment(12211): getViewForPositionAndType, view: null position:5 type:2 recycler:android.support.v7.widget.RecyclerView$Recycler@41efbe40
D/onBindRowViewHolder(12211): false--hasHeads--position:-1
D/DisplayItemSelector(12211): ui_type:block_grid_classic_same id:20102 title: unitary:true
D/DisplayItemSelector(12211): presenter  com.tv.ui.presenter.CardBasicClassicPresenter@43dbe7d8
D/BlockBasePresenter(12211): rows:1 item size:6 columns:6 title: ui_type:block_grid_classic_same item0_title:
D/DisplayItemPresenter(12211): setViewId ui_type.rows():-1 old_view_id:-1 view_id:-1 title:
D/WindowManager(  466): action = 1
D/WindowManager(  466): hyq lasteventDownTime=0
D/WindowManager(  466): hyq getEventTime()=2550955
D/WindowManager(  466): hyq lasteventDownTime=2550875
D/WindowManager(  466): hyq getEventTime()=2550955
E/WindowManager(  466): smy interceptKeyBeforeDispatching up !!! 
E/WindowManager(  466): smy interceptKeyBeforeDispatching up !!! screensaverDelay = -1
E/WindowManager(  466): smy interceptKeyBeforeDispatching up !!! sleepDelay = -1
D/DisplayItemPresenter(12211): setViewId ui_type.rows():-1 old_view_id:-1 view_id:-1 title: 
D/DisplayItemPresenter(12211): setViewId ui_type.rows():-1 old_view_id:-1 view_id:-1 title: 
D/DisplayItemPresenter(12211): setViewId ui_type.rows():-1 old_view_id:-1 view_id:-1 title: 
D/DisplayItemPresenter(12211): setViewId ui_type.rows():-1 old_view_id:-1 view_id:-1 title: 
D/DisplayItemPresenter(12211): setViewId ui_type.rows():-1 old_view_id:-1 view_id:-1 title: 
D/FocusHelper(12211): getScale scale:1.1 width:240 maxWidth:1632 minWidth:240
D/RemoteIME(  622): keycode: 19, realAction: false
D/InputEventConsistencyVerifier(12211): KeyEvent: ACTION_UP but key was not down.
D/InputEventConsistencyVerifier(12211):   in com.tv.ui.view.CardViewBase{43f5d4b0 VFE...C. .FS..A.D 0,0-240,406}
D/InputEventConsistencyVerifier(12211):   0: sent at 2550955000000, KeyEvent { action=ACTION_UP, keyCode=KEYCODE_DPAD_UP, scanCode=103, metaState=0, flags=0x8, repeatCount=0, eventTime=2550955, downTime=2550875, deviceId=1, source=0x101 }
D/InputEventConsistencyVerifier(12211):   -- recent events --
D/InputEventConsistencyVerifier(12211):   1: sent at 2541995000000, (unhandled) KeyEvent { action=ACTION_DOWN, keyCode=KEYCODE_DPAD_DOWN, scanCode=108, metaState=0, flags=0x8, repeatCount=0, eventTime=2541995, downTime=2541995, deviceId=1, source=0x101 }
D/InputEventConsistencyVerifier(12211):   2: sent at 2541803000000, (unhandled) KeyEvent { action=ACTION_UP, keyCode=KEYCODE_DPAD_DOWN, scanCode=108, metaState=0, flags=0x80000008, repeatCount=0, eventTime=2541803, downTime=2541707, deviceId=1, source=0x101 }
D/FocusHelper(12211): getScale scale:1.1 width:240 maxWidth:1632 minWidth:240
D/FocusHelper(12211): getScale scale:1.1 width:240 maxWidth:1632 minWidth:240
D/FocusHelper(12211): getScale scale:1.1 width:240 maxWidth:1632 minWidth:240
D/FocusHelper(12211): getScale scale:1.1 width:240 maxWidth:1632 minWidth:240
D/FocusHelper(12211): getScale scale:1.1 width:240 maxWidth:1632 minWidth:240
D/FocusHelper(12211): getScale scale:1.1 width:240 maxWidth:1632 minWidth:240
D/WindowManager(  466): action = 0
D/WindowManager(  466): hyq is down event 
D/WindowManager(  466): hyq lasteventDownTime=0
D/WindowManager(  466): hyq getEventTime()=2551115
D/FocusHelper(12211): getScale scale:1.1 width:240 maxWidth:1632 minWidth:240
D/smy_FeedbackReceiver( 2179): one mLastPressBackTime = 2546647
I/com.app.core(  709): Hua.Wong......runWhenKeyPressed 
D/smy_FeedbackReceiver( 2179): keyCode = 19
W/ContextImpl(  466): Calling a method in the system process without a qualified user: android.app.ContextImpl.sendBroadcast:1138 com.android.internal.policy.impl.PhoneWindowManager.interceptKeyBeforeQueueing:4448 com.android.server.wm.InputMonitor.interceptKeyBeforeQueueing:357 com.android.server.input.InputManagerService.interceptKeyBeforeQueueing:1332 dalvik.system.NativeStart.run:-2 
D/RemoteIME(  622): keycode: 19, realAction: true
I/System.out(12211): !!==!! xxxx 99999 BrowseFrameLayout
I/System.out(12211): !!==!! onChildViewHolderSelected
D/PageWithLoaderFragment(12211): onRowSelected. positon: 5  adapter size:25 mCacheVideoView:true
D/FocusHelper(12211): getScale scale:1.1 width:240 maxWidth:1632 minWidth:240
D/FocusHelper(12211): getScale scale:1.1 width:240 maxWidth:1632 minWidth:240
D/DisplayItemSelected(12211): onSelect  ns:video id:YK/6fea849d734611e6bdbb target=url: tv/v3/show/detail?id=6fea849d734611e6bdbb entity:detail:show params:{} title: sub_title: null desc: null images:ImageGroup: 	poster=Image: 	bgcolor=null 	url=http://r1.ykimg.com/050E000057CD38B967BC3C0F3B0DFF22ImageGroup: 	background=null 	icon=null 	normal=null 	pressed=null _ui: type:display_item  id:-1 hint: hint left:null mid:null right:null settings:null level:0
D/DisplayItemSelected(12211): onSelect, clearBackground
D/BackgroundHelper(12211):  clearBackground  level:0 backgroundManager:null mBackgroundLevel1:null mBackgroundLevel2:null mDefaultBackground:null
D/FocusHelper(12211): getScale scale:1.1 width:240 maxWidth:1632 minWidth:240
D/FocusHelper(12211): getScale scale:1.1 width:240 maxWidth:1632 minWidth:240
D/RemoteIME(  622): onFinishInput.
D/RemoteIME(  622): onStartInput  ccontentType: 0 Restarting:false
D/RemoteIME(  622): [requestInputWithHkb] estimate if number...
D/RemoteIME(  622): [requestInputWithHkb] mEditorInfo is: android.view.inputmethod.EditorInfo@4195ad70
D/FocusHelper(12211): getScale scale:1.1 width:240 maxWidth:1632 minWidth:240
D/FocusHelper(12211): getScale scale:1.1 width:240 maxWidth:1632 minWidth:240
D/FocusHelper(12211): getScale scale:1.1 width:240 maxWidth:1632 minWidth:240
D/Volley  (13049): [1] Request.finish: 5024 ms: [ ] http://test.ott.youku.com/xl/v1/app/statis/list 0xd45fdf81 NORMAL 2
D/BlockPresenterSelector(12211): ui_type:block_grid_classic_same id:20102 title: unitary:true
D/BaseRowsFragment(12211): getViewForPositionAndType, view: null position:4 type:2 recycler:android.support.v7.widget.RecyclerView$Recycler@41efbe40
D/onBindRowViewHolder(12211): false--hasHeads--position:-1
D/DisplayItemSelector(12211): ui_type:block_grid_classic_same id:20102 title: unitary:true
D/DisplayItemSelector(12211): presenter  com.tv.ui.presenter.CardBasicClassicPresenter@43dbe7d8
D/BlockBasePresenter(12211): rows:1 item size:3 columns:3 title: ui_type:block_grid_classic_same item0_title::
D/DisplayItemPresenter(12211): setViewId ui_type.rows():-1 old_view_id:-1 view_id:-1 title::
D/DisplayItemPresenter(12211): setViewId ui_type.rows():-1 old_view_id:-1 view_id:-1 title:
D/WindowManager(  466): action = 1
D/WindowManager(  466): hyq lasteventDownTime=0
D/WindowManager(  466): hyq getEventTime()=2551211
D/WindowManager(  466): hyq lasteventDownTime=2551115
D/WindowManager(  466): hyq getEventTime()=2551211
E/WindowManager(  466): smy interceptKeyBeforeDispatching up !!! 
E/WindowManager(  466): smy interceptKeyBeforeDispatching up !!! screensaverDelay = -1
E/WindowManager(  466): smy interceptKeyBeforeDispatching up !!! sleepDelay = -1
D/DisplayItemPresenter(12211): setViewId ui_type.rows():-1 old_view_id:-1 view_id:-1 title:
D/FocusHelper(12211): getScale scale:1.1 width:240 maxWidth:1632 minWidth:240
D/FocusHelper(12211): getScale scale:1.1 width:240 maxWidth:1632 minWidth:240
D/RemoteIME(  622): keycode: 19, realAction: false
D/FocusHelper(12211): getScale scale:1.1 width:240 maxWidth:1632 minWidth:240
D/FocusHelper(12211): getScale scale:1.1 width:240 maxWidth:1632 minWidth:240
D/FocusHelper(12211): getScale scale:1.1 width:240 maxWidth:1632 minWidth:240
D/FocusHelper(12211): getScale scale:1.1 width:240 maxWidth:1632 minWidth:240
D/FocusHelper(12211): getScale scale:1.1 width:240 maxWidth:1632 minWidth:240
D/FocusHelper(12211): getScale scale:1.1 width:240 maxWidth:1632 minWidth:240
D/FocusHelper(12211): getScale scale:1.1 width:240 maxWidth:1632 minWidth:240
D/FocusHelper(12211): getScale scale:1.1 width:240 maxWidth:1632 minWidth:240
D/FocusHelper(12211): getScale scale:1.1 width:240 maxWidth:1632 minWidth:240
D/DeviceFinderManager( 1295): alarmComing
D/DeviceFinderManager( 1295): rescheduleDeviceBroadcase
D/FocusHelper(12211): getScale scale:1.1 width:240 maxWidth:1632 minWidth:240
D/FocusHelper(12211): getScale scale:1.1 width:240 maxWidth:1632 minWidth:240
D/WindowManager(  466): action = 0
D/WindowManager(  466): hyq is down event 
D/WindowManager(  466): hyq lasteventDownTime=0
D/WindowManager(  466): hyq getEventTime()=2551419
I/com.app.core(  709): Hua.Wong......runWhenKeyPressed 
D/smy_FeedbackReceiver( 2179): one mLastPressBackTime = 2546647
D/smy_FeedbackReceiver( 2179): keyCode = 19
D/RemoteIME(  622): keycode: 19, realAction: true
I/System.out(12211): !!==!! xxxx 99999 BrowseFrameLayout
I/System.out(12211): !!==!! onChildViewHolderSelected
D/PageWithLoaderFragment(12211): onRowSelected. positon: 4  adapter size:25 mCacheVideoView:true
W/ContextImpl(  466): Calling a method in the system process without a qualified user: android.app.ContextImpl.sendBroadcast:1138 com.android.internal.policy.impl.PhoneWindowManager.interceptKeyBeforeQueueing:4448 com.android.server.wm.InputMonitor.interceptKeyBeforeQueueing:357 com.android.server.input.InputManagerService.interceptKeyBeforeQueueing:1332 dalvik.system.NativeStart.run:-2 
D/FocusHelper(12211): getScale scale:1.1 width:240 maxWidth:1632 minWidth:240
D/FocusHelper(12211): getScale scale:1.0791667 width:530 maxWidth:1632 minWidth:240
D/DisplayItemSelected(12211): onSelect  ns:video id:YK/67d68692e98711e5b522 target=url: tv/v3/show/detail?id=67d68692e98711e5b522 entity:detail:show params:{} title:: sub_title: null desc: null images:ImageGroup: 	poster=Image: 	bgcolor=null 	url=http://r2.ykimg.com/050C000057C4F08367BC3C152109CD27ImageGroup: 	background=null 	icon=null 	normal=null 	pressed=null _ui: type:display_item  id:-1 hint: hint left:null mid:null right:null settings:null level:0
D/DisplayItemSelected(12211): onSelect, clearBackground
D/BackgroundHelper(12211):  clearBackground  level:0 backgroundManager:null mBackgroundLevel1:null mBackgroundLevel2:null mDefaultBackground:null
D/FocusHelper(12211): getScale scale:1.0791667 width:530 maxWidth:1632 minWidth:240
D/DeviceFinderManager( 1295): bootup
D/DeviceHelper( 1295): ro.build.characteristics = tablet
D/FocusHelper(12211): getScale scale:1.0791667 width:530 maxWidth:1632 minWidth:240
D/RemoteIME(  622): onFinishInput.
D/RemoteIME(  622): onStartInput  ccontentType: 0 Restarting:false
D/RemoteIME(  622): [requestInputWithHkb] estimate if number...
D/RemoteIME(  622): [requestInputWithHkb] mEditorInfo is: android.view.inputmethod.EditorInfo@4195b5e8
D/FocusHelper(12211): getScale scale:1.0791667 width:530 maxWidth:1632 minWidth:240
D/FocusHelper(12211): getScale scale:1.0791667 width:530 maxWidth:1632 minWidth:240
D/BlockPresenterSelector(12211): ui_type:block_grid_classic_same id:20102 title:null unitary:true
D/BaseRowsFragment(12211): getViewForPositionAndType, view: null position:3 type:2 recycler:android.support.v7.widget.RecyclerView$Recycler@41efbe40
D/onBindRowViewHolder(12211): false--hasHeads--position:2
D/DisplayItemSelector(12211): ui_type:block_grid_classic_same id:20102 title:null unitary:true
