D/FocusHelper(12211): getScale scale:1.1 width:0 maxWidth:1632 minWidth:240
D/WindowManager(  466): action = 0
D/Config  (12211): usePerformanceUI ui_mode:Performance
D/FocusHelper(12211): getScale scale:1.1 width:0 maxWidth:1632 minWidth:240
D/WindowManager(  466): hyq is down event 
D/WindowManager(  466): hyq lasteventDownTime=0
D/WindowManager(  466): hyq getEventTime()=2552395
I/com.app.core(  709): Hua.Wong......runWhenKeyPressed 
D/smy_FeedbackReceiver( 2179): one mLastPressBackTime = 2546647
D/smy_FeedbackReceiver( 2179): keyCode = 19
W/ContextImpl(  466): Calling a method in the system process without a qualified user: android.app.ContextImpl.sendBroadcast:1138 com.android.internal.policy.impl.PhoneWindowManager.interceptKeyBeforeQueueing:4448 com.android.server.wm.InputMonitor.interceptKeyBeforeQueueing:357 com.android.server.input.InputManagerService.interceptKeyBeforeQueueing:1332 dalvik.system.NativeStart.run:-2 
D/Config  (12211): usePerformanceUI ui_mode:Performance
D/FocusHelper(12211): getScale scale:1.1 width:0 maxWidth:1632 minWidth:240
D/Config  (12211): usePerformanceUI ui_mode:Performance
D/FocusHelper(12211): getScale scale:1.1 width:0 maxWidth:1632 minWidth:240
D/Config  (12211): usePerformanceUI ui_mode:Performance
D/FocusHelper(12211): getScale scale:1.1 width:0 maxWidth:1632 minWidth:240
D/Config  (12211): usePerformanceUI ui_mode:Performance
D/FocusHelper(12211): getScale scale:1.1 width:0 maxWidth:1632 minWidth:240
D/Config  (12211): usePerformanceUI ui_mode:Performance
D/FocusHelper(12211): getScale scale:1.1 width:0 maxWidth:1632 minWidth:240
V/youku_player_sdk_YoukuScreenView(12211): addVideoView surfaceCreated.
V/youku_player_sdk_YoukuScreenView(12211): addVideoView surfaceChanged.
D/RemoteIME(  622): keycode: 19, realAction: true
D/WindowManager(  466): action = 1
D/WindowManager(  466): hyq lasteventDownTime=0
D/WindowManager(  466): hyq getEventTime()=2552475
D/WindowManager(  466): hyq lasteventDownTime=2552395
D/WindowManager(  466): hyq getEventTime()=2552475
E/WindowManager(  466): smy interceptKeyBeforeDispatching up !!! 
E/WindowManager(  466): smy interceptKeyBeforeDispatching up !!! screensaverDelay = -1
E/WindowManager(  466): smy interceptKeyBeforeDispatching up !!! sleepDelay = -1
I/System.out(12211): !!==!! xxxx 99999 BrowseFrameLayout
D/onFocusSearch999(12211): viewHolderForAdapterPosition:ViewHolder{43dfbfe0 position=0 id=-1, oldPos=-1, pLpos:-1}--
D/onFocusSearch999(12211): position:1--android.widget.RelativeLayout{43eb3370 VFE...C. .FS..... 0,8-254,318}--33--android.support.v17.leanback.widget.VerticalGridView{421556a0 VFE..... ........ 0,0-1920,1080 #7f100261 app:id/container_list}--
D/BrowseRelativeLayout(12211): !!==!! BrowseRelativeLayout requestChildFocus
I/System.out(12211): !!==!! onChildViewHolderSelected
D/PageWithLoaderFragment(12211): onRowSelected. positon: 0  adapter size:25 mCacheVideoView:true
D/FocusHelper(12211): getScale scale:1.0989943 width:254 maxWidth:1632 minWidth:240
D/RemoteIME(  622): keycode: 19, realAction: false
V/youku_player_sdk_YoukuScreenView(12211): waterMarkEnableProcess 
D/InputEventConsistencyVerifier(12211): KeyEvent: ACTION_UP but key was not down.
D/InputEventConsistencyVerifier(12211):   in com.tv.ui.view.RowContainerView{43dfae98 V.E..... .......D 0,-564-1920,335}
D/InputEventConsistencyVerifier(12211):   0: sent at 2552475000000, KeyEvent { action=ACTION_UP, keyCode=KEYCODE_DPAD_UP, scanCode=103, metaState=0, flags=0x8, repeatCount=0, eventTime=2552475, downTime=2552395, deviceId=1, source=0x101 }
D/InputEventConsistencyVerifier(12211):   -- recent events --
D/InputEventConsistencyVerifier(12211):   1: sent at 2540995000000, (unhandled) KeyEvent { action=ACTION_DOWN, keyCode=KEYCODE_DPAD_DOWN, scanCode=108, metaState=0, flags=0x8, repeatCount=0, eventTime=2540995, downTime=2540995, deviceId=1, source=0x101 }
D/InputEventConsistencyVerifier(12211):   2: sent at 2540867000000, (unhandled) KeyEvent { action=ACTION_UP, keyCode=KEYCODE_DPAD_DOWN, scanCode=108, metaState=0, flags=0x8, repeatCount=0, eventTime=2540867, downTime=2540747, deviceId=1, source=0x101 }
D/InputEventConsistencyVerifier(12211):   3: sent at 2540747000000, (unhandled) KeyEvent { action=ACTION_DOWN, keyCode=KEYCODE_DPAD_DOWN, scanCode=108, metaState=0, flags=0x8, repeatCount=0, eventTime=2540747, downTime=2540747, deviceId=1, source=0x101 }
D/InputEventConsistencyVerifier(12211):   4: sent at 2540595000000, (unhandled) KeyEvent { action=ACTION_UP, keyCode=KEYCODE_DPAD_DOWN, scanCode=108, metaState=0, flags=0x8, repeatCount=0, eventTime=2540595, downTime=2540475, deviceId=1, source=0x101 }
D/InputEventConsistencyVerifier(12211):   5: sent at 2540475000000, (unhandled) KeyEvent { action=ACTION_DOWN, keyCode=KEYCODE_DPAD_DOWN, scanCode=108, metaState=0, flags=0x8, repeatCount=0, eventTime=2540475, downTime=2540475, deviceId=1, source=0x101 }
D/BrowseRelativeLayout(12211): !!==!! BrowseRelativeLayout dispatchKeyEvent false
V/youku_player_sdk_YoukuVideoPlayer(12211): isPlaybackState state : 8912900
E/PlayerControlFragment(12211): ygd hideBottomBar........................
D/RemoteIME(  622): onFinishInput.
D/RemoteIME(  622): onStartInput  ccontentType: 0 Restarting:false
D/RemoteIME(  622): [requestInputWithHkb] estimate if number...
D/RemoteIME(  622): [requestInputWithHkb] mEditorInfo is: android.view.inputmethod.EditorInfo@4195d938
V/youku_player_sdk_YoukuVideoPlayer(12211): isPlaybackState state : 8912900
E/PlayerControlFragment(12211): ygd hideBottomBar........................
D/WindowManager(  466): action = 0
D/WindowManager(  466): hyq is down event 
D/WindowManager(  466): hyq lasteventDownTime=0
D/WindowManager(  466): hyq getEventTime()=2552891
I/com.app.core(  709): Hua.Wong......runWhenKeyPressed 
D/smy_FeedbackReceiver( 2179): one mLastPressBackTime = 2546647
D/smy_FeedbackReceiver( 2179): keyCode = 19
W/ContextImpl(  466): Calling a method in the system process without a qualified user: android.app.ContextImpl.sendBroadcast:1138 com.android.internal.policy.impl.PhoneWindowManager.interceptKeyBeforeQueueing:4448 com.android.server.wm.InputMonitor.interceptKeyBeforeQueueing:357 com.android.server.input.InputManagerService.interceptKeyBeforeQueueing:1332 dalvik.system.NativeStart.run:-2 
D/RemoteIME(  622): keycode: 19, realAction: true
D/BrowseRelativeLayout(12211): !!==!! BrowseRelativeLayout dispatchKeyEvent false
D/BrowseRelativeLayout(12211): !!==!! BrowseRelativeLayout focusSearch  33 com.tv.ui.presenter.DetailMediaBlockInnerPlayNewPresenter$6@41af0200 focused:android.widget.FrameLayout{43e35570 VFE..... .FS..... 0,0-150,70 #7f10015e app:id/item_layout}
D/BrowseRelativeLayout(12211): !!==!! focusSearch 1111 dalvik.system.VMStack.getThreadStackTrace(Native Method)
D/BrowseRelativeLayout(12211): !!==!! focusSearch 1111 java.lang.Thread.getStackTrace(Thread.java:579)
D/BrowseRelativeLayout(12211): !!==!! focusSearch 1111 com.tv.ui.widget.BrowseRelativeLayout.focusSearch(BrowseRelativeLayout.java:79)
D/BrowseRelativeLayout(12211): !!==!! focusSearch 1111 android.view.ViewGroup.focusSearch(ViewGroup.java:683)
D/BrowseRelativeLayout(12211): !!==!! focusSearch 1111 android.view.ViewGroup.focusSearch(ViewGroup.java:683)
D/BrowseRelativeLayout(12211): !!==!! focusSearch 1111 android.support.v17.leanback.widget.GridLayoutManager.onInterceptFocusSearch(GridLayoutManager.java:2804)
D/BrowseRelativeLayout(12211): !!==!! focusSearch 1111 android.support.v7.widget.RecyclerView.focusSearch(RecyclerView.java:2165)
D/BrowseRelativeLayout(12211): !!==!! focusSearch 1111 android.view.View.focusSearch(View.java:6622)
D/BrowseRelativeLayout(12211): !!==!! focusSearch 1111 android.view.ViewRootImpl$ViewPostImeInputStage.processKeyEvent(ViewRootImpl.java:3996)
D/BrowseRelativeLayout(12211): !!==!! focusSearch 1111 android.view.ViewRootImpl$ViewPostImeInputStage.onProcess(ViewRootImpl.java:3906)
D/BrowseRelativeLayout(12211): !!==!! focusSearch 1111 android.view.ViewRootImpl$InputStage.deliver(ViewRootImpl.java:3479)
D/BrowseRelativeLayout(12211): !!==!! focusSearch 1111 android.view.ViewRootImpl$InputStage.onDeliverToNext(ViewRootImpl.java:3529)
D/BrowseRelativeLayout(12211): !!==!! focusSearch 1111 android.view.ViewRootImpl$InputStage.forward(ViewRootImpl.java:3498)
D/BrowseRelativeLayout(12211): !!==!! focusSearch 1111 android.view.ViewRootImpl$AsyncInputStage.forward(ViewRootImpl.java:3605)
D/BrowseRelativeLayout(12211): !!==!! focusSearch 1111 android.view.ViewRootImpl$InputStage.apply(ViewRootImpl.java:3506)
D/BrowseRelativeLayout(12211): !!==!! focusSearch 1111 android.view.ViewRootImpl$AsyncInputStage.apply(ViewRootImpl.java:3662)
D/BrowseRelativeLayout(12211): !!==!! focusSearch 1111 android.view.ViewRootImpl$InputStage.deliver(ViewRootImpl.java:3479)
D/BrowseRelativeLayout(12211): !!==!! focusSearch 1111 android.view.ViewRootImpl$InputStage.onDeliverToNext(ViewRootImpl.java:3529)
D/BrowseRelativeLayout(12211): !!==!! focusSearch 1111 android.view.ViewRootImpl$InputStage.forward(ViewRootImpl.java:3498)
D/BrowseRelativeLayout(12211): !!==!! focusSearch 1111 android.view.ViewRootImpl$InputStage.apply(ViewRootImpl.java:3506)
D/BrowseRelativeLayout(12211): !!==!! focusSearch 1111 android.view.ViewRootImpl$InputStage.deliver(ViewRootImpl.java:3479)
D/BrowseRelativeLayout(12211): !!==!! focusSearch 1111 android.view.ViewRootImpl$InputStage.onDeliverToNext(ViewRootImpl.java:3529)
D/BrowseRelativeLayout(12211): !!==!! focusSearch 1111 android.view.ViewRootImpl$InputStage.forward(ViewRootImpl.java:3498)
D/BrowseRelativeLayout(12211): !!==!! focusSearch 1111 android.view.ViewRootImpl$AsyncInputStage.forward(ViewRootImpl.java:3638)
D/BrowseRelativeLayout(12211): !!==!! focusSearch 1111 android.view.ViewRootImpl$ImeInputStage.onFinishedInputEvent(ViewRootImpl.java:3798)
D/BrowseRelativeLayout(12211): !!==!! focusSearch 1111 android.view.inputmethod.InputMethodManager$PendingEvent.run(InputMethodManager.java:2010)
D/BrowseRelativeLayout(12211): !!==!! focusSearch 1111 android.view.inputmethod.InputMethodManager.invokeFinishedInputEventCallback(InputMethodManager.java:1704)
D/BrowseRelativeLayout(12211): !!==!! focusSearch 1111 android.view.inputmethod.InputMethodManager.finishedInputEvent(InputMethodManager.java:1695)
D/BrowseRelativeLayout(12211): !!==!! focusSearch 1111 android.view.inputmethod.InputMethodManager$ImeInputEventSender.onInputEventFinished(InputMethodManager.java:1987)
D/BrowseRelativeLayout(12211): !!==!! focusSearch 1111 android.view.InputEventSender.dispatchInputEventFinished(InputEventSender.java:141)
D/BrowseRelativeLayout(12211): !!==!! focusSearch 1111 android.os.MessageQueue.nativePollOnce(Native Method)
D/BrowseRelativeLayout(12211): !!==!! focusSearch 1111 android.os.MessageQueue.next(MessageQueue.java:138)
D/BrowseRelativeLayout(12211): !!==!! focusSearch 1111 android.os.Looper.loop(Looper.java:123)
D/BrowseRelativeLayout(12211): !!==!! focusSearch 1111 android.app.ActivityThread.main(ActivityThread.java:5017)
D/BrowseRelativeLayout(12211): !!==!! focusSearch 1111 java.lang.reflect.Method.invokeNative(Native Method)
D/BrowseRelativeLayout(12211): !!==!! focusSearch 1111 java.lang.reflect.Method.invoke(Method.java:515)
D/BrowseRelativeLayout(12211): !!==!! focusSearch 1111 com.android.internal.os.ZygoteInit$MethodAndArgsCaller.run(ZygoteInit.java:794)
D/BrowseRelativeLayout(12211): !!==!! focusSearch 1111 com.android.internal.os.ZygoteInit.main(ZygoteInit.java:610)
D/BrowseRelativeLayout(12211): !!==!! focusSearch 1111 dalvik.system.NativeStart.main(Native Method)
D/DetailMediaBlockInnerPlayNewPresenter(12211): onFocusSearch:android.widget.FrameLayout{43e35570 VFE..... .FS..... 0,0-150,70 #7f10015e app:id/item_layout}--33
D/BrowseRelativeLayout(12211): !!==!! BrowseRelativeLayout requestChildFocus
D/FocusHelper(12211): getScale scale:1.1 width:240 maxWidth:1632 minWidth:240
D/SeriesLayoutNew(12211): titlePosition--0--selectedPosition:0
D/SeriesLayoutNew(12211): titlePosition:0--lastSelect:0--isSelect:0
D/RemoteIME(  622): onFinishInput.
D/RemoteIME(  622): onStartInput  ccontentType: 0 Restarting:false
D/RemoteIME(  622): [requestInputWithHkb] estimate if number...
D/RemoteIME(  622): [requestInputWithHkb] mEditorInfo is: android.view.inputmethod.EditorInfo@4195e040
D/WindowManager(  466): action = 1
D/WindowManager(  466): hyq lasteventDownTime=0
D/WindowManager(  466): hyq getEventTime()=2553003
D/WindowManager(  466): hyq lasteventDownTime=2552891
D/WindowManager(  466): hyq getEventTime()=2553003
E/WindowManager(  466): smy interceptKeyBeforeDispatching up !!! 
E/WindowManager(  466): smy interceptKeyBeforeDispatching up !!! screensaverDelay = -1
E/WindowManager(  466): smy interceptKeyBeforeDispatching up !!! sleepDelay = -1
D/RemoteIME(  622): keycode: 19, realAction: false
D/InputEventConsistencyVerifier(12211): KeyEvent: ACTION_UP but key was not down.
D/InputEventConsistencyVerifier(12211):   in android.support.v17.leanback.widget.HorizontalGridView{43df7fe8 VFE..... ........ 0,0-1805,120 #7f100157 app:id/detail_series_content}
D/InputEventConsistencyVerifier(12211):   0: sent at 2553003000000, KeyEvent { action=ACTION_UP, keyCode=KEYCODE_DPAD_UP, scanCode=103, metaState=0, flags=0x8, repeatCount=0, eventTime=2553003, downTime=2552891, deviceId=1, source=0x101 }
D/InputEventConsistencyVerifier(12211):   -- recent events --
D/InputEventConsistencyVerifier(12211):   1: sent at 2540747000000, (unhandled) KeyEvent { action=ACTION_DOWN, keyCode=KEYCODE_DPAD_DOWN, scanCode=108, metaState=0, flags=0x8, repeatCount=0, eventTime=2540747, downTime=2540747, deviceId=1, source=0x101 }
D/InputEventConsistencyVerifier(12211):   2: sent at 2540595000000, (unhandled) KeyEvent { action=ACTION_UP, keyCode=KEYCODE_DPAD_DOWN, scanCode=108, metaState=0, flags=0x80000008, repeatCount=0, eventTime=2540595, downTime=2540475, deviceId=1, source=0x101 }
D/BrowseRelativeLayout(12211): !!==!! BrowseRelativeLayout dispatchKeyEvent false
D/WindowManager(  466): action = 0
D/WindowManager(  466): hyq is down event 
D/WindowManager(  466): hyq lasteventDownTime=0
D/WindowManager(  466): hyq getEventTime()=2553307
I/com.app.core(  709): Hua.Wong......runWhenKeyPressed 
D/RemoteIME(  622): keycode: 19, realAction: true
D/smy_FeedbackReceiver( 2179): one mLastPressBackTime = 2546647
D/smy_FeedbackReceiver( 2179): keyCode = 19
D/BrowseRelativeLayout(12211): !!==!! BrowseRelativeLayout dispatchKeyEvent false
D/BrowseRelativeLayout(12211): !!==!! BrowseRelativeLayout focusSearch  33 com.tv.ui.presenter.DetailMediaBlockInnerPlayNewPresenter$6@41af0200 focused:android.widget.RelativeLayout{4406f0b8 VFE...C. .FS..... 0,0-240,120 #7f100158 app:id/detail_series_item_layout}
D/BrowseRelativeLayout(12211): !!==!! focusSearch 1111 dalvik.system.VMStack.getThreadStackTrace(Native Method)
D/BrowseRelativeLayout(12211): !!==!! focusSearch 1111 java.lang.Thread.getStackTrace(Thread.java:579)
D/BrowseRelativeLayout(12211): !!==!! focusSearch 1111 com.tv.ui.widget.BrowseRelativeLayout.focusSearch(BrowseRelativeLayout.java:79)
D/BrowseRelativeLayout(12211): !!==!! focusSearch 1111 android.view.ViewGroup.focusSearch(ViewGroup.java:683)
D/BrowseRelativeLayout(12211): !!==!! focusSearch 1111 android.view.ViewGroup.focusSearch(ViewGroup.java:683)
D/BrowseRelativeLayout(12211): !!==!! focusSearch 1111 android.support.v17.leanback.widget.GridLayoutManager.onInterceptFocusSearch(GridLayoutManager.java:2804)
D/BrowseRelativeLayout(12211): !!==!! focusSearch 1111 android.support.v7.widget.RecyclerView.focusSearch(RecyclerView.java:2165)
D/BrowseRelativeLayout(12211): !!==!! focusSearch 1111 android.view.View.focusSearch(View.java:6622)
D/BrowseRelativeLayout(12211): !!==!! focusSearch 1111 android.view.ViewRootImpl$ViewPostImeInputStage.processKeyEvent(ViewRootImpl.java:3996)
D/BrowseRelativeLayout(12211): !!==!! focusSearch 1111 android.view.ViewRootImpl$ViewPostImeInputStage.onProcess(ViewRootImpl.java:3906)
D/BrowseRelativeLayout(12211): !!==!! focusSearch 1111 android.view.ViewRootImpl$InputStage.deliver(ViewRootImpl.java:3479)
D/BrowseRelativeLayout(12211): !!==!! focusSearch 1111 android.view.ViewRootImpl$InputStage.onDeliverToNext(ViewRootImpl.java:3529)
D/BrowseRelativeLayout(12211): !!==!! focusSearch 1111 android.view.ViewRootImpl$InputStage.forward(ViewRootImpl.java:3498)
D/BrowseRelativeLayout(12211): !!==!! focusSearch 1111 android.view.ViewRootImpl$AsyncInputStage.forward(ViewRootImpl.java:3605)
D/BrowseRelativeLayout(12211): !!==!! focusSearch 1111 android.view.ViewRootImpl$InputStage.apply(ViewRootImpl.java:3506)
D/BrowseRelativeLayout(12211): !!==!! focusSearch 1111 android.view.ViewRootImpl$AsyncInputStage.apply(ViewRootImpl.java:3662)
D/BrowseRelativeLayout(12211): !!==!! focusSearch 1111 android.view.ViewRootImpl$InputStage.deliver(ViewRootImpl.java:3479)
D/BrowseRelativeLayout(12211): !!==!! focusSearch 1111 android.view.ViewRootImpl$InputStage.onDeliverToNext(ViewRootImpl.java:3529)
D/BrowseRelativeLayout(12211): !!==!! focusSearch 1111 android.view.ViewRootImpl$InputStage.forward(ViewRootImpl.java:3498)
D/BrowseRelativeLayout(12211): !!==!! focusSearch 1111 android.view.ViewRootImpl$InputStage.apply(ViewRootImpl.java:3506)
D/BrowseRelativeLayout(12211): !!==!! focusSearch 1111 android.view.ViewRootImpl$InputStage.deliver(ViewRootImpl.java:3479)
D/BrowseRelativeLayout(12211): !!==!! focusSearch 1111 android.view.ViewRootImpl$InputStage.onDeliverToNext(ViewRootImpl.java:3529)
D/BrowseRelativeLayout(12211): !!==!! focusSearch 1111 android.view.ViewRootImpl$InputStage.forward(ViewRootImpl.java:3498)
D/BrowseRelativeLayout(12211): !!==!! focusSearch 1111 android.view.ViewRootImpl$AsyncInputStage.forward(ViewRootImpl.java:3638)
D/BrowseRelativeLayout(12211): !!==!! focusSearch 1111 android.view.ViewRootImpl$ImeInputStage.onFinishedInputEvent(ViewRootImpl.java:3798)
D/BrowseRelativeLayout(12211): !!==!! focusSearch 1111 android.view.inputmethod.InputMethodManager$PendingEvent.run(InputMethodManager.java:2010)
D/BrowseRelativeLayout(12211): !!==!! focusSearch 1111 android.view.inputmethod.InputMethodManager.invokeFinishedInputEventCallback(InputMethodManager.java:1704)
D/BrowseRelativeLayout(12211): !!==!! focusSearch 1111 android.view.inputmethod.InputMethodManager.finishedInputEvent(InputMethodManager.java:1695)
D/BrowseRelativeLayout(12211): !!==!! focusSearch 1111 android.view.inputmethod.InputMethodManager$ImeInputEventSender.onInputEventFinished(InputMethodManager.java:1987)
D/BrowseRelativeLayout(12211): !!==!! focusSearch 1111 android.view.InputEventSender.dispatchInputEventFinished(InputEventSender.java:141)
D/BrowseRelativeLayout(12211): !!==!! focusSearch 1111 android.os.MessageQueue.nativePollOnce(Native Method)
D/BrowseRelativeLayout(12211): !!==!! focusSearch 1111 android.os.MessageQueue.next(MessageQueue.java:138)
D/BrowseRelativeLayout(12211): !!==!! focusSearch 1111 android.os.Looper.loop(Looper.java:123)
D/BrowseRelativeLayout(12211): !!==!! focusSearch 1111 android.app.ActivityThread.main(ActivityThread.java:5017)
D/BrowseRelativeLayout(12211): !!==!! focusSearch 1111 java.lang.reflect.Method.invokeNative(Native Method)
D/BrowseRelativeLayout(12211): !!==!! focusSearch 1111 java.lang.reflect.Method.invoke(Method.java:515)
D/BrowseRelativeLayout(12211): !!==!! focusSearch 1111 com.android.internal.os.ZygoteInit$MethodAndArgsCaller.run(ZygoteInit.java:794)
D/BrowseRelativeLayout(12211): !!==!! focusSearch 1111 com.android.internal.os.ZygoteInit.main(ZygoteInit.java:610)
D/BrowseRelativeLayout(12211): !!==!! focusSearch 1111 dalvik.system.NativeStart.main(Native Method)
D/DetailMediaBlockInnerPlayNewPresenter(12211): onFocusSearch:android.widget.RelativeLayout{4406f0b8 VFE...C. .FS..... 0,0-240,120 #7f100158 app:id/detail_series_item_layout}--33
D/BrowseRelativeLayout(12211): !!==!! BrowseRelativeLayout requestChildFocus
D/FocusHelper(12211): getScale scale:1.1 width:240 maxWidth:1632 minWidth:240
W/ContextImpl(  466): Calling a method in the system process without a qualified user: android.app.ContextImpl.sendBroadcast:1138 com.android.internal.policy.impl.PhoneWindowManager.interceptKeyBeforeQueueing:4448 com.android.server.wm.InputMonitor.interceptKeyBeforeQueueing:357 com.android.server.input.InputManagerService.interceptKeyBeforeQueueing:1332 dalvik.system.NativeStart.run:-2 
D/RemoteIME(  622): onFinishInput.
D/RemoteIME(  622): onStartInput  ccontentType: 0 Restarting:false
D/RemoteIME(  622): [requestInputWithHkb] estimate if number...
D/RemoteIME(  622): [requestInputWithHkb] mEditorInfo is: android.view.inputmethod.EditorInfo@4195e8b8
D/WindowManager(  466): action = 1
D/WindowManager(  466): hyq lasteventDownTime=0
D/WindowManager(  466): hyq getEventTime()=2553412
D/WindowManager(  466): hyq lasteventDownTime=2553307
D/WindowManager(  466): hyq getEventTime()=2553412
E/WindowManager(  466): smy interceptKeyBeforeDispatching up !!! 
E/WindowManager(  466): smy interceptKeyBeforeDispatching up !!! screensaverDelay = -1
E/WindowManager(  466): smy interceptKeyBeforeDispatching up !!! sleepDelay = -1
D/RemoteIME(  622): keycode: 19, realAction: false
D/InputEventConsistencyVerifier(12211): KeyEvent: ACTION_UP but key was not down.
D/InputEventConsistencyVerifier(12211):   in android.widget.ImageView{43dc55c0 VFED..C. .F...... -55,11-949,624 #7f100141 app:id/detail_content_bg}
D/InputEventConsistencyVerifier(12211):   0: sent at 2553412000000, KeyEvent { action=ACTION_UP, keyCode=KEYCODE_DPAD_UP, scanCode=103, metaState=0, flags=0x8, repeatCount=0, eventTime=2553412, downTime=2553307, deviceId=1, source=0x101 }
D/InputEventConsistencyVerifier(12211):   -- recent events --
D/InputEventConsistencyVerifier(12211):   1: sent at 2540475000000, (unhandled) KeyEvent { action=ACTION_DOWN, keyCode=KEYCODE_DPAD_DOWN, scanCode=108, metaState=0, flags=0x8, repeatCount=0, eventTime=2540475, downTime=2540475, deviceId=1, source=0x101 }
D/BrowseRelativeLayout(12211): !!==!! BrowseRelativeLayout dispatchKeyEvent false
D/WindowManager(  466): action = 0
D/WindowManager(  466): hyq is down event 
W/ContextImpl(  466): Calling a method in the system process without a qualified user: android.app.ContextImpl.sendBroadcast:1138 com.android.internal.policy.impl.PhoneWindowManager.interceptKeyBeforeQueueing:4448 com.android.server.wm.InputMonitor.interceptKeyBeforeQueueing:357 com.android.server.input.InputManagerService.interceptKeyBeforeQueueing:1332 dalvik.system.NativeStart.run:-2 
D/WindowManager(  466): hyq lasteventDownTime=0
D/WindowManager(  466): hyq getEventTime()=2553692
D/RemoteIME(  622): keycode: 20, realAction: true
D/BrowseRelativeLayout(12211): !!==!! BrowseRelativeLayout dispatchKeyEvent false
I/com.app.core(  709): Hua.Wong......runWhenKeyPressed 
D/BrowseRelativeLayout(12211): !!==!! BrowseRelativeLayout focusSearch  130 com.tv.ui.presenter.DetailMediaBlockInnerPlayNewPresenter$6@41af0200 focused:android.widget.ImageView{43dc55c0 VFED..C. .F...... -55,11-949,624 #7f100141 app:id/detail_content_bg}
D/smy_FeedbackReceiver( 2179): one mLastPressBackTime = 2546647
D/smy_FeedbackReceiver( 2179): keyCode = 20
D/smy_FeedbackReceiver( 2179): curPressBackTime - mLastPressBackTime = 7058, mBackPressCounts = 1
D/smy_FeedbackReceiver( 2179): mLastPressBackTime = 2553705
D/BrowseRelativeLayout(12211): !!==!! focusSearch 1111 dalvik.system.VMStack.getThreadStackTrace(Native Method)
D/BrowseRelativeLayout(12211): !!==!! focusSearch 1111 java.lang.Thread.getStackTrace(Thread.java:579)
D/BrowseRelativeLayout(12211): !!==!! focusSearch 1111 com.tv.ui.widget.BrowseRelativeLayout.focusSearch(BrowseRelativeLayout.java:79)
D/BrowseRelativeLayout(12211): !!==!! focusSearch 1111 android.view.View.focusSearch(View.java:6622)
D/BrowseRelativeLayout(12211): !!==!! focusSearch 1111 android.view.ViewRootImpl$ViewPostImeInputStage.processKeyEvent(ViewRootImpl.java:3996)
D/BrowseRelativeLayout(12211): !!==!! focusSearch 1111 android.view.ViewRootImpl$ViewPostImeInputStage.onProcess(ViewRootImpl.java:3906)
D/BrowseRelativeLayout(12211): !!==!! focusSearch 1111 android.view.ViewRootImpl$InputStage.deliver(ViewRootImpl.java:3479)
D/BrowseRelativeLayout(12211): !!==!! focusSearch 1111 android.view.ViewRootImpl$InputStage.onDeliverToNext(ViewRootImpl.java:3529)
D/BrowseRelativeLayout(12211): !!==!! focusSearch 1111 android.view.ViewRootImpl$InputStage.forward(ViewRootImpl.java:3498)
D/BrowseRelativeLayout(12211): !!==!! focusSearch 1111 android.view.ViewRootImpl$AsyncInputStage.forward(ViewRootImpl.java:3605)
D/BrowseRelativeLayout(12211): !!==!! focusSearch 1111 android.view.ViewRootImpl$InputStage.apply(ViewRootImpl.java:3506)
D/BrowseRelativeLayout(12211): !!==!! focusSearch 1111 android.view.ViewRootImpl$AsyncInputStage.apply(ViewRootImpl.java:3662)
D/BrowseRelativeLayout(12211): !!==!! focusSearch 1111 android.view.ViewRootImpl$InputStage.deliver(ViewRootImpl.java:3479)
D/BrowseRelativeLayout(12211): !!==!! focusSearch 1111 android.view.ViewRootImpl$InputStage.onDeliverToNext(ViewRootImpl.java:3529)
D/BrowseRelativeLayout(12211): !!==!! focusSearch 1111 android.view.ViewRootImpl$InputStage.forward(ViewRootImpl.java:3498)
D/BrowseRelativeLayout(12211): !!==!! focusSearch 1111 android.view.ViewRootImpl$InputStage.apply(ViewRootImpl.java:3506)
D/BrowseRelativeLayout(12211): !!==!! focusSearch 1111 android.view.ViewRootImpl$InputStage.deliver(ViewRootImpl.java:3479)
D/BrowseRelativeLayout(12211): !!==!! focusSearch 1111 android.view.ViewRootImpl$InputStage.onDeliverToNext(ViewRootImpl.java:3529)
D/BrowseRelativeLayout(12211): !!==!! focusSearch 1111 android.view.ViewRootImpl$InputStage.forward(ViewRootImpl.java:3498)
D/BrowseRelativeLayout(12211): !!==!! focusSearch 1111 android.view.ViewRootImpl$AsyncInputStage.forward(ViewRootImpl.java:3638)
D/BrowseRelativeLayout(12211): !!==!! focusSearch 1111 android.view.ViewRootImpl$ImeInputStage.onFinishedInputEvent(ViewRootImpl.java:3798)
D/BrowseRelativeLayout(12211): !!==!! focusSearch 1111 android.view.inputmethod.InputMethodManager$PendingEvent.run(InputMethodManager.java:2010)
D/BrowseRelativeLayout(12211): !!==!! focusSearch 1111 android.view.inputmethod.InputMethodManager.invokeFinishedInputEventCallback(InputMethodManager.java:1704)
D/BrowseRelativeLayout(12211): !!==!! focusSearch 1111 android.view.inputmethod.InputMethodManager.finishedInputEvent(InputMethodManager.java:1695)
D/BrowseRelativeLayout(12211): !!==!! focusSearch 1111 android.view.inputmethod.InputMethodManager$ImeInputEventSender.onInputEventFinished(InputMethodManager.java:1987)
D/BrowseRelativeLayout(12211): !!==!! focusSearch 1111 android.view.InputEventSender.dispatchInputEventFinished(InputEventSender.java:141)
D/BrowseRelativeLayout(12211): !!==!! focusSearch 1111 android.os.MessageQueue.nativePollOnce(Native Method)
D/BrowseRelativeLayout(12211): !!==!! focusSearch 1111 android.os.MessageQueue.next(MessageQueue.java:138)
D/BrowseRelativeLayout(12211): !!==!! focusSearch 1111 android.os.Looper.loop(Looper.java:123)
D/BrowseRelativeLayout(12211): !!==!! focusSearch 1111 android.app.ActivityThread.main(ActivityThread.java:5017)
D/BrowseRelativeLayout(12211): !!==!! focusSearch 1111 java.lang.reflect.Method.invokeNative(Native Method)
D/BrowseRelativeLayout(12211): !!==!! focusSearch 1111 java.lang.reflect.Method.invoke(Method.java:515)
D/BrowseRelativeLayout(12211): !!==!! focusSearch 1111 com.android.internal.os.ZygoteInit$MethodAndArgsCaller.run(ZygoteInit.java:794)
D/BrowseRelativeLayout(12211): !!==!! focusSearch 1111 com.android.internal.os.ZygoteInit.main(ZygoteInit.java:610)
D/BrowseRelativeLayout(12211): !!==!! focusSearch 1111 dalvik.system.NativeStart.main(Native Method)
D/DetailMediaBlockInnerPlayNewPresenter(12211): onFocusSearch:android.widget.ImageView{43dc55c0 VFED..C. .F...... -55,11-949,624 #7f100141 app:id/detail_content_bg}--130
D/BrowseRelativeLayout(12211): !!==!! BrowseRelativeLayout requestChildFocus
D/FocusHelper(12211): getScale scale:1.1 width:240 maxWidth:1632 minWidth:240
D/SeriesLayoutNew(12211): titlePosition--0--selectedPosition:0
D/SeriesLayoutNew(12211): titlePosition:0--lastSelect:0--isSelect:0
D/RemoteIME(  622): onFinishInput.
D/RemoteIME(  622): onStartInput  ccontentType: 0 Restarting:false
D/RemoteIME(  622): [requestInputWithHkb] estimate if number...
D/RemoteIME(  622): [requestInputWithHkb] mEditorInfo is: android.view.inputmethod.EditorInfo@4195f130
D/WindowManager(  466): action = 1
D/WindowManager(  466): hyq lasteventDownTime=0
D/WindowManager(  466): hyq getEventTime()=2553812
D/WindowManager(  466): hyq lasteventDownTime=2553692
D/WindowManager(  466): hyq getEventTime()=2553812
E/WindowManager(  466): smy interceptKeyBeforeDispatching up !!! 
E/WindowManager(  466): smy interceptKeyBeforeDispatching up !!! screensaverDelay = -1
E/WindowManager(  466): smy interceptKeyBeforeDispatching up !!! sleepDelay = -1
D/RemoteIME(  622): keycode: 20, realAction: false
D/InputEventConsistencyVerifier(12211): KeyEvent: ACTION_UP but key was not down.
D/InputEventConsistencyVerifier(12211):   in android.widget.RelativeLayout{4406f0b8 VFE...C. .FS..... 0,0-240,120 #7f100158 app:id/detail_series_item_layout}
D/InputEventConsistencyVerifier(12211):   0: sent at 2553812000000, KeyEvent { action=ACTION_UP, keyCode=KEYCODE_DPAD_DOWN, scanCode=108, metaState=0, flags=0x8, repeatCount=0, eventTime=2553812, downTime=2553692, deviceId=1, source=0x101 }
D/InputEventConsistencyVerifier(12211):   -- recent events --
D/InputEventConsistencyVerifier(12211):   1: sent at 2553307000000, (unhandled) KeyEvent { action=ACTION_DOWN, keyCode=KEYCODE_DPAD_UP, scanCode=103, metaState=0, flags=0x8, repeatCount=0, eventTime=2553307, downTime=2553307, deviceId=1, source=0x101 }
D/InputEventConsistencyVerifier(12211):   2: sent at 2553003000000, (unhandled) KeyEvent { action=ACTION_UP, keyCode=KEYCODE_DPAD_UP, scanCode=103, metaState=0, flags=0x80000008, repeatCount=0, eventTime=2553003, downTime=2552891, deviceId=1, source=0x101 }
D/BrowseRelativeLayout(12211): !!==!! BrowseRelativeLayout dispatchKeyEvent false
D/WindowManager(  466): action = 0
W/ContextImpl(  466): Calling a method in the system process without a qualified user: android.app.ContextImpl.sendBroadcast:1138 com.android.internal.policy.impl.PhoneWindowManager.interceptKeyBeforeQueueing:4448 com.android.server.wm.InputMonitor.interceptKeyBeforeQueueing:357 com.android.server.input.InputManagerService.interceptKeyBeforeQueueing:1332 dalvik.system.NativeStart.run:-2 
D/WindowManager(  466): hyq is down event 
D/WindowManager(  466): hyq lasteventDownTime=0
D/WindowManager(  466): hyq getEventTime()=2553924
I/com.app.core(  709): Hua.Wong......runWhenKeyPressed 
D/smy_FeedbackReceiver( 2179): one mLastPressBackTime = 2553705
D/smy_FeedbackReceiver( 2179): keyCode = 20
D/RemoteIME(  622): keycode: 20, realAction: true
D/smy_FeedbackReceiver( 2179): mBackPressCounts = 2
D/smy_FeedbackReceiver( 2179): mLastPressBackTime = 2553937
D/BrowseRelativeLayout(12211): !!==!! BrowseRelativeLayout dispatchKeyEvent false
D/BrowseRelativeLayout(12211): !!==!! BrowseRelativeLayout focusSearch  130 com.tv.ui.presenter.DetailMediaBlockInnerPlayNewPresenter$6@41af0200 focused:android.widget.RelativeLayout{4406f0b8 VFE...C. .FS..... 0,0-240,120 #7f100158 app:id/detail_series_item_layout}
D/BrowseRelativeLayout(12211): !!==!! focusSearch 1111 dalvik.system.VMStack.getThreadStackTrace(Native Method)
D/BrowseRelativeLayout(12211): !!==!! focusSearch 1111 java.lang.Thread.getStackTrace(Thread.java:579)
D/BrowseRelativeLayout(12211): !!==!! focusSearch 1111 com.tv.ui.widget.BrowseRelativeLayout.focusSearch(BrowseRelativeLayout.java:79)
D/BrowseRelativeLayout(12211): !!==!! focusSearch 1111 android.view.ViewGroup.focusSearch(ViewGroup.java:683)
D/BrowseRelativeLayout(12211): !!==!! focusSearch 1111 android.view.ViewGroup.focusSearch(ViewGroup.java:683)
D/BrowseRelativeLayout(12211): !!==!! focusSearch 1111 android.support.v17.leanback.widget.GridLayoutManager.onInterceptFocusSearch(GridLayoutManager.java:2804)
D/BrowseRelativeLayout(12211): !!==!! focusSearch 1111 android.support.v7.widget.RecyclerView.focusSearch(RecyclerView.java:2165)
D/BrowseRelativeLayout(12211): !!==!! focusSearch 1111 android.view.View.focusSearch(View.java:6622)
D/BrowseRelativeLayout(12211): !!==!! focusSearch 1111 android.view.ViewRootImpl$ViewPostImeInputStage.processKeyEvent(ViewRootImpl.java:3996)
D/BrowseRelativeLayout(12211): !!==!! focusSearch 1111 android.view.ViewRootImpl$ViewPostImeInputStage.onProcess(ViewRootImpl.java:3906)
D/BrowseRelativeLayout(12211): !!==!! focusSearch 1111 android.view.ViewRootImpl$InputStage.deliver(ViewRootImpl.java:3479)
D/BrowseRelativeLayout(12211): !!==!! focusSearch 1111 android.view.ViewRootImpl$InputStage.onDeliverToNext(ViewRootImpl.java:3529)
D/BrowseRelativeLayout(12211): !!==!! focusSearch 1111 android.view.ViewRootImpl$InputStage.forward(ViewRootImpl.java:3498)
D/BrowseRelativeLayout(12211): !!==!! focusSearch 1111 android.view.ViewRootImpl$AsyncInputStage.forward(ViewRootImpl.java:3605)
D/BrowseRelativeLayout(12211): !!==!! focusSearch 1111 android.view.ViewRootImpl$InputStage.apply(ViewRootImpl.java:3506)
D/BrowseRelativeLayout(12211): !!==!! focusSearch 1111 android.view.ViewRootImpl$AsyncInputStage.apply(ViewRootImpl.java:3662)
D/BrowseRelativeLayout(12211): !!==!! focusSearch 1111 android.view.ViewRootImpl$InputStage.deliver(ViewRootImpl.java:3479)
D/BrowseRelativeLayout(12211): !!==!! focusSearch 1111 android.view.ViewRootImpl$InputStage.onDeliverToNext(ViewRootImpl.java:3529)
D/BrowseRelativeLayout(12211): !!==!! focusSearch 1111 android.view.ViewRootImpl$InputStage.forward(ViewRootImpl.java:3498)
D/BrowseRelativeLayout(12211): !!==!! focusSearch 1111 android.view.ViewRootImpl$InputStage.apply(ViewRootImpl.java:3506)
D/BrowseRelativeLayout(12211): !!==!! focusSearch 1111 android.view.ViewRootImpl$InputStage.deliver(ViewRootImpl.java:3479)
D/BrowseRelativeLayout(12211): !!==!! focusSearch 1111 android.view.ViewRootImpl$InputStage.onDeliverToNext(ViewRootImpl.java:3529)
D/BrowseRelativeLayout(12211): !!==!! focusSearch 1111 android.view.ViewRootImpl$InputStage.forward(ViewRootImpl.java:3498)
D/BrowseRelativeLayout(12211): !!==!! focusSearch 1111 android.view.ViewRootImpl$AsyncInputStage.forward(ViewRootImpl.java:3638)
D/BrowseRelativeLayout(12211): !!==!! focusSearch 1111 android.view.ViewRootImpl$ImeInputStage.onFinishedInputEvent(ViewRootImpl.java:3798)
D/BrowseRelativeLayout(12211): !!==!! focusSearch 1111 android.view.inputmethod.InputMethodManager$PendingEvent.run(InputMethodManager.java:2010)
D/BrowseRelativeLayout(12211): !!==!! focusSearch 1111 android.view.inputmethod.InputMethodManager.invokeFinishedInputEventCallback(InputMethodManager.java:1704)
D/BrowseRelativeLayout(12211): !!==!! focusSearch 1111 android.view.inputmethod.InputMethodManager.finishedInputEvent(InputMethodManager.java:1695)
D/BrowseRelativeLayout(12211): !!==!! focusSearch 1111 android.view.inputmethod.InputMethodManager$ImeInputEventSender.onInputEventFinished(InputMethodManager.java:1987)
D/BrowseRelativeLayout(12211): !!==!! focusSearch 1111 android.view.InputEventSender.dispatchInputEventFinished(InputEventSender.java:141)
D/BrowseRelativeLayout(12211): !!==!! focusSearch 1111 android.os.MessageQueue.nativePollOnce(Native Method)
D/BrowseRelativeLayout(12211): !!==!! focusSearch 1111 android.os.MessageQueue.next(MessageQueue.java:138)
D/BrowseRelativeLayout(12211): !!==!! focusSearch 1111 android.os.Looper.loop(Looper.java:123)
D/BrowseRelativeLayout(12211): !!==!! focusSearch 1111 android.app.ActivityThread.main(ActivityThread.java:5017)
D/BrowseRelativeLayout(12211): !!==!! focusSearch 1111 java.lang.reflect.Method.invokeNative(Native Method)
D/BrowseRelativeLayout(12211): !!==!! focusSearch 1111 java.lang.reflect.Method.invoke(Method.java:515)
D/BrowseRelativeLayout(12211): !!==!! focusSearch 1111 com.android.internal.os.ZygoteInit$MethodAndArgsCaller.run(ZygoteInit.java:794)
D/BrowseRelativeLayout(12211): !!==!! focusSearch 1111 com.android.internal.os.ZygoteInit.main(ZygoteInit.java:610)
D/BrowseRelativeLayout(12211): !!==!! focusSearch 1111 dalvik.system.NativeStart.main(Native Method)
D/DetailMediaBlockInnerPlayNewPresenter(12211): onFocusSearch:android.widget.RelativeLayout{4406f0b8 VFE...C. .FS..... 0,0-240,120 #7f100158 app:id/detail_series_item_layout}--130
D/FocusHelper(12211): getScale scale:1.1 width:240 maxWidth:1632 minWidth:240
D/BrowseRelativeLayout(12211): !!==!! BrowseRelativeLayout requestChildFocus
D/RemoteIME(  622): onFinishInput.
D/RemoteIME(  622): onStartInput  ccontentType: 0 Restarting:false
D/RemoteIME(  622): [requestInputWithHkb] estimate if number...
D/RemoteIME(  622): [requestInputWithHkb] mEditorInfo is: android.view.inputmethod.EditorInfo@4195f9a8
D/WindowManager(  466): action = 1
D/WindowManager(  466): hyq lasteventDownTime=0
D/WindowManager(  466): hyq getEventTime()=2554027
D/WindowManager(  466): hyq lasteventDownTime=2553924
D/WindowManager(  466): hyq getEventTime()=2554027
E/WindowManager(  466): smy interceptKeyBeforeDispatching up !!! 
E/WindowManager(  466): smy interceptKeyBeforeDispatching up !!! screensaverDelay = -1
E/WindowManager(  466): smy interceptKeyBeforeDispatching up !!! sleepDelay = -1
D/RemoteIME(  622): keycode: 20, realAction: false
D/InputEventConsistencyVerifier(12211): KeyEvent: ACTION_UP but key was not down.
D/InputEventConsistencyVerifier(12211):   in android.widget.FrameLayout{43e35570 VFE..... .FS..... 0,0-150,70 #7f10015e app:id/item_layout}
D/InputEventConsistencyVerifier(12211):   0: sent at 2554027000000, KeyEvent { action=ACTION_UP, keyCode=KEYCODE_DPAD_DOWN, scanCode=108, metaState=0, flags=0x8, repeatCount=0, eventTime=2554027, downTime=2553924, deviceId=1, source=0x101 }
D/InputEventConsistencyVerifier(12211):   -- recent events --
D/InputEventConsistencyVerifier(12211):   1: sent at 2552891000000, (unhandled) KeyEvent { action=ACTION_DOWN, keyCode=KEYCODE_DPAD_UP, scanCode=103, metaState=0, flags=0x8, repeatCount=0, eventTime=2552891, downTime=2552891, deviceId=1, source=0x101 }
D/InputEventConsistencyVerifier(12211):   2: sent at 2552475000000, (unhandled) KeyEvent { action=ACTION_UP, keyCode=KEYCODE_DPAD_UP, scanCode=103, metaState=0, flags=0x80000008, repeatCount=0, eventTime=2552475, downTime=2552395, deviceId=1, source=0x101 }
D/BrowseRelativeLayout(12211): !!==!! BrowseRelativeLayout dispatchKeyEvent false
D/WindowManager(  466): action = 0
W/ContextImpl(  466): Calling a method in the system process without a qualified user: android.app.ContextImpl.sendBroadcast:1138 com.android.internal.policy.impl.PhoneWindowManager.interceptKeyBeforeQueueing:4448 com.android.server.wm.InputMonitor.interceptKeyBeforeQueueing:357 com.android.server.input.InputManagerService.interceptKeyBeforeQueueing:1332 dalvik.system.NativeStart.run:-2 
D/WindowManager(  466): hyq is down event 
D/WindowManager(  466): hyq lasteventDownTime=0
D/WindowManager(  466): hyq getEventTime()=2554124
I/com.app.core(  709): Hua.Wong......runWhenKeyPressed 
D/RemoteIME(  622): keycode: 20, realAction: true
D/BrowseRelativeLayout(12211): !!==!! BrowseRelativeLayout dispatchKeyEvent false
D/BrowseRelativeLayout(12211): !!==!! BrowseRelativeLayout focusSearch  130 com.tv.ui.presenter.DetailMediaBlockInnerPlayNewPresenter$6@41af0200 focused:android.widget.FrameLayout{43e35570 VFE..... .FS..... 0,0-150,70 #7f10015e app:id/item_layout}
D/smy_FeedbackReceiver( 2179): one mLastPressBackTime = 2553937
D/smy_FeedbackReceiver( 2179): keyCode = 20
D/smy_FeedbackReceiver( 2179): mBackPressCounts = 3
D/smy_FeedbackReceiver( 2179): start service
D/BrowseRelativeLayout(12211): !!==!! focusSearch 1111 dalvik.system.VMStack.getThreadStackTrace(Native Method)
D/BrowseRelativeLayout(12211): !!==!! focusSearch 1111 java.lang.Thread.getStackTrace(Thread.java:579)
D/BrowseRelativeLayout(12211): !!==!! focusSearch 1111 com.tv.ui.widget.BrowseRelativeLayout.focusSearch(BrowseRelativeLayout.java:79)
D/BrowseRelativeLayout(12211): !!==!! focusSearch 1111 android.view.ViewGroup.focusSearch(ViewGroup.java:683)
D/BrowseRelativeLayout(12211): !!==!! focusSearch 1111 android.view.ViewGroup.focusSearch(ViewGroup.java:683)
D/BrowseRelativeLayout(12211): !!==!! focusSearch 1111 android.support.v17.leanback.widget.GridLayoutManager.onInterceptFocusSearch(GridLayoutManager.java:2804)
D/BrowseRelativeLayout(12211): !!==!! focusSearch 1111 android.support.v7.widget.RecyclerView.focusSearch(RecyclerView.java:2165)
D/BrowseRelativeLayout(12211): !!==!! focusSearch 1111 android.view.View.focusSearch(View.java:6622)
D/BrowseRelativeLayout(12211): !!==!! focusSearch 1111 android.view.ViewRootImpl$ViewPostImeInputStage.processKeyEvent(ViewRootImpl.java:3996)
D/BrowseRelativeLayout(12211): !!==!! focusSearch 1111 android.view.ViewRootImpl$ViewPostImeInputStage.onProcess(ViewRootImpl.java:3906)
D/BrowseRelativeLayout(12211): !!==!! focusSearch 1111 android.view.ViewRootImpl$InputStage.deliver(ViewRootImpl.java:3479)
D/BrowseRelativeLayout(12211): !!==!! focusSearch 1111 android.view.ViewRootImpl$InputStage.onDeliverToNext(ViewRootImpl.java:3529)
D/BrowseRelativeLayout(12211): !!==!! focusSearch 1111 android.view.ViewRootImpl$InputStage.forward(ViewRootImpl.java:3498)
D/BrowseRelativeLayout(12211): !!==!! focusSearch 1111 android.view.ViewRootImpl$AsyncInputStage.forward(ViewRootImpl.java:3605)
D/BrowseRelativeLayout(12211): !!==!! focusSearch 1111 android.view.ViewRootImpl$InputStage.apply(ViewRootImpl.java:3506)
D/BrowseRelativeLayout(12211): !!==!! focusSearch 1111 android.view.ViewRootImpl$AsyncInputStage.apply(ViewRootImpl.java:3662)
D/BrowseRelativeLayout(12211): !!==!! focusSearch 1111 android.view.ViewRootImpl$InputStage.deliver(ViewRootImpl.java:3479)
D/BrowseRelativeLayout(12211): !!==!! focusSearch 1111 android.view.ViewRootImpl$InputStage.onDeliverToNext(ViewRootImpl.java:3529)
D/BrowseRelativeLayout(12211): !!==!! focusSearch 1111 android.view.ViewRootImpl$InputStage.forward(ViewRootImpl.java:3498)
D/BrowseRelativeLayout(12211): !!==!! focusSearch 1111 android.view.ViewRootImpl$InputStage.apply(ViewRootImpl.java:3506)
D/BrowseRelativeLayout(12211): !!==!! focusSearch 1111 android.view.ViewRootImpl$InputStage.deliver(ViewRootImpl.java:3479)
D/BrowseRelativeLayout(12211): !!==!! focusSearch 1111 android.view.ViewRootImpl$InputStage.onDeliverToNext(ViewRootImpl.java:3529)
D/BrowseRelativeLayout(12211): !!==!! focusSearch 1111 android.view.ViewRootImpl$InputStage.forward(ViewRootImpl.java:3498)
D/BrowseRelativeLayout(12211): !!==!! focusSearch 1111 android.view.ViewRootImpl$AsyncInputStage.forward(ViewRootImpl.java:3638)
D/smy_FeedbackReceiver( 2179): mLastPressBackTime = 2554136
D/BrowseRelativeLayout(12211): !!==!! focusSearch 1111 android.view.ViewRootImpl$ImeInputStage.onFinishedInputEvent(ViewRootImpl.java:3798)
D/BrowseRelativeLayout(12211): !!==!! focusSearch 1111 android.view.inputmethod.InputMethodManager$PendingEvent.run(InputMethodManager.java:2010)
D/BrowseRelativeLayout(12211): !!==!! focusSearch 1111 android.view.inputmethod.InputMethodManager.invokeFinishedInputEventCallback(InputMethodManager.java:1704)
D/BrowseRelativeLayout(12211): !!==!! focusSearch 1111 android.view.inputmethod.InputMethodManager.finishedInputEvent(InputMethodManager.java:1695)
D/BrowseRelativeLayout(12211): !!==!! focusSearch 1111 android.view.inputmethod.InputMethodManager$ImeInputEventSender.onInputEventFinished(InputMethodManager.java:1987)
D/BrowseRelativeLayout(12211): !!==!! focusSearch 1111 android.view.InputEventSender.dispatchInputEventFinished(InputEventSender.java:141)
D/BrowseRelativeLayout(12211): !!==!! focusSearch 1111 android.os.MessageQueue.nativePollOnce(Native Method)
D/BrowseRelativeLayout(12211): !!==!! focusSearch 1111 android.os.MessageQueue.next(MessageQueue.java:138)
D/BrowseRelativeLayout(12211): !!==!! focusSearch 1111 android.os.Looper.loop(Looper.java:123)
D/BrowseRelativeLayout(12211): !!==!! focusSearch 1111 android.app.ActivityThread.main(ActivityThread.java:5017)
D/BrowseRelativeLayout(12211): !!==!! focusSearch 1111 java.lang.reflect.Method.invokeNative(Native Method)
D/BrowseRelativeLayout(12211): !!==!! focusSearch 1111 java.lang.reflect.Method.invoke(Method.java:515)
D/BrowseRelativeLayout(12211): !!==!! focusSearch 1111 com.android.internal.os.ZygoteInit$MethodAndArgsCaller.run(ZygoteInit.java:794)
D/BrowseRelativeLayout(12211): !!==!! focusSearch 1111 com.android.internal.os.ZygoteInit.main(ZygoteInit.java:610)
D/BrowseRelativeLayout(12211): !!==!! focusSearch 1111 dalvik.system.NativeStart.main(Native Method)
D/DetailMediaBlockInnerPlayNewPresenter(12211): onFocusSearch:android.widget.FrameLayout{43e35570 VFE..... .FS..... 0,0-150,70 #7f10015e app:id/item_layout}--130
W/ContextImpl( 2179): Calling a method in the system process without a qualified user: android.app.ContextImpl.startService:1494 android.content.ContextWrapper.startService:494 android.content.ContextWrapper.startService:494 com.tvbox.feedback.FeedbackReceiver.onReceive:34 android.app.ActivityThread.handleReceiver:2419 
I/System.out(12211): !!==!! onChildViewHolderSelected
D/PageWithLoaderFragment(12211): onRowSelected. positon: 1  adapter size:25 mCacheVideoView:true
D/FocusHelper(12211): getScale scale:1.0989943 width:254 maxWidth:1632 minWidth:240
D/DisplayItemSelected(12211): onSelect  ns:video id:YK/17523 target=url: tv/v3/star/detail?id=17523 entity:detail:star params:{} title:  sub_title: null desc: null images:ImageGroup: 	poster=Image: 	bgcolor=null 	url=http://r4.cp31.ott.cibntv.net/0514000053E1EA9B67379F10FF0C5BEFImageGroup: 	background=null 	icon=null 	normal=null 	pressed=null _ui: type:display_item  id:-1 hint: hint left:null mid:null right:null settings:null level:0
D/DisplayItemSelected(12211): onSelect, clearBackground
D/BackgroundHelper(12211):  clearBackground  level:0 backgroundManager:null mBackgroundLevel1:null mBackgroundLevel2:null mDefaultBackground:null
D/RemoteIME(  622): onFinishInput.
D/RemoteIME(  622): onStartInput  ccontentType: 0 Restarting:false
D/RemoteIME(  622): [requestInputWithHkb] estimate if number...
D/RemoteIME(  622): [requestInputWithHkb] mEditorInfo is: android.view.inputmethod.EditorInfo@41960220
D/smy_downloader( 1932): selector key size = 0
D/BlockPresenterSelector(12211): ui_type:block_grid_classic_same id:20102 title: unitary:true
D/WindowManager(  466): action = 1
D/WindowManager(  466): hyq lasteventDownTime=0
D/WindowManager(  466): hyq getEventTime()=2554227
D/WindowManager(  466): hyq lasteventDownTime=2554124
D/WindowManager(  466): hyq getEventTime()=2554227
E/WindowManager(  466): smy interceptKeyBeforeDispatching up !!! 
E/WindowManager(  466): smy interceptKeyBeforeDispatching up !!! screensaverDelay = -1
E/WindowManager(  466): smy interceptKeyBeforeDispatching up !!! sleepDelay = -1
D/RemoteIME(  622): keycode: 20, realAction: false
D/InputEventConsistencyVerifier(12211): KeyEvent: ACTION_UP but key was not down.
D/InputEventConsistencyVerifier(12211):   in android.widget.RelativeLayout{43eb3370 VFE...C. .FS..... 0,8-254,318}
D/InputEventConsistencyVerifier(12211):   0: sent at 2554227000000, KeyEvent { action=ACTION_UP, keyCode=KEYCODE_DPAD_DOWN, scanCode=108, metaState=0, flags=0x8, repeatCount=0, eventTime=2554227, downTime=2554124, deviceId=1, source=0x101 }
D/InputEventConsistencyVerifier(12211):   -- recent events --
D/InputEventConsistencyVerifier(12211):   1: sent at 2552395000000, (unhandled) KeyEvent { action=ACTION_DOWN, keyCode=KEYCODE_DPAD_UP, scanCode=103, metaState=0, flags=0x8, repeatCount=0, eventTime=2552395, downTime=2552395, deviceId=1, source=0x101 }
D/InputEventConsistencyVerifier(12211):   2: sent at 2552243000000, (unhandled) KeyEvent { action=ACTION_UP, keyCode=KEYCODE_DPAD_UP, scanCode=103, metaState=0, flags=0x80000008, repeatCount=0, eventTime=2552243, downTime=2552147, deviceId=1, source=0x101 }
D/WindowManager(  466): action = 0
D/WindowManager(  466): hyq is down event 
D/WindowManager(  466): hyq lasteventDownTime=0
D/WindowManager(  466): hyq getEventTime()=2554323
I/com.app.core(  709): Hua.Wong......runWhenKeyPressed 
D/smy_FeedbackReceiver( 2179): one mLastPressBackTime = 2554136
D/smy_FeedbackReceiver( 2179): keyCode = 20
D/smy_FeedbackReceiver( 2179): mBackPressCounts = 1
D/smy_FeedbackReceiver( 2179): mLastPressBackTime = 2554328
W/ContextImpl(  466): Calling a method in the system process without a qualified user: android.app.ContextImpl.sendBroadcast:1138 com.android.internal.policy.impl.PhoneWindowManager.interceptKeyBeforeQueueing:4448 com.android.server.wm.InputMonitor.interceptKeyBeforeQueueing:357 com.android.server.input.InputManagerService.interceptKeyBeforeQueueing:1332 dalvik.system.NativeStart.run:-2 
D/RemoteIME(  622): keycode: 20, realAction: true
I/System.out(12211): !!==!! xxxx 99999 BrowseFrameLayout
D/onFocusSearch999(12211): position:1--android.widget.RelativeLayout{43eb3370 VFE...C. .FS..... 0,8-254,318}--130--android.support.v17.leanback.widget.VerticalGridView{421556a0 VFE..... ........ 0,0-1920,1080 #7f100261 app:id/container_list}--
I/System.out(12211): !!==!! onChildViewHolderSelected
D/PageWithLoaderFragment(12211): onRowSelected. positon: 2  adapter size:25 mCacheVideoView:true
D/FocusHelper(12211): getScale scale:1.0989943 width:254 maxWidth:1632 minWidth:240
D/FocusHelper(12211): getScale scale:1.1 width:240 maxWidth:1632 minWidth:240
D/DisplayItemSelected(12211): onSelect  ns:video id:YK/c553cf20aad811e59e2a target=url: tv/v3/show/detail?id=c553cf20aad811e59e2a entity:detail:show params:{} title: TV sub_title: null desc: null images:ImageGroup: 	poster=Image: 	bgcolor=null 	url=http://r3.cp31.ott.cibntv.net/051B000057CCD92667BC3C5A8F002B23ImageGroup: 	background=null 	icon=null 	normal=null 	pressed=null _ui: type:display_item  id:-1 hint: hint left:null mid:null right:null settings:null level:0
D/DisplayItemSelected(12211): onSelect, clearBackground
