W/ContextImpl(  466): Calling a method in the system process without a qualified user: android.app.ContextImpl.sendBroadcast:1138 com.android.internal.policy.impl.PhoneWindowManager.interceptKeyBeforeQueueing:4448 com.android.internal.policy.impl.PhoneWindowManager.interceptFallback:2951 com.android.internal.policy.impl.PhoneWindowManager.dispatchUnhandledKey:2926 com.android.server.wm.InputMonitor.dispatchUnhandledKey:383 
W/ContextImpl(  466): Calling a method in the system process without a qualified user: android.app.ContextImpl.sendBroadcast:1138 com.android.internal.policy.impl.PhoneWindowManager.interceptKeyBeforeQueueing:4448 com.android.internal.policy.impl.PhoneWindowManager.interceptFallback:2951 com.android.internal.policy.impl.PhoneWindowManager.dispatchUnhandledKey:2926 com.android.server.wm.InputMonitor.dispatchUnhandledKey:383 
W/BackupManagerService(  466): dataChanged but no participant pkg='com.android.providers.settings' uid=10876
E/NetdConnector(  466): RCV <- {601 limit alert globalAlert eth0} with time:171457324
E/NetdConnector(  466): RCV <- {200 5894 Tethering stats list completed} with time:171457335
E/NetdConnector(  466): RCV <- {200 5895 Bandwidth command succeeeded} with time:171457433
E/NetdConnector(  466): RCV <- {601 limit alert globalAlert eth0} with time:171458313
E/NetdConnector(  466): RCV <- {200 5896 Tethering stats list completed} with time:171458339
E/NetdConnector(  466): RCV <- {200 5897 Bandwidth command succeeeded} with time:171458403
W/ProcessCpuTracker(  466): Skipping unknown process pid 16720
E/NetdConnector(  466): RCV <- {601 limit alert globalAlert eth0} with time:171475398
E/NetdConnector(  466): RCV <- {200 5898 Tethering stats list completed} with time:171475418
E/NetdConnector(  466): RCV <- {200 5899 Bandwidth command succeeeded} with time:171475473
W/ProcessCpuTracker(  466): Skipping unknown process pid 17475
E/NetdConnector(  466): RCV <- {601 limit alert globalAlert eth0} with time:171510612
E/NetdConnector(  466): RCV <- {200 5900 Tethering stats list completed} with time:171510640
E/NetdConnector(  466): RCV <- {200 5901 Bandwidth command succeeeded} with time:171510693
W/ProcessCpuTracker(  466): Skipping unknown process pid 17945
W/ProcessCpuTracker(  466): Skipping unknown process pid 17947
W/ProcessCpuTracker(  466): Skipping unknown process pid 17949
W/ProcessCpuTracker(  466): Skipping unknown process pid 17950
W/ProcessCpuTracker(  466): Skipping unknown process pid 18396
W/ContextImpl(  466): Calling a method in the system process without a qualified user: android.app.ContextImpl.sendBroadcast:1138 com.android.internal.policy.impl.PhoneWindowManager.interceptKeyBeforeQueueing:4448 com.android.server.wm.InputMonitor.interceptKeyBeforeQueueing:357 com.android.server.input.InputManagerService.interceptKeyBeforeQueueing:1332 dalvik.system.NativeStart.run:-2 
W/ContextImpl(  466): Calling a method in the system process without a qualified user: android.app.ContextImpl.sendBroadcast:1138 com.android.internal.policy.impl.PhoneWindowManager.interceptKeyBeforeQueueing:4448 com.android.server.wm.InputMonitor.interceptKeyBeforeQueueing:357 com.android.server.input.InputManagerService.interceptKeyBeforeQueueing:1332 dalvik.system.NativeStart.run:-2 
W/ContextImpl(  466): Calling a method in the system process without a qualified user: android.app.ContextImpl.sendBroadcast:1138 com.android.internal.policy.impl.PhoneWindowManager.interceptKeyBeforeQueueing:4448 com.android.server.wm.InputMonitor.interceptKeyBeforeQueueing:357 com.android.server.input.InputManagerService.interceptKeyBeforeQueueing:1332 dalvik.system.NativeStart.run:-2 
W/ContextImpl(  466): Calling a method in the system process without a qualified user: android.app.ContextImpl.sendBroadcast:1138 com.android.internal.policy.impl.PhoneWindowManager.interceptKeyBeforeQueueing:4448 com.android.server.wm.InputMonitor.interceptKeyBeforeQueueing:357 com.android.server.input.InputManagerService.interceptKeyBeforeQueueing:1332 dalvik.system.NativeStart.run:-2 
W/ContextImpl(  466): Calling a method in the system process without a qualified user: android.app.ContextImpl.sendBroadcast:1138 com.android.internal.policy.impl.PhoneWindowManager.interceptKeyBeforeQueueing:4448 com.android.server.wm.InputMonitor.interceptKeyBeforeQueueing:357 com.android.server.input.InputManagerService.interceptKeyBeforeQueueing:1332 dalvik.system.NativeStart.run:-2 
W/ContextImpl(  466): Calling a method in the system process without a qualified user: android.app.ContextImpl.sendBroadcast:1138 com.android.internal.policy.impl.PhoneWindowManager.interceptKeyBeforeQueueing:4448 com.android.server.wm.InputMonitor.interceptKeyBeforeQueueing:357 com.android.server.input.InputManagerService.interceptKeyBeforeQueueing:1332 dalvik.system.NativeStart.run:-2 
W/ContextImpl(  466): Calling a method in the system process without a qualified user: android.app.ContextImpl.sendBroadcast:1138 com.android.internal.policy.impl.PhoneWindowManager.interceptKeyBeforeQueueing:4448 com.android.server.wm.InputMonitor.interceptKeyBeforeQueueing:357 com.android.server.input.InputManagerService.interceptKeyBeforeQueueing:1332 dalvik.system.NativeStart.run:-2 
W/ContextImpl(  466): Calling a method in the system process without a qualified user: android.app.ContextImpl.sendBroadcast:1138 com.android.internal.policy.impl.PhoneWindowManager.interceptKeyBeforeQueueing:4448 com.android.server.wm.InputMonitor.interceptKeyBeforeQueueing:357 com.android.server.input.InputManagerService.interceptKeyBeforeQueueing:1332 dalvik.system.NativeStart.run:-2 
W/ContextImpl(  466): Calling a method in the system process without a qualified user: android.app.ContextImpl.sendBroadcast:1138 com.android.internal.policy.impl.PhoneWindowManager.interceptKeyBeforeQueueing:4448 com.android.server.wm.InputMonitor.interceptKeyBeforeQueueing:357 com.android.server.input.InputManagerService.interceptKeyBeforeQueueing:1332 dalvik.system.NativeStart.run:-2 
W/ContextImpl(  466): Calling a method in the system process without a qualified user: android.app.ContextImpl.sendBroadcast:1138 com.android.internal.policy.impl.PhoneWindowManager.interceptKeyBeforeQueueing:4448 com.android.server.wm.InputMonitor.interceptKeyBeforeQueueing:357 com.android.server.input.InputManagerService.interceptKeyBeforeQueueing:1332 dalvik.system.NativeStart.run:-2 
W/ContextImpl(  466): Calling a method in the system process without a qualified user: android.app.ContextImpl.sendBroadcast:1138 com.android.internal.policy.impl.PhoneWindowManager.interceptKeyBeforeQueueing:4448 com.android.server.wm.InputMonitor.interceptKeyBeforeQueueing:357 com.android.server.input.InputManagerService.interceptKeyBeforeQueueing:1332 dalvik.system.NativeStart.run:-2 
W/ContextImpl(  466): Calling a method in the system process without a qualified user: android.app.ContextImpl.sendBroadcast:1138 com.android.internal.policy.impl.PhoneWindowManager.interceptKeyBeforeQueueing:4448 com.android.server.wm.InputMonitor.interceptKeyBeforeQueueing:357 com.android.server.input.InputManagerService.interceptKeyBeforeQueueing:1332 dalvik.system.NativeStart.run:-2 
W/ContextImpl(  747): Calling a method in the system process without a qualified user: android.app.ContextImpl.sendBroadcast:1138 android.content.ContextWrapper.sendBroadcast:365 com.cibn.tv.ui.activity.HomeActivityWithViewPager$HomeRecommendApp.sendQueryAppStateBroadcast:5791 com.cibn.tv.ui.activity.HomeActivityWithViewPager$HomeRecommendApp$HomeRecommendAdapter.refreshProgress:5722 com.cibn.tv.ui.activity.HomeActivityWithViewPager$HomeRecommendApp$HomeRecommendAdapter.getView:5577 
W/ContextImpl(  747): Calling a method in the system process without a qualified user: android.app.ContextImpl.sendBroadcast:1138 android.content.ContextWrapper.sendBroadcast:365 com.cibn.tv.ui.activity.HomeActivityWithViewPager.sendBroadcastByAction:1057 com.cibn.tv.ui.activity.HomeActivityWithViewPager.performPageSelected:2038 com.cibn.tv.ui.activity.HomeActivityWithViewPager.access$2600:186 
W/ContextImpl(  720): Calling a method in the system process without a qualified user: android.app.ContextImpl.sendBroadcast:1138 android.content.ContextWrapper.sendBroadcast:365 com.youku.tv.app.packagedownloadcomponent.AppManagementService.queryAndSendAllAppsState:1060 com.youku.tv.app.packagedownloadcomponent.AppManagementService$5.handleMessage:1018 android.os.Handler.dispatchMessage:102 
W/ContextImpl(  466): Calling a method in the system process without a qualified user: android.app.ContextImpl.sendBroadcast:1138 com.android.internal.policy.impl.PhoneWindowManager.interceptKeyBeforeQueueing:4448 com.android.server.wm.InputMonitor.interceptKeyBeforeQueueing:357 com.android.server.input.InputManagerService.interceptKeyBeforeQueueing:1332 dalvik.system.NativeStart.run:-2 
W/ContextImpl(  747): Calling a method in the system process without a qualified user: android.app.ContextImpl.sendBroadcast:1138 android.content.ContextWrapper.sendBroadcast:365 com.cibn.tv.ui.activity.HomeActivityWithViewPager.sendBroadcastByAction:1057 com.cibn.tv.ui.activity.HomeActivityWithViewPager.performPageSelected:2038 com.cibn.tv.ui.activity.HomeActivityWithViewPager.access$2600:186 
W/ContextImpl(  720): Calling a method in the system process without a qualified user: android.app.ContextImpl.sendBroadcast:1138 android.content.ContextWrapper.sendBroadcast:365 com.youku.tv.app.packagedownloadcomponent.AppManagementService.queryAndSendAllAppsState:1060 com.youku.tv.app.packagedownloadcomponent.AppManagementService$5.handleMessage:1018 android.os.Handler.dispatchMessage:102 
W/ContextImpl(  466): Calling a method in the system process without a qualified user: android.app.ContextImpl.sendBroadcast:1138 com.android.internal.policy.impl.PhoneWindowManager.interceptKeyBeforeQueueing:4448 com.android.server.wm.InputMonitor.interceptKeyBeforeQueueing:357 com.android.server.input.InputManagerService.interceptKeyBeforeQueueing:1332 dalvik.system.NativeStart.run:-2 
W/ContextImpl(  466): Calling a method in the system process without a qualified user: android.app.ContextImpl.sendBroadcast:1138 com.android.internal.policy.impl.PhoneWindowManager.interceptKeyBeforeQueueing:4448 com.android.server.wm.InputMonitor.interceptKeyBeforeQueueing:357 com.android.server.input.InputManagerService.interceptKeyBeforeQueueing:1332 dalvik.system.NativeStart.run:-2 
W/ContextImpl(  466): Calling a method in the system process without a qualified user: android.app.ContextImpl.sendBroadcast:1138 com.android.internal.policy.impl.PhoneWindowManager.interceptKeyBeforeQueueing:4448 com.android.server.wm.InputMonitor.interceptKeyBeforeQueueing:357 com.android.server.input.InputManagerService.interceptKeyBeforeQueueing:1332 dalvik.system.NativeStart.run:-2 
W/ContextImpl(  466): Calling a method in the system process without a qualified user: android.app.ContextImpl.sendBroadcast:1138 com.android.internal.policy.impl.PhoneWindowManager.interceptKeyBeforeQueueing:4448 com.android.server.wm.InputMonitor.interceptKeyBeforeQueueing:357 com.android.server.input.InputManagerService.interceptKeyBeforeQueueing:1332 dalvik.system.NativeStart.run:-2 
W/ContextImpl(  747): Calling a method in the system process without a qualified user: android.app.ContextImpl.startActivity:1035 android.content.ContextWrapper.startActivity:311 com.youku.tv.app.packagedownloadcomponent.NativeAppsManager.openApp:425 com.youku.tv.app.packagedownloadcomponent.AppManagementService.openApp:272 com.cibn.tv.ui.activity.HomeActivityWithViewPager$HomeRecommendApp$HomeRecommendAdapter$4.onClick:5674 
W/ContextImpl(  747): Calling a method in the system process without a qualified user: android.app.ContextImpl.startActivity:1047 android.app.ContextImpl.startActivity:1036 android.content.ContextWrapper.startActivity:311 com.youku.tv.app.packagedownloadcomponent.NativeAppsManager.openApp:425 com.youku.tv.app.packagedownloadcomponent.AppManagementService.openApp:272 
I/ActivityManager(  466): START u0 {act=android.intent.action.MAIN cat=[android.intent.category.LAUNCHER] flg=0x10000000 cmp=com.cibn.tv.debug_v2/com.cibn.tv.WelcomeActivity} from pid 747
I/ActivityManager(  466): START u0 {act=android.intent.action.VIEW dat=yktv://tv/home cmp=com.cibn.tv.debug_v2/com.tv.MainActivity (has extras)} from pid 16472
E/NetdConnector(  466): RCV <- {601 limit alert globalAlert eth0} with time:171543176
E/NetdConnector(  466): RCV <- {200 5902 Tethering stats list completed} with time:171543183
E/NetdConnector(  466): RCV <- {200 5903 Bandwidth command succeeeded} with time:171543222
W/ContextImpl(  466): Calling a method in the system process without a qualified user: android.app.ContextImpl.sendBroadcast:1138 com.android.internal.policy.impl.PhoneWindowManager.interceptKeyBeforeQueueing:4448 com.android.server.wm.InputMonitor.interceptKeyBeforeQueueing:357 com.android.server.input.InputManagerService.interceptKeyBeforeQueueing:1332 dalvik.system.NativeStart.run:-2 
W/ContextImpl(  466): Calling a method in the system process without a qualified user: android.app.ContextImpl.sendBroadcast:1138 com.android.internal.policy.impl.PhoneWindowManager.interceptKeyBeforeQueueing:4448 com.android.server.wm.InputMonitor.interceptKeyBeforeQueueing:357 com.android.server.input.InputManagerService.interceptKeyBeforeQueueing:1332 dalvik.system.NativeStart.run:-2 
W/ContextImpl(  466): Calling a method in the system process without a qualified user: android.app.ContextImpl.sendBroadcast:1138 com.android.internal.policy.impl.PhoneWindowManager.interceptKeyBeforeQueueing:4448 com.android.server.wm.InputMonitor.interceptKeyBeforeQueueing:357 com.android.server.input.InputManagerService.interceptKeyBeforeQueueing:1332 dalvik.system.NativeStart.run:-2 
W/ContextImpl(  466): Calling a method in the system process without a qualified user: android.app.ContextImpl.sendBroadcast:1138 com.android.internal.policy.impl.PhoneWindowManager.interceptKeyBeforeQueueing:4448 com.android.server.wm.InputMonitor.interceptKeyBeforeQueueing:357 com.android.server.input.InputManagerService.interceptKeyBeforeQueueing:1332 dalvik.system.NativeStart.run:-2 
W/ContextImpl(18562): Calling a method in the system process without a qualified user: android.app.ContextImpl.startService:1494 android.content.ContextWrapper.startService:494 android.content.ContextWrapper.startService:494 com.tvbox.feedback.FeedbackReceiver.onReceive:34 android.app.ActivityThread.handleReceiver:2419 
W/ContextImpl(  466): Calling a method in the system process without a qualified user: android.app.ContextImpl.sendBroadcast:1138 com.android.internal.policy.impl.PhoneWindowManager.interceptKeyBeforeQueueing:4448 com.android.server.wm.InputMonitor.interceptKeyBeforeQueueing:357 com.android.server.input.InputManagerService.interceptKeyBeforeQueueing:1332 dalvik.system.NativeStart.run:-2 
W/ContextImpl(  466): Calling a method in the system process without a qualified user: android.app.ContextImpl.sendBroadcast:1138 com.android.internal.policy.impl.PhoneWindowManager.interceptKeyBeforeQueueing:4448 com.android.server.wm.InputMonitor.interceptKeyBeforeQueueing:357 com.android.server.input.InputManagerService.interceptKeyBeforeQueueing:1332 dalvik.system.NativeStart.run:-2 
W/ContextImpl(  466): Calling a method in the system process without a qualified user: android.app.ContextImpl.sendBroadcast:1138 com.android.internal.policy.impl.PhoneWindowManager.interceptKeyBeforeQueueing:4448 com.android.server.wm.InputMonitor.interceptKeyBeforeQueueing:357 com.android.server.input.InputManagerService.interceptKeyBeforeQueueing:1332 dalvik.system.NativeStart.run:-2 
W/ContextImpl(  466): Calling a method in the system process without a qualified user: android.app.ContextImpl.sendBroadcast:1138 com.android.internal.policy.impl.PhoneWindowManager.interceptKeyBeforeQueueing:4448 com.android.server.wm.InputMonitor.interceptKeyBeforeQueueing:357 com.android.server.input.InputManagerService.interceptKeyBeforeQueueing:1332 dalvik.system.NativeStart.run:-2 
W/ContextImpl(  466): Calling a method in the system process without a qualified user: android.app.ContextImpl.sendBroadcast:1138 com.android.internal.policy.impl.PhoneWindowManager.interceptKeyBeforeQueueing:4448 com.android.server.wm.InputMonitor.interceptKeyBeforeQueueing:357 com.android.server.input.InputManagerService.interceptKeyBeforeQueueing:1332 dalvik.system.NativeStart.run:-2 
I/ActivityManager(  466): START u0 {act=android.intent.action.VIEW dat=yktv://tv/detail?id=72 cmp=com.cibn.tv.debug_v2/com.cibn.tv.DetailActivity (has extras)} from pid 16472
W/ContextImpl(  707): Calling a method in the system process without a qualified user: android.app.ContextImpl.startService:1494 android.content.ContextWrapper.startService:494 android.content.ContextWrapper.startService:494 com.youku.pushsdk.receiver.YoukuAppActionReceiver.onReceive:42 android.app.ActivityThread.handleReceiver:2419 
W/ContextImpl(  747): Calling a method in the system process without a qualified user: android.app.ContextImpl.startService:1494 android.content.ContextWrapper.startService:494 android.content.ContextWrapper.startService:494 com.youku.pushsdk.receiver.YoukuAppActionReceiver.onReceive:42 android.app.ActivityThread.handleReceiver:2419 
W/ContextImpl(  720): Calling a method in the system process without a qualified user: android.app.ContextImpl.startService:1494 android.content.ContextWrapper.startService:494 android.content.ContextWrapper.startService:494 com.youku.pushsdk.receiver.YoukuAppActionReceiver.onReceive:42 android.app.ActivityThread.handleReceiver:2419 
W/ContextImpl(  707): Calling a method in the system process without a qualified user: android.app.ContextImpl.startService:1494 android.content.ContextWrapper.startService:494 android.content.ContextWrapper.startService:494 com.youku.pushsdk.receiver.YoukuAppActionReceiver.onReceive:42 android.app.ActivityThread.handleReceiver:2419 
W/ContextImpl(  747): Calling a method in the system process without a qualified user: android.app.ContextImpl.startService:1494 android.content.ContextWrapper.startService:494 android.content.ContextWrapper.startService:494 com.youku.pushsdk.receiver.YoukuAppActionReceiver.onReceive:42 android.app.ActivityThread.handleReceiver:2419 
W/ContextImpl(  720): Calling a method in the system process without a qualified user: android.app.ContextImpl.startService:1494 android.content.ContextWrapper.startService:494 android.content.ContextWrapper.startService:494 com.youku.pushsdk.receiver.YoukuAppActionReceiver.onReceive:42 android.app.ActivityThread.handleReceiver:2419 
W/ContextImpl(  707): Calling a method in the system process without a qualified user: android.app.ContextImpl.startService:1494 android.content.ContextWrapper.startService:494 android.content.ContextWrapper.startService:494 com.youku.pushsdk.receiver.YoukuAppActionReceiver.onReceive:42 android.app.ActivityThread.handleReceiver:2419 
W/ContextImpl(  747): Calling a method in the system process without a qualified user: android.app.ContextImpl.startService:1494 android.content.ContextWrapper.startService:494 android.content.ContextWrapper.startService:494 com.youku.pushsdk.receiver.YoukuAppActionReceiver.onReceive:42 android.app.ActivityThread.handleReceiver:2419 
W/ContextImpl(  720): Calling a method in the system process without a qualified user: android.app.ContextImpl.startService:1494 android.content.ContextWrapper.startService:494 android.content.ContextWrapper.startService:494 com.youku.pushsdk.receiver.YoukuAppActionReceiver.onReceive:42 android.app.ActivityThread.handleReceiver:2419 
E/NetdConnector(  466): RCV <- {601 limit alert globalAlert eth0} with time:171560446
E/NetdConnector(  466): RCV <- {200 5904 Tethering stats list completed} with time:171560455
E/NetdConnector(  466): RCV <- {200 5905 Bandwidth command succeeeded} with time:171560493
E/NetdConnector(  466): RCV <- {601 limit alert globalAlert eth0} with time:171560801
E/NetdConnector(  466): RCV <- {200 5906 Tethering stats list completed} with time:171560810
E/NetdConnector(  466): RCV <- {200 5907 Bandwidth command succeeeded} with time:171561407
E/NetdConnector(  466): RCV <- {601 limit alert globalAlert eth0} with time:171561722
E/NetdConnector(  466): RCV <- {200 5908 Tethering stats list completed} with time:171561728
E/NetdConnector(  466): RCV <- {200 5909 Bandwidth command succeeeded} with time:171561772
E/NetdConnector(  466): RCV <- {601 limit alert globalAlert lo} with time:171563104
E/NetdConnector(  466): RCV <- {200 5910 Tethering stats list completed} with time:171563263
E/NetdConnector(  466): RCV <- {200 5911 Bandwidth command succeeeded} with time:171563269
E/NetdConnector(  466): RCV <- {601 limit alert globalAlert lo} with time:171564042
E/NetdConnector(  466): RCV <- {200 5912 Tethering stats list completed} with time:171564049
E/NetdConnector(  466): RCV <- {200 5913 Bandwidth command succeeeded} with time:171564653
W/ProcessCpuTracker(  466): Skipping unknown process pid 19210
E/AndroidRuntime(16472): FATAL EXCEPTION: main
E/AndroidRuntime(16472): Process: com.cibn.tv.debug_v2, PID: 16472
E/AndroidRuntime(16472): java.lang.IndexOutOfBoundsException: index=1 count=0
E/AndroidRuntime(16472): 	at android.view.ViewGroup.addInArray(ViewGroup.java:3653)
E/AndroidRuntime(16472): 	at android.view.ViewGroup.addViewInner(ViewGroup.java:3584)
E/AndroidRuntime(16472): 	at android.view.ViewGroup.addView(ViewGroup.java:3415)
E/AndroidRuntime(16472): 	at android.view.ViewGroup.addView(ViewGroup.java:3360)
E/AndroidRuntime(16472): 	at com.youku.tv.player.ui.viewsupport.settings.VideoMenuLayout.fillEpisode(VideoMenuLayout.java:81)
E/AndroidRuntime(16472): 	at com.youku.tv.player.ui.fragments.PlayerSettingFragment.fillEpisodes(PlayerSettingFragment.java:175)
E/AndroidRuntime(16472): 	at com.youku.tv.player.ui.fragments.PlayerSettingFragment.fillMenuContent(PlayerSettingFragment.java:137)
E/AndroidRuntime(16472): 	at com.youku.tv.player.ui.fragments.PlayerSettingFragment.handlePlayerOnPrepared(PlayerSettingFragment.java:346)
E/AndroidRuntime(16472): 	at com.youku.tv.player.ui.fragments.PlayerSettingFragment.handlePlayerCallback(PlayerSettingFragment.java:352)
E/AndroidRuntime(16472): 	at com.youku.tv.player.ui.fragments.PlayerSettingFragment.onReceive(PlayerSettingFragment.java:275)
E/AndroidRuntime(16472): 	at com.youku.tv.player.common.localbroadcast.DataBroadcast$1.onReceive(DataBroadcast.java:65)
E/AndroidRuntime(16472): 	at com.youku.tv.player.common.localbroadcast.LocalBroadcastManager.executePendingBroadcasts(LocalBroadcastManager.java:284)
E/AndroidRuntime(16472): 	at com.youku.tv.player.common.localbroadcast.LocalBroadcastManager.access$000(LocalBroadcastManager.java:21)
E/AndroidRuntime(16472): 	at com.youku.tv.player.common.localbroadcast.LocalBroadcastManager$1.handleMessage(LocalBroadcastManager.java:93)
E/AndroidRuntime(16472): 	at com.youku.tv.player.common.localbroadcast.LocalBroadcastManager$1.handleMessage(LocalBroadcastManager.java:88)
E/AndroidRuntime(16472): 	at com.youku.tv.player.common.handler.AbsHandler.handleMessage(AbsHandler.java:34)
E/AndroidRuntime(16472): 	at android.os.Handler.dispatchMessage(Handler.java:102)
E/AndroidRuntime(16472): 	at android.os.Looper.loop(Looper.java:136)
E/AndroidRuntime(16472): 	at android.app.ActivityThread.main(ActivityThread.java:5017)
E/AndroidRuntime(16472): 	at java.lang.reflect.Method.invokeNative(Native Method)
E/AndroidRuntime(16472): 	at java.lang.reflect.Method.invoke(Method.java:515)
E/AndroidRuntime(16472): 	at com.android.internal.os.ZygoteInit$MethodAndArgsCaller.run(ZygoteInit.java:794)
E/AndroidRuntime(16472): 	at com.android.internal.os.ZygoteInit.main(ZygoteInit.java:610)
E/AndroidRuntime(16472): 	at dalvik.system.NativeStart.main(Native Method)
W/ActivityManager(  466):   Force finishing activity com.cibn.tv.debug_v2/com.cibn.tv.DetailActivity
I/ActivityManager(  466): Process com.cibn.tv.debug_v2 (pid 16472) has died.
I/WindowState(  466): WIN DEATH: Window{41a14e18 u0 com.cibn.tv.debug_v2/com.tv.MainActivity}
I/WindowState(  466): WIN DEATH: Window{41ad8420 u0 com.cibn.tv.debug_v2/com.cibn.tv.DetailActivity}
I/WindowState(  466): WIN DEATH: Window{41d93f90 u0 SurfaceView}
E/NetdConnector(  466): RCV <- {601 limit alert globalAlert eth0} with time:171565748
I/ActivityManager(  466): Start proc com.cibn.tv.debug_v2 for activity com.cibn.tv.debug_v2/com.tv.MainActivity: pid=19215 uid=10876 gids={50876, 3003, 1028, 1015, 3002}
E/NetdConnector(  466): RCV <- {200 5914 Tethering stats list completed} with time:171565759
E/NetdConnector(  466): RCV <- {200 5915 Bandwidth command succeeeded} with time:171565838
D/PackageParser(19215): Scanning package: /data/data/com.cibn.tv.debug_v2/app_SGLib/libsgmain_315417600000.zip
V/PackageParser(19215): parsePackageName...
V/PackageParser(19215): Root element name: 'manifest'
E/NetdConnector(  466): RCV <- {601 limit alert globalAlert eth0} with time:171566675
E/NetdConnector(  466): RCV <- {200 5916 Tethering stats list completed} with time:171566682
E/NetdConnector(  466): RCV <- {200 5917 Bandwidth command succeeeded} with time:171566766
W/InputMethodManagerService(  466): Got RemoteException sending setActive(false) notification to pid 16472 uid 10876
D/PackageParser(19215): Scanning package: /data/data/com.cibn.tv.debug_v2/app_SGLib/libsgsecuritybody_315417600000.zip
V/PackageParser(19215): parsePackageName...
V/PackageParser(19215): Root element name: 'manifest'
W/BackupManagerService(  466): dataChanged but no participant pkg='com.android.providers.settings' uid=10876
E/NetdConnector(  466): RCV <- {601 limit alert globalAlert eth0} with time:171571350
E/NetdConnector(  466): RCV <- {200 5918 Tethering stats list completed} with time:171571381
E/NetdConnector(  466): RCV <- {200 5919 Bandwidth command succeeeded} with time:171571465
E/NetdConnector(  466): RCV <- {601 limit alert globalAlert eth0} with time:171573018
E/NetdConnector(  466): RCV <- {200 5920 Tethering stats list completed} with time:171573030
E/NetdConnector(  466): RCV <- {200 5921 Bandwidth command succeeeded} with time:171573957
E/NetdConnector(  466): RCV <- {601 limit alert globalAlert eth0} with time:171591279
E/NetdConnector(  466): RCV <- {200 5922 Tethering stats list completed} with time:171591291
E/NetdConnector(  466): RCV <- {200 5923 Bandwidth command succeeeded} with time:171591346
W/ProcessCpuTracker(  466): Skipping unknown process pid 19907
W/ProcessCpuTracker(  466): Skipping unknown process pid 19910
W/ContextImpl(  466): Calling a method in the system process without a qualified user: android.app.ContextImpl.sendBroadcast:1138 com.android.internal.policy.impl.PhoneWindowManager.interceptKeyBeforeQueueing:4448 com.android.server.wm.InputMonitor.interceptKeyBeforeQueueing:357 com.android.server.input.InputManagerService.interceptKeyBeforeQueueing:1332 dalvik.system.NativeStart.run:-2 
E/NetdConnector(  466): RCV <- {601 limit alert globalAlert eth0} with time:171629479
E/NetdConnector(  466): RCV <- {200 5924 Tethering stats list completed} with time:171629488
E/NetdConnector(  466): RCV <- {200 5925 Bandwidth command succeeeded} with time:171629573
W/ContextImpl(  466): Calling a method in the system process without a qualified user: android.app.ContextImpl.sendBroadcast:1138 com.android.internal.policy.impl.PhoneWindowManager.interceptKeyBeforeQueueing:4448 com.android.server.wm.InputMonitor.interceptKeyBeforeQueueing:357 com.android.server.input.InputManagerService.interceptKeyBeforeQueueing:1332 dalvik.system.NativeStart.run:-2 
W/ContextImpl(  466): Calling a method in the system process without a qualified user: android.app.ContextImpl.sendBroadcast:1138 com.android.internal.policy.impl.PhoneWindowManager.interceptKeyBeforeQueueing:4448 com.android.server.wm.InputMonitor.interceptKeyBeforeQueueing:357 com.android.server.input.InputManagerService.interceptKeyBeforeQueueing:1332 dalvik.system.NativeStart.run:-2 
W/ContextImpl(  466): Calling a method in the system process without a qualified user: android.app.ContextImpl.sendBroadcast:1138 com.android.internal.policy.impl.PhoneWindowManager.interceptKeyBeforeQueueing:4448 com.android.server.wm.InputMonitor.interceptKeyBeforeQueueing:357 com.android.server.input.InputManagerService.interceptKeyBeforeQueueing:1332 dalvik.system.NativeStart.run:-2 
W/ContextImpl(  466): Calling a method in the system process without a qualified user: android.app.ContextImpl.sendBroadcast:1138 com.android.internal.policy.impl.PhoneWindowManager.interceptKeyBeforeQueueing:4448 com.android.server.wm.InputMonitor.interceptKeyBeforeQueueing:357 com.android.server.input.InputManagerService.interceptKeyBeforeQueueing:1332 dalvik.system.NativeStart.run:-2 
W/ContextImpl(  466): Calling a method in the system process without a qualified user: android.app.ContextImpl.sendBroadcast:1138 com.android.internal.policy.impl.PhoneWindowManager.interceptKeyBeforeQueueing:4448 com.android.server.wm.InputMonitor.interceptKeyBeforeQueueing:357 com.android.server.input.InputManagerService.interceptKeyBeforeQueueing:1332 dalvik.system.NativeStart.run:-2 
W/ContextImpl(  466): Calling a method in the system process without a qualified user: android.app.ContextImpl.sendBroadcast:1138 com.android.internal.policy.impl.PhoneWindowManager.interceptKeyBeforeQueueing:4448 com.android.server.wm.InputMonitor.interceptKeyBeforeQueueing:357 com.android.server.input.InputManagerService.interceptKeyBeforeQueueing:1332 dalvik.system.NativeStart.run:-2 
W/ContextImpl(  466): Calling a method in the system process without a qualified user: android.app.ContextImpl.sendBroadcast:1138 com.android.internal.policy.impl.PhoneWindowManager.interceptKeyBeforeQueueing:4448 com.android.server.wm.InputMonitor.interceptKeyBeforeQueueing:357 com.android.server.input.InputManagerService.interceptKeyBeforeQueueing:1332 dalvik.system.NativeStart.run:-2 
I/ActivityManager(  466): START u0 {act=android.intent.action.VIEW dat=yktv://tv/detail?id=73 cmp=com.cibn.tv.debug_v2/com.cibn.tv.DetailActivity (has extras)} from pid 19215
E/NetdConnector(  466): RCV <- {601 limit alert globalAlert eth0} with time:171639646
E/NetdConnector(  466): RCV <- {200 5926 Tethering stats list completed} with time:171639657
E/NetdConnector(  466): RCV <- {200 5927 Bandwidth command succeeeded} with time:171639663
E/NetdConnector(  466): RCV <- {601 limit alert globalAlert lo} with time:171640154
E/NetdConnector(  466): RCV <- {200 5928 Tethering stats list completed} with time:171640159
E/NetdConnector(  466): RCV <- {200 5929 Bandwidth command succeeeded} with time:171640322
E/AndroidRuntime(19215): FATAL EXCEPTION: main
E/AndroidRuntime(19215): Process: com.cibn.tv.debug_v2, PID: 19215
E/AndroidRuntime(19215): java.lang.IndexOutOfBoundsException: index=1 count=0
E/AndroidRuntime(19215): 	at android.view.ViewGroup.addInArray(ViewGroup.java:3653)
E/AndroidRuntime(19215): 	at android.view.ViewGroup.addViewInner(ViewGroup.java:3584)
E/AndroidRuntime(19215): 	at android.view.ViewGroup.addView(ViewGroup.java:3415)
E/AndroidRuntime(19215): 	at android.view.ViewGroup.addView(ViewGroup.java:3360)
E/AndroidRuntime(19215): 	at com.youku.tv.player.ui.viewsupport.settings.VideoMenuLayout.fillEpisode(VideoMenuLayout.java:81)
E/AndroidRuntime(19215): 	at com.youku.tv.player.ui.fragments.PlayerSettingFragment.fillEpisodes(PlayerSettingFragment.java:175)
E/AndroidRuntime(19215): 	at com.youku.tv.player.ui.fragments.PlayerSettingFragment.fillMenuContent(PlayerSettingFragment.java:137)
E/AndroidRuntime(19215): 	at com.youku.tv.player.ui.fragments.PlayerSettingFragment.handlePlayerOnPrepared(PlayerSettingFragment.java:346)
E/AndroidRuntime(19215): 	at com.youku.tv.player.ui.fragments.PlayerSettingFragment.handlePlayerCallback(PlayerSettingFragment.java:352)
E/AndroidRuntime(19215): 	at com.youku.tv.player.ui.fragments.PlayerSettingFragment.onReceive(PlayerSettingFragment.java:275)
E/AndroidRuntime(19215): 	at com.youku.tv.player.common.localbroadcast.DataBroadcast$1.onReceive(DataBroadcast.java:65)
E/AndroidRuntime(19215): 	at com.youku.tv.player.common.localbroadcast.LocalBroadcastManager.executePendingBroadcasts(LocalBroadcastManager.java:284)
E/AndroidRuntime(19215): 	at com.youku.tv.player.common.localbroadcast.LocalBroadcastManager.access$000(LocalBroadcastManager.java:21)
E/AndroidRuntime(19215): 	at com.youku.tv.player.common.localbroadcast.LocalBroadcastManager$1.handleMessage(LocalBroadcastManager.java:93)
E/AndroidRuntime(19215): 	at com.youku.tv.player.common.localbroadcast.LocalBroadcastManager$1.handleMessage(LocalBroadcastManager.java:88)
E/AndroidRuntime(19215): 	at com.youku.tv.player.common.handler.AbsHandler.handleMessage(AbsHandler.java:34)
E/AndroidRuntime(19215): 	at android.os.Handler.dispatchMessage(Handler.java:102)
E/AndroidRuntime(19215): 	at android.os.Looper.loop(Looper.java:136)
E/AndroidRuntime(19215): 	at android.app.ActivityThread.main(ActivityThread.java:5017)
E/AndroidRuntime(19215): 	at java.lang.reflect.Method.invokeNative(Native Method)
E/AndroidRuntime(19215): 	at java.lang.reflect.Method.invoke(Method.java:515)
E/AndroidRuntime(19215): 	at com.android.internal.os.ZygoteInit$MethodAndArgsCaller.run(ZygoteInit.java:794)
E/AndroidRuntime(19215): 	at com.android.internal.os.ZygoteInit.main(ZygoteInit.java:610)
E/AndroidRuntime(19215): 	at dalvik.system.NativeStart.main(Native Method)
W/ActivityManager(  466):   Force finishing activity com.cibn.tv.debug_v2/com.cibn.tv.DetailActivity
I/ActivityManager(  466): Process com.cibn.tv.debug_v2 (pid 19215) has died.
I/WindowState(  466): WIN DEATH: Window{41990a90 u0 com.cibn.tv.debug_v2/com.tv.MainActivity}
I/WindowState(  466): WIN DEATH: Window{41a14e18 u0 SurfaceView}
I/WindowState(  466): WIN DEATH: Window{41986c80 u0 com.cibn.tv.debug_v2/com.cibn.tv.DetailActivity}
I/WindowState(  466): WIN DEATH: Window{41a477b8 u0 Toast}
I/ActivityManager(  466): Start proc com.cibn.tv.debug_v2 for activity com.cibn.tv.debug_v2/com.tv.MainActivity: pid=21022 uid=10876 gids={50876, 3003, 1028, 1015, 3002}
D/PackageParser(21022): Scanning package: /data/data/com.cibn.tv.debug_v2/app_SGLib/libsgmain_315417600000.zip
V/PackageParser(21022): parsePackageName...
V/PackageParser(21022): Root element name: 'manifest'
W/InputMethodManagerService(  466): Got RemoteException sending setActive(false) notification to pid 19215 uid 10876
D/PackageParser(21022): Scanning package: /data/data/com.cibn.tv.debug_v2/app_SGLib/libsgsecuritybody_315417600000.zip
V/PackageParser(21022): parsePackageName...
V/PackageParser(21022): Root element name: 'manifest'
E/NetdConnector(  466): RCV <- {601 limit alert globalAlert eth0} with time:171642936
E/NetdConnector(  466): RCV <- {200 5930 Tethering stats list completed} with time:171642941
E/NetdConnector(  466): RCV <- {200 5931 Bandwidth command succeeeded} with time:171642947
W/NotificationService(  466): Object died trying to hide notification android.app.ITransientNotification$Stub$Proxy@416745d8 in package com.cibn.tv.debug_v2
W/BackupManagerService(  466): dataChanged but no participant pkg='com.android.providers.settings' uid=10876
E/NetdConnector(  466): RCV <- {601 limit alert globalAlert eth0} with time:171646768
E/NetdConnector(  466): RCV <- {200 5932 Tethering stats list completed} with time:171646779
E/NetdConnector(  466): RCV <- {200 5933 Bandwidth command succeeeded} with time:171646892
E/NetdConnector(  466): RCV <- {601 limit alert globalAlert eth0} with time:171647701
E/NetdConnector(  466): RCV <- {200 5934 Tethering stats list completed} with time:171647734
E/NetdConnector(  466): RCV <- {200 5935 Bandwidth command succeeeded} with time:171647805
W/ProcessCpuTracker(  466): Skipping unknown process pid 21319
I/ActivityManager(  466): Process com.cibn.tv.debug_v2 (pid 21022) has died.
I/WindowState(  466): WIN DEATH: Window{41b03d10 u0 com.cibn.tv.debug_v2/com.tv.MainActivity}
W/ActivityManager(  466): Force removing ActivityRecord{41a46aa8 u0 com.cibn.tv.debug_v2/com.tv.MainActivity t98}: app died, no saved state
W/ContextImpl(  747): Calling a method in the system process without a qualified user: android.app.ContextImpl.sendBroadcast:1138 android.content.ContextWrapper.sendBroadcast:365 com.cibn.tv.ui.activity.HomeActivityWithViewPager.sendBroadcastByAction:1057 com.cibn.tv.ui.activity.HomeActivityWithViewPager.onResume:1034 android.app.Instrumentation.callActivityOnResume:1192 
W/ContextImpl(  720): Calling a method in the system process without a qualified user: android.app.ContextImpl.sendBroadcast:1138 android.content.ContextWrapper.sendBroadcast:365 com.youku.tv.app.packagedownloadcomponent.AppManagementService.queryAndSendAllAppsState:1060 com.youku.tv.app.packagedownloadcomponent.AppManagementService$5.handleMessage:1018 android.os.Handler.dispatchMessage:102 
W/InputMethodManagerService(  466): Got RemoteException sending setActive(false) notification to pid 21022 uid 10876
W/ContextImpl(  466): Calling a method in the system process without a qualified user: android.app.ContextImpl.sendBroadcast:1138 com.android.internal.policy.impl.PhoneWindowManager.interceptKeyBeforeQueueing:4448 com.android.server.wm.InputMonitor.interceptKeyBeforeQueueing:357 com.android.server.input.InputManagerService.interceptKeyBeforeQueueing:1332 dalvik.system.NativeStart.run:-2 
W/ContextImpl(  466): Calling a method in the system process without a qualified user: android.app.ContextImpl.sendBroadcast:1138 com.android.internal.policy.impl.PhoneWindowManager.interceptKeyBeforeQueueing:4448 com.android.server.wm.InputMonitor.interceptKeyBeforeQueueing:357 com.android.server.input.InputManagerService.interceptKeyBeforeQueueing:1332 dalvik.system.NativeStart.run:-2 
W/ContextImpl(  466): Calling a method in the system process without a qualified user: android.app.ContextImpl.sendBroadcast:1138 com.android.internal.policy.impl.PhoneWindowManager.interceptKeyBeforeQueueing:4448 com.android.server.wm.InputMonitor.interceptKeyBeforeQueueing:357 com.android.server.input.InputManagerService.interceptKeyBeforeQueueing:1332 dalvik.system.NativeStart.run:-2 
W/ContextImpl(  747): Calling a method in the system process without a qualified user: android.app.ContextImpl.startActivity:1035 android.content.ContextWrapper.startActivity:311 com.youku.tv.app.packagedownloadcomponent.NativeAppsManager.openApp:425 com.youku.tv.app.packagedownloadcomponent.AppManagementService.openApp:272 com.cibn.tv.ui.activity.HomeActivityWithViewPager$HomeRecommendApp$HomeRecommendAdapter$4.onClick:5674 
W/ContextImpl(  747): Calling a method in the system process without a qualified user: android.app.ContextImpl.startActivity:1047 android.app.ContextImpl.startActivity:1036 android.content.ContextWrapper.startActivity:311 com.youku.tv.app.packagedownloadcomponent.NativeAppsManager.openApp:425 com.youku.tv.app.packagedownloadcomponent.AppManagementService.openApp:272 
I/ActivityManager(  466): START u0 {act=android.intent.action.MAIN cat=[android.intent.category.LAUNCHER] flg=0x10000000 cmp=com.cibn.tv.debug_v2/com.cibn.tv.WelcomeActivity} from pid 747
I/ActivityManager(  466): Start proc com.cibn.tv.debug_v2 for activity com.cibn.tv.debug_v2/com.cibn.tv.WelcomeActivity: pid=21566 uid=10876 gids={50876, 3003, 1028, 1015, 3002}
D/PackageParser(21566): Scanning package: /data/data/com.cibn.tv.debug_v2/app_SGLib/libsgmain_315417600000.zip
V/PackageParser(21566): parsePackageName...
V/PackageParser(21566): Root element name: 'manifest'
D/PackageParser(21566): Scanning package: /data/data/com.cibn.tv.debug_v2/app_SGLib/libsgsecuritybody_315417600000.zip
V/PackageParser(21566): parsePackageName...
V/PackageParser(21566): Root element name: 'manifest'
I/ActivityManager(  466): START u0 {act=android.intent.action.VIEW dat=yktv://tv/home cmp=com.cibn.tv.debug_v2/com.tv.MainActivity (has extras)} from pid 21566
W/BackupManagerService(  466): dataChanged but no participant pkg='com.android.providers.settings' uid=10876
E/NetdConnector(  466): RCV <- {601 limit alert globalAlert eth0} with time:171672641
E/NetdConnector(  466): RCV <- {200 5936 Tethering stats list completed} with time:171672658
E/NetdConnector(  466): RCV <- {200 5937 Bandwidth command succeeeded} with time:171672714
E/NetdConnector(  466): RCV <- {601 limit alert globalAlert eth0} with time:171674666
E/NetdConnector(  466): RCV <- {200 5938 Tethering stats list completed} with time:171674682
E/NetdConnector(  466): RCV <- {200 5939 Bandwidth command succeeeded} with time:171674816
E/NetdConnector(  466): RCV <- {601 limit alert globalAlert eth0} with time:171675107
E/NetdConnector(  466): RCV <- {200 5940 Tethering stats list completed} with time:171675118
E/NetdConnector(  466): RCV <- {200 5941 Bandwidth command succeeeded} with time:171675174
W/ContextImpl(  466): Calling a method in the system process without a qualified user: android.app.ContextImpl.sendBroadcast:1138 com.android.internal.policy.impl.PhoneWindowManager.interceptKeyBeforeQueueing:4448 com.android.server.wm.InputMonitor.interceptKeyBeforeQueueing:357 com.android.server.input.InputManagerService.interceptKeyBeforeQueueing:1332 dalvik.system.NativeStart.run:-2 
W/ContextImpl(  466): Calling a method in the system process without a qualified user: android.app.ContextImpl.sendBroadcast:1138 com.android.internal.policy.impl.PhoneWindowManager.interceptKeyBeforeQueueing:4448 com.android.server.wm.InputMonitor.interceptKeyBeforeQueueing:357 com.android.server.input.InputManagerService.interceptKeyBeforeQueueing:1332 dalvik.system.NativeStart.run:-2 
W/ContextImpl(  466): Calling a method in the system process without a qualified user: android.app.ContextImpl.sendBroadcast:1138 com.android.internal.policy.impl.PhoneWindowManager.interceptKeyBeforeQueueing:4448 com.android.server.wm.InputMonitor.interceptKeyBeforeQueueing:357 com.android.server.input.InputManagerService.interceptKeyBeforeQueueing:1332 dalvik.system.NativeStart.run:-2 
W/ContextImpl(  466): Calling a method in the system process without a qualified user: android.app.ContextImpl.sendBroadcast:1138 com.android.internal.policy.impl.PhoneWindowManager.interceptKeyBeforeQueueing:4448 com.android.server.wm.InputMonitor.interceptKeyBeforeQueueing:357 com.android.server.input.InputManagerService.interceptKeyBeforeQueueing:1332 dalvik.system.NativeStart.run:-2 
W/ContextImpl(  466): Calling a method in the system process without a qualified user: android.app.ContextImpl.sendBroadcast:1138 com.android.internal.policy.impl.PhoneWindowManager.interceptKeyBeforeQueueing:4448 com.android.server.wm.InputMonitor.interceptKeyBeforeQueueing:357 com.android.server.input.InputManagerService.interceptKeyBeforeQueueing:1332 dalvik.system.NativeStart.run:-2 
I/ActivityManager(  466): START u0 {act=android.intent.action.VIEW dat=yktv://tv/detail?id=47 cmp=com.cibn.tv.debug_v2/com.cibn.tv.DetailActivity (has extras)} from pid 21566
--------- beginning of /dev/log/main
I/acc     ( 2779): [RealTime] pcdn_address_impl:result url is[http://127.0.0.1:8908/k.cp31.ott.cibntv.net/player/getFlvPath/sid/647695338333830ef6849_07/st/flv/fileid/0300801B0757C5A0384BB136EB5189B5F1B545-41B5-CC5F-3EA5-D05668FB069C?K=7ef06a71885dd34c261f4cfc&hd=3&myp=0&ts=136&ymovie=1&ypremium=1&ypp=0&guid=cb5e5e7ddcd210d0762b5a5c5cb8156c&ver=2.0.0&pid=020bdf2679056967&oip=794365784&sid=647695338333830ef6849&token=9519&did=cb5e5e7ddcd210d0762b5a5c5cb8156c&ev=1&ctype=30&ep=vhmN2S8ecqJXHo1oXkIsY%2BEBrPQPnVFp%2F7paStxJleTEkj9XhsA3r%2BLdzuOG1d%2B3BplTTj085EFctOo9NZda3FF4McoeuU3Mbfx47dplHOJG5IBPwANMSUr%2Furun4kHQ&chaos_secret=lZjYdHHrEP8UcaghNi71VFFAkCQhPk5Ljms9OyuL1xlOyjGPt32oprExBrLjTmyADfqlJ1HJ8lVZtAF2+jjC/M6woXhAU3zHVy3du09037A=].
D/acc     ( 2779): [RealTime] Cal::execute_command,pcdn address ,result is [http://127.0.0.1:8908/k.cp31.ott.cibntv.net/player/getFlvPath/sid/647695338333830ef6849_07/st/flv/fileid/0300801B0757C5A0384BB136EB5189B5F1B545-41B5-CC5F-3EA5-D05668FB069C?K=7ef06a71885dd34c261f4cfc&hd=3&myp=0&ts=136&ymovie=1&ypremium=1&ypp=0&guid=cb5e5e7ddcd210d0762b5a5c5cb8156c&ver=2.0.0&pid=020bdf2679056967&oip=794365784&sid=647695338333830ef6849&token=9519&did=cb5e5e7ddcd210d0762b5a5c5cb8156c&ev=1&ctype=30&ep=vhmN2S8ecqJXHo1oXkIsY%2BEBrPQPnVFp%2F7paStxJleTEkj9XhsA3r%2BLdzuOG1d%2B3BplTTj085EFctOo9NZda3FF4McoeuU3Mbfx47dplHOJG5IBPwANMSUr%2Furun4kHQ&chaos_secret=lZjYdHHrEP8UcaghNi71VFFAkCQhPk5Ljms9OyuL1xlOyjGPt32oprExBrLjTmyADfqlJ1HJ8lVZtAF2+jjC/M6woXhAU3zHVy3du09037A=]
I/PCDN_TAG(21566): pcdnAddress: vod http://k.cp31.ott.cibntv.net/player/getFlvPath/sid/647695338333830ef6849_08/st/flv/fileid/0300801B0857C5A0384BB136EB5189B5F1B545-41B5-CC5F-3EA5-D05668FB069C?K=04a15157789187ad282bd22d&hd=3&myp=0&ts=138&ymovie=1&ypremium=1&ypp=0&guid=cb5e5e7ddcd210d0762b5a5c5cb8156c&ver=2.0.0&pid=020bdf2679056967&oip=794365784&sid=647695338333830ef6849&token=9519&did=cb5e5e7ddcd210d0762b5a5c5cb8156c&ev=1&ctype=30&ep=vhmN2S8ecqJXHo1oXkIsYyntsWRnr7EO5%2FNyztQuOLnEkj9XhsA3r%2BLdzuOG1d%2B3BplTTj085EFctOo9NZda3FF4McoeuU3Mbfx47dplHOJG5IBPwANMSUr%2Furun4kHQ 5
D/acc     ( 2779): [RealTime] Cal::execute_command,pcdn address ,full url is [/pcdn/address?url=aHR0cDovL2suY3AzMS5vdHQuY2libnR2Lm5ldC9wbGF5ZXIvZ2V0Rmx2UGF0aC9zaWQvNjQ3Njk1MzM4MzMzODMwZWY2ODQ5XzA4L3N0L2Zsdi9maWxlaWQvMDMwMDgwMUIwODU3QzVBMDM4NEJCMTM2RUI1MTg5QjVGMUI1NDUtNDFCNS1DQzVGLTNFQTUtRDA1NjY4RkIwNjlDP0s9MDRhMTUxNTc3ODkxODdhZDI4MmJkMjJkJmhkPTMmbXlwPTAmdHM9MTM4Jnltb3ZpZT0xJnlwcmVtaXVtPTEmeXBwPTAmZ3VpZD1jYjVlNWU3ZGRjZDIxMGQwNzYyYjVhNWM1Y2I4MTU2YyZ2ZXI9Mi4wLjAmcGlkPTAyMGJkZjI2NzkwNTY5Njcmb2lwPTc5NDM2NTc4NCZzaWQ9NjQ3Njk1MzM4MzMzODMwZWY2ODQ5JnRva2VuPTk1MTkmZGlkPWNiNWU1ZTdkZGNkMjEwZDA3NjJiNWE1YzVjYjgxNTZjJmV2PTEmY3R5cGU9MzAmZXA9dmhtTjJTOGVjcUpYSG8xb1hrSXNZeW50c1dSbnI3RU81JTJGTnl6dFF1T0xuRWtqOVhoc0EzciUyQkxkenVPRzFkJTJCM0JwbFRUajA4NUVGY3RPbzlOWmRhM0ZGNE1jb2V1VTNNYmZ4NDdkcGxIT0pHNUlCUHdBTk1TVXIlMkZ1cnVuNGtIUQ==&secret=hXiahtYTjTMFx/kMJU7oLiscuKJLlvYsdT04NBggWrOCDN86oPgO2NFsFvNKn775ftNfASk3x9nbdm8obouQyeh3oo9vRWzZTPLDfs0OPSfUASjuFiNBI9/ek7TIHb4GC0v9gn/VpTpPnzMRz8ipfQ==],uri is [/pcdn/address?url=aHR0cDovL2suY3AzMS5vdHQuY2libnR2Lm5ldC
I/acc     ( 2779): [RealTime] pcdn_address_impl:result url is[http://127.0.0.1:8908/k.cp31.ott.cibntv.net/player/getFlvPath/sid/647695338333830ef6849_08/st/flv/fileid/0300801B0857C5A0384BB136EB5189B5F1B545-41B5-CC5F-3EA5-D05668FB069C?K=04a15157789187ad282bd22d&hd=3&myp=0&ts=138&ymovie=1&ypremium=1&ypp=0&guid=cb5e5e7ddcd210d0762b5a5c5cb8156c&ver=2.0.0&pid=020bdf2679056967&oip=794365784&sid=647695338333830ef6849&token=9519&did=cb5e5e7ddcd210d0762b5a5c5cb8156c&ev=1&ctype=30&ep=vhmN2S8ecqJXHo1oXkIsYyntsWRnr7EO5%2FNyztQuOLnEkj9XhsA3r%2BLdzuOG1d%2B3BplTTj085EFctOo9NZda3FF4McoeuU3Mbfx47dplHOJG5IBPwANMSUr%2Furun4kHQ&chaos_secret=lZjYdHHrEP8UcaghNi71VFFAkCQhPk5Ljms9OyuL1xlOyjGPt32oprExBrLjTmyADfqlJ1HJ8lVZtAF2+jjC/M6woXhAU3zHVy3du09037A=].
D/acc     ( 2779): [RealTime] Cal::execute_command,pcdn address ,result is [http://127.0.0.1:8908/k.cp31.ott.cibntv.net/player/getFlvPath/sid/647695338333830ef6849_08/st/flv/fileid/0300801B0857C5A0384BB136EB5189B5F1B545-41B5-CC5F-3EA5-D05668FB069C?K=04a15157789187ad282bd22d&hd=3&myp=0&ts=138&ymovie=1&ypremium=1&ypp=0&guid=cb5e5e7ddcd210d0762b5a5c5cb8156c&ver=2.0.0&pid=020bdf2679056967&oip=794365784&sid=647695338333830ef6849&token=9519&did=cb5e5e7ddcd210d0762b5a5c5cb8156c&ev=1&ctype=30&ep=vhmN2S8ecqJXHo1oXkIsYyntsWRnr7EO5%2FNyztQuOLnEkj9XhsA3r%2BLdzuOG1d%2B3BplTTj085EFctOo9NZda3FF4McoeuU3Mbfx47dplHOJG5IBPwANMSUr%2Furun4kHQ&chaos_secret=lZjYdHHrEP8UcaghNi71VFFAkCQhPk5Ljms9OyuL1xlOyjGPt32oprExBrLjTmyADfqlJ1HJ8lVZtAF2+jjC/M6woXhAU3zHVy3du09037A=]
I/PCDN_TAG(21566): pcdnAddress: vod http://k.cp31.ott.cibntv.net/player/getFlvPath/sid/647695338333830ef6849_09/st/flv/fileid/0300801B0957C5A0384BB136EB5189B5F1B545-41B5-CC5F-3EA5-D05668FB069C?K=45b579f9cb6cb05f261f4cfc&hd=3&myp=0&ts=132&ymovie=1&ypremium=1&ypp=0&guid=cb5e5e7ddcd210d0762b5a5c5cb8156c&ver=2.0.0&pid=020bdf2679056967&oip=794365784&sid=647695338333830ef6849&token=9519&did=cb5e5e7ddcd210d0762b5a5c5cb8156c&ev=1&ctype=30&ep=vhmN2S8ecqJXHo1oXkIsY%2Bwy9Y0xqgk9cXgU9JQTDhrEkj9XhsA3r%2BLdzuOG1d%2B3BplTTj085EFctOo9NZda3FF4McoeuU3Mbfx47dplHOJG5IBPwANMSUr%2Furun4kHQ 5
D/acc     ( 2779): [RealTime] Cal::execute_command,pcdn address ,full url is [/pcdn/address?url=aHR0cDovL2suY3AzMS5vdHQuY2libnR2Lm5ldC9wbGF5ZXIvZ2V0Rmx2UGF0aC9zaWQvNjQ3Njk1MzM4MzMzODMwZWY2ODQ5XzA5L3N0L2Zsdi9maWxlaWQvMDMwMDgwMUIwOTU3QzVBMDM4NEJCMTM2RUI1MTg5QjVGMUI1NDUtNDFCNS1DQzVGLTNFQTUtRDA1NjY4RkIwNjlDP0s9NDViNTc5ZjljYjZjYjA1ZjI2MWY0Y2ZjJmhkPTMmbXlwPTAmdHM9MTMyJnltb3ZpZT0xJnlwcmVtaXVtPTEmeXBwPTAmZ3VpZD1jYjVlNWU3ZGRjZDIxMGQwNzYyYjVhNWM1Y2I4MTU2YyZ2ZXI9Mi4wLjAmcGlkPTAyMGJkZjI2NzkwNTY5Njcmb2lwPTc5NDM2NTc4NCZzaWQ9NjQ3Njk1MzM4MzMzODMwZWY2ODQ5JnRva2VuPTk1MTkmZGlkPWNiNWU1ZTdkZGNkMjEwZDA3NjJiNWE1YzVjYjgxNTZjJmV2PTEmY3R5cGU9MzAmZXA9dmhtTjJTOGVjcUpYSG8xb1hrSXNZJTJCd3k5WTB4cWdrOWNYZ1U5SlFURGhyRWtqOVhoc0EzciUyQkxkenVPRzFkJTJCM0JwbFRUajA4NUVGY3RPbzlOWmRhM0ZGNE1jb2V1VTNNYmZ4NDdkcGxIT0pHNUlCUHdBTk1TVXIlMkZ1cnVuNGtIUQ==&secret=hXiahtYTjTMFx/kMJU7oLiscuKJLlvYsdT04NBggWrOCDN86oPgO2NFsFvNKn775ftNfASk3x9nbdm8obouQyeh3oo9vRWzZTPLDfs0OPSfUASjuFiNBI9/ek7TIHb4GC0v9gn/VpTpPnzMRz8ipfQ==],uri is [/pcdn/address?url=aHR0cDovL2suY3AzMS5vdHQuY2libnR2Lm5ldC
