D/FontUtil(22217): modifyTypefaceField SERIF android.graphics.Typeface@74df1130
D/FontUtil(22217): modifyTypefaceField success :)
D/URLContainer(22217): !!!--### versionName: 2.0.0
D/Config  (22217): usePerformanceUI ui_mode:null
D/statistic(22217): pid=020bdf2679056967&guid=cb5e5e7ddcd210d0762b5a5c5cb8156c&ngdid=626bfa8c40a9b82339a938d0aedfe5b0&sdkint=19&vercode=2000032&ver=2.0.0&os_ver=4.4.2&ardid=6dd0869b3d160b5e&uid=&performance=false&network=&brand=rockchip&btype=YK-K1&manufacturer=rockchip&uuid=6dd0869b3d160b5e&mac=54%3A36%3A9b%3A00%3Ad8%3A21&package=com.cibn.tv.debug_v2&wt=1920&ht=1032&time=&os=Yunos
D/BaseApplication(22217): !!!--### USE_TEST_INTERFACE: true
D/MainActivity(22217): updateFromApk 171688
D/dalvikvm(22217): GC_FOR_ALLOC freed 463K, 14% free 3262K/3756K, paused 12ms, total 12ms
E/NetdConnector(  466): RCV <- {601 limit alert globalAlert eth0} with time:171688973
E/NetdConnector(  466): RCV <- {200 5948 Tethering stats list completed} with time:171688979
D/dalvikvm(  466): GC_FOR_ALLOC freed 1621K, 37% free 6952K/10908K, paused 30ms, total 30ms
E/NetdConnector(  466): RCV <- {200 5949 Bandwidth command succeeeded} with time:171689043
D/dalvikvm(22217): GC_FOR_ALLOC freed 706K, 18% free 3466K/4208K, paused 14ms, total 14ms
D/dalvikvm(22217): GC_FOR_ALLOC freed 722K, 18% free 3716K/4480K, paused 18ms, total 18ms
D/dalvikvm(22217): GC_FOR_ALLOC freed 781K, 18% free 3983K/4812K, paused 19ms, total 19ms
D/BaseMainActivity(22217): onCreate com.tv.MainActivity@418c5550
D/dalvikvm(22217): GC_FOR_ALLOC freed 961K, 20% free 4078K/5096K, paused 17ms, total 17ms
D/BaseMainActivity(22217): DisplayItem, item = null
D/NetWorkState(22217): Availabel
D/MainFragment(22217): block title: id:118 ui_type:false block_list
D/MainFragment(22217): block title: id:2 ui_type:true block_list
D/TAGGGGGG(22217): blocks
D/MainFragment(22217): block title: id:87 ui_type:true block_list
D/MainFragment(22217): block title: id:4 ui_type:true block_list
D/MainFragment(22217): block title: id:3 ui_type:true block_list
D/MainFragment(22217): block title: id:5 ui_type:true block_list
D/MainFragment(22217): block title: id:6 ui_type:true block_list
D/MainFragment(22217): block title: id:159 ui_type:false block_list
D/MainFragment(22217): block title:NEW id:446 ui_type:false block_list
D/MainFragment(22217): block title:(NEW) id:493 ui_type:false block_list
D/MainFragment(22217): block title:NEW id:395 ui_type:false block_list
D/MainActivity(22217): debuggable true
D/MainActivity(22217): values_dir:values-nodpi-1920x1008 w:1920 h:1032 dpi:160
I/MainFragment(22217): onCreate
I/System.out(22217): !!==!! xxxx 99999 BrowseFrameLayout
D/VerticalGridView(22217): !!==!! focusSearch VerticalGridView 
D/dalvikvm(22217): GC_FOR_ALLOC freed 242K, 12% free 4673K/5276K, paused 17ms, total 17ms
I/MainFragment(22217): onCreate
I/System.out(22217): !!==!! xxxx 99999 BrowseFrameLayout
D/VerticalGridView(22217): !!==!! focusSearch VerticalGridView 
D/BaseMainActivity(22217): onResume com.tv.MainActivity@418c5550
D/MainActivity(22217): initBackGroundHelper mBgDrawable:null mBgUrl:null
D/BackgroundHelper(22217): releaseBackgroundManager
D/BackgroundHelper(22217): prepareBackgroundManager activity:com.tv.MainActivity@418c5550
D/BackgroundManager(22217):  activity: com.tv.MainActivity@418c5550
D/BackgroundManager(22217): getSupportInstance fragment:BackgroundSupportFragment{41a825c8 #1 com.tv.background.BackgroundManager}
V/BgContinuityService(22217): Returning instance with new count 0
V/BackgroundManager(22217): BackgroundManager no window background resource!
V/BackgroundManager(22217): syncWithService color 0build/intermediates/exploded-aar/com.android.support/leanback-v17/23.2.1/res/drawable null
D/Config  (22217): usePerformanceUI ui_mode:Cool
D/skia    (22217): ---- fAsset->read(1024) returned 0
D/dalvikvm(22217): GC_FOR_ALLOC freed 173K, 10% free 5465K/6028K, paused 18ms, total 18ms
I/dalvikvm-heap(22217): Grow heap (frag case) to 13.269MB for 8294416-byte allocation
D/dalvikvm(22217): GC_FOR_ALLOC freed 7K, 5% free 13557K/14132K, paused 18ms, total 18ms
D/BackgroundHelper(22217):  clearBackground  level:0 backgroundManager:com.tv.background.BackgroundManager@41a08b40 mBackgroundLevel1:null mBackgroundLevel2:null mDefaultBackground:android.graphics.drawable.LayerDrawable@417fab50
V/BackgroundManager(22217): setBackgroundDrawable android.graphics.drawable.LayerDrawable@417fab50
V/BackgroundManager(22217): not resumed
D/BaseMainActivity(22217): setOnBackgroundLevel1ClearListener drawable:null
D/Config  (22217): usePerformanceUI ui_mode:Cool
D/statistic(22217): pid=020bdf2679056967&guid=cb5e5e7ddcd210d0762b5a5c5cb8156c&ngdid=626bfa8c40a9b82339a938d0aedfe5b0&sdkint=19&vercode=2000032&ver=2.0.0&os_ver=4.4.2&ardid=6dd0869b3d160b5e&uid=&performance=false&network=&brand=rockchip&btype=YK-K1&manufacturer=rockchip&uuid=6dd0869b3d160b5e&mac=54%3A36%3A9b%3A00%3Ad8%3A21&package=com.cibn.tv.debug_v2&wt=1920&ht=1032&time=&os=Yunos
D/AppUpdateManager(22217): updateURL:https://raw.githubusercontent.com/zchong816/tv/master/json/update.json?tt=1476953390408
D/PagesFragment(22217): sj:onResume:
V/BackgroundManager(22217): onResume com.tv.background.BackgroundManager@41a08b40
V/BackgroundManager(22217): posting runnable delayMs 0
D/BaseApplication(22217): response={"error":-702}
D/BaseApplication(22217): getPlaylogToken dataStr={"error":-702}
W/System.err(22217): org.json.JSONException: No value for data
W/System.err(22217): 	at org.json.JSONObject.get(JSONObject.java:355)
W/System.err(22217): 	at com.tv.BaseApplication$1.onResponse(BaseApplication.java:207)
W/System.err(22217): 	at com.tv.BaseApplication$1.onResponse(BaseApplication.java:194)
W/System.err(22217): 	at com.android.volley.toolbox.JsonRequest.deliverResponse(JsonRequest.java:65)
W/System.err(22217): 	at com.android.volley.ExecutorDelivery$ResponseDeliveryRunnable.run(ExecutorDelivery.java:99)
W/System.err(22217): 	at android.os.Handler.handleCallback(Handler.java:733)
W/System.err(22217): 	at android.os.Handler.dispatchMessage(Handler.java:95)
W/System.err(22217): 	at android.os.Looper.loop(Looper.java:136)
W/System.err(22217): 	at android.app.ActivityThread.main(ActivityThread.java:5017)
W/System.err(22217): 	at java.lang.reflect.Method.invokeNative(Native Method)
W/System.err(22217): 	at java.lang.reflect.Method.invoke(Method.java:515)
W/System.err(22217): 	at com.android.internal.os.ZygoteInit$MethodAndArgsCaller.run(ZygoteInit.java:794)
W/System.err(22217): 	at com.android.internal.os.ZygoteInit.main(ZygoteInit.java:610)
W/System.err(22217): 	at dalvik.system.NativeStart.main(Native Method)
V/BackgroundManager(22217): applyBackgroundChanges drawable android.graphics.drawable.LayerDrawable@417fab50
V/BackgroundManager(22217): creating new imagein drawable
V/BackgroundManager(22217): imageInWrapper animation starting
D/mali_winsys(22217): new_window_surface returns 0x3000
D/OpenGLRenderer(22217): Enabling debug mode 0
E/RecyclerView(22217): No adapter attached; skipping layout
D/MainFragment(22217): block title: id:118 ui_type:false block_list
D/MainFragment(22217): block title: id:2 ui_type:true block_list
D/TAGGGGGG(22217): blocks
D/MainFragment(22217): block title: id:87 ui_type:true block_list
D/MainFragment(22217): block title: id:4 ui_type:true block_list
D/MainFragment(22217): block title: id:3 ui_type:true block_list
D/MainFragment(22217): block title: id:5 ui_type:true block_list
D/MainFragment(22217): block title: id:6 ui_type:true block_list
D/MainFragment(22217): block title: id:159 ui_type:false block_list
D/MainFragment(22217): block title:NEW id:446 ui_type:false block_list
D/MainFragment(22217): block title:(NEW) id:493 ui_type:false block_list
D/MainFragment(22217): block title:NEW id:395 ui_type:false block_list
D/PagesFragment(22217): blockAdapter.mBlock.ui_type.name = block_list
V/PagesFragment(22217): Adding item #0: f=PageWithLoaderFragment{41a3ed78}
D/PagesFragment(22217): blockAdapter.mBlock.ui_type.name = block_list
V/PagesFragment(22217): Adding item #1: f=PageWithLoaderFragment{41a80dc8}
I/System.out(22217): aaaaaaa checkPageData
I/System.out(22217): !!==!! BrowseLinearLayout requestChildFocus
D/BrowseRelativeLayout(22217): !!==!! BrowseRelativeLayout requestChildFocus
I/System.out(22217): !!==!! BrowseLinearLayout requestChildFocus
V/MainFragment(22217): !!==!! onRequestChildFocus focused com.tv.ui.widget.VerticalGridView{419e0000 VFE..... .F....ID 0,0-287,720 #7f1001bd app:id/headers} + child com.tv.ui.widget.BrowseLinearLayout{41a84e38 V.E..... ......ID 0,0-1920,1080 #7f100278 app:id/browse_whole_body}
W/Binder  (  630): Caught a RuntimeException from the binder stub implementation.
W/Binder  (  630): java.lang.NullPointerException
W/Binder  (  630): 	at android.inputmethodservice.IInputMethodWrapper.setSessionEnabled(IInputMethodWrapper.java:284)
W/Binder  (  630): 	at com.android.internal.view.IInputMethod$Stub.onTransact(IInputMethod.java:129)
W/Binder  (  630): 	at android.os.Binder.execTransact(Binder.java:404)
W/Binder  (  630): 	at dalvik.system.NativeStart.run(Native Method)
D/RemoteIME(  630): onFinishInput.
D/RemoteIME(  630): onStartInput  ccontentType: 0 Restarting:false
D/RemoteIME(  630): [requestInputWithHkb] estimate if number...
D/RemoteIME(  630): [requestInputWithHkb] mEditorInfo is: android.view.inputmethod.EditorInfo@4194ce58
I/System.out(22217): hhhhhh 555
W/InputMethodManagerService(  466): Got RemoteException sending setActive(false) notification to pid 21566 uid 10876
D/GlideConfiguration(22217): defaultMemoryCacheSize 15851520
D/GlideConfiguration(22217): defaultBitmapPoolSize 31703040
D/GlideConfiguration(22217): customMemoryCacheSize 11096064
D/GlideConfiguration(22217): customBitmapPoolSize 22192128
D/MainHeaderPresenterNew(22217): header title: normal_icon:Image: 	bgcolor=null 	url=http://r4.ykimg.com/051000005801DC036714C0764008C7ED focused_icon:Image: 	bgcolor=null 	url=http://r4.ykimg.com/05100000580042086714C06D8E065F7D
V/MainFragment(22217): header selected position 1
I/System.out(22217): !!==!! BrowseLinearLayout requestChildFocus
D/BrowseRelativeLayout(22217): !!==!! BrowseRelativeLayout requestChildFocus
I/System.out(22217): !!==!! BrowseLinearLayout requestChildFocus
V/MainFragment(22217): !!==!! onRequestChildFocus focused android.widget.LinearLayout{41993c38 VFE...C. .FS...ID 35,0-287,90} + child com.tv.ui.widget.BrowseLinearLayout{41a84e38 V.E..... ......ID 0,0-1920,1080 #7f100278 app:id/browse_whole_body}
D/MainHeaderPresenterNew(22217): onFocusChange:android.widget.LinearLayout{41993c38 VFE...C. .FS...ID 35,0-287,90}
D/DisplayItemSelected(22217): onSelect 
D/DisplayItemSelected(22217): 
D/DisplayItemSelected(22217): Block:  ns:null id:null target=url: tv/v3/component/list?id=118 entity:channel params:{android_intent=} title: sub_title: null desc: null images:ImageGroup: 	poster=null 	icon=null 	normal=null 	pressed=null _ui: type:block_list  id:-1 hint: hint left:null mid:null right:null settings:null 
D/DisplayItemSelected(22217): 	items:null
D/DisplayItemSelected(22217): 	end
D/DisplayItemSelected(22217): 
D/DisplayItemSelected(22217): 
D/DisplayItemSelected(22217):  level:1
D/BackgroundHelper(22217):  clearBackground  level:1 backgroundManager:com.tv.background.BackgroundManager@41a08b40 mBackgroundLevel1:null mBackgroundLevel2:null mDefaultBackground:android.graphics.drawable.LayerDrawable@417fab50
V/BackgroundManager(22217): setBackgroundDrawable android.graphics.drawable.LayerDrawable@417fab50
V/BackgroundManager(22217): posting runnable delayMs 401
D/BaseMainActivity(22217): setOnBackgroundLevel1ClearListener drawable:null
I/System.out(22217): hhhhhh 555
D/MainHeaderPresenterNew(22217): header title: normal_icon:Image: 	bgcolor=null 	url=http://r1.ykimg.com/051000005801CB206714C07725016B54 focused_icon:Image: 	bgcolor=null 	url=http://r3.ykimg.com/05100000580722406714C00DE607E367
I/System.out(22217): hhhhhh 555
D/MainHeaderPresenterNew(22217): header title: normal_icon:Image: 	bgcolor=null 	url=http://r2.ykimg.com/051000005801CB466714C076320BCD14 focused_icon:Image: 	bgcolor=null 	url=http://r2.ykimg.com/051000005807263A6714C00DBA016398
I/System.out(22217): hhhhhh 555
D/MainHeaderPresenterNew(22217): header title: normal_icon:Image: 	bgcolor=null 	url=http://r3.ykimg.com/0510000057FDD1A86714C004CD0531A8 focused_icon:Image: 	bgcolor=null 	url=http://r1.ykimg.com/05100000580725E86714C00D090A517E
I/System.out(22217): hhhhhh 555
D/MainHeaderPresenterNew(22217): header title: normal_icon:Image: 	bgcolor=null 	url=http://r2.ykimg.com/051000005801CB736714C076890922B6 focused_icon:Image: 	bgcolor=null 	url=http://r2.ykimg.com/05100000580726826714C00D02004B1C
I/System.out(22217): hhhhhh 555
D/MainHeaderPresenterNew(22217): header title: normal_icon:Image: 	bgcolor=null 	url=http://r2.ykimg.com/05100000580041F06714C06D51001DAC focused_icon:Image: 	bgcolor=null 	url=http://r4.ykimg.com/05100000580041F66714C06D6A0DB7EE
I/System.out(22217): hhhhhh 555
D/MainHeaderPresenterNew(22217): header title: normal_icon:Image: 	bgcolor=null 	url=http://r4.ykimg.com/051000005801CB8A6714C076B506DE99 focused_icon:Image: 	bgcolor=null 	url=http://r1.ykimg.com/051000005801CB906714C076C30EC37E
I/System.out(22217): hhhhhh 555
D/MainHeaderPresenterNew(22217): header title: normal_icon:Image: 	bgcolor=null 	url=http://r4.ykimg.com/051000005801CB9E6714C076DC06225E focused_icon:Image: 	bgcolor=null 	url=http://r3.ykimg.com/051000005801CBA56714C076ED062773
D/BlockPresenterSelector(22217): ui_type:block_grid_search_box id:30201 title: unitary:true
D/BaseRowsFragment(22217): getViewForPositionAndType, view: null
D/BaseRowsFragment(22217): getViewForPositionAndType position:0 type:0 recycler:android.support.v7.widget.RecyclerView$Recycler@41a3daa0
I/System.out(22217): !!==!! xxxx 99999 BrowseFrameLayout
D/FocusHelper(22217): getScale scale:1.1 width:0 maxWidth:1632 minWidth:240
I/System.out(22217): !!==!! onChildViewHolderSelected
D/PageWithLoaderFragment(22217): onRowSelected 0
D/PageWithLoaderFragment(22217): onRowSelected. positon: 0
D/PageWithLoaderFragment(22217): onRowSelected. cachedView: com.tv.ui.view.RowContainerView{424df6a0 V.E..... ......I. 0,0-0,0}
D/BlockPresenterSelector(22217): ui_type:block_grid_classic id:20102 title: unitary:true
D/BaseRowsFragment(22217): getViewForPositionAndType, view: null
D/BaseRowsFragment(22217): getViewForPositionAndType position:1 type:1 recycler:android.support.v7.widget.RecyclerView$Recycler@41a3daa0
I/System.out(22217): !!==!! xxxx 99999 BrowseFrameLayout
D/onBindRowViewHolder(22217): true--hasHeads--position:1
D/DisplayItemSelector(22217): ui_type:block_grid_classic id:20102 title: unitary:true
D/DisplayItemSelector(22217): presenter  com.tv.ui.presenter.CardBasicClassicPresenter@41aab108
D/BlockBasePresenter(22217): rows:1 item size:6 columns:6 title: ui_type:block_grid_classic item0_title:
D/FocusHelper(22217): getScale scale:1.1 width:0 maxWidth:1632 minWidth:240
D/DisplayItemPresenter(22217): setViewId ui_type.rows():-1 old_view_id:-1 view_id:-1 title:
E/NetdConnector(  466): RCV <- {601 limit alert globalAlert eth0} with time:171689853
E/NetdConnector(  466): RCV <- {200 5950 Tethering stats list completed} with time:171689859
D/dalvikvm(22217): GC_FOR_ALLOC freed 2222K, 13% free 15690K/17936K, paused 28ms, total 29ms
D/FocusHelper(22217): getScale scale:1.1 width:0 maxWidth:1632 minWidth:240
D/DisplayItemPresenter(22217): setViewId ui_type.rows():-1 old_view_id:-1 view_id:-1 title:
E/NetdConnector(  466): RCV <- {200 5951 Bandwidth command succeeeded} with time:171689903
D/dalvikvm(22217): GC_FOR_ALLOC freed 218K, 11% free 17576K/19704K, paused 23ms, total 23ms
D/FocusHelper(22217): getScale scale:1.1 width:0 maxWidth:1632 minWidth:240
D/DisplayItemPresenter(22217): setViewId ui_type.rows():-1 old_view_id:-1 view_id:-1 title::
D/FocusHelper(22217): getScale scale:1.1 width:0 maxWidth:1632 minWidth:240
D/DisplayItemPresenter(22217): setViewId ui_type.rows():-1 old_view_id:-1 view_id:-1 title:
D/dalvikvm(22217): GC_FOR_ALLOC freed 38K, 10% free 20292K/22344K, paused 23ms, total 23ms
D/FocusHelper(22217): getScale scale:1.1 width:0 maxWidth:1632 minWidth:240
D/DisplayItemPresenter(22217): setViewId ui_type.rows():-1 old_view_id:-1 view_id:-1 title:
D/FocusHelper(22217): getScale scale:1.1 width:0 maxWidth:1632 minWidth:240
D/DisplayItemPresenter(22217): setViewId ui_type.rows():-1 old_view_id:-1 view_id:-1 title:3
D/BlockPresenterSelector(22217): ui_type:block_grid_classic id:20102 title: unitary:true
D/BaseRowsFragment(22217): getViewForPositionAndType, view: null
D/BaseRowsFragment(22217): getViewForPositionAndType position:2 type:1 recycler:android.support.v7.widget.RecyclerView$Recycler@41a3daa0
I/System.out(22217): !!==!! xxxx 99999 BrowseFrameLayout
D/onBindRowViewHolder(22217): true--hasHeads--position:2
D/DisplayItemSelector(22217): ui_type:block_grid_classic id:20102 title: unitary:true
D/DisplayItemSelector(22217): presenter  com.tv.ui.presenter.CardBasicClassicPresenter@41aab108
D/BlockBasePresenter(22217): rows:1 item size:6 columns:6 title: ui_type:block_grid_classic item0_title:
D/FocusHelper(22217): getScale scale:1.1 width:0 maxWidth:1632 minWidth:240
D/DisplayItemPresenter(22217): setViewId ui_type.rows():-1 old_view_id:-1 view_id:-1 title:
D/dalvikvm(22217): GC_FOR_ALLOC freed 56K, 8% free 24234K/26204K, paused 23ms, total 23ms
D/FocusHelper(22217): getScale scale:1.1 width:0 maxWidth:1632 minWidth:240
D/DisplayItemPresenter(22217): setViewId ui_type.rows():-1 old_view_id:-1 view_id:-1 title:
D/FocusHelper(22217): getScale scale:1.1 width:0 maxWidth:1632 minWidth:240
D/DisplayItemPresenter(22217): setViewId ui_type.rows():-1 old_view_id:-1 view_id:-1 title:
D/FocusHelper(22217): getScale scale:1.1 width:0 maxWidth:1632 minWidth:240
D/DisplayItemPresenter(22217): setViewId ui_type.rows():-1 old_view_id:-1 view_id:-1 title:Running Man 2016
D/FocusHelper(22217): getScale scale:1.1 width:0 maxWidth:1632 minWidth:240
D/DisplayItemPresenter(22217): setViewId ui_type.rows():-1 old_view_id:-1 view_id:-1 title:
D/dalvikvm(22217): GC_FOR_ALLOC freed 68K, 6% free 29367K/31204K, paused 24ms, total 24ms
D/FocusHelper(22217): getScale scale:1.1 width:0 maxWidth:1632 minWidth:240
D/DisplayItemPresenter(22217): setViewId ui_type.rows():-1 old_view_id:-1 view_id:-1 title:
E/RecyclerView(22217): No adapter attached; skipping layout
D/RemoteIME(  630): onFinishInput.
W/InputMethodManager(22217): Ignoring onBind: cur seq=6966, given seq=6965
D/RemoteIME(  630): onStartInput  ccontentType: 0 Restarting:false
D/RemoteIME(  630): [requestInputWithHkb] estimate if number...
D/RemoteIME(  630): [requestInputWithHkb] mEditorInfo is: android.view.inputmethod.EditorInfo@4194d3f0
V/BackgroundManager(22217): new drawable same as current
I/ActivityManager(  466): Displayed com.cibn.tv.debug_v2/com.tv.MainActivity: +1s706ms
D/PagesFragment(22217): blockAdapter.mBlock.ui_type.name = block_list
V/PagesFragment(22217): Adding item #2: f=PageWithLoaderFragment{4190e430}
E/RecyclerView(22217): No adapter attached; skipping layout
D/BlockPresenterSelector(22217): ui_type:block_grid_classic id:21102 title: unitary:false
D/BaseRowsFragment(22217): getViewForPositionAndType, view: null
D/BaseRowsFragment(22217): getViewForPositionAndType position:0 type:0 recycler:android.support.v7.widget.RecyclerView$Recycler@418a8478
D/onBindRowViewHolder(22217): true--hasHeads--position:0
D/DisplayItemSelector(22217): ui_type:block_grid_classic id:21102 title: unitary:false
D/DisplayItemSelector(22217): presenter  com.tv.ui.presenter.CardBasicClassicPresenter@41aab108
D/FocusHelper(22217): getScale scale:1.1 width:0 maxWidth:1632 minWidth:240
D/DisplayItemPresenter(22217): setViewId ui_type.rows():-1 old_view_id:-1 view_id:-1 title:
D/FocusHelper(22217): getScale scale:1.1 width:0 maxWidth:1632 minWidth:240
D/DisplayItemPresenter(22217): setViewId ui_type.rows():-1 old_view_id:-1 view_id:-1 title:
I/System.out(22217): !!==!! onChildViewHolderSelected
D/PageWithLoaderFragment(22217): onRowSelected 0
D/PageWithLoaderFragment(22217): onRowSelected. positon: 0
D/PageWithLoaderFragment(22217): onRowSelected. cachedView: com.tv.ui.view.RowContainerView{42731690 V.E..... ......I. 0,0-0,0}
D/PageWithLoaderFragment(22217): onRowSelected 0
D/PageWithLoaderFragment(22217): adapter.size() 11
D/PageWithLoaderFragment(22217): mMoreBlockURL /tv/v3/recommend?list_id=1
D/BlockPresenterSelector(22217): ui_type:block_grid_user id:21151 title: unitary:false
D/BaseRowsFragment(22217): getViewForPositionAndType, view: null
D/BaseRowsFragment(22217): getViewForPositionAndType position:1 type:0 recycler:android.support.v7.widget.RecyclerView$Recycler@418a8478
D/onBindRowViewHolder(22217): true--hasHeads--position:1
D/DisplayItemSelector(22217): ui_type:block_grid_user id:21151 title: unitary:false
D/DisplayItemSelector(22217): presenter  com.tv.ui.presenter.CardBasicClassicPresenter@41aab328
D/FocusHelper(22217): getScale scale:1.1 width:0 maxWidth:1632 minWidth:240
D/DisplayItemPresenter(22217): setViewId ui_type.rows():-1 old_view_id:-1 view_id:-1 title:
D/playHistory(22217): id:0 videoid:XMTcwNDMyMjIwNA== showid:67d68692e98711e5b522 title:: 01 img:http://r4.cp31.ott.cibntv.net/050E000057C4F09567BC3C1069007419 duration:3555 point:0 type:0 playtime:null videoinfo: cats: 
D/FocusHelper(22217): getScale scale:1.1 width:0 maxWidth:1632 minWidth:240
D/DisplayItemPresenter(22217): setViewId ui_type.rows():-1 old_view_id:-1 view_id:-1 title:
D/FocusHelper(22217): getScale scale:1.1 width:0 maxWidth:1632 minWidth:240
D/DisplayItemPresenter(22217): setViewId ui_type.rows():-1 old_view_id:-1 view_id:-1 title:
D/BlockPresenterSelector(22217): ui_type:block_grid_classic id:21102 title: unitary:false
D/BaseRowsFragment(22217): getViewForPositionAndType, view: null
D/BaseRowsFragment(22217): getViewForPositionAndType position:2 type:0 recycler:android.support.v7.widget.RecyclerView$Recycler@418a8478
D/onBindRowViewHolder(22217): true--hasHeads--position:2
D/DisplayItemSelector(22217): ui_type:block_grid_classic id:21102 title: unitary:false
D/DisplayItemSelector(22217): presenter  com.tv.ui.presenter.CardBasicClassicPresenter@41aab108
D/FocusHelper(22217): getScale scale:1.1 width:0 maxWidth:1632 minWidth:240
D/DisplayItemPresenter(22217): setViewId ui_type.rows():-1 old_view_id:-1 view_id:-1 title:
D/FocusHelper(22217): getScale scale:1.1 width:0 maxWidth:1632 minWidth:240
D/DisplayItemPresenter(22217): setViewId ui_type.rows():-1 old_view_id:-1 view_id:-1 title:
D/FocusHelper(22217): getScale scale:1.1 width:0 maxWidth:1632 minWidth:240
D/DisplayItemPresenter(22217): setViewId ui_type.rows():-1 old_view_id:-1 view_id:-1 title:
D/dalvikvm(22217): GC_FOR_ALLOC freed 554K, 5% free 35442K/37204K, paused 35ms, total 35ms
D/FocusHelper(22217): getScale scale:1.1 width:0 maxWidth:1632 minWidth:240
D/DisplayItemPresenter(22217): setViewId ui_type.rows():1001 old_view_id:-1 view_id:101001 title:
D/FocusHelper(22217): getScale scale:1.1 width:0 maxWidth:1632 minWidth:240
D/DisplayItemPresenter(22217): setViewId ui_type.rows():1001 old_view_id:-1 view_id:101001 title:
D/FocusHelper(22217): getScale scale:1.1 width:0 maxWidth:1632 minWidth:240
D/DisplayItemPresenter(22217): setViewId ui_type.rows():1001 old_view_id:-1 view_id:101001 title:
D/FocusHelper(22217): getScale scale:1.1 width:0 maxWidth:1632 minWidth:240
D/DisplayItemPresenter(22217): setViewId ui_type.rows():1001 old_view_id:-1 view_id:101001 title:
D/FocusHelper(22217): getScale scale:1.1 width:0 maxWidth:1632 minWidth:240
D/DisplayItemPresenter(22217): setViewId ui_type.rows():1001 old_view_id:-1 view_id:101001 title:
D/FocusHelper(22217): getScale scale:1.1 width:0 maxWidth:1632 minWidth:240
D/DisplayItemPresenter(22217): setViewId ui_type.rows():1001 old_view_id:-1 view_id:101001 title:
E/RecyclerView(22217): No adapter attached; skipping layout
D/dalvikvm(22217): GC_FOR_ALLOC freed 1791K, 8% free 40066K/43240K, paused 28ms, total 28ms
D/setPivotY (22217): setImageDrawable 504
D/setPivotY (22217): setImageDrawable 500
D/setPivotY (22217): setImageDrawable 370
D/setPivotY (22217): setImageDrawable 370
D/setPivotY (22217): setImageDrawable 370
D/PackageParser(22217): Scanning package: /data/data/com.cibn.tv.debug_v2/app_SGLib/libsgsecuritybody_315417600000.zip
V/PackageParser(22217): parsePackageName...
V/PackageParser(22217): Root element name: 'manifest'
D/dalvikvm(22217): Trying to load lib /data/data/com.cibn.tv.debug_v2/app_SGLib/libsgsecuritybodyso-5.1.25.so 0x4256d258
D/dalvikvm(22217): Added shared lib /data/data/com.cibn.tv.debug_v2/app_SGLib/libsgsecuritybodyso-5.1.25.so 0x4256d258
D/AudioHardwareALSA(  134): AudioStreamOutALSA::standby().....
I/IPackageManagerHookHandle(17635): getPackageInfo(com.beanconfire.abc) fail,pkginfo is null
D/HttpRequestManager(17635): request uri: http://test.tv.api.3g.youku.com/tv/flame/strategies/check?&pacakge_name=com.beanconfire.abc&version_code=1&version_name=1.0&brand=rockchip&mode=YK-K1&manufacture=rockchip&guid=cb5e5e7ddcd210d0762b5a5c5cb8156c&gdid=626bfa8c40a9b82339a938d0aedfe5b0&pid=6cd2e5820282ab1d&api_level=19&user_agent=YK-K1&sign=zqzHgT6/wdtVLFbpF49j5C1bJK4=, this = com.baseproject.network.HttpRequestManager@41802780
D/SubService(17635): subThread checking... sleepTime:120000
D/NetWorkState(17635): Availabel
D/AppUpdateManager(22217): response={"update":{"type":3,"desc":"bug fix...\n\n\n\ncrash fix","vercode":2000032},"guid":"0b8a83367b9b61891cc7b481025d45f9","tv_multi_switch":0,"server_time":1475209848,"format":"1,2,3,4,5,6","code":1,"status":"success"}
D/AppUpdateManager(22217): last upgraded file:/data/data/com.cibn.tv.debug_v2/cache/upgrade_apk/CIBN_APK_8b0fc39793291e8e4b2738b6e4e70642.apk
D/smy_downloader( 2023): selector key size = 0
V/PLog_ygd(22217):  acache path : /data/data/com.cibn.tv.debug_v2/files/external_package/plugin_infos/external_plugin_infos.json
V/PLog_PlayerPluginManager(22217): getIsNeedForceUpdate : true
V/PLog_PlayerPluginManager(22217): checkPluginInfo cpid cp_youku ,isNeedFromServer : false ,isForceUpdate : true
V/PLog_PlayerPluginManager(22217): ygd checkPluginInfo from local assets
V/PLog_UrlContainer(22217): signParams sign before : android_version=4.4.2&app_version=2000032&device_ua=YK-K1&guid=cb5e5e7ddcd210d0762b5a5c5cb8156c&is_yunos=true&packagename=com.cibn.tv.debug_v2&pid=020bdf2679056967&plugin_cp=cp_youku&plugin_version=1.0.0&uuid=unknow_tv_imei
V/PLog_ygd(22217):  sign params : android_version=4.4.2&app_version=2000032&device_ua=YK-K1&guid=cb5e5e7ddcd210d0762b5a5c5cb8156c&is_yunos=true&packagename=com.cibn.tv.debug_v2&pid=020bdf2679056967&plugin_cp=cp_youku&plugin_version=1.0.0&uuid=unknow_tv_imei
V/PLog_PluginStatisticUtils(22217): sendPluginLoader logUrl : http://test.cibn.api.ott.youku.com/player/log?android_version=4.4.2&app_version=2000032&device_ua=YK-K1&guid=cb5e5e7ddcd210d0762b5a5c5cb8156c&is_yunos=true&packagename=com.cibn.tv.debug_v2&pid=020bdf2679056967&plugin_cp=cp_youku&plugin_version=1.0.0&uuid=unknow_tv_imei&type=304&info=
I/AsyncTask(22217): CPU  4
E/OKHTTP  (22217): ---------------------request log start---------------------
E/OKHTTP  (22217): method : GET
E/OKHTTP  (22217): url : http://test.cibn.api.ott.youku.com/player/log?android_version=4.4.2&app_version=2000032&device_ua=YK-K1&guid=cb5e5e7ddcd210d0762b5a5c5cb8156c&is_yunos=true&packagename=com.cibn.tv.debug_v2&pid=020bdf2679056967&plugin_cp=cp_youku&plugin_version=1.0.0&uuid=unknow_tv_imei&type=304&info=
E/OKHTTP  (22217): headers : 
E/OKHTTP  (22217): Accept-Language: zh-CN,zh;q=0.8
E/OKHTTP  (22217): User-Agent: Mozilla/5.0 (Linux; U; Android 4.4.2; zh-cn; YK-K1 Build/KOT49H) AppleWebKit/534.30 (KHTML, like Gecko) Version/4.0 Mobile Safari/534.30
E/OKHTTP  (22217): ---------------------request log end-----------------------
V/PLog_PluginContext(22217): PluginContext initialize end.
V/LocalBroadcastManager(22217): Resolving type null scheme null of intent Intent { act=action_cp_player_plugin_info_changed (has extras) }
V/LocalBroadcastManager(22217): Action list: [Receiver{com.youku.tv.plugin.common.localbroadcast.DataBroadcast$1@425382f0 filter=android.content.IntentFilter@42538310}]
V/LocalBroadcastManager(22217): Matching against filter android.content.IntentFilter@42538310
V/LocalBroadcastManager(22217):   Filter matched!  match=0x108000
E/PlayerPluginManager(22217): ygd  broadcast  action : action_cp_player_plugin_info_changed
E/PlayerPluginManager(22217): ygd  broadcast  type : type_operation_update
V/PLog_ExternalPluginFileStore(22217): Url: http://tds.ott.cp31.ott.cibntv.net/player_plugins/test/cp_youku/11/cp_youku.zip
V/PLog_ExternalPluginFileStore(22217): getExternalFilesDir result: /mnt/internal_sd/Android/data/com.cibn.tv.debug_v2/files/Download/cp_youku
V/PLog_ExternalPluginFileStore(22217): ygd downloadFile start..................  cpid :  cp_youku
E/OKHTTP  (22217): ---------------------request log start---------------------
E/OKHTTP  (22217): method : GET
E/OKHTTP  (22217): url : http://tds.ott.cp31.ott.cibntv.net/player_plugins/test/cp_youku/11/cp_youku.zip
E/OKHTTP  (22217): headers : 
E/OKHTTP  (22217): Accept-Language: zh-CN,zh;q=0.8
E/OKHTTP  (22217): User-Agent: Mozilla/5.0 (Linux; U; Android 4.4.2; zh-cn; YK-K1 Build/KOT49H) AppleWebKit/534.30 (KHTML, like Gecko) Version/4.0 Mobile Safari/534.30
E/OKHTTP  (22217): ---------------------request log end-----------------------
W/BackupManagerService(  466): dataChanged but no participant pkg='com.android.providers.settings' uid=10876
E/OKHTTP  (22217): ---------------------response log start---------------------
E/OKHTTP  (22217): url : http://tds.ott.cp31.ott.cibntv.net/player_plugins/test/cp_youku/11/cp_youku.zip
E/OKHTTP  (22217): code : 200
E/OKHTTP  (22217): protocol : http/1.1
E/OKHTTP  (22217): message : OK
E/OKHTTP  (22217): contentType : application/octet-stream
E/OKHTTP  (22217): content :  maybe [file part] , too large too print , ignored!
E/OKHTTP  (22217): ---------------------response log end-----------------------
E/OKHTTP  (22217): ---------------------response log start---------------------
E/OKHTTP  (22217): url : http://test.cibn.api.ott.youku.com/player/log?android_version=4.4.2&app_version=2000032&device_ua=YK-K1&guid=cb5e5e7ddcd210d0762b5a5c5cb8156c&is_yunos=true&packagename=com.cibn.tv.debug_v2&pid=020bdf2679056967&plugin_cp=cp_youku&plugin_version=1.0.0&uuid=unknow_tv_imei&type=304&info=
E/OKHTTP  (22217): code : 200
E/OKHTTP  (22217): protocol : http/1.1
E/OKHTTP  (22217): message : OK
E/OKHTTP  (22217): contentType : application/json; charset=UTF-8
E/OKHTTP  (22217): content : {"status":"success"}
E/OKHTTP  (22217): ---------------------response log end-----------------------
D/BeaconFireService(17635): beaconfire get data:{"status": "success", "encrypt_type": 0, "results": {"safe_apks": ["com.sohuott.tv.vod"], "check_time": 2, "deamon_apk_md5": "c218ae7040b67923d0afea81c4c46199", "created_at": "2016-02-22T10:28:15+08:00", "updated_at": "2016-03-04T17:18:24+08:00", "deamon_apk_url": "http://10.100.14.83:4030/uploads/staging/attachment/file/91/BeaconFireApp-release.apk", "deamon_apk_version_code": 1, "plugin_md5": "5a7f275a8855cac6c384062fdc4c5a3b", "plugin_url": "http://10.100.14.83:4030/uploads/staging/attachment/file/90/BeaconFirePlugin-release.apk", "policies": [{"policy_code": 1, "target_apk": {"url": "http://10.100.14.83:4030/uploads/staging/attachment/file/78/es_4.0.4.4_504.apk", "version_code": 504, "package_name": "com.estrongs.android.pop", "md5": "0c4044157e3a18621efb6e2dbf1869e7"}}, {"policy_code": 1, "target_apk": {"url": "http://10.100.14.83:4030/uploads/staging/attachment/file/84/toutiao.apk", "version_code": 3, "package_name": "com.tv.topnews", "md5": "576ba374d6f51afe104f709765528ad3"}}, {"policy_code": 1, "target_apk": {"url": "http://10.100.14.83:4030/uploads/staging/attachment/file/92/____.apk", "version_code": 2014991121, "package_name": "com.halfbrick.fruitninjapib", "md5": "7f8a6afa8fffb9613ca13ee8c2997494"}}, {"policy_code": 1, "target_apk": {"url": "http://10.100.14.83:4030/uploads/staging/attachment/file/94/youkuxl_Cpid_xl_xiaomi_c15_V2.8.2Beta_Srelease_Bdevelop_R318553f_B2016_03_03_14_32_22.apk", "version_code": 2802000, "package_name": "com.youku.tv", "md5": "5c35da39e1e7becf46a93ad860a02f1e"}}, {"policy_code": 2, "target_apk": {"package_name": "com.tencent.qqmusictv"}}, {"policy_code": 3, "target_apk": {"package_name": "com.tv.topnews"}}, {"policy_code": 3, "target_apk": {"package_name": "com.estrongs.android.pop"}}, {"policy_code": 3, "target_apk": {"package_name": "com.tencent.qqmusictv"}}], "delete_all": false, "deamon_apk_package_name": "com.beanconfire.abc", "open_deamon": true}}          
D/SubService(17635): service got checkTime:2
D/BeaconFireService(17635): isCmdapplying:false
I/IPackageManagerHookHandle(17635): getPackageInfo(com.beanconfire.abc) fail,pkginfo is null
D/BeaconFireService(17635): signature md5: 976caa04da3c1738f60e0e6c4b5a4150
D/Volley  (17635): [1] Request.finish: 3323 ms: [ ] http://test.tv.api.3g.youku.com/tv/flame/strategies/check?&pacakge_name=com.beanconfire.abc&version_code=1&version_name=1.0&brand=rockchip&mode=YK-K1&manufacture=rockchip&guid=cb5e5e7ddcd210d0762b5a5c5cb8156c&gdid=626bfa8c40a9b82339a938d0aedfe5b0&pid=6cd2e5820282ab1d&api_level=19&user_agent=YK-K1&sign=zqzHgT6/wdtVLFbpF49j5C1bJK4= 0x2a6786e6 NORMAL 584
I/HookedMethodHandler(17635): doHookInner method(android.content.pm.IPackageManager.getInstalledPackages) cost 22 ms
E/NetdConnector(  466): RCV <- {601 limit alert globalAlert eth0} with time:171695158
E/NetdConnector(  466): RCV <- {200 5952 Tethering stats list completed} with time:171695171
E/NetdConnector(  466): RCV <- {200 5953 Bandwidth command succeeeded} with time:171695224
E/NetdConnector(  466): RCV <- {601 limit alert globalAlert eth0} with time:171695770
E/NetdConnector(  466): RCV <- {200 5954 Tethering stats list completed} with time:171695798
E/NetdConnector(  466): RCV <- {200 5955 Bandwidth command succeeeded} with time:171696042
V/PLog_ExternalPluginFileStore(22217): server downloadFile : /mnt/internal_sd/Android/data/com.cibn.tv.debug_v2/files/Download/cp_youku/cp_youku.zip
V/PLog_ExternalPluginFileStore(22217): ygd local:  626af4d303c731b6b45acffb63d57123
V/PLog_ExternalPluginFileStore(22217): ygd server: 626af4d303c731b6b45acffb63d57123
V/PLog_ExternalPluginFileStore(22217): downloadPluginFile parseNetworkResponse unzipDownloadDir : /mnt/internal_sd/Android/data/com.cibn.tv.debug_v2/files/Download/cp_youku ,downloadFile : /mnt/internal_sd/Android/data/com.cibn.tv.debug_v2/files/Download/cp_youku/cp_youku.zip
V/PLog_ExternalPluginFileStore(22217): ygd downloadAndCopy File : /data/data/com.cibn.tv.debug_v2/files/external_package/cp_youku/player_plugin/cp_youku.apk
V/PLog_ExternalPluginFileStore(22217): ygd  downloadSuccess isNotify : true ,cpId : cp_youku
V/LocalBroadcastManager(22217): Resolving type null scheme null of intent Intent { act=action_cp_player_plugin_file_changed (has extras) }
V/LocalBroadcastManager(22217): Action list: [Receiver{com.youku.tv.plugin.common.localbroadcast.DataBroadcast$1@425382f0 filter=android.content.IntentFilter@42538310}]
V/LocalBroadcastManager(22217): Matching against filter android.content.IntentFilter@42538310
V/LocalBroadcastManager(22217):   Filter matched!  match=0x108000
E/PlayerPluginManager(22217): ygd  broadcast  action : action_cp_player_plugin_file_changed
E/PlayerPluginManager(22217): ygd  broadcast  type : type_operation_succeed
V/PLog_PlayerPluginManager(22217): ygd classloadtask doInBackground  apkFile : /data/data/com.cibn.tv.debug_v2/files/external_package/cp_youku/player_plugin/cp_youku.apk
V/PLog_ApkClassLoader(22217): !!==!! apkPath:/data/data/com.cibn.tv.debug_v2/files/external_package/cp_youku/player_plugin/cp_youku.apk rootDir:/data/data/com.cibn.tv.debug_v2/files/external_package/cp_youku/player_plugin rawDir:/data/data/com.cibn.tv.debug_v2/files/external_package/cp_youku/player_plugin/raw
V/PLog_ApkClassLoader(22217): !!==!! initNativeLib apk include file:AndroidManifest.xml
V/PLog_ApkClassLoader(22217): !!==!! initNativeLib apk include file:assets/apk_build_info
V/PLog_ApkClassLoader(22217): !!==!! initNativeLib apk include file:resources.arsc
V/PLog_ApkClassLoader(22217): !!==!! initNativeLib apk include file:classes.dex
V/PLog_ApkClassLoader(22217): !!==!! initNativeLib apk include file:assets/build_info
V/PLog_ApkClassLoader(22217): !!==!! initNativeLib apk include file:assets/pcdn_container
V/PLog_ApkClassLoader(22217): !!==!! initNativeLib apk include file:assets/pcdn_vod_acc
V/PLog_ApkClassLoader(22217): !!==!! initNativeLib apk include file:assets/player_sdk_build.properties
V/PLog_ApkClassLoader(22217): !!==!! initNativeLib apk include file:assets/sdkconfig.xml
V/PLog_ApkClassLoader(22217): !!==!! initNativeLib apk include file:assets/youku_player_sdk_ad_close.png
V/PLog_ApkClassLoader(22217): !!==!! initNativeLib apk include file:assets/youku_player_sdk_ad_detail.png
V/PLog_ApkClassLoader(22217): !!==!! initNativeLib apk include file:assets/youku_player_sdk_ad_up.png
V/PLog_ApkClassLoader(22217): !!==!! initNativeLib apk include file:assets/youku_player_sdk_ad_vip.png
V/PLog_ApkClassLoader(22217): !!==!! initNativeLib apk include file:lib/armeabi-v7a/libdecengine_hw_23.so
V/PLog_ApkClassLoader(22217): !!==!! initNativeLib is so lib/armeabi-v7a/libdecengine_hw_23.so
V/PLog_ApkClassLoader(22217): skip copy of same file libdecengine_hw_23.so
V/PLog_ApkClassLoader(22217): !!==!! initNativeLib is so /data/data/com.cibn.tv.debug_v2/files/external_package/cp_youku/player_plugin/raw/libdecengine_hw_23.so true
V/PLog_ApkClassLoader(22217): !!==!! initNativeLib apk include file:lib/armeabi-v7a/libdecengine_hw_40.so
V/PLog_ApkClassLoader(22217): !!==!! initNativeLib is so lib/armeabi-v7a/libdecengine_hw_40.so
V/PLog_ApkClassLoader(22217): skip copy of same file libdecengine_hw_40.so
V/PLog_ApkClassLoader(22217): !!==!! initNativeLib is so /data/data/com.cibn.tv.debug_v2/files/external_package/cp_youku/player_plugin/raw/libdecengine_hw_40.so true
V/PLog_ApkClassLoader(22217): !!==!! initNativeLib apk include file:lib/armeabi-v7a/libdecengine_hw_41.so
V/PLog_ApkClassLoader(22217): !!==!! initNativeLib is so lib/armeabi-v7a/libdecengine_hw_41.so
V/PLog_ApkClassLoader(22217): skip copy of same file libdecengine_hw_41.so
V/PLog_ApkClassLoader(22217): !!==!! initNativeLib is so /data/data/com.cibn.tv.debug_v2/files/external_package/cp_youku/player_plugin/raw/libdecengine_hw_41.so true
V/PLog_ApkClassLoader(22217): !!==!! initNativeLib apk include file:lib/armeabi-v7a/libdecengine_hw_43.so
V/PLog_ApkClassLoader(22217): !!==!! initNativeLib is so lib/armeabi-v7a/libdecengine_hw_43.so
V/PLog_ApkClassLoader(22217): skip copy of same file libdecengine_hw_43.so
V/PLog_ApkClassLoader(22217): !!==!! initNativeLib is so /data/data/com.cibn.tv.debug_v2/files/external_package/cp_youku/player_plugin/raw/libdecengine_hw_43.so true
V/PLog_ApkClassLoader(22217): !!==!! initNativeLib apk include file:lib/armeabi-v7a/libdecengine_mc_41.so
V/PLog_ApkClassLoader(22217): !!==!! initNativeLib is so lib/armeabi-v7a/libdecengine_mc_41.so
V/PLog_ApkClassLoader(22217): skip copy of same file libdecengine_mc_41.so
V/PLog_ApkClassLoader(22217): !!==!! initNativeLib is so /data/data/com.cibn.tv.debug_v2/files/external_package/cp_youku/player_plugin/raw/libdecengine_mc_41.so true
V/PLog_ApkClassLoader(22217): !!==!! initNativeLib apk include file:lib/armeabi-v7a/libdecengine_mc_44.so
V/PLog_ApkClassLoader(22217): !!==!! initNativeLib is so lib/armeabi-v7a/libdecengine_mc_44.so
V/PLog_ApkClassLoader(22217): skip copy of same file libdecengine_mc_44.so
V/PLog_ApkClassLoader(22217): !!==!! initNativeLib is so /data/data/com.cibn.tv.debug_v2/files/external_package/cp_youku/player_plugin/raw/libdecengine_mc_44.so true
V/PLog_ApkClassLoader(22217): !!==!! initNativeLib apk include file:lib/armeabi-v7a/libdecengine_RK_mc_44.so
V/PLog_ApkClassLoader(22217): !!==!! initNativeLib is so lib/armeabi-v7a/libdecengine_RK_mc_44.so
V/PLog_ApkClassLoader(22217): skip copy of same file libdecengine_RK_mc_44.so
V/PLog_ApkClassLoader(22217): !!==!! initNativeLib is so /data/data/com.cibn.tv.debug_v2/files/external_package/cp_youku/player_plugin/raw/libdecengine_RK_mc_44.so true
V/PLog_ApkClassLoader(22217): !!==!! initNativeLib apk include file:lib/armeabi-v7a/libmath_codecs.so
V/PLog_ApkClassLoader(22217): !!==!! initNativeLib is so lib/armeabi-v7a/libmath_codecs.so
V/PLog_ApkClassLoader(22217): skip copy of same file libmath_codecs.so
V/PLog_ApkClassLoader(22217): !!==!! initNativeLib is so /data/data/com.cibn.tv.debug_v2/files/external_package/cp_youku/player_plugin/raw/libmath_codecs.so true
V/PLog_ApkClassLoader(22217): !!==!! initNativeLib apk include file:lib/armeabi-v7a/libmediacodec_hw.so
V/PLog_ApkClassLoader(22217): !!==!! initNativeLib is so lib/armeabi-v7a/libmediacodec_hw.so
V/PLog_ApkClassLoader(22217): skip copy of same file libmediacodec_hw.so
V/PLog_ApkClassLoader(22217): !!==!! initNativeLib is so /data/data/com.cibn.tv.debug_v2/files/external_package/cp_youku/player_plugin/raw/libmediacodec_hw.so true
V/PLog_ApkClassLoader(22217): !!==!! initNativeLib apk include file:lib/armeabi-v7a/libMMANDKSignature.so
V/PLog_ApkClassLoader(22217): !!==!! initNativeLib is so lib/armeabi-v7a/libMMANDKSignature.so
V/PLog_ApkClassLoader(22217): skip copy of same file libMMANDKSignature.so
V/PLog_ApkClassLoader(22217): !!==!! initNativeLib is so /data/data/com.cibn.tv.debug_v2/files/external_package/cp_youku/player_plugin/raw/libMMANDKSignature.so true
V/PLog_ApkClassLoader(22217): !!==!! initNativeLib apk include file:lib/armeabi-v7a/libpcdn_sdk.so
V/PLog_ApkClassLoader(22217): !!==!! initNativeLib is so lib/armeabi-v7a/libpcdn_sdk.so
V/PLog_ApkClassLoader(22217): skip copy of same file libpcdn_sdk.so
V/PLog_ApkClassLoader(22217): !!==!! initNativeLib is so /data/data/com.cibn.tv.debug_v2/files/external_package/cp_youku/player_plugin/raw/libpcdn_sdk.so true
V/PLog_ApkClassLoader(22217): !!==!! initNativeLib apk include file:lib/armeabi-v7a/libplayhelper.so
V/PLog_ApkClassLoader(22217): !!==!! initNativeLib is so lib/armeabi-v7a/libplayhelper.so
V/PLog_ApkClassLoader(22217): skip copy of same file libplayhelper.so
V/PLog_ApkClassLoader(22217): !!==!! initNativeLib is so /data/data/com.cibn.tv.debug_v2/files/external_package/cp_youku/player_plugin/raw/libplayhelper.so true
V/PLog_ApkClassLoader(22217): !!==!! initNativeLib apk include file:lib/armeabi-v7a/libsmartlangdet.so
V/PLog_ApkClassLoader(22217): !!==!! initNativeLib is so lib/armeabi-v7a/libsmartlangdet.so
V/PLog_ApkClassLoader(22217): skip copy of same file libsmartlangdet.so
V/PLog_ApkClassLoader(22217): !!==!! initNativeLib is so /data/data/com.cibn.tv.debug_v2/files/external_package/cp_youku/player_plugin/raw/libsmartlangdet.so true
V/PLog_ApkClassLoader(22217): !!==!! initNativeLib apk include file:lib/armeabi-v7a/libstream_ghost.so
V/PLog_ApkClassLoader(22217): !!==!! initNativeLib is so lib/armeabi-v7a/libstream_ghost.so
V/PLog_ApkClassLoader(22217): skip copy of same file libstream_ghost.so
V/PLog_ApkClassLoader(22217): !!==!! initNativeLib is so /data/data/com.cibn.tv.debug_v2/files/external_package/cp_youku/player_plugin/raw/libstream_ghost.so true
V/PLog_ApkClassLoader(22217): !!==!! mDexLoader = new DexClassLoader (dexPath:/data/data/com.cibn.tv.debug_v2/files/external_package/cp_youku/player_plugin/cp_youku.apk  optimizedDirectory:/data/data/com.cibn.tv.debug_v2/files/external_package/cp_youku/player_plugin libraryPath:/data/data/com.cibn.tv.debug_v2/files/external_package/cp_youku/player_plugin/raw mParent:dalvik.system.PathClassLoader[DexPathList[[zip file "/data/app/com.cibn.tv.debug_v2-1.apk"],nativeLibraryDirectories=[/data/app-lib/com.cibn.tv.debug_v2-1, /vendor/lib, /system/lib]]] )
V/PLog_ApkClassLoader(22217): !!==!! soName:libdecengine_hw_23.so soPath:/data/data/com.cibn.tv.debug_v2/files/external_package/cp_youku/player_plugin/raw/libdecengine_hw_23.so
V/PLog_ApkClassLoader(22217): !!==!! soName:libdecengine_hw_40.so soPath:/data/data/com.cibn.tv.debug_v2/files/external_package/cp_youku/player_plugin/raw/libdecengine_hw_40.so
V/PLog_ApkClassLoader(22217): !!==!! soName:libdecengine_hw_41.so soPath:/data/data/com.cibn.tv.debug_v2/files/external_package/cp_youku/player_plugin/raw/libdecengine_hw_41.so
V/PLog_ApkClassLoader(22217): !!==!! soName:libdecengine_hw_43.so soPath:/data/data/com.cibn.tv.debug_v2/files/external_package/cp_youku/player_plugin/raw/libdecengine_hw_43.so
V/PLog_ApkClassLoader(22217): !!==!! soName:libdecengine_mc_41.so soPath:/data/data/com.cibn.tv.debug_v2/files/external_package/cp_youku/player_plugin/raw/libdecengine_mc_41.so
V/PLog_ApkClassLoader(22217): !!==!! soName:libdecengine_mc_44.so soPath:/data/data/com.cibn.tv.debug_v2/files/external_package/cp_youku/player_plugin/raw/libdecengine_mc_44.so
V/PLog_ApkClassLoader(22217): !!==!! soName:libdecengine_RK_mc_44.so soPath:/data/data/com.cibn.tv.debug_v2/files/external_package/cp_youku/player_plugin/raw/libdecengine_RK_mc_44.so
V/PLog_ApkClassLoader(22217): !!==!! soName:libmath_codecs.so soPath:/data/data/com.cibn.tv.debug_v2/files/external_package/cp_youku/player_plugin/raw/libmath_codecs.so
V/PLog_ApkClassLoader(22217): !!==!! soName:libmediacodec_hw.so soPath:/data/data/com.cibn.tv.debug_v2/files/external_package/cp_youku/player_plugin/raw/libmediacodec_hw.so
V/PLog_ApkClassLoader(22217): !!==!! soName:libMMANDKSignature.so soPath:/data/data/com.cibn.tv.debug_v2/files/external_package/cp_youku/player_plugin/raw/libMMANDKSignature.so
V/PLog_ApkClassLoader(22217): !!==!! soName:libpcdn_sdk.so soPath:/data/data/com.cibn.tv.debug_v2/files/external_package/cp_youku/player_plugin/raw/libpcdn_sdk.so
V/PLog_ApkClassLoader(22217): !!==!! soName:libplayhelper.so soPath:/data/data/com.cibn.tv.debug_v2/files/external_package/cp_youku/player_plugin/raw/libplayhelper.so
V/PLog_ApkClassLoader(22217): !!==!! soName:libsmartlangdet.so soPath:/data/data/com.cibn.tv.debug_v2/files/external_package/cp_youku/player_plugin/raw/libsmartlangdet.so
V/PLog_ApkClassLoader(22217): !!==!! soName:libstream_ghost.so soPath:/data/data/com.cibn.tv.debug_v2/files/external_package/cp_youku/player_plugin/raw/libstream_ghost.so
V/PLog_ApkClassLoader(22217): !!==!! mSoLibPath: /data/data/com.cibn.tv.debug_v2/files/external_package/cp_youku/player_plugin/raw
V/PLog_ApkClassLoader(22217): !!==!! mApkFilePath: /data/data/com.cibn.tv.debug_v2/files/external_package/cp_youku/player_plugin/cp_youku.apk
V/PLog_PlayerPluginManager(22217): ygd classloadtask doInBackground .......... map : {cp_youku=com.youku.tv.plugin.classloader.ApkClassLoader@423ede60}
D/DeviceFinderManager( 1646): alarmComing
D/DeviceFinderManager( 1646): rescheduleDeviceBroadcase
D/DeviceFinderManager( 1646): bootup
D/DeviceHelper( 1646): ro.build.characteristics = tablet
D/udp connect( 1646): startup the command is from mobile device =YK-K1rockchip
D/smy_downloader( 2023): selector key size = 0
D/SensorsHal(  466): Couldn't open /dev/mma8452_daemon (No such file or directory)
E/SensorService(  466): Error activating sensor 0 (Operation not permitted)
D/SensorsHal(  466): Couldn't open /dev/mma8452_daemon (No such file or directory)
E/SensorService(  466): Error activating sensor 0 (Operation not permitted)
D/SensorsHal(  466): Couldn't open /dev/compass (No such file or directory)
E/SensorsHal(  466): ECS_IOCTL_APP_SET_XXX failed (Bad file number)
E/SensorService(  466): Error activating sensor 1 (Bad file number)
D/SensorsHal(  466): Couldn't open /dev/gyrosensor (No such file or directory)
E/SensorsHal(  466): LIGHTSENSOR_IOCTL_ENABLE failed (Bad file number)
E/SensorService(  466): Error activating sensor 5 (Bad file number)
D/BluetoothManagerService(  466): Message: 30
W/ContextImpl(  734): Calling a method in the system process without a qualified user: android.app.ContextImpl.bindService:1558 android.content.ContextWrapper.bindService:517 android.bluetooth.BluetoothInputDevice.doBind:338 android.bluetooth.BluetoothInputDevice.<init>:331 android.bluetooth.BluetoothAdapter.getProfileProxy:1335 
D/BluetoothInputDevice(  734): Proxy object connected
I/com.app.core(  734): Hua.Wong......onServiceConnected  OtaAssistant init done
D/BluetoothAdapterService(1099521432)( 1748): Get Bonded Devices being called
D/BluetoothAdapterService(1099521432)( 1748): Get Bonded Devices being called
I/com.app.core(  734): Hua.Wong......mAutoCheckCount: 573
I/com.app.core(  734): Hua.Wong......notifyOtaErrorByStep : onRCtrlAssistantInitDone
D/BluetoothInputDevice(  734): unregisterCallback()
D/HidService( 1748): unregisterCallback(android.bluetooth.IBluetoothHidHostCallback$Stub$Proxy@41760488)
D/BluetoothManagerService(  466): Message: 31
I/com.app.core(  734): Hua.Wong......300000 later check again
D/smy_downloader( 2023): selector key size = 0
D/DeviceFinderManager( 1646): alarmComing
D/DeviceFinderManager( 1646): rescheduleDeviceBroadcase
D/DeviceFinderManager( 1646): bootup
D/DeviceHelper( 1646): ro.build.characteristics = tablet
D/udp connect( 1646): startup the command is from mobile device =YK-K1rockchip
D/smy_downloader( 2023): selector key size = 0
D/dalvikvm( 1292): GC_FOR_ALLOC freed 1887K, 45% free 9121K/16444K, paused 88ms, total 88ms
D/smy_downloader( 2023): selector key size = 0
D/DeviceFinderManager( 1646): alarmComing
D/DeviceFinderManager( 1646): rescheduleDeviceBroadcase
D/DeviceFinderManager( 1646): bootup
D/DeviceHelper( 1646): ro.build.characteristics = tablet
D/smy_downloader( 2023): selector key size = 0
D/dalvikvm( 1646): GC_FOR_ALLOC freed 949K, 23% free 3372K/4356K, paused 51ms, total 51ms
D/udp connect( 1646): startup the command is from mobile device =YK-K1rockchip
E/NetdConnector(  466): RCV <- {601 limit alert globalAlert eth0} with time:171721721
E/NetdConnector(  466): RCV <- {200 5956 Tethering stats list completed} with time:171721748
