I/PackageParser(  466): File /data/app/vmdl-1103669501.tmp entry res/transition-v21/lb_vertical_grid_entrance_transition.xml: certs=[Ljava.security.cert.Certificate;@41e821b8 (1)
I/PackageParser(  466): File /data/app/vmdl-1103669501.tmp entry res/transition-v21/lb_vertical_grid_return_transition.xml: certs=[Ljava.security.cert.Certificate;@41e821b8 (1)
I/PackageParser(  466): File /data/app/vmdl-1103669501.tmp entry res/xml/debug.xml: certs=[Ljava.security.cert.Certificate;@41e821b8 (1)
I/PackageParser(  466): File /data/app/vmdl-1103669501.tmp entry res/xml/file_paths.xml: certs=[Ljava.security.cert.Certificate;@41e821b8 (1)
I/PackageParser(  466): File /data/app/vmdl-1103669501.tmp entry res/xml/selector_browse_header_text_size.xml: certs=[Ljava.security.cert.Certificate;@41e821b8 (1)
I/PackageParser(  466): File /data/app/vmdl-1103669501.tmp entry resources.arsc: certs=[Ljava.security.cert.Certificate;@41e821b8 (1)
D/PackageManager(  466): [ZS] ########## setApplicationInfoPaths, destCodePath:/data/app/com.cibn.tv.debug_v2-2.apk, destResPath:/data/app/com.cibn.tv.debug_v2-2.apk
I/ActivityManager(  466): Force stopping com.cibn.tv.debug_v2 appid=10884 user=-1: uninstall pkg
I/ActivityManager(  466): Killing 4535:com.cibn.tv.debug_v2/u0a884 (adj 0): stop com.cibn.tv.debug_v2
W/ActivityManager(  466): Force removing ActivityRecord{419f14c8 u0 com.cibn.tv.debug_v2/com.tv.MainActivity t11}: app died, no saved state
I/WindowState(  466): WIN DEATH: Window{41b1b900 u0 com.cibn.tv.debug_v2/com.tv.MainActivity}
I/PackageManager(  466): Package com.cibn.tv.debug_v2 codePath changed from /data/app/com.cibn.tv.debug_v2-1.apk to /data/app/com.cibn.tv.debug_v2-2.apk; Retaining data and using new
I/SELinuxMMAC(  466): package (com.cibn.tv.debug_v2) labeled with seinfo=default
I/Installer(  466): send: 'linklib com.cibn.tv.debug_v2 /data/app-lib/com.cibn.tv.debug_v2-2 0'
I/Installer(  466): read 2 bytes
I/Installer(  466): read 1 bytes
I/Installer(  466): recv: '0'
I/Installer(  466): send: 'dexopt /data/app/com.cibn.tv.debug_v2-2.apk 50884 1'
W/InputMethodManagerService(  466): Got RemoteException sending setActive(false) notification to pid 4535 uid 10884
I/Installer(  466): read 2 bytes
I/Installer(  466): read 1 bytes
I/Installer(  466): recv: '0'
W/PackageManager(  466): Code path for pkg : com.cibn.tv.debug_v2 changing from /data/app/com.cibn.tv.debug_v2-1.apk to /data/app/com.cibn.tv.debug_v2-2.apk
I/ActivityManager(  466): Force stopping com.cibn.tv.debug_v2 appid=10884 user=-1: update pkg
W/PackageManager(  466): Resource path for pkg : com.cibn.tv.debug_v2 changing from /data/app/com.cibn.tv.debug_v2-1.apk to /data/app/com.cibn.tv.debug_v2-2.apk
I/Installer(  466): send: 'movedex /data/app/com.cibn.tv.debug_v2-2.apk /data/app/com.cibn.tv.debug_v2-2.apk'
I/Installer(  466): read 2 bytes
I/Installer(  466): read 1 bytes
I/Installer(  466): recv: '0'
W/PackageManager(  466): Unknown permission android.permission.HDMI_CEC in package com.cibn.tv.debug_v2
W/PackageManager(  466): Unknown permission android.permission.WRITE_INTERNAL_STORAGE in package com.cibn.tv.debug_v2
I/ActivityManager(  466): Force stopping com.cibn.tv.debug_v2 appid=10884 user=0: pkg removed
I/Installer(  466): send: 'rmdex /data/app/com.cibn.tv.debug_v2-1.apk'
D/BackupManagerService(  466): Received broadcast Intent { act=android.intent.action.PACKAGE_REMOVED dat=package:com.cibn.tv.debug_v2 flg=0x4000010 (has extras) }
D/BackupManagerService(  466): Received broadcast Intent { act=android.intent.action.PACKAGE_ADDED dat=package:com.cibn.tv.debug_v2 flg=0x4000010 (has extras) }
V/BackupManagerService(  466): removePackageParticipantsLocked: uid=10884 #1
V/BackupManagerService(  466): addPackageParticipantsLocked: #1
W/ContextImpl(  792): Calling a method in the system process without a qualified user: android.app.ContextImpl.startService:1494 android.content.ContextWrapper.startService:494 android.content.ContextWrapper.startService:494 org.android.agoo.client.BaseIntentService.runIntentInService:168 org.android.agoo.client.BaseBroadcastReceiver.onReceive:14 
W/ContextImpl( 2420): Calling a method in the system process without a qualified user: android.app.ContextImpl.startService:1494 android.content.ContextWrapper.startService:494 android.content.ContextWrapper.startService:494 com.android.keychain.KeyChainBroadcastReceiver.onReceive:12 android.app.ActivityThread.handleReceiver:2419 
I/Installer(  466): read 2 bytes
I/Installer(  466): read 1 bytes
I/Installer(  466): recv: '0'
W/RecognitionManagerService(  466): no available voice recognition services found for user 0
W/ContextImpl(  792): Calling a method in the system process without a qualified user: android.app.ContextImpl.startService:1494 android.content.ContextWrapper.startService:494 com.umeng.message.proguard.aV.a:27 org.android.agoo.impl.ControlService.a:1262 org.android.agoo.impl.ControlService.e:424 
I/ActivityManager(  466): START u0 {act=android.intent.action.MAIN cat=[android.intent.category.LAUNCHER] flg=0x10000000 cmp=com.cibn.tv.debug_v2/com.cibn.tv.WelcomeActivity} from pid 8328
I/ActivityManager(  466): Start proc com.cibn.tv.debug_v2 for activity com.cibn.tv.debug_v2/com.cibn.tv.WelcomeActivity: pid=8367 uid=10884 gids={50884, 3003, 1028, 1015, 3002}
D/PackageParser( 8367): Scanning package: /data/data/com.cibn.tv.debug_v2/app_SGLib/libsgmain_315417600000.zip
V/PackageParser( 8367): parsePackageName...
V/PackageParser( 8367): Root element name: 'manifest'
D/PackageParser( 8367): Scanning package: /data/data/com.cibn.tv.debug_v2/app_SGLib/libsgsecuritybody_315417600000.zip
V/PackageParser( 8367): parsePackageName...
V/PackageParser( 8367): Root element name: 'manifest'
E/NetdConnector(  466): RCV <- {601 limit alert globalAlert eth0} with time:2339357
E/NetdConnector(  466): RCV <- {200 344 Tethering stats list completed} with time:2339363
E/NetdConnector(  466): RCV <- {200 345 Bandwidth command succeeeded} with time:2339395
W/BackupManagerService(  466): dataChanged but no participant pkg='com.android.providers.settings' uid=10884
E/NetdConnector(  466): RCV <- {601 limit alert globalAlert eth0} with time:2341294
E/NetdConnector(  466): RCV <- {200 346 Tethering stats list completed} with time:2341300
E/NetdConnector(  466): RCV <- {200 347 Bandwidth command succeeeded} with time:2341323
E/NetdConnector(  466): RCV <- {601 limit alert globalAlert eth0} with time:2341575
E/NetdConnector(  466): RCV <- {200 348 Tethering stats list completed} with time:2341582
E/NetdConnector(  466): RCV <- {200 349 Bandwidth command succeeeded} with time:2341612
I/ActivityManager(  466): START u0 {act=android.intent.action.VIEW dat=yktv://tv/home cmp=com.cibn.tv.debug_v2/com.tv.MainActivity (has extras)} from pid 8367
I/ActivityManager(  466): Waited long enough for: ServiceRecord{41c444c0 u0 com.qihoo360.mobilesafe_tv/com.qihoo360.mobilesafe.service.PackageInstallationMonitorService}
E/NetdConnector(  466): RCV <- {601 limit alert globalAlert eth0} with time:2351590
E/NetdConnector(  466): RCV <- {200 350 Tethering stats list completed} with time:2351602
E/NetdConnector(  466): RCV <- {200 351 Bandwidth command succeeeded} with time:2351669
W/ContextImpl(  466): Calling a method in the system process without a qualified user: android.app.ContextImpl.sendBroadcast:1138 com.android.internal.policy.impl.PhoneWindowManager.interceptKeyBeforeQueueing:4448 com.android.server.wm.InputMonitor.interceptKeyBeforeQueueing:357 com.android.server.input.InputManagerService.interceptKeyBeforeQueueing:1332 dalvik.system.NativeStart.run:-2 
W/ContextImpl(  466): Calling a method in the system process without a qualified user: android.app.ContextImpl.sendBroadcast:1138 com.android.internal.policy.impl.PhoneWindowManager.interceptKeyBeforeQueueing:4448 com.android.server.wm.InputMonitor.interceptKeyBeforeQueueing:357 com.android.server.input.InputManagerService.interceptKeyBeforeQueueing:1332 dalvik.system.NativeStart.run:-2 
W/ContextImpl(  466): Calling a method in the system process without a qualified user: android.app.ContextImpl.sendBroadcast:1138 com.android.internal.policy.impl.PhoneWindowManager.interceptKeyBeforeQueueing:4448 com.android.server.wm.InputMonitor.interceptKeyBeforeQueueing:357 com.android.server.input.InputManagerService.interceptKeyBeforeQueueing:1332 dalvik.system.NativeStart.run:-2 
W/ContextImpl(  466): Calling a method in the system process without a qualified user: android.app.ContextImpl.sendBroadcast:1138 com.android.internal.policy.impl.PhoneWindowManager.interceptKeyBeforeQueueing:4448 com.android.server.wm.InputMonitor.interceptKeyBeforeQueueing:357 com.android.server.input.InputManagerService.interceptKeyBeforeQueueing:1332 dalvik.system.NativeStart.run:-2 
W/ContextImpl(  466): Calling a method in the system process without a qualified user: android.app.ContextImpl.sendBroadcast:1138 com.android.internal.policy.impl.PhoneWindowManager.interceptKeyBeforeQueueing:4448 com.android.server.wm.InputMonitor.interceptKeyBeforeQueueing:357 com.android.server.input.InputManagerService.interceptKeyBeforeQueueing:1332 dalvik.system.NativeStart.run:-2 
I/ActivityManager(  466): START u0 {act=android.intent.action.VIEW dat=yktv://tv/detail?id=205 cmp=com.cibn.tv.debug_v2/com.tv.DetailActivity (has extras)} from pid 8367
E/NetdConnector(  466): RCV <- {601 limit alert globalAlert eth0} with time:2370307
E/NetdConnector(  466): RCV <- {200 352 Tethering stats list completed} with time:2370319
E/NetdConnector(  466): RCV <- {200 353 Bandwidth command succeeeded} with time:2370364
W/ContextImpl(  466): Calling a method in the system process without a qualified user: android.app.ContextImpl.sendBroadcast:1138 com.android.internal.policy.impl.PhoneWindowManager.interceptKeyBeforeQueueing:4448 com.android.server.wm.InputMonitor.interceptKeyBeforeQueueing:357 com.android.server.input.InputManagerService.interceptKeyBeforeQueueing:1332 dalvik.system.NativeStart.run:-2 
W/ContextImpl(  466): Calling a method in the system process without a qualified user: android.app.ContextImpl.sendBroadcast:1138 com.android.internal.policy.impl.PhoneWindowManager.interceptKeyBeforeQueueing:4448 com.android.server.wm.InputMonitor.interceptKeyBeforeQueueing:357 com.android.server.input.InputManagerService.interceptKeyBeforeQueueing:1332 dalvik.system.NativeStart.run:-2 
W/ContextImpl(  466): Calling a method in the system process without a qualified user: android.app.ContextImpl.sendBroadcast:1138 com.android.internal.policy.impl.PhoneWindowManager.interceptKeyBeforeQueueing:4448 com.android.server.wm.InputMonitor.interceptKeyBeforeQueueing:357 com.android.server.input.InputManagerService.interceptKeyBeforeQueueing:1332 dalvik.system.NativeStart.run:-2 
W/ContextImpl(  466): Calling a method in the system process without a qualified user: android.app.ContextImpl.sendBroadcast:1138 com.android.internal.policy.impl.PhoneWindowManager.interceptKeyBeforeQueueing:4448 com.android.server.wm.InputMonitor.interceptKeyBeforeQueueing:357 com.android.server.input.InputManagerService.interceptKeyBeforeQueueing:1332 dalvik.system.NativeStart.run:-2 
W/ContextImpl(  466): Calling a method in the system process without a qualified user: android.app.ContextImpl.sendBroadcast:1138 com.android.internal.policy.impl.PhoneWindowManager.interceptKeyBeforeQueueing:4448 com.android.server.wm.InputMonitor.interceptKeyBeforeQueueing:357 com.android.server.input.InputManagerService.interceptKeyBeforeQueueing:1332 dalvik.system.NativeStart.run:-2 
W/ContextImpl(  681): Calling a method in the system process without a qualified user: android.app.ContextImpl.startService:1494 android.content.ContextWrapper.startService:494 android.content.ContextWrapper.startService:494 com.youku.pushsdk.receiver.YoukuAppActionReceiver.onReceive:42 android.app.ActivityThread.handleReceiver:2419 
W/ContextImpl(  726): Calling a method in the system process without a qualified user: android.app.ContextImpl.startService:1494 android.content.ContextWrapper.startService:494 android.content.ContextWrapper.startService:494 com.youku.pushsdk.receiver.YoukuAppActionReceiver.onReceive:42 android.app.ActivityThread.handleReceiver:2419 
W/ContextImpl(  689): Calling a method in the system process without a qualified user: android.app.ContextImpl.startService:1494 android.content.ContextWrapper.startService:494 android.content.ContextWrapper.startService:494 com.youku.pushsdk.receiver.YoukuAppActionReceiver.onReceive:42 android.app.ActivityThread.handleReceiver:2419 
W/ContextImpl(  681): Calling a method in the system process without a qualified user: android.app.ContextImpl.startService:1494 android.content.ContextWrapper.startService:494 android.content.ContextWrapper.startService:494 com.youku.pushsdk.receiver.YoukuAppActionReceiver.onReceive:42 android.app.ActivityThread.handleReceiver:2419 
W/ContextImpl(  726): Calling a method in the system process without a qualified user: android.app.ContextImpl.startService:1494 android.content.ContextWrapper.startService:494 android.content.ContextWrapper.startService:494 com.youku.pushsdk.receiver.YoukuAppActionReceiver.onReceive:42 android.app.ActivityThread.handleReceiver:2419 
W/ContextImpl(  689): Calling a method in the system process without a qualified user: android.app.ContextImpl.startService:1494 android.content.ContextWrapper.startService:494 android.content.ContextWrapper.startService:494 com.youku.pushsdk.receiver.YoukuAppActionReceiver.onReceive:42 android.app.ActivityThread.handleReceiver:2419 
W/ContextImpl(  466): Calling a method in the system process without a qualified user: android.app.ContextImpl.sendBroadcast:1138 com.android.internal.policy.impl.PhoneWindowManager.interceptKeyBeforeQueueing:4448 com.android.server.wm.InputMonitor.interceptKeyBeforeQueueing:357 com.android.server.input.InputManagerService.interceptKeyBeforeQueueing:1332 dalvik.system.NativeStart.run:-2 
W/ContextImpl(  466): Calling a method in the system process without a qualified user: android.app.ContextImpl.sendBroadcast:1138 com.android.internal.policy.impl.PhoneWindowManager.interceptKeyBeforeQueueing:4448 com.android.server.wm.InputMonitor.interceptKeyBeforeQueueing:357 com.android.server.input.InputManagerService.interceptKeyBeforeQueueing:1332 dalvik.system.NativeStart.run:-2 
W/ContextImpl(  466): Calling a method in the system process without a qualified user: android.app.ContextImpl.sendBroadcast:1138 com.android.internal.policy.impl.PhoneWindowManager.interceptKeyBeforeQueueing:4448 com.android.server.wm.InputMonitor.interceptKeyBeforeQueueing:357 com.android.server.input.InputManagerService.interceptKeyBeforeQueueing:1332 dalvik.system.NativeStart.run:-2 
W/ContextImpl(  466): Calling a method in the system process without a qualified user: android.app.ContextImpl.sendBroadcast:1138 com.android.internal.policy.impl.PhoneWindowManager.interceptKeyBeforeQueueing:4448 com.android.server.wm.InputMonitor.interceptKeyBeforeQueueing:357 com.android.server.input.InputManagerService.interceptKeyBeforeQueueing:1332 dalvik.system.NativeStart.run:-2 
W/ContextImpl( 2179): Calling a method in the system process without a qualified user: android.app.ContextImpl.startService:1494 android.content.ContextWrapper.startService:494 android.content.ContextWrapper.startService:494 com.tvbox.feedback.FeedbackReceiver.onReceive:34 android.app.ActivityThread.handleReceiver:2419 
E/NetdConnector(  466): RCV <- {601 limit alert globalAlert eth0} with time:2386374
E/NetdConnector(  466): RCV <- {200 354 Tethering stats list completed} with time:2386384
E/NetdConnector(  466): RCV <- {200 355 Bandwidth command succeeeded} with time:2386450
W/ContextImpl(  466): Calling a method in the system process without a qualified user: android.app.ContextImpl.sendBroadcast:1138 com.android.internal.policy.impl.PhoneWindowManager.interceptKeyBeforeQueueing:4448 com.android.server.wm.InputMonitor.interceptKeyBeforeQueueing:357 com.android.server.input.InputManagerService.interceptKeyBeforeQueueing:1332 dalvik.system.NativeStart.run:-2 
W/ContextImpl(  466): Calling a method in the system process without a qualified user: android.app.ContextImpl.sendBroadcast:1138 com.android.internal.policy.impl.PhoneWindowManager.interceptKeyBeforeQueueing:4448 com.android.server.wm.InputMonitor.interceptKeyBeforeQueueing:357 com.android.server.input.InputManagerService.interceptKeyBeforeQueueing:1332 dalvik.system.NativeStart.run:-2 
W/ContextImpl(  466): Calling a method in the system process without a qualified user: android.app.ContextImpl.sendBroadcast:1138 com.android.internal.policy.impl.PhoneWindowManager.interceptKeyBeforeQueueing:4448 com.android.server.wm.InputMonitor.interceptKeyBeforeQueueing:357 com.android.server.input.InputManagerService.interceptKeyBeforeQueueing:1332 dalvik.system.NativeStart.run:-2 
W/ContextImpl(  466): Calling a method in the system process without a qualified user: android.app.ContextImpl.sendBroadcast:1138 com.android.internal.policy.impl.PhoneWindowManager.interceptKeyBeforeQueueing:4448 com.android.server.wm.InputMonitor.interceptKeyBeforeQueueing:357 com.android.server.input.InputManagerService.interceptKeyBeforeQueueing:1332 dalvik.system.NativeStart.run:-2 
W/ContextImpl(  466): Calling a method in the system process without a qualified user: android.app.ContextImpl.sendBroadcast:1138 com.android.internal.policy.impl.PhoneWindowManager.interceptKeyBeforeQueueing:4448 com.android.server.wm.InputMonitor.interceptKeyBeforeQueueing:357 com.android.server.input.InputManagerService.interceptKeyBeforeQueueing:1332 dalvik.system.NativeStart.run:-2 
E/AndroidRuntime( 8367): FATAL EXCEPTION: main
E/AndroidRuntime( 8367): Process: com.cibn.tv.debug_v2, PID: 8367
E/AndroidRuntime( 8367): java.lang.NullPointerException
E/AndroidRuntime( 8367): 	at android.support.v7.widget.OrientationHelper$2.getDecoratedStart(OrientationHelper.java:395)
E/AndroidRuntime( 8367): 	at android.support.v17.leanback.widget.GridLayoutManager.getViewMin(GridLayoutManager.java:1023)
E/AndroidRuntime( 8367): 	at android.support.v17.leanback.widget.GridLayoutManager.access$3700(GridLayoutManager.java:50)
E/AndroidRuntime( 8367): 	at android.support.v17.leanback.widget.GridLayoutManager$2.getEdge(GridLayoutManager.java:1587)
E/AndroidRuntime( 8367): 	at android.support.v17.leanback.widget.SingleRow.findRowMin(SingleRow.java:149)
E/AndroidRuntime( 8367): 	at android.support.v17.leanback.widget.Grid.findRowMin(Grid.java:263)
E/AndroidRuntime( 8367): 	at android.support.v17.leanback.widget.Grid.checkPrependOverLimit(Grid.java:307)
E/AndroidRuntime( 8367): 	at android.support.v17.leanback.widget.SingleRow.prependVisibleItems(SingleRow.java:93)
E/AndroidRuntime( 8367): 	at android.support.v17.leanback.widget.Grid.prependVisibleItems(Grid.java:345)
E/AndroidRuntime( 8367): 	at android.support.v17.leanback.widget.GridLayoutManager.prependVisibleItems(GridLayoutManager.java:1707)
E/AndroidRuntime( 8367): 	at android.support.v17.leanback.widget.GridLayoutManager.scrollDirectionPrimary(GridLayoutManager.java:2056)
E/AndroidRuntime( 8367): 	at android.support.v17.leanback.widget.GridLayoutManager.scrollVerticallyBy(GridLayoutManager.java:2010)
E/AndroidRuntime( 8367): 	at android.support.v7.widget.RecyclerView$ViewFlinger.run(RecyclerView.java:4413)
E/AndroidRuntime( 8367): 	at android.view.Choreographer$CallbackRecord.run(Choreographer.java:761)
E/AndroidRuntime( 8367): 	at android.view.Choreographer.doCallbacks(Choreographer.java:574)
E/AndroidRuntime( 8367): 	at android.view.Choreographer.doFrame(Choreographer.java:543)
E/AndroidRuntime( 8367): 	at android.view.Choreographer$FrameDisplayEventReceiver.run(Choreographer.java:747)
E/AndroidRuntime( 8367): 	at android.os.Handler.handleCallback(Handler.java:733)
E/AndroidRuntime( 8367): 	at android.os.Handler.dispatchMessage(Handler.java:95)
E/AndroidRuntime( 8367): 	at android.os.Looper.loop(Looper.java:136)
E/AndroidRuntime( 8367): 	at android.app.ActivityThread.main(ActivityThread.java:5017)
E/AndroidRuntime( 8367): 	at java.lang.reflect.Method.invokeNative(Native Method)
E/AndroidRuntime( 8367): 	at java.lang.reflect.Method.invoke(Method.java:515)
E/AndroidRuntime( 8367): 	at com.android.internal.os.ZygoteInit$MethodAndArgsCaller.run(ZygoteInit.java:794)
E/AndroidRuntime( 8367): 	at com.android.internal.os.ZygoteInit.main(ZygoteInit.java:610)
E/AndroidRuntime( 8367): 	at dalvik.system.NativeStart.main(Native Method)
W/ActivityManager(  466):   Force finishing activity com.cibn.tv.debug_v2/com.tv.DetailActivity
I/ActivityManager(  466): Process com.cibn.tv.debug_v2 (pid 8367) has died.
I/WindowState(  466): WIN DEATH: Window{41ea5800 u0 com.cibn.tv.debug_v2/com.tv.MainActivity}
I/WindowState(  466): WIN DEATH: Window{419aeb38 u0 com.cibn.tv.debug_v2/com.tv.DetailActivity}
I/ActivityManager(  466): Start proc com.cibn.tv.debug_v2 for activity com.cibn.tv.debug_v2/com.tv.MainActivity: pid=9631 uid=10884 gids={50884, 3003, 1028, 1015, 3002}
W/ContextImpl(  466): Calling a method in the system process without a qualified user: android.app.ContextImpl.sendBroadcast:1138 com.android.internal.policy.impl.PhoneWindowManager.interceptKeyBeforeQueueing:4448 com.android.server.wm.InputMonitor.interceptKeyBeforeQueueing:357 com.android.server.input.InputManagerService.interceptKeyBeforeQueueing:1332 dalvik.system.NativeStart.run:-2 
D/PackageParser( 9631): Scanning package: /data/data/com.cibn.tv.debug_v2/app_SGLib/libsgmain_315417600000.zip
V/PackageParser( 9631): parsePackageName...
V/PackageParser( 9631): Root element name: 'manifest'
W/ViewRootImpl( 9631): Dropping event due to no window focus: KeyEvent { action=ACTION_DOWN, keyCode=KEYCODE_DPAD_UP, scanCode=103, metaState=0, flags=0x8, repeatCount=0, eventTime=2388046, downTime=2388046, deviceId=1, source=0x101 }
W/ViewRootImpl( 9631): Dropping event due to no window focus: KeyEvent { action=ACTION_DOWN, keyCode=KEYCODE_DPAD_UP, scanCode=103, metaState=0, flags=0x8, repeatCount=0, eventTime=2388310, downTime=2388310, deviceId=1, source=0x101 }
W/InputMethodManagerService(  466): Got RemoteException sending setActive(false) notification to pid 8367 uid 10884
D/PackageParser( 9631): Scanning package: /data/data/com.cibn.tv.debug_v2/app_SGLib/libsgsecuritybody_315417600000.zip
V/PackageParser( 9631): parsePackageName...
V/PackageParser( 9631): Root element name: 'manifest'
W/BackupManagerService(  466): dataChanged but no participant pkg='com.android.providers.settings' uid=10884
E/NetdConnector(  466): RCV <- {601 limit alert globalAlert eth0} with time:2393681
E/NetdConnector(  466): RCV <- {200 356 Tethering stats list completed} with time:2393689
E/NetdConnector(  466): RCV <- {200 357 Bandwidth command succeeeded} with time:2393733
E/NetdConnector(  466): RCV <- {601 limit alert globalAlert eth0} with time:2393902
E/NetdConnector(  466): RCV <- {200 358 Tethering stats list completed} with time:2393909
E/NetdConnector(  466): RCV <- {200 359 Bandwidth command succeeeded} with time:2393973
E/NetdConnector(  466): RCV <- {601 limit alert globalAlert eth0} with time:2394758
E/NetdConnector(  466): RCV <- {200 360 Tethering stats list completed} with time:2394768
E/NetdConnector(  466): RCV <- {200 361 Bandwidth command succeeeded} with time:2394792
E/NetdConnector(  466): RCV <- {601 limit alert globalAlert eth0} with time:2395647
E/NetdConnector(  466): RCV <- {200 362 Tethering stats list completed} with time:2395652
E/NetdConnector(  466): RCV <- {200 363 Bandwidth command succeeeded} with time:2395692
E/NetdConnector(  466): RCV <- {601 limit alert globalAlert eth0} with time:2396244
E/NetdConnector(  466): RCV <- {200 364 Tethering stats list completed} with time:2396257
E/NetdConnector(  466): RCV <- {200 365 Bandwidth command succeeeded} with time:2397531
W/ContextImpl(  709): Calling a method in the system process without a qualified user: android.app.ContextImpl.bindService:1558 android.content.ContextWrapper.bindService:517 android.bluetooth.BluetoothInputDevice.doBind:338 android.bluetooth.BluetoothInputDevice.<init>:331 android.bluetooth.BluetoothAdapter.getProfileProxy:1335 
E/NetdConnector(  466): RCV <- {601 limit alert globalAlert eth0} with time:2435213
E/NetdConnector(  466): RCV <- {200 366 Tethering stats list completed} with time:2435226
E/NetdConnector(  466): RCV <- {200 367 Bandwidth command succeeeded} with time:2435263
W/ProcessCpuTracker(  466): Skipping unknown process pid 10603
W/ProcessCpuTracker(  466): Skipping unknown process pid 10605
W/ProcessCpuTracker(  466): Skipping unknown process pid 10608
W/ProcessCpuTracker(  466): Skipping unknown process pid 11020
W/ContextImpl(  466): Calling a method in the system process without a qualified user: android.app.ContextImpl.sendBroadcast:1138 com.android.internal.policy.impl.PhoneWindowManager.interceptKeyBeforeQueueing:4448 com.android.server.wm.InputMonitor.interceptKeyBeforeQueueing:357 com.android.server.input.InputManagerService.interceptKeyBeforeQueueing:1332 dalvik.system.NativeStart.run:-2 
W/ContextImpl(  466): Calling a method in the system process without a qualified user: android.app.ContextImpl.sendBroadcast:1138 com.android.internal.policy.impl.PhoneWindowManager.interceptKeyBeforeQueueing:4448 com.android.internal.policy.impl.PhoneWindowManager.interceptFallback:2951 com.android.internal.policy.impl.PhoneWindowManager.dispatchUnhandledKey:2926 com.android.server.wm.InputMonitor.dispatchUnhandledKey:383 
W/ContextImpl(  466): Calling a method in the system process without a qualified user: android.app.ContextImpl.sendBroadcast:1138 com.android.internal.policy.impl.PhoneWindowManager.interceptKeyBeforeQueueing:4448 com.android.server.wm.InputMonitor.interceptKeyBeforeQueueing:357 com.android.server.input.InputManagerService.interceptKeyBeforeQueueing:1332 dalvik.system.NativeStart.run:-2 
W/ContextImpl(  466): Calling a method in the system process without a qualified user: android.app.ContextImpl.sendBroadcast:1138 com.android.internal.policy.impl.PhoneWindowManager.interceptKeyBeforeQueueing:4448 com.android.internal.policy.impl.PhoneWindowManager.interceptFallback:2951 com.android.internal.policy.impl.PhoneWindowManager.dispatchUnhandledKey:2926 com.android.server.wm.InputMonitor.dispatchUnhandledKey:383 
W/ContextImpl(  466): Calling a method in the system process without a qualified user: android.app.ContextImpl.sendBroadcast:1138 com.android.internal.policy.impl.PhoneWindowManager.interceptKeyBeforeQueueing:4448 com.android.server.wm.InputMonitor.interceptKeyBeforeQueueing:357 com.android.server.input.InputManagerService.interceptKeyBeforeQueueing:1332 dalvik.system.NativeStart.run:-2 
W/ViewRootImpl( 1165): Dropping event due to no window focus: KeyEvent { action=ACTION_DOWN, keyCode=KEYCODE_ESCAPE, scanCode=1, metaState=0, flags=0x8, repeatCount=0, eventTime=2463024, downTime=2463024, deviceId=1, source=0x101 }
W/ContextImpl(  466): Calling a method in the system process without a qualified user: android.app.ContextImpl.sendBroadcast:1138 com.android.internal.policy.impl.PhoneWindowManager.interceptKeyBeforeQueueing:4448 com.android.internal.policy.impl.PhoneWindowManager.interceptFallback:2951 com.android.internal.policy.impl.PhoneWindowManager.dispatchUnhandledKey:2926 com.android.server.wm.InputMonitor.dispatchUnhandledKey:383 
W/ContextImpl(  466): Calling a method in the system process without a qualified user: android.app.ContextImpl.sendBroadcast:1138 com.android.internal.policy.impl.PhoneWindowManager.interceptKeyBeforeQueueing:4448 com.android.server.wm.InputMonitor.interceptKeyBeforeQueueing:357 com.android.server.input.InputManagerService.interceptKeyBeforeQueueing:1332 dalvik.system.NativeStart.run:-2 
I/ActivityManager(  466): Killing 1475:com.android.externalstorage/u0a3 (adj 15): empty for 2443s
W/ContextImpl(  466): Calling a method in the system process without a qualified user: android.app.ContextImpl.sendBroadcast:1138 com.android.internal.policy.impl.PhoneWindowManager.interceptKeyBeforeQueueing:4448 com.android.server.wm.InputMonitor.interceptKeyBeforeQueueing:357 com.android.server.input.InputManagerService.interceptKeyBeforeQueueing:1332 dalvik.system.NativeStart.run:-2 
W/ContextImpl(  466): Calling a method in the system process without a qualified user: android.app.ContextImpl.sendBroadcast:1138 com.android.internal.policy.impl.PhoneWindowManager.interceptKeyBeforeQueueing:4448 com.android.server.wm.InputMonitor.interceptKeyBeforeQueueing:357 com.android.server.input.InputManagerService.interceptKeyBeforeQueueing:1332 dalvik.system.NativeStart.run:-2 
W/ContextImpl(  466): Calling a method in the system process without a qualified user: android.app.ContextImpl.sendBroadcast:1138 com.android.internal.policy.impl.PhoneWindowManager.interceptKeyBeforeQueueing:4448 com.android.server.wm.InputMonitor.interceptKeyBeforeQueueing:357 com.android.server.input.InputManagerService.interceptKeyBeforeQueueing:1332 dalvik.system.NativeStart.run:-2 
W/ContextImpl(  466): Calling a method in the system process without a qualified user: android.app.ContextImpl.sendBroadcast:1138 com.android.internal.policy.impl.PhoneWindowManager.interceptKeyBeforeQueueing:4448 com.android.server.wm.InputMonitor.interceptKeyBeforeQueueing:357 com.android.server.input.InputManagerService.interceptKeyBeforeQueueing:1332 dalvik.system.NativeStart.run:-2 
W/ContextImpl(  466): Calling a method in the system process without a qualified user: android.app.ContextImpl.sendBroadcast:1138 com.android.internal.policy.impl.PhoneWindowManager.interceptKeyBeforeQueueing:4448 com.android.server.wm.InputMonitor.interceptKeyBeforeQueueing:357 com.android.server.input.InputManagerService.interceptKeyBeforeQueueing:1332 dalvik.system.NativeStart.run:-2 
W/ContextImpl(  466): Calling a method in the system process without a qualified user: android.app.ContextImpl.sendBroadcast:1138 com.android.internal.policy.impl.PhoneWindowManager.interceptKeyBeforeQueueing:4448 com.android.server.wm.InputMonitor.interceptKeyBeforeQueueing:357 com.android.server.input.InputManagerService.interceptKeyBeforeQueueing:1332 dalvik.system.NativeStart.run:-2 
E/NetdConnector(  466): RCV <- {601 limit alert globalAlert eth0} with time:2465966
W/ContextImpl(  466): Calling a method in the system process without a qualified user: android.app.ContextImpl.sendBroadcast:1138 com.android.internal.policy.impl.PhoneWindowManager.interceptKeyBeforeQueueing:4448 com.android.server.wm.InputMonitor.interceptKeyBeforeQueueing:357 com.android.server.input.InputManagerService.interceptKeyBeforeQueueing:1332 dalvik.system.NativeStart.run:-2 
E/NetdConnector(  466): RCV <- {200 368 Tethering stats list completed} with time:2466045
E/NetdConnector(  466): RCV <- {200 369 Bandwidth command succeeeded} with time:2466143
W/ContextImpl(  466): Calling a method in the system process without a qualified user: android.app.ContextImpl.sendBroadcast:1138 com.android.internal.policy.impl.PhoneWindowManager.interceptKeyBeforeQueueing:4448 com.android.server.wm.InputMonitor.interceptKeyBeforeQueueing:357 com.android.server.input.InputManagerService.interceptKeyBeforeQueueing:1332 dalvik.system.NativeStart.run:-2 
W/ContextImpl(  466): Calling a method in the system process without a qualified user: android.app.ContextImpl.sendBroadcast:1138 com.android.internal.policy.impl.PhoneWindowManager.interceptKeyBeforeQueueing:4448 com.android.server.wm.InputMonitor.interceptKeyBeforeQueueing:357 com.android.server.input.InputManagerService.interceptKeyBeforeQueueing:1332 dalvik.system.NativeStart.run:-2 
W/ContextImpl(  466): Calling a method in the system process without a qualified user: android.app.ContextImpl.sendBroadcast:1138 com.android.internal.policy.impl.PhoneWindowManager.interceptKeyBeforeQueueing:4448 com.android.server.wm.InputMonitor.interceptKeyBeforeQueueing:357 com.android.server.input.InputManagerService.interceptKeyBeforeQueueing:1332 dalvik.system.NativeStart.run:-2 
W/ContextImpl(  466): Calling a method in the system process without a qualified user: android.app.ContextImpl.sendBroadcast:1138 com.android.internal.policy.impl.PhoneWindowManager.interceptKeyBeforeQueueing:4448 com.android.server.wm.InputMonitor.interceptKeyBeforeQueueing:357 com.android.server.input.InputManagerService.interceptKeyBeforeQueueing:1332 dalvik.system.NativeStart.run:-2 
W/ContextImpl(  466): Calling a method in the system process without a qualified user: android.app.ContextImpl.sendBroadcast:1138 com.android.internal.policy.impl.PhoneWindowManager.interceptKeyBeforeQueueing:4448 com.android.server.wm.InputMonitor.interceptKeyBeforeQueueing:357 com.android.server.input.InputManagerService.interceptKeyBeforeQueueing:1332 dalvik.system.NativeStart.run:-2 
W/ContextImpl(  466): Calling a method in the system process without a qualified user: android.app.ContextImpl.sendBroadcast:1138 com.android.internal.policy.impl.PhoneWindowManager.interceptKeyBeforeQueueing:4448 com.android.server.wm.InputMonitor.interceptKeyBeforeQueueing:357 com.android.server.input.InputManagerService.interceptKeyBeforeQueueing:1332 dalvik.system.NativeStart.run:-2 
W/ContextImpl(  466): Calling a method in the system process without a qualified user: android.app.ContextImpl.sendBroadcast:1138 com.android.internal.policy.impl.PhoneWindowManager.interceptKeyBeforeQueueing:4448 com.android.server.wm.InputMonitor.interceptKeyBeforeQueueing:357 com.android.server.input.InputManagerService.interceptKeyBeforeQueueing:1332 dalvik.system.NativeStart.run:-2 
W/ContextImpl(  466): Calling a method in the system process without a qualified user: android.app.ContextImpl.sendBroadcast:1138 com.android.internal.policy.impl.PhoneWindowManager.interceptKeyBeforeQueueing:4448 com.android.server.wm.InputMonitor.interceptKeyBeforeQueueing:357 com.android.server.input.InputManagerService.interceptKeyBeforeQueueing:1332 dalvik.system.NativeStart.run:-2 
I/ActivityManager(  466): START u0 {act=android.intent.action.MAIN cat=[android.intent.category.LAUNCHER] flg=0x10000000 cmp=com.cibn.tv.debug_v2/com.cibn.tv.WelcomeActivity} from pid 1165
I/ActivityManager(  466): START u0 {act=android.intent.action.VIEW dat=yktv://tv/home cmp=com.cibn.tv.debug_v2/com.tv.MainActivity (has extras)} from pid 9631
W/ContextImpl(  466): Calling a method in the system process without a qualified user: android.app.ContextImpl.sendBroadcast:1138 com.android.internal.policy.impl.PhoneWindowManager.interceptKeyBeforeQueueing:4448 com.android.server.wm.InputMonitor.interceptKeyBeforeQueueing:357 com.android.server.input.InputManagerService.interceptKeyBeforeQueueing:1332 dalvik.system.NativeStart.run:-2 
W/ContextImpl(  466): Calling a method in the system process without a qualified user: android.app.ContextImpl.sendBroadcast:1138 com.android.internal.policy.impl.PhoneWindowManager.interceptKeyBeforeQueueing:4448 com.android.server.wm.InputMonitor.interceptKeyBeforeQueueing:357 com.android.server.input.InputManagerService.interceptKeyBeforeQueueing:1332 dalvik.system.NativeStart.run:-2 
I/ActivityManager(  466): START u0 {act=android.intent.action.VIEW dat=yktv://tv/detail?id=205 cmp=com.cibn.tv.debug_v2/com.tv.DetailActivity (has extras)} from pid 9631
W/ContextImpl(  466): Calling a method in the system process without a qualified user: android.app.ContextImpl.sendBroadcast:1138 com.android.internal.policy.impl.PhoneWindowManager.interceptKeyBeforeQueueing:4448 com.android.server.wm.InputMonitor.interceptKeyBeforeQueueing:357 com.android.server.input.InputManagerService.interceptKeyBeforeQueueing:1332 dalvik.system.NativeStart.run:-2 
W/ContextImpl(  466): Calling a method in the system process without a qualified user: android.app.ContextImpl.sendBroadcast:1138 com.android.internal.policy.impl.PhoneWindowManager.interceptKeyBeforeQueueing:4448 com.android.server.wm.InputMonitor.interceptKeyBeforeQueueing:357 com.android.server.input.InputManagerService.interceptKeyBeforeQueueing:1332 dalvik.system.NativeStart.run:-2 
W/ContextImpl(  466): Calling a method in the system process without a qualified user: android.app.ContextImpl.sendBroadcast:1138 com.android.internal.policy.impl.PhoneWindowManager.interceptKeyBeforeQueueing:4448 com.android.server.wm.InputMonitor.interceptKeyBeforeQueueing:357 com.android.server.input.InputManagerService.interceptKeyBeforeQueueing:1332 dalvik.system.NativeStart.run:-2 
W/ContextImpl( 2179): Calling a method in the system process without a qualified user: android.app.ContextImpl.startService:1494 android.content.ContextWrapper.startService:494 android.content.ContextWrapper.startService:494 com.tvbox.feedback.FeedbackReceiver.onReceive:34 android.app.ActivityThread.handleReceiver:2419 
E/NetdConnector(  466): RCV <- {601 limit alert globalAlert eth0} with time:2483282
E/NetdConnector(  466): RCV <- {200 370 Tethering stats list completed} with time:2483306
E/NetdConnector(  466): RCV <- {200 371 Bandwidth command succeeeded} with time:2483353
W/ContextImpl(  466): Calling a method in the system process without a qualified user: android.app.ContextImpl.sendBroadcast:1138 com.android.internal.policy.impl.PhoneWindowManager.interceptKeyBeforeQueueing:4448 com.android.server.wm.InputMonitor.interceptKeyBeforeQueueing:357 com.android.server.input.InputManagerService.interceptKeyBeforeQueueing:1332 dalvik.system.NativeStart.run:-2 
W/ContextImpl(  466): Calling a method in the system process without a qualified user: android.app.ContextImpl.sendBroadcast:1138 com.android.internal.policy.impl.PhoneWindowManager.interceptKeyBeforeQueueing:4448 com.android.server.wm.InputMonitor.interceptKeyBeforeQueueing:357 com.android.server.input.InputManagerService.interceptKeyBeforeQueueing:1332 dalvik.system.NativeStart.run:-2 
W/ContextImpl(  466): Calling a method in the system process without a qualified user: android.app.ContextImpl.sendBroadcast:1138 com.android.internal.policy.impl.PhoneWindowManager.interceptKeyBeforeQueueing:4448 com.android.server.wm.InputMonitor.interceptKeyBeforeQueueing:357 com.android.server.input.InputManagerService.interceptKeyBeforeQueueing:1332 dalvik.system.NativeStart.run:-2 
W/ContextImpl( 2179): Calling a method in the system process without a qualified user: android.app.ContextImpl.startService:1494 android.content.ContextWrapper.startService:494 android.content.ContextWrapper.startService:494 com.tvbox.feedback.FeedbackReceiver.onReceive:34 android.app.ActivityThread.handleReceiver:2419 
W/ContextImpl(  466): Calling a method in the system process without a qualified user: android.app.ContextImpl.sendBroadcast:1138 com.android.internal.policy.impl.PhoneWindowManager.interceptKeyBeforeQueueing:4448 com.android.server.wm.InputMonitor.interceptKeyBeforeQueueing:357 com.android.server.input.InputManagerService.interceptKeyBeforeQueueing:1332 dalvik.system.NativeStart.run:-2 
W/ContextImpl(  466): Calling a method in the system process without a qualified user: android.app.ContextImpl.sendBroadcast:1138 com.android.internal.policy.impl.PhoneWindowManager.interceptKeyBeforeQueueing:4448 com.android.server.wm.InputMonitor.interceptKeyBeforeQueueing:357 com.android.server.input.InputManagerService.interceptKeyBeforeQueueing:1332 dalvik.system.NativeStart.run:-2 
W/ContextImpl(  466): Calling a method in the system process without a qualified user: android.app.ContextImpl.sendBroadcast:1138 com.android.internal.policy.impl.PhoneWindowManager.interceptKeyBeforeQueueing:4448 com.android.server.wm.InputMonitor.interceptKeyBeforeQueueing:357 com.android.server.input.InputManagerService.interceptKeyBeforeQueueing:1332 dalvik.system.NativeStart.run:-2 
W/ContextImpl( 2179): Calling a method in the system process without a qualified user: android.app.ContextImpl.startService:1494 android.content.ContextWrapper.startService:494 android.content.ContextWrapper.startService:494 com.tvbox.feedback.FeedbackReceiver.onReceive:34 android.app.ActivityThread.handleReceiver:2419 
W/ContextImpl(  466): Calling a method in the system process without a qualified user: android.app.ContextImpl.sendBroadcast:1138 com.android.internal.policy.impl.PhoneWindowManager.interceptKeyBeforeQueueing:4448 com.android.server.wm.InputMonitor.interceptKeyBeforeQueueing:357 com.android.server.input.InputManagerService.interceptKeyBeforeQueueing:1332 dalvik.system.NativeStart.run:-2 
W/ContextImpl(  466): Calling a method in the system process without a qualified user: android.app.ContextImpl.sendBroadcast:1138 com.android.internal.policy.impl.PhoneWindowManager.interceptKeyBeforeQueueing:4448 com.android.server.wm.InputMonitor.interceptKeyBeforeQueueing:357 com.android.server.input.InputManagerService.interceptKeyBeforeQueueing:1332 dalvik.system.NativeStart.run:-2 
W/ContextImpl(  466): Calling a method in the system process without a qualified user: android.app.ContextImpl.sendBroadcast:1138 com.android.internal.policy.impl.PhoneWindowManager.interceptKeyBeforeQueueing:4448 com.android.server.wm.InputMonitor.interceptKeyBeforeQueueing:357 com.android.server.input.InputManagerService.interceptKeyBeforeQueueing:1332 dalvik.system.NativeStart.run:-2 
W/ContextImpl(  466): Calling a method in the system process without a qualified user: android.app.ContextImpl.sendBroadcast:1138 com.android.internal.policy.impl.PhoneWindowManager.interceptKeyBeforeQueueing:4448 com.android.server.wm.InputMonitor.interceptKeyBeforeQueueing:357 com.android.server.input.InputManagerService.interceptKeyBeforeQueueing:1332 dalvik.system.NativeStart.run:-2 
W/ContextImpl(  466): Calling a method in the system process without a qualified user: android.app.ContextImpl.sendBroadcast:1138 com.android.internal.policy.impl.PhoneWindowManager.interceptKeyBeforeQueueing:4448 com.android.server.wm.InputMonitor.interceptKeyBeforeQueueing:357 com.android.server.input.InputManagerService.interceptKeyBeforeQueueing:1332 dalvik.system.NativeStart.run:-2 
W/ContextImpl(  466): Calling a method in the system process without a qualified user: android.app.ContextImpl.sendBroadcast:1138 com.android.internal.policy.impl.PhoneWindowManager.interceptKeyBeforeQueueing:4448 com.android.server.wm.InputMonitor.interceptKeyBeforeQueueing:357 com.android.server.input.InputManagerService.interceptKeyBeforeQueueing:1332 dalvik.system.NativeStart.run:-2 
W/ProcessCpuTracker(  466): Skipping unknown process pid 11962
W/ContextImpl(  466): Calling a method in the system process without a qualified user: android.app.ContextImpl.sendBroadcast:1138 com.android.internal.policy.impl.PhoneWindowManager.interceptKeyBeforeQueueing:4448 com.android.server.wm.InputMonitor.interceptKeyBeforeQueueing:357 com.android.server.input.InputManagerService.interceptKeyBeforeQueueing:1332 dalvik.system.NativeStart.run:-2 
W/ContextImpl(  466): Calling a method in the system process without a qualified user: android.app.ContextImpl.sendBroadcast:1138 com.android.internal.policy.impl.PhoneWindowManager.interceptKeyBeforeQueueing:4448 com.android.server.wm.InputMonitor.interceptKeyBeforeQueueing:357 com.android.server.input.InputManagerService.interceptKeyBeforeQueueing:1332 dalvik.system.NativeStart.run:-2 
W/ContextImpl(  466): Calling a method in the system process without a qualified user: android.app.ContextImpl.sendBroadcast:1138 com.android.internal.policy.impl.PhoneWindowManager.interceptKeyBeforeQueueing:4448 com.android.server.wm.InputMonitor.interceptKeyBeforeQueueing:357 com.android.server.input.InputManagerService.interceptKeyBeforeQueueing:1332 dalvik.system.NativeStart.run:-2 
W/ContextImpl(  466): Calling a method in the system process without a qualified user: android.app.ContextImpl.sendBroadcast:1138 com.android.internal.policy.impl.PhoneWindowManager.interceptKeyBeforeQueueing:4448 com.android.server.wm.InputMonitor.interceptKeyBeforeQueueing:357 com.android.server.input.InputManagerService.interceptKeyBeforeQueueing:1332 dalvik.system.NativeStart.run:-2 
W/ContextImpl(  466): Calling a method in the system process without a qualified user: android.app.ContextImpl.sendBroadcast:1138 com.android.internal.policy.impl.PhoneWindowManager.interceptKeyBeforeQueueing:4448 com.android.server.wm.InputMonitor.interceptKeyBeforeQueueing:357 com.android.server.input.InputManagerService.interceptKeyBeforeQueueing:1332 dalvik.system.NativeStart.run:-2 
W/ContextImpl(  466): Calling a method in the system process without a qualified user: android.app.ContextImpl.sendBroadcast:1138 com.android.internal.policy.impl.PhoneWindowManager.interceptKeyBeforeQueueing:4448 com.android.server.wm.InputMonitor.interceptKeyBeforeQueueing:357 com.android.server.input.InputManagerService.interceptKeyBeforeQueueing:1332 dalvik.system.NativeStart.run:-2 
W/ContextImpl(  466): Calling a method in the system process without a qualified user: android.app.ContextImpl.sendBroadcast:1138 com.android.internal.policy.impl.PhoneWindowManager.interceptKeyBeforeQueueing:4448 com.android.server.wm.InputMonitor.interceptKeyBeforeQueueing:357 com.android.server.input.InputManagerService.interceptKeyBeforeQueueing:1332 dalvik.system.NativeStart.run:-2 
W/ContextImpl(  466): Calling a method in the system process without a qualified user: android.app.ContextImpl.sendBroadcast:1138 com.android.internal.policy.impl.PhoneWindowManager.interceptKeyBeforeQueueing:4448 com.android.server.wm.InputMonitor.interceptKeyBeforeQueueing:357 com.android.server.input.InputManagerService.interceptKeyBeforeQueueing:1332 dalvik.system.NativeStart.run:-2 
W/ContextImpl( 2179): Calling a method in the system process without a qualified user: android.app.ContextImpl.startService:1494 android.content.ContextWrapper.startService:494 android.content.ContextWrapper.startService:494 com.tvbox.feedback.FeedbackReceiver.onReceive:34 android.app.ActivityThread.handleReceiver:2419 
W/ContextImpl(  466): Calling a method in the system process without a qualified user: android.app.ContextImpl.sendBroadcast:1138 com.android.internal.policy.impl.PhoneWindowManager.interceptKeyBeforeQueueing:4448 com.android.server.wm.InputMonitor.interceptKeyBeforeQueueing:357 com.android.server.input.InputManagerService.interceptKeyBeforeQueueing:1332 dalvik.system.NativeStart.run:-2 
W/ContextImpl(  466): Calling a method in the system process without a qualified user: android.app.ContextImpl.sendBroadcast:1138 com.android.internal.policy.impl.PhoneWindowManager.interceptKeyBeforeQueueing:4448 com.android.server.wm.InputMonitor.interceptKeyBeforeQueueing:357 com.android.server.input.InputManagerService.interceptKeyBeforeQueueing:1332 dalvik.system.NativeStart.run:-2 
W/ContextImpl(  466): Calling a method in the system process without a qualified user: android.app.ContextImpl.sendBroadcast:1138 com.android.internal.policy.impl.PhoneWindowManager.interceptKeyBeforeQueueing:4448 com.android.server.wm.InputMonitor.interceptKeyBeforeQueueing:357 com.android.server.input.InputManagerService.interceptKeyBeforeQueueing:1332 dalvik.system.NativeStart.run:-2 
W/ContextImpl( 2179): Calling a method in the system process without a qualified user: android.app.ContextImpl.startService:1494 android.content.ContextWrapper.startService:494 android.content.ContextWrapper.startService:494 com.tvbox.feedback.FeedbackReceiver.onReceive:34 android.app.ActivityThread.handleReceiver:2419 
W/ContextImpl(  466): Calling a method in the system process without a qualified user: android.app.ContextImpl.sendBroadcast:1138 com.android.internal.policy.impl.PhoneWindowManager.interceptKeyBeforeQueueing:4448 com.android.server.wm.InputMonitor.interceptKeyBeforeQueueing:357 com.android.server.input.InputManagerService.interceptKeyBeforeQueueing:1332 dalvik.system.NativeStart.run:-2 
W/ContextImpl(  466): Calling a method in the system process without a qualified user: android.app.ContextImpl.sendBroadcast:1138 com.android.internal.policy.impl.PhoneWindowManager.interceptKeyBeforeQueueing:4448 com.android.server.wm.InputMonitor.interceptKeyBeforeQueueing:357 com.android.server.input.InputManagerService.interceptKeyBeforeQueueing:1332 dalvik.system.NativeStart.run:-2 
W/ContextImpl(  466): Calling a method in the system process without a qualified user: android.app.ContextImpl.sendBroadcast:1138 com.android.internal.policy.impl.PhoneWindowManager.interceptKeyBeforeQueueing:4448 com.android.server.wm.InputMonitor.interceptKeyBeforeQueueing:357 com.android.server.input.InputManagerService.interceptKeyBeforeQueueing:1332 dalvik.system.NativeStart.run:-2 
W/ContextImpl( 2179): Calling a method in the system process without a qualified user: android.app.ContextImpl.startService:1494 android.content.ContextWrapper.startService:494 android.content.ContextWrapper.startService:494 com.tvbox.feedback.FeedbackReceiver.onReceive:34 android.app.ActivityThread.handleReceiver:2419 
W/ContextImpl(  466): Calling a method in the system process without a qualified user: android.app.ContextImpl.sendBroadcast:1138 com.android.internal.policy.impl.PhoneWindowManager.interceptKeyBeforeQueueing:4448 com.android.server.wm.InputMonitor.interceptKeyBeforeQueueing:357 com.android.server.input.InputManagerService.interceptKeyBeforeQueueing:1332 dalvik.system.NativeStart.run:-2 
W/ContextImpl(  466): Calling a method in the system process without a qualified user: android.app.ContextImpl.sendBroadcast:1138 com.android.internal.policy.impl.PhoneWindowManager.interceptKeyBeforeQueueing:4448 com.android.server.wm.InputMonitor.interceptKeyBeforeQueueing:357 com.android.server.input.InputManagerService.interceptKeyBeforeQueueing:1332 dalvik.system.NativeStart.run:-2 
E/NetdConnector(  466): RCV <- {601 limit alert globalAlert eth0} with time:2504308
E/NetdConnector(  466): RCV <- {200 372 Tethering stats list completed} with time:2504317
E/NetdConnector(  466): RCV <- {200 373 Bandwidth command succeeeded} with time:2504342
