D/acc     ( 2779): [RealTime] Cal::execute_command,pcdn address ,full url is [/pcdn/address?url=aHR0cDovL2suY3AzMS5vdHQuY2libnR2Lm5ldC9wbGF5ZXIvZ2V0Rmx2UGF0aC9zaWQvNjQ3Njk1MzM4MzMzODMwZWY2ODQ5XzAyL3N0L2Zsdi9maWxlaWQvMDMwMDAyMEEwMjU3QzU5MjQyNEJCMTM2RUI1MTg5QjVGMUI1NDUtNDFCNS1DQzVGLTNFQTUtRDA1NjY4RkIwNjlDP0s9OTU3NTRkM2YzM2M5MjI3ZjI2MWY0Y2ZjJmhkPTAmbXlwPTAmdHM9MzkzJnltb3ZpZT0xJnlwcmVtaXVtPTEmeXBwPTAmZ3VpZD1jYjVlNWU3ZGRjZDIxMGQwNzYyYjVhNWM1Y2I4MTU2YyZ2ZXI9Mi4wLjAmcGlkPTAyMGJkZjI2NzkwNTY5Njcmb2lwPTc5NDM2NTc4NCZzaWQ9NjQ3Njk1MzM4MzMzODMwZWY2ODQ5JnRva2VuPTk1MTkmZGlkPWNiNWU1ZTdkZGNkMjEwZDA3NjJiNWE1YzVjYjgxNTZjJmV2PTEmY3R5cGU9MzAmZXA9dmhtTjJTOGVjcUpYSG8xb1hrSXNZJTJCN3ZUM1FqY29XN0p2bkNJbmRWSUlVZzc4eno2eldUSDVHMzUweWlFSUdMQnBsVFRqMDg1RUZjdE9vOU5aZGEzRkY0TWNvZXVVM01iZng0N2RwbEhPSkc1SUJQd0FOTVNVciUyRnVydW40a0hR&secret=hXiahtYTjTMFx/kMJU7oLiscuKJLlvYsdT04NBggWrOCDN86oPgO2NFsFvNKn775ftNfASk3x9nbdm8obouQyeh3oo9vRWzZTPLDfs0OPSfUASjuFiNBI9/ek7TIHb4GC0v9gn/VpTpPnzMRz8ipfQ==],uri is [/pcdn/address?url=aHR0cDovL2suY3AzMS5vdHQuY2libnR2Lm5ldC9wbGF5ZX
I/acc     ( 2779): [RealTime] pcdn_address_impl:result url is[http://127.0.0.1:8908/k.cp31.ott.cibntv.net/player/getFlvPath/sid/647695338333830ef6849_02/st/flv/fileid/0300020A0257C592424BB136EB5189B5F1B545-41B5-CC5F-3EA5-D05668FB069C?K=95754d3f33c9227f261f4cfc&hd=0&myp=0&ts=393&ymovie=1&ypremium=1&ypp=0&guid=cb5e5e7ddcd210d0762b5a5c5cb8156c&ver=2.0.0&pid=020bdf2679056967&oip=794365784&sid=647695338333830ef6849&token=9519&did=cb5e5e7ddcd210d0762b5a5c5cb8156c&ev=1&ctype=30&ep=vhmN2S8ecqJXHo1oXkIsY%2B7vT3QjcoW7JvnCIndVIIUg78zz6zWTH5G350yiEIGLBplTTj085EFctOo9NZda3FF4McoeuU3Mbfx47dplHOJG5IBPwANMSUr%2Furun4kHQ&chaos_secret=lZjYdHHrEP8UcaghNi71VFFAkCQhPk5Ljms9OyuL1xlOyjGPt32oprExBrLjTmyADfqlJ1HJ8lVZtAF2+jjC/M6woXhAU3zHVy3du09037A=].
D/acc     ( 2779): [RealTime] Cal::execute_command,pcdn address ,result is [http://127.0.0.1:8908/k.cp31.ott.cibntv.net/player/getFlvPath/sid/647695338333830ef6849_02/st/flv/fileid/0300020A0257C592424BB136EB5189B5F1B545-41B5-CC5F-3EA5-D05668FB069C?K=95754d3f33c9227f261f4cfc&hd=0&myp=0&ts=393&ymovie=1&ypremium=1&ypp=0&guid=cb5e5e7ddcd210d0762b5a5c5cb8156c&ver=2.0.0&pid=020bdf2679056967&oip=794365784&sid=647695338333830ef6849&token=9519&did=cb5e5e7ddcd210d0762b5a5c5cb8156c&ev=1&ctype=30&ep=vhmN2S8ecqJXHo1oXkIsY%2B7vT3QjcoW7JvnCIndVIIUg78zz6zWTH5G350yiEIGLBplTTj085EFctOo9NZda3FF4McoeuU3Mbfx47dplHOJG5IBPwANMSUr%2Furun4kHQ&chaos_secret=lZjYdHHrEP8UcaghNi71VFFAkCQhPk5Ljms9OyuL1xlOyjGPt32oprExBrLjTmyADfqlJ1HJ8lVZtAF2+jjC/M6woXhAU3zHVy3du09037A=]
I/PCDN_TAG(21566): pcdnAddress: vod http://k.cp31.ott.cibntv.net/player/getFlvPath/sid/647695338333830ef6849_03/st/flv/fileid/0300020A0357C592424BB136EB5189B5F1B545-41B5-CC5F-3EA5-D05668FB069C?K=d4e55e2309f5ac35282bd22d&hd=0&myp=0&ts=389&ymovie=1&ypremium=1&ypp=0&guid=cb5e5e7ddcd210d0762b5a5c5cb8156c&ver=2.0.0&pid=020bdf2679056967&oip=794365784&sid=647695338333830ef6849&token=9519&did=cb5e5e7ddcd210d0762b5a5c5cb8156c&ev=1&ctype=30&ep=vhmN2S8ecqJXHo1oXkIsYxtALsYaaN2WIh4M08aGjbog78zz6zWTH5G350yiEIGLBplTTj085EFctOo9NZda3FF4McoeuU3Mbfx47dplHOJG5IBPwANMSUr%2Furun4kHQ 5
D/acc     ( 2779): [RealTime] Cal::execute_command,pcdn address ,full url is [/pcdn/address?url=aHR0cDovL2suY3AzMS5vdHQuY2libnR2Lm5ldC9wbGF5ZXIvZ2V0Rmx2UGF0aC9zaWQvNjQ3Njk1MzM4MzMzODMwZWY2ODQ5XzAzL3N0L2Zsdi9maWxlaWQvMDMwMDAyMEEwMzU3QzU5MjQyNEJCMTM2RUI1MTg5QjVGMUI1NDUtNDFCNS1DQzVGLTNFQTUtRDA1NjY4RkIwNjlDP0s9ZDRlNTVlMjMwOWY1YWMzNTI4MmJkMjJkJmhkPTAmbXlwPTAmdHM9Mzg5Jnltb3ZpZT0xJnlwcmVtaXVtPTEmeXBwPTAmZ3VpZD1jYjVlNWU3ZGRjZDIxMGQwNzYyYjVhNWM1Y2I4MTU2YyZ2ZXI9Mi4wLjAmcGlkPTAyMGJkZjI2NzkwNTY5Njcmb2lwPTc5NDM2NTc4NCZzaWQ9NjQ3Njk1MzM4MzMzODMwZWY2ODQ5JnRva2VuPTk1MTkmZGlkPWNiNWU1ZTdkZGNkMjEwZDA3NjJiNWE1YzVjYjgxNTZjJmV2PTEmY3R5cGU9MzAmZXA9dmhtTjJTOGVjcUpYSG8xb1hrSXNZeHRBTHNZYWFOMldJaDRNMDhhR2pib2c3OHp6NnpXVEg1RzM1MHlpRUlHTEJwbFRUajA4NUVGY3RPbzlOWmRhM0ZGNE1jb2V1VTNNYmZ4NDdkcGxIT0pHNUlCUHdBTk1TVXIlMkZ1cnVuNGtIUQ==&secret=hXiahtYTjTMFx/kMJU7oLiscuKJLlvYsdT04NBggWrOCDN86oPgO2NFsFvNKn775ftNfASk3x9nbdm8obouQyeh3oo9vRWzZTPLDfs0OPSfUASjuFiNBI9/ek7TIHb4GC0v9gn/VpTpPnzMRz8ipfQ==],uri is [/pcdn/address?url=aHR0cDovL2suY3AzMS5vdHQuY2libnR2Lm5ldC9wbGF5ZX
I/acc     ( 2779): [RealTime] pcdn_address_impl:result url is[http://127.0.0.1:8908/k.cp31.ott.cibntv.net/player/getFlvPath/sid/647695338333830ef6849_03/st/flv/fileid/0300020A0357C592424BB136EB5189B5F1B545-41B5-CC5F-3EA5-D05668FB069C?K=d4e55e2309f5ac35282bd22d&hd=0&myp=0&ts=389&ymovie=1&ypremium=1&ypp=0&guid=cb5e5e7ddcd210d0762b5a5c5cb8156c&ver=2.0.0&pid=020bdf2679056967&oip=794365784&sid=647695338333830ef6849&token=9519&did=cb5e5e7ddcd210d0762b5a5c5cb8156c&ev=1&ctype=30&ep=vhmN2S8ecqJXHo1oXkIsYxtALsYaaN2WIh4M08aGjbog78zz6zWTH5G350yiEIGLBplTTj085EFctOo9NZda3FF4McoeuU3Mbfx47dplHOJG5IBPwANMSUr%2Furun4kHQ&chaos_secret=lZjYdHHrEP8UcaghNi71VFFAkCQhPk5Ljms9OyuL1xlOyjGPt32oprExBrLjTmyADfqlJ1HJ8lVZtAF2+jjC/M6woXhAU3zHVy3du09037A=].
D/acc     ( 2779): [RealTime] Cal::execute_command,pcdn address ,result is [http://127.0.0.1:8908/k.cp31.ott.cibntv.net/player/getFlvPath/sid/647695338333830ef6849_03/st/flv/fileid/0300020A0357C592424BB136EB5189B5F1B545-41B5-CC5F-3EA5-D05668FB069C?K=d4e55e2309f5ac35282bd22d&hd=0&myp=0&ts=389&ymovie=1&ypremium=1&ypp=0&guid=cb5e5e7ddcd210d0762b5a5c5cb8156c&ver=2.0.0&pid=020bdf2679056967&oip=794365784&sid=647695338333830ef6849&token=9519&did=cb5e5e7ddcd210d0762b5a5c5cb8156c&ev=1&ctype=30&ep=vhmN2S8ecqJXHo1oXkIsYxtALsYaaN2WIh4M08aGjbog78zz6zWTH5G350yiEIGLBplTTj085EFctOo9NZda3FF4McoeuU3Mbfx47dplHOJG5IBPwANMSUr%2Furun4kHQ&chaos_secret=lZjYdHHrEP8UcaghNi71VFFAkCQhPk5Ljms9OyuL1xlOyjGPt32oprExBrLjTmyADfqlJ1HJ8lVZtAF2+jjC/M6woXhAU3zHVy3du09037A=]
I/PCDN_TAG(21566): pcdnAddress: vod http://k.cp31.ott.cibntv.net/player/getFlvPath/sid/647695338333830ef6849_04/st/flv/fileid/0300020A0457C592424BB136EB5189B5F1B545-41B5-CC5F-3EA5-D05668FB069C?K=d0c83c4cc158dd7c261f4cfc&hd=0&myp=0&ts=393&ymovie=1&ypremium=1&ypp=0&guid=cb5e5e7ddcd210d0762b5a5c5cb8156c&ver=2.0.0&pid=020bdf2679056967&oip=794365784&sid=647695338333830ef6849&token=9519&did=cb5e5e7ddcd210d0762b5a5c5cb8156c&ev=1&ctype=30&ep=vhmN2S8ecqJXHo1oXkIsY%2Fj5mtR0VVyqFuon4IUMqw4g78zz6zWTH5G350yiEIGLBplTTj085EFctOo9NZda3FF4McoeuU3Mbfx47dplHOJG5IBPwANMSUr%2Furun4kHQ 5
D/acc     ( 2779): [RealTime] Cal::execute_command,pcdn address ,full url is [/pcdn/address?url=aHR0cDovL2suY3AzMS5vdHQuY2libnR2Lm5ldC9wbGF5ZXIvZ2V0Rmx2UGF0aC9zaWQvNjQ3Njk1MzM4MzMzODMwZWY2ODQ5XzA0L3N0L2Zsdi9maWxlaWQvMDMwMDAyMEEwNDU3QzU5MjQyNEJCMTM2RUI1MTg5QjVGMUI1NDUtNDFCNS1DQzVGLTNFQTUtRDA1NjY4RkIwNjlDP0s9ZDBjODNjNGNjMTU4ZGQ3YzI2MWY0Y2ZjJmhkPTAmbXlwPTAmdHM9MzkzJnltb3ZpZT0xJnlwcmVtaXVtPTEmeXBwPTAmZ3VpZD1jYjVlNWU3ZGRjZDIxMGQwNzYyYjVhNWM1Y2I4MTU2YyZ2ZXI9Mi4wLjAmcGlkPTAyMGJkZjI2NzkwNTY5Njcmb2lwPTc5NDM2NTc4NCZzaWQ9NjQ3Njk1MzM4MzMzODMwZWY2ODQ5JnRva2VuPTk1MTkmZGlkPWNiNWU1ZTdkZGNkMjEwZDA3NjJiNWE1YzVjYjgxNTZjJmV2PTEmY3R5cGU9MzAmZXA9dmhtTjJTOGVjcUpYSG8xb1hrSXNZJTJGajVtdFIwVlZ5cUZ1b240SVVNcXc0Zzc4eno2eldUSDVHMzUweWlFSUdMQnBsVFRqMDg1RUZjdE9vOU5aZGEzRkY0TWNvZXVVM01iZng0N2RwbEhPSkc1SUJQd0FOTVNVciUyRnVydW40a0hR&secret=hXiahtYTjTMFx/kMJU7oLiscuKJLlvYsdT04NBggWrOCDN86oPgO2NFsFvNKn775ftNfASk3x9nbdm8obouQyeh3oo9vRWzZTPLDfs0OPSfUASjuFiNBI9/ek7TIHb4GC0v9gn/VpTpPnzMRz8ipfQ==],uri is [/pcdn/address?url=aHR0cDovL2suY3AzMS5vdHQuY2libnR2Lm5ldC9wbGF5ZX
I/acc     ( 2779): [RealTime] pcdn_address_impl:result url is[http://127.0.0.1:8908/k.cp31.ott.cibntv.net/player/getFlvPath/sid/647695338333830ef6849_04/st/flv/fileid/0300020A0457C592424BB136EB5189B5F1B545-41B5-CC5F-3EA5-D05668FB069C?K=d0c83c4cc158dd7c261f4cfc&hd=0&myp=0&ts=393&ymovie=1&ypremium=1&ypp=0&guid=cb5e5e7ddcd210d0762b5a5c5cb8156c&ver=2.0.0&pid=020bdf2679056967&oip=794365784&sid=647695338333830ef6849&token=9519&did=cb5e5e7ddcd210d0762b5a5c5cb8156c&ev=1&ctype=30&ep=vhmN2S8ecqJXHo1oXkIsY%2Fj5mtR0VVyqFuon4IUMqw4g78zz6zWTH5G350yiEIGLBplTTj085EFctOo9NZda3FF4McoeuU3Mbfx47dplHOJG5IBPwANMSUr%2Furun4kHQ&chaos_secret=lZjYdHHrEP8UcaghNi71VFFAkCQhPk5Ljms9OyuL1xlOyjGPt32oprExBrLjTmyADfqlJ1HJ8lVZtAF2+jjC/M6woXhAU3zHVy3du09037A=].
D/acc     ( 2779): [RealTime] Cal::execute_command,pcdn address ,result is [http://127.0.0.1:8908/k.cp31.ott.cibntv.net/player/getFlvPath/sid/647695338333830ef6849_04/st/flv/fileid/0300020A0457C592424BB136EB5189B5F1B545-41B5-CC5F-3EA5-D05668FB069C?K=d0c83c4cc158dd7c261f4cfc&hd=0&myp=0&ts=393&ymovie=1&ypremium=1&ypp=0&guid=cb5e5e7ddcd210d0762b5a5c5cb8156c&ver=2.0.0&pid=020bdf2679056967&oip=794365784&sid=647695338333830ef6849&token=9519&did=cb5e5e7ddcd210d0762b5a5c5cb8156c&ev=1&ctype=30&ep=vhmN2S8ecqJXHo1oXkIsY%2Fj5mtR0VVyqFuon4IUMqw4g78zz6zWTH5G350yiEIGLBplTTj085EFctOo9NZda3FF4McoeuU3Mbfx47dplHOJG5IBPwANMSUr%2Furun4kHQ&chaos_secret=lZjYdHHrEP8UcaghNi71VFFAkCQhPk5Ljms9OyuL1xlOyjGPt32oprExBrLjTmyADfqlJ1HJ8lVZtAF2+jjC/M6woXhAU3zHVy3du09037A=]
I/PCDN_TAG(21566): pcdnAddress: vod http://k.cp31.ott.cibntv.net/player/getFlvPath/sid/647695338333830ef6849_05/st/flv/fileid/0300020A0557C592424BB136EB5189B5F1B545-41B5-CC5F-3EA5-D05668FB069C?K=5878bbfdf2a89404261f4cfc&hd=0&myp=0&ts=409&ymovie=1&ypremium=1&ypp=0&guid=cb5e5e7ddcd210d0762b5a5c5cb8156c&ver=2.0.0&pid=020bdf2679056967&oip=794365784&sid=647695338333830ef6849&token=9519&did=cb5e5e7ddcd210d0762b5a5c5cb8156c&ev=1&ctype=30&ep=vhmN2S8ecqJXHo1oXkIsY8ompnZnCMhXvjei8EwBYHIg78zz6zWTH5G350yiEIGLBplTTj085EFctOo9NZda3FF4McoeuU3Mbfx47dplHOJG5IBPwANMSUr%2Furun4kHQ 5
D/acc     ( 2779): [RealTime] Cal::execute_command,pcdn address ,full url is [/pcdn/address?url=aHR0cDovL2suY3AzMS5vdHQuY2libnR2Lm5ldC9wbGF5ZXIvZ2V0Rmx2UGF0aC9zaWQvNjQ3Njk1MzM4MzMzODMwZWY2ODQ5XzA1L3N0L2Zsdi9maWxlaWQvMDMwMDAyMEEwNTU3QzU5MjQyNEJCMTM2RUI1MTg5QjVGMUI1NDUtNDFCNS1DQzVGLTNFQTUtRDA1NjY4RkIwNjlDP0s9NTg3OGJiZmRmMmE4OTQwNDI2MWY0Y2ZjJmhkPTAmbXlwPTAmdHM9NDA5Jnltb3ZpZT0xJnlwcmVtaXVtPTEmeXBwPTAmZ3VpZD1jYjVlNWU3ZGRjZDIxMGQwNzYyYjVhNWM1Y2I4MTU2YyZ2ZXI9Mi4wLjAmcGlkPTAyMGJkZjI2NzkwNTY5Njcmb2lwPTc5NDM2NTc4NCZzaWQ9NjQ3Njk1MzM4MzMzODMwZWY2ODQ5JnRva2VuPTk1MTkmZGlkPWNiNWU1ZTdkZGNkMjEwZDA3NjJiNWE1YzVjYjgxNTZjJmV2PTEmY3R5cGU9MzAmZXA9dmhtTjJTOGVjcUpYSG8xb1hrSXNZOG9tcG5abkNNaFh2amVpOEV3QllISWc3OHp6NnpXVEg1RzM1MHlpRUlHTEJwbFRUajA4NUVGY3RPbzlOWmRhM0ZGNE1jb2V1VTNNYmZ4NDdkcGxIT0pHNUlCUHdBTk1TVXIlMkZ1cnVuNGtIUQ==&secret=hXiahtYTjTMFx/kMJU7oLiscuKJLlvYsdT04NBggWrOCDN86oPgO2NFsFvNKn775ftNfASk3x9nbdm8obouQyeh3oo9vRWzZTPLDfs0OPSfUASjuFiNBI9/ek7TIHb4GC0v9gn/VpTpPnzMRz8ipfQ==],uri is [/pcdn/address?url=aHR0cDovL2suY3AzMS5vdHQuY2libnR2Lm5ldC9wbGF5ZX
I/acc     ( 2779): [RealTime] pcdn_address_impl:result url is[http://127.0.0.1:8908/k.cp31.ott.cibntv.net/player/getFlvPath/sid/647695338333830ef6849_05/st/flv/fileid/0300020A0557C592424BB136EB5189B5F1B545-41B5-CC5F-3EA5-D05668FB069C?K=5878bbfdf2a89404261f4cfc&hd=0&myp=0&ts=409&ymovie=1&ypremium=1&ypp=0&guid=cb5e5e7ddcd210d0762b5a5c5cb8156c&ver=2.0.0&pid=020bdf2679056967&oip=794365784&sid=647695338333830ef6849&token=9519&did=cb5e5e7ddcd210d0762b5a5c5cb8156c&ev=1&ctype=30&ep=vhmN2S8ecqJXHo1oXkIsY8ompnZnCMhXvjei8EwBYHIg78zz6zWTH5G350yiEIGLBplTTj085EFctOo9NZda3FF4McoeuU3Mbfx47dplHOJG5IBPwANMSUr%2Furun4kHQ&chaos_secret=lZjYdHHrEP8UcaghNi71VFFAkCQhPk5Ljms9OyuL1xlOyjGPt32oprExBrLjTmyADfqlJ1HJ8lVZtAF2+jjC/M6woXhAU3zHVy3du09037A=].
D/acc     ( 2779): [RealTime] Cal::execute_command,pcdn address ,result is [http://127.0.0.1:8908/k.cp31.ott.cibntv.net/player/getFlvPath/sid/647695338333830ef6849_05/st/flv/fileid/0300020A0557C592424BB136EB5189B5F1B545-41B5-CC5F-3EA5-D05668FB069C?K=5878bbfdf2a89404261f4cfc&hd=0&myp=0&ts=409&ymovie=1&ypremium=1&ypp=0&guid=cb5e5e7ddcd210d0762b5a5c5cb8156c&ver=2.0.0&pid=020bdf2679056967&oip=794365784&sid=647695338333830ef6849&token=9519&did=cb5e5e7ddcd210d0762b5a5c5cb8156c&ev=1&ctype=30&ep=vhmN2S8ecqJXHo1oXkIsY8ompnZnCMhXvjei8EwBYHIg78zz6zWTH5G350yiEIGLBplTTj085EFctOo9NZda3FF4McoeuU3Mbfx47dplHOJG5IBPwANMSUr%2Furun4kHQ&chaos_secret=lZjYdHHrEP8UcaghNi71VFFAkCQhPk5Ljms9OyuL1xlOyjGPt32oprExBrLjTmyADfqlJ1HJ8lVZtAF2+jjC/M6woXhAU3zHVy3du09037A=]
I/PCDN_TAG(21566): pcdnAddress: vod http://k.cp31.ott.cibntv.net/player/getFlvPath/sid/647695338333830ef6849_06/st/flv/fileid/0300020A0657C592424BB136EB5189B5F1B545-41B5-CC5F-3EA5-D05668FB069C?K=9551cc11cbdb0ff52412c7ca&hd=0&myp=0&ts=397&ymovie=1&ypremium=1&ypp=0&guid=cb5e5e7ddcd210d0762b5a5c5cb8156c&ver=2.0.0&pid=020bdf2679056967&oip=794365784&sid=647695338333830ef6849&token=9519&did=cb5e5e7ddcd210d0762b5a5c5cb8156c&ev=1&ctype=30&ep=vhmN2S8ecqJXHo1oXkIsY5H%2Fx0B1wXoVYq2bSgSWTGMg78zz6zWTH5G350yiEIGLBplTTj085EFctOo9NZda3FF4McoeuU3Mbfx47dplHOJG5IBPwANMSUr%2Furun4kHQ 5
D/acc     ( 2779): [RealTime] Cal::execute_command,pcdn address ,full url is [/pcdn/address?url=aHR0cDovL2suY3AzMS5vdHQuY2libnR2Lm5ldC9wbGF5ZXIvZ2V0Rmx2UGF0aC9zaWQvNjQ3Njk1MzM4MzMzODMwZWY2ODQ5XzA2L3N0L2Zsdi9maWxlaWQvMDMwMDAyMEEwNjU3QzU5MjQyNEJCMTM2RUI1MTg5QjVGMUI1NDUtNDFCNS1DQzVGLTNFQTUtRDA1NjY4RkIwNjlDP0s9OTU1MWNjMTFjYmRiMGZmNTI0MTJjN2NhJmhkPTAmbXlwPTAmdHM9Mzk3Jnltb3ZpZT0xJnlwcmVtaXVtPTEmeXBwPTAmZ3VpZD1jYjVlNWU3ZGRjZDIxMGQwNzYyYjVhNWM1Y2I4MTU2YyZ2ZXI9Mi4wLjAmcGlkPTAyMGJkZjI2NzkwNTY5Njcmb2lwPTc5NDM2NTc4NCZzaWQ9NjQ3Njk1MzM4MzMzODMwZWY2ODQ5JnRva2VuPTk1MTkmZGlkPWNiNWU1ZTdkZGNkMjEwZDA3NjJiNWE1YzVjYjgxNTZjJmV2PTEmY3R5cGU9MzAmZXA9dmhtTjJTOGVjcUpYSG8xb1hrSXNZNUglMkZ4MEIxd1hvVllxMmJTZ1NXVEdNZzc4eno2eldUSDVHMzUweWlFSUdMQnBsVFRqMDg1RUZjdE9vOU5aZGEzRkY0TWNvZXVVM01iZng0N2RwbEhPSkc1SUJQd0FOTVNVciUyRnVydW40a0hR&secret=hXiahtYTjTMFx/kMJU7oLiscuKJLlvYsdT04NBggWrOCDN86oPgO2NFsFvNKn775ftNfASk3x9nbdm8obouQyeh3oo9vRWzZTPLDfs0OPSfUASjuFiNBI9/ek7TIHb4GC0v9gn/VpTpPnzMRz8ipfQ==],uri is [/pcdn/address?url=aHR0cDovL2suY3AzMS5vdHQuY2libnR2Lm5ldC9wbGF5ZX
I/acc     ( 2779): [RealTime] pcdn_address_impl:result url is[http://127.0.0.1:8908/k.cp31.ott.cibntv.net/player/getFlvPath/sid/647695338333830ef6849_06/st/flv/fileid/0300020A0657C592424BB136EB5189B5F1B545-41B5-CC5F-3EA5-D05668FB069C?K=9551cc11cbdb0ff52412c7ca&hd=0&myp=0&ts=397&ymovie=1&ypremium=1&ypp=0&guid=cb5e5e7ddcd210d0762b5a5c5cb8156c&ver=2.0.0&pid=020bdf2679056967&oip=794365784&sid=647695338333830ef6849&token=9519&did=cb5e5e7ddcd210d0762b5a5c5cb8156c&ev=1&ctype=30&ep=vhmN2S8ecqJXHo1oXkIsY5H%2Fx0B1wXoVYq2bSgSWTGMg78zz6zWTH5G350yiEIGLBplTTj085EFctOo9NZda3FF4McoeuU3Mbfx47dplHOJG5IBPwANMSUr%2Furun4kHQ&chaos_secret=lZjYdHHrEP8UcaghNi71VFFAkCQhPk5Ljms9OyuL1xlOyjGPt32oprExBrLjTmyADfqlJ1HJ8lVZtAF2+jjC/M6woXhAU3zHVy3du09037A=].
D/acc     ( 2779): [RealTime] Cal::execute_command,pcdn address ,result is [http://127.0.0.1:8908/k.cp31.ott.cibntv.net/player/getFlvPath/sid/647695338333830ef6849_06/st/flv/fileid/0300020A0657C592424BB136EB5189B5F1B545-41B5-CC5F-3EA5-D05668FB069C?K=9551cc11cbdb0ff52412c7ca&hd=0&myp=0&ts=397&ymovie=1&ypremium=1&ypp=0&guid=cb5e5e7ddcd210d0762b5a5c5cb8156c&ver=2.0.0&pid=020bdf2679056967&oip=794365784&sid=647695338333830ef6849&token=9519&did=cb5e5e7ddcd210d0762b5a5c5cb8156c&ev=1&ctype=30&ep=vhmN2S8ecqJXHo1oXkIsY5H%2Fx0B1wXoVYq2bSgSWTGMg78zz6zWTH5G350yiEIGLBplTTj085EFctOo9NZda3FF4McoeuU3Mbfx47dplHOJG5IBPwANMSUr%2Furun4kHQ&chaos_secret=lZjYdHHrEP8UcaghNi71VFFAkCQhPk5Ljms9OyuL1xlOyjGPt32oprExBrLjTmyADfqlJ1HJ8lVZtAF2+jjC/M6woXhAU3zHVy3du09037A=]
I/PCDN_TAG(21566): pcdnAddress: vod http://k.cp31.ott.cibntv.net/player/getFlvPath/sid/647695338333830ef6849_07/st/flv/fileid/0300020A0757C592424BB136EB5189B5F1B545-41B5-CC5F-3EA5-D05668FB069C?K=c2ed9a483a5e62fe261f4cfc&hd=0&myp=0&ts=367&ymovie=1&ypremium=1&ypp=0&guid=cb5e5e7ddcd210d0762b5a5c5cb8156c&ver=2.0.0&pid=020bdf2679056967&oip=794365784&sid=647695338333830ef6849&token=9519&did=cb5e5e7ddcd210d0762b5a5c5cb8156c&ev=1&ctype=30&ep=vhmN2S8ecqJXHo1oXkIsYxcsNo9PLx4B9O5BzPUvLpEg78zz6zWTH5G350yiEIGLBplTTj085EFctOo9NZda3FF4McoeuU3Mbfx47dplHOJG5IBPwANMSUr%2Furun4kHQ 5
D/acc     ( 2779): [RealTime] Cal::execute_command,pcdn address ,full url is [/pcdn/address?url=aHR0cDovL2suY3AzMS5vdHQuY2libnR2Lm5ldC9wbGF5ZXIvZ2V0Rmx2UGF0aC9zaWQvNjQ3Njk1MzM4MzMzODMwZWY2ODQ5XzA3L3N0L2Zsdi9maWxlaWQvMDMwMDAyMEEwNzU3QzU5MjQyNEJCMTM2RUI1MTg5QjVGMUI1NDUtNDFCNS1DQzVGLTNFQTUtRDA1NjY4RkIwNjlDP0s9YzJlZDlhNDgzYTVlNjJmZTI2MWY0Y2ZjJmhkPTAmbXlwPTAmdHM9MzY3Jnltb3ZpZT0xJnlwcmVtaXVtPTEmeXBwPTAmZ3VpZD1jYjVlNWU3ZGRjZDIxMGQwNzYyYjVhNWM1Y2I4MTU2YyZ2ZXI9Mi4wLjAmcGlkPTAyMGJkZjI2NzkwNTY5Njcmb2lwPTc5NDM2NTc4NCZzaWQ9NjQ3Njk1MzM4MzMzODMwZWY2ODQ5JnRva2VuPTk1MTkmZGlkPWNiNWU1ZTdkZGNkMjEwZDA3NjJiNWE1YzVjYjgxNTZjJmV2PTEmY3R5cGU9MzAmZXA9dmhtTjJTOGVjcUpYSG8xb1hrSXNZeGNzTm85UEx4NEI5TzVCelBVdkxwRWc3OHp6NnpXVEg1RzM1MHlpRUlHTEJwbFRUajA4NUVGY3RPbzlOWmRhM0ZGNE1jb2V1VTNNYmZ4NDdkcGxIT0pHNUlCUHdBTk1TVXIlMkZ1cnVuNGtIUQ==&secret=hXiahtYTjTMFx/kMJU7oLiscuKJLlvYsdT04NBggWrOCDN86oPgO2NFsFvNKn775ftNfASk3x9nbdm8obouQyeh3oo9vRWzZTPLDfs0OPSfUASjuFiNBI9/ek7TIHb4GC0v9gn/VpTpPnzMRz8ipfQ==],uri is [/pcdn/address?url=aHR0cDovL2suY3AzMS5vdHQuY2libnR2Lm5ldC9wbGF5ZX
I/acc     ( 2779): [RealTime] pcdn_address_impl:result url is[http://127.0.0.1:8908/k.cp31.ott.cibntv.net/player/getFlvPath/sid/647695338333830ef6849_07/st/flv/fileid/0300020A0757C592424BB136EB5189B5F1B545-41B5-CC5F-3EA5-D05668FB069C?K=c2ed9a483a5e62fe261f4cfc&hd=0&myp=0&ts=367&ymovie=1&ypremium=1&ypp=0&guid=cb5e5e7ddcd210d0762b5a5c5cb8156c&ver=2.0.0&pid=020bdf2679056967&oip=794365784&sid=647695338333830ef6849&token=9519&did=cb5e5e7ddcd210d0762b5a5c5cb8156c&ev=1&ctype=30&ep=vhmN2S8ecqJXHo1oXkIsYxcsNo9PLx4B9O5BzPUvLpEg78zz6zWTH5G350yiEIGLBplTTj085EFctOo9NZda3FF4McoeuU3Mbfx47dplHOJG5IBPwANMSUr%2Furun4kHQ&chaos_secret=lZjYdHHrEP8UcaghNi71VFFAkCQhPk5Ljms9OyuL1xlOyjGPt32oprExBrLjTmyADfqlJ1HJ8lVZtAF2+jjC/M6woXhAU3zHVy3du09037A=].
D/acc     ( 2779): [RealTime] Cal::execute_command,pcdn address ,result is [http://127.0.0.1:8908/k.cp31.ott.cibntv.net/player/getFlvPath/sid/647695338333830ef6849_07/st/flv/fileid/0300020A0757C592424BB136EB5189B5F1B545-41B5-CC5F-3EA5-D05668FB069C?K=c2ed9a483a5e62fe261f4cfc&hd=0&myp=0&ts=367&ymovie=1&ypremium=1&ypp=0&guid=cb5e5e7ddcd210d0762b5a5c5cb8156c&ver=2.0.0&pid=020bdf2679056967&oip=794365784&sid=647695338333830ef6849&token=9519&did=cb5e5e7ddcd210d0762b5a5c5cb8156c&ev=1&ctype=30&ep=vhmN2S8ecqJXHo1oXkIsYxcsNo9PLx4B9O5BzPUvLpEg78zz6zWTH5G350yiEIGLBplTTj085EFctOo9NZda3FF4McoeuU3Mbfx47dplHOJG5IBPwANMSUr%2Furun4kHQ&chaos_secret=lZjYdHHrEP8UcaghNi71VFFAkCQhPk5Ljms9OyuL1xlOyjGPt32oprExBrLjTmyADfqlJ1HJ8lVZtAF2+jjC/M6woXhAU3zHVy3du09037A=]
I/PCDN_TAG(21566): pcdnAddress: vod http://k.cp31.ott.cibntv.net/player/getFlvPath/sid/647695338333830ef6849_08/st/flv/fileid/0300020A0857C592424BB136EB5189B5F1B545-41B5-CC5F-3EA5-D05668FB069C?K=960a55dee349d736282bd22d&hd=0&myp=0&ts=222&ymovie=1&ypremium=1&ypp=0&guid=cb5e5e7ddcd210d0762b5a5c5cb8156c&ver=2.0.0&pid=020bdf2679056967&oip=794365784&sid=647695338333830ef6849&token=9519&did=cb5e5e7ddcd210d0762b5a5c5cb8156c&ev=1&ctype=30&ep=vhmN2S8ecqJXHo1oXkIsY13liZHxgCb%2Fr3GXg4xx66wg78zz6zWTH5G350yiEIGLBplTTj085EFctOo9NZda3FF4McoeuU3Mbfx47dplHOJG5IBPwANMSUr%2Furun4kHQ 5
D/acc     ( 2779): [RealTime] Cal::execute_command,pcdn address ,full url is [/pcdn/address?url=aHR0cDovL2suY3AzMS5vdHQuY2libnR2Lm5ldC9wbGF5ZXIvZ2V0Rmx2UGF0aC9zaWQvNjQ3Njk1MzM4MzMzODMwZWY2ODQ5XzA4L3N0L2Zsdi9maWxlaWQvMDMwMDAyMEEwODU3QzU5MjQyNEJCMTM2RUI1MTg5QjVGMUI1NDUtNDFCNS1DQzVGLTNFQTUtRDA1NjY4RkIwNjlDP0s9OTYwYTU1ZGVlMzQ5ZDczNjI4MmJkMjJkJmhkPTAmbXlwPTAmdHM9MjIyJnltb3ZpZT0xJnlwcmVtaXVtPTEmeXBwPTAmZ3VpZD1jYjVlNWU3ZGRjZDIxMGQwNzYyYjVhNWM1Y2I4MTU2YyZ2ZXI9Mi4wLjAmcGlkPTAyMGJkZjI2NzkwNTY5Njcmb2lwPTc5NDM2NTc4NCZzaWQ9NjQ3Njk1MzM4MzMzODMwZWY2ODQ5JnRva2VuPTk1MTkmZGlkPWNiNWU1ZTdkZGNkMjEwZDA3NjJiNWE1YzVjYjgxNTZjJmV2PTEmY3R5cGU9MzAmZXA9dmhtTjJTOGVjcUpYSG8xb1hrSXNZMTNsaVpIeGdDYiUyRnIzR1hnNHh4NjZ3Zzc4eno2eldUSDVHMzUweWlFSUdMQnBsVFRqMDg1RUZjdE9vOU5aZGEzRkY0TWNvZXVVM01iZng0N2RwbEhPSkc1SUJQd0FOTVNVciUyRnVydW40a0hR&secret=hXiahtYTjTMFx/kMJU7oLiscuKJLlvYsdT04NBggWrOCDN86oPgO2NFsFvNKn775ftNfASk3x9nbdm8obouQyeh3oo9vRWzZTPLDfs0OPSfUASjuFiNBI9/ek7TIHb4GC0v9gn/VpTpPnzMRz8ipfQ==],uri is [/pcdn/address?url=aHR0cDovL2suY3AzMS5vdHQuY2libnR2Lm5ldC9wbGF5ZX
I/acc     ( 2779): [RealTime] pcdn_address_impl:result url is[http://127.0.0.1:8908/k.cp31.ott.cibntv.net/player/getFlvPath/sid/647695338333830ef6849_08/st/flv/fileid/0300020A0857C592424BB136EB5189B5F1B545-41B5-CC5F-3EA5-D05668FB069C?K=960a55dee349d736282bd22d&hd=0&myp=0&ts=222&ymovie=1&ypremium=1&ypp=0&guid=cb5e5e7ddcd210d0762b5a5c5cb8156c&ver=2.0.0&pid=020bdf2679056967&oip=794365784&sid=647695338333830ef6849&token=9519&did=cb5e5e7ddcd210d0762b5a5c5cb8156c&ev=1&ctype=30&ep=vhmN2S8ecqJXHo1oXkIsY13liZHxgCb%2Fr3GXg4xx66wg78zz6zWTH5G350yiEIGLBplTTj085EFctOo9NZda3FF4McoeuU3Mbfx47dplHOJG5IBPwANMSUr%2Furun4kHQ&chaos_secret=lZjYdHHrEP8UcaghNi71VFFAkCQhPk5Ljms9OyuL1xlOyjGPt32oprExBrLjTmyADfqlJ1HJ8lVZtAF2+jjC/M6woXhAU3zHVy3du09037A=].
D/acc     ( 2779): [RealTime] Cal::execute_command,pcdn address ,result is [http://127.0.0.1:8908/k.cp31.ott.cibntv.net/player/getFlvPath/sid/647695338333830ef6849_08/st/flv/fileid/0300020A0857C592424BB136EB5189B5F1B545-41B5-CC5F-3EA5-D05668FB069C?K=960a55dee349d736282bd22d&hd=0&myp=0&ts=222&ymovie=1&ypremium=1&ypp=0&guid=cb5e5e7ddcd210d0762b5a5c5cb8156c&ver=2.0.0&pid=020bdf2679056967&oip=794365784&sid=647695338333830ef6849&token=9519&did=cb5e5e7ddcd210d0762b5a5c5cb8156c&ev=1&ctype=30&ep=vhmN2S8ecqJXHo1oXkIsY13liZHxgCb%2Fr3GXg4xx66wg78zz6zWTH5G350yiEIGLBplTTj085EFctOo9NZda3FF4McoeuU3Mbfx47dplHOJG5IBPwANMSUr%2Furun4kHQ&chaos_secret=lZjYdHHrEP8UcaghNi71VFFAkCQhPk5Ljms9OyuL1xlOyjGPt32oprExBrLjTmyADfqlJ1HJ8lVZtAF2+jjC/M6woXhAU3zHVy3du09037A=]
I/PCDN_TAG(21566): pcdnAddress: vod http://k.cp31.ott.cibntv.net/player/getFlvPath/sid/647695338333830ef6849_09/st/flv/fileid/0300020A0957C592424BB136EB5189B5F1B545-41B5-CC5F-3EA5-D05668FB069C?K=076c12be2a350bce261f4cfc&hd=0&myp=0&ts=200&ymovie=1&ypremium=1&ypp=0&guid=cb5e5e7ddcd210d0762b5a5c5cb8156c&ver=2.0.0&pid=020bdf2679056967&oip=794365784&sid=647695338333830ef6849&token=9519&did=cb5e5e7ddcd210d0762b5a5c5cb8156c&ev=1&ctype=30&ep=vhmN2S8ecqJXHo1oXkIsY3yi04UyWYpUOshSID6wrvMg78zz6zWTH5G350yiEIGLBplTTj085EFctOo9NZda3FF4McoeuU3Mbfx47dplHOJG5IBPwANMSUr%2Furun4kHQ 5
D/acc     ( 2779): [RealTime] Cal::execute_command,pcdn address ,full url is [/pcdn/address?url=aHR0cDovL2suY3AzMS5vdHQuY2libnR2Lm5ldC9wbGF5ZXIvZ2V0Rmx2UGF0aC9zaWQvNjQ3Njk1MzM4MzMzODMwZWY2ODQ5XzA5L3N0L2Zsdi9maWxlaWQvMDMwMDAyMEEwOTU3QzU5MjQyNEJCMTM2RUI1MTg5QjVGMUI1NDUtNDFCNS1DQzVGLTNFQTUtRDA1NjY4RkIwNjlDP0s9MDc2YzEyYmUyYTM1MGJjZTI2MWY0Y2ZjJmhkPTAmbXlwPTAmdHM9MjAwJnltb3ZpZT0xJnlwcmVtaXVtPTEmeXBwPTAmZ3VpZD1jYjVlNWU3ZGRjZDIxMGQwNzYyYjVhNWM1Y2I4MTU2YyZ2ZXI9Mi4wLjAmcGlkPTAyMGJkZjI2NzkwNTY5Njcmb2lwPTc5NDM2NTc4NCZzaWQ9NjQ3Njk1MzM4MzMzODMwZWY2ODQ5JnRva2VuPTk1MTkmZGlkPWNiNWU1ZTdkZGNkMjEwZDA3NjJiNWE1YzVjYjgxNTZjJmV2PTEmY3R5cGU9MzAmZXA9dmhtTjJTOGVjcUpYSG8xb1hrSXNZM3lpMDRVeVdZcFVPc2hTSUQ2d3J2TWc3OHp6NnpXVEg1RzM1MHlpRUlHTEJwbFRUajA4NUVGY3RPbzlOWmRhM0ZGNE1jb2V1VTNNYmZ4NDdkcGxIT0pHNUlCUHdBTk1TVXIlMkZ1cnVuNGtIUQ==&secret=hXiahtYTjTMFx/kMJU7oLiscuKJLlvYsdT04NBggWrOCDN86oPgO2NFsFvNKn775ftNfASk3x9nbdm8obouQyeh3oo9vRWzZTPLDfs0OPSfUASjuFiNBI9/ek7TIHb4GC0v9gn/VpTpPnzMRz8ipfQ==],uri is [/pcdn/address?url=aHR0cDovL2suY3AzMS5vdHQuY2libnR2Lm5ldC9wbGF5ZX
I/acc     ( 2779): [RealTime] pcdn_address_impl:result url is[http://127.0.0.1:8908/k.cp31.ott.cibntv.net/player/getFlvPath/sid/647695338333830ef6849_09/st/flv/fileid/0300020A0957C592424BB136EB5189B5F1B545-41B5-CC5F-3EA5-D05668FB069C?K=076c12be2a350bce261f4cfc&hd=0&myp=0&ts=200&ymovie=1&ypremium=1&ypp=0&guid=cb5e5e7ddcd210d0762b5a5c5cb8156c&ver=2.0.0&pid=020bdf2679056967&oip=794365784&sid=647695338333830ef6849&token=9519&did=cb5e5e7ddcd210d0762b5a5c5cb8156c&ev=1&ctype=30&ep=vhmN2S8ecqJXHo1oXkIsY3yi04UyWYpUOshSID6wrvMg78zz6zWTH5G350yiEIGLBplTTj085EFctOo9NZda3FF4McoeuU3Mbfx47dplHOJG5IBPwANMSUr%2Furun4kHQ&chaos_secret=lZjYdHHrEP8UcaghNi71VFFAkCQhPk5Ljms9OyuL1xlOyjGPt32oprExBrLjTmyADfqlJ1HJ8lVZtAF2+jjC/M6woXhAU3zHVy3du09037A=].
D/acc     ( 2779): [RealTime] Cal::execute_command,pcdn address ,result is [http://127.0.0.1:8908/k.cp31.ott.cibntv.net/player/getFlvPath/sid/647695338333830ef6849_09/st/flv/fileid/0300020A0957C592424BB136EB5189B5F1B545-41B5-CC5F-3EA5-D05668FB069C?K=076c12be2a350bce261f4cfc&hd=0&myp=0&ts=200&ymovie=1&ypremium=1&ypp=0&guid=cb5e5e7ddcd210d0762b5a5c5cb8156c&ver=2.0.0&pid=020bdf2679056967&oip=794365784&sid=647695338333830ef6849&token=9519&did=cb5e5e7ddcd210d0762b5a5c5cb8156c&ev=1&ctype=30&ep=vhmN2S8ecqJXHo1oXkIsY3yi04UyWYpUOshSID6wrvMg78zz6zWTH5G350yiEIGLBplTTj085EFctOo9NZda3FF4McoeuU3Mbfx47dplHOJG5IBPwANMSUr%2Furun4kHQ&chaos_secret=lZjYdHHrEP8UcaghNi71VFFAkCQhPk5Ljms9OyuL1xlOyjGPt32oprExBrLjTmyADfqlJ1HJ8lVZtAF2+jjC/M6woXhAU3zHVy3du09037A=]
V/youku_player_sdk_PlayerUACheckUtils(21566): getPlayerSaveUA  PLAYER_DECODE_TYPE_VALUE :  -1
W/youku_player_sdk_(21566): makeAdM3U8File no advert data.
E/youku_player_sdk_PlayerDataSource_ErrorMsg(21566): getAlbumPlayList mPlayListType is null.
V/youku_player_sdk_PlayerUACheckUtils(21566): getPlayerSaveUA  PLAYER_DECODE_TYPE_VALUE :  -1
V/youku_player_sdk_PlayerUACheckUtils(21566): getPlayerSaveUA  PLAYER_DECODE_TYPE_VALUE :  -1
D/dalvikvm(21566): Trying to load lib /data/data/com.cibn.tv.debug_v2/files/external_package/cp_youku/player_plugin/raw/libmath_codecs.so 0x42ea5a10
D/dalvikvm(21566): Added shared lib /data/data/com.cibn.tv.debug_v2/files/external_package/cp_youku/player_plugin/raw/libmath_codecs.so 0x42ea5a10
D/dalvikvm(21566): Trying to load lib /data/data/com.cibn.tv.debug_v2/files/external_package/cp_youku/player_plugin/raw/libsmartlangdet.so 0x42ea5a10
D/dalvikvm(21566): Added shared lib /data/data/com.cibn.tv.debug_v2/files/external_package/cp_youku/player_plugin/raw/libsmartlangdet.so 0x42ea5a10
D/dalvikvm(21566): No JNI_OnLoad found in /data/data/com.cibn.tv.debug_v2/files/external_package/cp_youku/player_plugin/raw/libsmartlangdet.so 0x42ea5a10, skipping init
D/dalvikvm(21566): Trying to load lib /data/data/com.cibn.tv.debug_v2/files/external_package/cp_youku/player_plugin/raw/libstream_ghost.so 0x42ea5a10
D/dalvikvm(21566): Added shared lib /data/data/com.cibn.tv.debug_v2/files/external_package/cp_youku/player_plugin/raw/libstream_ghost.so 0x42ea5a10
V/TEA_JNI (21566): enter JNI_OnLoad
V/TEA_JNI (21566): found cpuFeatures = neon
V/TEA_JNI (21566): class uim:4
V/TEA_JNI (21566): class uimanager:
V/TEA_JNI (21566): class uimanager:
V/TEA_JNI (21566): class uimanager:
V/TEA_JNI (21566): class uimanager:
V/TEA_JNI (21566): stringPackageName:com.cibn.tv.debug_v2
V/TEA_JNI (21566): clsHFCAndroidSDK:com/youku/jni/YoukuMediaPlayer
V/TEA_JNI (21566): clsAndroidPlayer:com/youku/jni/SystemPlayer
V/ENGINE  (21566): enter get_android_player_class
V/TEA_JNI (21566): exit JNI_OnLoad ok 0
D/dalvikvm(21566): Trying to load lib /data/data/com.cibn.tv.debug_v2/files/external_package/cp_youku/player_plugin/raw/libmediacodec_hw.so 0x42ea5a10
D/dalvikvm(21566): Added shared lib /data/data/com.cibn.tv.debug_v2/files/external_package/cp_youku/player_plugin/raw/libmediacodec_hw.so 0x42ea5a10
V/TEA_JNI (21566): info:JNI--jni_tea_media_player_init, version 19 screen w: 1032, h: 1920
I/ENGINE  (21566): register_all_players: g_playerCount is 3,sdk ver = 19 
I/ENGINE  (21566): 
I/VERSION (21566): sdk_build_date: 2016 10 18  15:31:39 CST 
I/VERSION (21566): whitelist_version:: 1.6.0 
I/VERSION (21566): tea_version:: 1.6.0 
I/VERSION (21566): engine_version:: 1.0
I/VERSION (21566): kernal_version: 1.0 
I/VERSION (21566): hw_decode_version: 1.0
I/VERSION (21566): sw_decode_version: 1.0 
I/VERSION (21566): streaming_version: 1.1 
V/TEA_JNI (21566): JNI--jni_tea_set_preload_enable
I/ENGINE  (21566): tea_vplayer_set_preload, onoff 1
I/ENGINE  (21566): 
V/TEA_JNI (21566): JNI--jni_tea_media_player_open:6  start_pos(ms):0
I/TEA_JNI (21566): open dll failed /data/data/com.cibn.tv.debug_v2/lib/libdecengine_RK_mc_44.so, err dlopen failed: library "/data/data/com.cibn.tv.debug_v2/lib/libdecengine_RK_mc_44.so" not found
I/TEA_JNI (21566): open dll:libdecengine_RK_mc_44.so success, dlhander 0x7a62ea48
V/TEA_JNI (21566): jni_tea_media_player_load_so:0
I/ENGINE  (21566): tea_vplayer_open_wrapper2: url:/data/data/com.cibn.tv.debug_v2/cache/XMTcwNDMyMjIwNA==_mp4.m3u8,cookies:(null),player_type:6,pos_ms:0
I/ENGINE  (21566): 
I/ENGINE  (21566): tea_vplayer_open_wrapper2: m_player.tea_cur_url:/data/data/com.cibn.tv.debug_v2/cache/XMTcwNDMyMjIwNA==_mp4.m3u8
I/ENGINE  (21566): 
I/ENGINE  (21566): tea_vplayer_init playerImp.state = 0
I/ENGINE  (21566): 
I/ENGINE  (21566): last_point : .m3u8
I/ENGINE  (21566): 
I/ENGINE  (21566): tea_vplayer_init: imp start,start_pos:0
I/ENGINE  (21566): 
I/ENGINE  (21566): [info:log from here...]
I/ENGINE  (21566): engine: enter tea_player_engine_init() line 1293
I/ENGINE  (21566): 
I/ENGINE  (21566): set screen_width=1920 screen_height=1032 
I/ENGINE  (21566): 
I/ENGINE  (21566): ipc: create called...
I/ENGINE  (21566): 
I/ENGINE  (21566): engine thread tid 2061080680
I/ENGINE  (21566): 
I/ENGINE  (21566): engine: enter tea_engine_thread() line 765
I/ENGINE  (21566): 
I/ENGINE  (21566): read thread tid 2060927872
I/ENGINE  (21566): 
I/ENGINE  (21566): **********status = 0
I/ENGINE  (21566): 
I/ENGINE  (21566): engine: enter tea_engine_read_thread() line 189
I/ENGINE  (21566): 
I/ENGINE  (21566): tea_engine_thread, 769, tid 22163
I/ENGINE  (21566): 
I/ENGINE  (21566): **********status = 0
I/ENGINE  (21566): 
I/ENGINE  (21566): tea_engine_read_thread, 201, tid 22164
I/ENGINE  (21566): 
I/ENGINE  (21566): engine: enter tea_decode_video_thread() line 1087
I/ENGINE  (21566): 
I/ENGINE  (21566): engine: exit tea_player_engine_init() line 1431
I/ENGINE  (21566): 
I/ENGINE  (21566): tea_vplayer_init: imp end
I/ENGINE  (21566): **********status = 0
I/ENGINE  (21566): 
I/ENGINE  (21566): tea_decode_video_thread, 1091, tid 22165
I/ENGINE  (21566): 
D/TEA_JNI (21566): jni_tea_debug_log_OFF:1
V/TEA_JNI (21566): JNI--jni_tea_set_end_pos
W/youku_player_sdk_(21566): notifySuccess : type = PLAYINFO
V/LocalBroadcastManager(21566): Resolving type null scheme null of intent Intent { act=action_ui_player_control_callback_changed (has extras) }
V/LocalBroadcastManager(21566): Action list: [Receiver{com.youku.tv.player.common.localbroadcast.DataBroadcast$1@42f28098 filter=android.content.IntentFilter@42f26300}, Receiver{com.youku.tv.player.common.localbroadcast.DataBroadcast$1@42ab42d0 filter=android.content.IntentFilter@431bac88}]
V/LocalBroadcastManager(21566): Matching against filter android.content.IntentFilter@42f26300
V/LocalBroadcastManager(21566):   Filter matched!  match=0x108000
V/LocalBroadcastManager(21566): Matching against filter android.content.IntentFilter@431bac88
V/LocalBroadcastManager(21566):   Filter matched!  match=0x108000
I/TEA_JNI (21566): JSetSurface enter, new object: 0x33e0001d, old object: 0x0
I/TEA_JNI (21566): JSetSurface enter, new object: 0x3580001d, old object: 0x1d300482
V/TEA_JNI (21566): JNI--jni_tea_vplayer_surface_ready
V/LocalBroadcastManager(21566): Resolving type null scheme null of intent Intent { act=action_ui_player_control_callback_changed (has extras) }
V/LocalBroadcastManager(21566): Action list: [Receiver{com.youku.tv.player.common.localbroadcast.DataBroadcast$1@42f28098 filter=android.content.IntentFilter@42f26300}, Receiver{com.youku.tv.player.common.localbroadcast.DataBroadcast$1@42ab42d0 filter=android.content.IntentFilter@431bac88}]
V/LocalBroadcastManager(21566): Matching against filter android.content.IntentFilter@42f26300
V/LocalBroadcastManager(21566):   Filter matched!  match=0x108000
V/LocalBroadcastManager(21566): Matching against filter android.content.IntentFilter@431bac88
V/LocalBroadcastManager(21566):   Filter matched!  match=0x108000
E/NetdConnector(  466): RCV <- {601 limit alert globalAlert eth0} with time:171687880
E/NetdConnector(  466): RCV <- {200 5942 Tethering stats list completed} with time:171687885
E/NetdConnector(  466): RCV <- {200 5943 Bandwidth command succeeeded} with time:171687952
V/TEA_JNI (21566): JNI--jni_tea_media_player_set_videoview x=0,y=0,view_w=894,view_h=502
V/TEA_JNI (21566): JNI--jni_tea_media_player_start
I/TEA_JNI (21566): cur_decoder get success
I/OMXClient(21566): Using client-side OMX mux.
E/OMXNodeInstance(  134): OMX_SetParameter() failed for StoreMetaDataInBuffers: 0x8000101a
E/ACodec  (21566): [OMX.rk.video_decoder.avc] storeMetaDataInBuffers failed w/ err -2147483648
I/vpu_mem_pool(  134): pid 134, open_vpu_memory_pool:447: success
V/AudioFlinger(  134): registerClient() client 0xb785e0c8, pid 21566
I/AudioTrack(21566): set() streamType 3 frameCount 12288 flags 0000 channelMask 3 sampleRate 44100 format 1
V/AudioFlinger(  134): createTrack() sessionId: 0
V/AudioFlinger(  134): createTrack() lSessionId: 54
V/AudioFlinger(  134): acquiring 54 from 21566
V/AudioFlinger(  134):  added new entry for 54
I/H264_DEBUG(  134): init done status 0, ts_en = 0
I/H264_DEBUG(  134): Width 960 Height 544
I/H264_DEBUG(  134): videoRange 0, matrixCoefficients 2
I/H264_DEBUG(  134): found skipRedundantSlices
V/TEA_JNI (21566): JNI--jni_tea_get_slice_domain_name, domainname is  k.cp31.ott.cibntv.net
V/LocalBroadcastManager(21566): Resolving type null scheme null of intent Intent { act=action_ui_player_control_callback_changed (has extras) }
V/LocalBroadcastManager(21566): Action list: [Receiver{com.youku.tv.player.common.localbroadcast.DataBroadcast$1@42f28098 filter=android.content.IntentFilter@42f26300}, Receiver{com.youku.tv.player.common.localbroadcast.DataBroadcast$1@42ab42d0 filter=android.content.IntentFilter@431bac88}]
V/LocalBroadcastManager(21566): Matching against filter android.content.IntentFilter@42f26300
V/LocalBroadcastManager(21566):   Filter matched!  match=0x108000
V/LocalBroadcastManager(21566): Matching against filter android.content.IntentFilter@431bac88
V/LocalBroadcastManager(21566):   Filter matched!  match=0x108000
E/NetdConnector(  466): RCV <- {601 limit alert globalAlert lo} with time:171688079
E/NetdConnector(  466): RCV <- {200 5944 Tethering stats list completed} with time:171688086
E/NetdConnector(  466): RCV <- {200 5945 Bandwidth command succeeeded} with time:171688090
D/acc     ( 2779): [RealTime] Cal::execute_command,pcdn get ,full url is [/pcdn/get?name=version&version=1],uri is [/pcdn/get?name=version&version=1]
D/acc     ( 2779): pcdn_get_impl,result is [8.1.2.10112]
D/acc     ( 2779): [RealTime] Cal::execute_command,pcdn get,result is [8.1.2.10112]
V/PLog_DexVideoView(21566): isAdPlaying.
V/LocalBroadcastManager(21566): Resolving type null scheme null of intent Intent { act=action_ui_player_control_callback_changed (has extras) }
V/LocalBroadcastManager(21566): Action list: [Receiver{com.youku.tv.player.common.localbroadcast.DataBroadcast$1@42f28098 filter=android.content.IntentFilter@42f26300}, Receiver{com.youku.tv.player.common.localbroadcast.DataBroadcast$1@42ab42d0 filter=android.content.IntentFilter@431bac88}]
V/LocalBroadcastManager(21566): Matching against filter android.content.IntentFilter@42f26300
V/LocalBroadcastManager(21566):   Filter matched!  match=0x108000
V/LocalBroadcastManager(21566): Matching against filter android.content.IntentFilter@431bac88
V/LocalBroadcastManager(21566):   Filter matched!  match=0x108000
V/LocalBroadcastManager(21566): Resolving type null scheme null of intent Intent { act=action_ui_player_control_callback_changed (has extras) }
V/LocalBroadcastManager(21566): Action list: [Receiver{com.youku.tv.player.common.localbroadcast.DataBroadcast$1@42f28098 filter=android.content.IntentFilter@42f26300}, Receiver{com.youku.tv.player.common.localbroadcast.DataBroadcast$1@42ab42d0 filter=android.content.IntentFilter@431bac88}]
V/LocalBroadcastManager(21566): Matching against filter android.content.IntentFilter@42f26300
V/LocalBroadcastManager(21566):   Filter matched!  match=0x108000
V/LocalBroadcastManager(21566): Matching against filter android.content.IntentFilter@431bac88
V/LocalBroadcastManager(21566):   Filter matched!  match=0x108000
V/TEA_JNI (21566): JNI--jni_tea_media_player_play
I/AudioHardwareALSA(  134): Audio exiting sandby will open audio device
D/PlayerControlFragment(21566): updateProgressBubble progress:0
D/PlayerControlFragment(21566): updateProgressBubble  seekbarWidth:604 bubbleWidth:106 seekBarMax : 0  seekBarLeft: 315
D/PlayerControlFragment(21566): updateProgressBubble leftMargin:262 bubbleParentWidth 894
V/PLog_DexVideoView(21566): getDuration.
V/PLog_DexVideoView(21566): getSupportedResolutions.
V/PLog_DexVideoView(21566): getCurrentResolution.
V/PLog_DexVideoView(21566): getLanguages.
V/PLog_DexVideoView(21566): getCurrentLanguage
V/ALSAModule(  134): SAMPLERATE:44100
D/ALSAModule(  134): open called for devices 00000002 in mode 0...
D/ALSAModule(  134): DevName: AndroidPlayback_Speaker_normal
E/ALSAModule(  134): buffersize: 6144, periodsize:2048
V/ALSAModule(  134): Set PLAYBACK PCM format to S16_LE (Signed 16 bit Little Endian)
V/ALSAModule(  134): Using 2 channels for PLAYBACK.
V/ALSAModule(  134): Set PLAYBACK sample rate to 44100 HZ
E/ALSAModule(  134): audio type flag: 0
V/ALSAModule(  134): Buffer size: 6144(frames)  period Size: 2048(frames)  periods: 3 (buffersize=periodSize*periods)
V/ALSAModule(  134): Latency: 139319   periodTime: 46439
D/ALSAModule(  134): 
D/ALSAModule(  134): DumpHandleInfo:
D/ALSAModule(  134): devices: 0xbfff
D/ALSAModule(  134): format: 0x2
D/ALSAModule(  134): channels: 2
D/ALSAModule(  134): sampleRate: 44100
D/ALSAModule(  134): latency: 139319
D/ALSAModule(  134): periodSize:2048
D/ALSAModule(  134): bufferSize:6144
D/AndroidRuntime(21566): Shutting down VM
W/dalvikvm(21566): threadid=1: thread exiting with uncaught exception (group=0x415d1300)
W/System.err(21566): java.lang.IndexOutOfBoundsException: index=1 count=0
W/System.err(21566): 	at android.view.ViewGroup.addInArray(ViewGroup.java:3653)
W/System.err(21566): 	at android.view.ViewGroup.addViewInner(ViewGroup.java:3584)
W/System.err(21566): 	at android.view.ViewGroup.addView(ViewGroup.java:3415)
W/System.err(21566): 	at android.view.ViewGroup.addView(ViewGroup.java:3360)
W/System.err(21566): 	at com.youku.tv.player.ui.viewsupport.settings.VideoMenuLayout.fillEpisode(VideoMenuLayout.java:81)
W/System.err(21566): 	at com.youku.tv.player.ui.fragments.PlayerSettingFragment.fillEpisodes(PlayerSettingFragment.java:175)
W/System.err(21566): 	at com.youku.tv.player.ui.fragments.PlayerSettingFragment.fillMenuContent(PlayerSettingFragment.java:137)
W/System.err(21566): 	at com.youku.tv.player.ui.fragments.PlayerSettingFragment.handlePlayerOnPrepared(PlayerSettingFragment.java:346)
W/System.err(21566): 	at com.youku.tv.player.ui.fragments.PlayerSettingFragment.handlePlayerCallback(PlayerSettingFragment.java:352)
W/System.err(21566): 	at com.youku.tv.player.ui.fragments.PlayerSettingFragment.onReceive(PlayerSettingFragment.java:275)
W/System.err(21566): 	at com.youku.tv.player.common.localbroadcast.DataBroadcast$1.onReceive(DataBroadcast.java:65)
W/System.err(21566): 	at com.youku.tv.player.common.localbroadcast.LocalBroadcastManager.executePendingBroadcasts(LocalBroadcastManager.java:284)
W/System.err(21566): 	at com.youku.tv.player.common.localbroadcast.LocalBroadcastManager.access$000(LocalBroadcastManager.java:21)
W/System.err(21566): 	at com.youku.tv.player.common.localbroadcast.LocalBroadcastManager$1.handleMessage(LocalBroadcastManager.java:93)
W/System.err(21566): 	at com.youku.tv.player.common.localbroadcast.LocalBroadcastManager$1.handleMessage(LocalBroadcastManager.java:88)
W/System.err(21566): 	at com.youku.tv.player.common.handler.AbsHandler.handleMessage(AbsHandler.java:34)
W/System.err(21566): 	at android.os.Handler.dispatchMessage(Handler.java:102)
W/System.err(21566): 	at android.os.Looper.loop(Looper.java:136)
W/System.err(21566): 	at android.app.ActivityThread.main(ActivityThread.java:5017)
W/System.err(21566): 	at java.lang.reflect.Method.invokeNative(Native Method)
W/System.err(21566): 	at java.lang.reflect.Method.invoke(Method.java:515)
W/System.err(21566): 	at com.android.internal.os.ZygoteInit$MethodAndArgsCaller.run(ZygoteInit.java:794)
W/System.err(21566): 	at com.android.internal.os.ZygoteInit.main(ZygoteInit.java:610)
W/System.err(21566): 	at dalvik.system.NativeStart.main(Native Method)
D/dalvikvm(21566): DexOpt: couldn't find static field Landroid/os/Build;.SUPPORTED_ABIS
W/dalvikvm(21566): VFY: unable to resolve static field 161 (SUPPORTED_ABIS) in Landroid/os/Build;
D/dalvikvm(21566): VFY: replacing opcode 0x62 at 0x0000
I/Process (21566): Sending signal. PID: 21566 SIG: 9
E/AndroidRuntime(21566): FATAL EXCEPTION: main
E/AndroidRuntime(21566): Process: com.cibn.tv.debug_v2, PID: 21566
E/AndroidRuntime(21566): java.lang.IndexOutOfBoundsException: index=1 count=0
E/AndroidRuntime(21566): 	at android.view.ViewGroup.addInArray(ViewGroup.java:3653)
E/AndroidRuntime(21566): 	at android.view.ViewGroup.addViewInner(ViewGroup.java:3584)
E/AndroidRuntime(21566): 	at android.view.ViewGroup.addView(ViewGroup.java:3415)
E/AndroidRuntime(21566): 	at android.view.ViewGroup.addView(ViewGroup.java:3360)
E/AndroidRuntime(21566): 	at com.youku.tv.player.ui.viewsupport.settings.VideoMenuLayout.fillEpisode(VideoMenuLayout.java:81)
E/AndroidRuntime(21566): 	at com.youku.tv.player.ui.fragments.PlayerSettingFragment.fillEpisodes(PlayerSettingFragment.java:175)
E/AndroidRuntime(21566): 	at com.youku.tv.player.ui.fragments.PlayerSettingFragment.fillMenuContent(PlayerSettingFragment.java:137)
E/AndroidRuntime(21566): 	at com.youku.tv.player.ui.fragments.PlayerSettingFragment.handlePlayerOnPrepared(PlayerSettingFragment.java:346)
E/AndroidRuntime(21566): 	at com.youku.tv.player.ui.fragments.PlayerSettingFragment.handlePlayerCallback(PlayerSettingFragment.java:352)
E/AndroidRuntime(21566): 	at com.youku.tv.player.ui.fragments.PlayerSettingFragment.onReceive(PlayerSettingFragment.java:275)
E/AndroidRuntime(21566): 	at com.youku.tv.player.common.localbroadcast.DataBroadcast$1.onReceive(DataBroadcast.java:65)
E/AndroidRuntime(21566): 	at com.youku.tv.player.common.localbroadcast.LocalBroadcastManager.executePendingBroadcasts(LocalBroadcastManager.java:284)
E/AndroidRuntime(21566): 	at com.youku.tv.player.common.localbroadcast.LocalBroadcastManager.access$000(LocalBroadcastManager.java:21)
E/AndroidRuntime(21566): 	at com.youku.tv.player.common.localbroadcast.LocalBroadcastManager$1.handleMessage(LocalBroadcastManager.java:93)
E/AndroidRuntime(21566): 	at com.youku.tv.player.common.localbroadcast.LocalBroadcastManager$1.handleMessage(LocalBroadcastManager.java:88)
E/AndroidRuntime(21566): 	at com.youku.tv.player.common.handler.AbsHandler.handleMessage(AbsHandler.java:34)
E/AndroidRuntime(21566): 	at android.os.Handler.dispatchMessage(Handler.java:102)
E/AndroidRuntime(21566): 	at android.os.Looper.loop(Looper.java:136)
E/AndroidRuntime(21566): 	at android.app.ActivityThread.main(ActivityThread.java:5017)
E/AndroidRuntime(21566): 	at java.lang.reflect.Method.invokeNative(Native Method)
E/AndroidRuntime(21566): 	at java.lang.reflect.Method.invoke(Method.java:515)
E/AndroidRuntime(21566): 	at com.android.internal.os.ZygoteInit$MethodAndArgsCaller.run(ZygoteInit.java:794)
E/AndroidRuntime(21566): 	at com.android.internal.os.ZygoteInit.main(ZygoteInit.java:610)
E/AndroidRuntime(21566): 	at dalvik.system.NativeStart.main(Native Method)
W/ActivityManager(  466):   Force finishing activity com.cibn.tv.debug_v2/com.cibn.tv.DetailActivity
E/NetdConnector(  466): RCV <- {601 limit alert globalAlert eth0} with time:171688411
E/NetdConnector(  466): RCV <- {200 5946 Tethering stats list completed} with time:171688418
E/NetdConnector(  466): RCV <- {200 5947 Bandwidth command succeeeded} with time:171688452
V/AudioFlinger(  134): 21566 died, releasing its sessions
V/AudioFlinger(  134):  pid 21566 @ 0
V/AudioFlinger(  134):  removing entry for pid 21566 session 54
V/AudioFlinger(  134): purging stale effects
E/OMXNodeInstance(  134): !!! Observer died. Quickly, do something, ... anything...
I/ActivityManager(  466): Process com.cibn.tv.debug_v2 (pid 21566) has died.
I/WindowState(  466): WIN DEATH: Window{41ad8420 u0 SurfaceView}
I/WindowState(  466): WIN DEATH: Window{41990a90 u0 com.cibn.tv.debug_v2/com.cibn.tv.DetailActivity}
I/WindowState(  466): WIN DEATH: Window{41b34e50 u0 com.cibn.tv.debug_v2/com.tv.MainActivity}
I/ActivityManager(  466): Start proc com.cibn.tv.debug_v2 for activity com.cibn.tv.debug_v2/com.tv.MainActivity: pid=22217 uid=10876 gids={50876, 3003, 1028, 1015, 3002}
D/dalvikvm(22217): Late-enabling CheckJNI
D/DeviceFinderManager( 1646): alarmComing
D/DeviceFinderManager( 1646): rescheduleDeviceBroadcase
D/DeviceFinderManager( 1646): bootup
D/DeviceHelper( 1646): ro.build.characteristics = tablet
D/udp connect( 1646): startup the command is from mobile device =YK-K1rockchip
I/InstantRun(22217): Instant Run Runtime started. Android package is com.cibn.tv.debug_v2, real application class is com.cibn.tv.Youku.
W/InstantRun(22217): No instant run dex files added to classpath
D/smy_downloader( 2023): selector key size = 0
E/InstantRun(22217): IO Error creating local socket at com.cibn.tv.debug_v2
E/InstantRun(22217): java.io.IOException: Address already in use
E/InstantRun(22217): 	at android.net.LocalSocketImpl.bindLocal(Native Method)
E/InstantRun(22217): 	at android.net.LocalSocketImpl.bind(LocalSocketImpl.java:303)
E/InstantRun(22217): 	at android.net.LocalServerSocket.<init>(LocalServerSocket.java:52)
E/InstantRun(22217): 	at com.android.tools.fd.runtime.Server.<init>(Server.java:94)
E/InstantRun(22217): 	at com.android.tools.fd.runtime.Server.create(Server.java:88)
E/InstantRun(22217): 	at com.android.tools.fd.runtime.BootstrapApplication.onCreate(BootstrapApplication.java:359)
E/InstantRun(22217): 	at android.app.Instrumentation.callApplicationOnCreate(Instrumentation.java:1007)
E/InstantRun(22217): 	at android.app.ActivityThread.handleBindApplication(ActivityThread.java:4344)
E/InstantRun(22217): 	at android.app.ActivityThread.access$1500(ActivityThread.java:135)
E/InstantRun(22217): 	at android.app.ActivityThread$H.handleMessage(ActivityThread.java:1256)
E/InstantRun(22217): 	at android.os.Handler.dispatchMessage(Handler.java:102)
E/InstantRun(22217): 	at android.os.Looper.loop(Looper.java:136)
E/InstantRun(22217): 	at android.app.ActivityThread.main(ActivityThread.java:5017)
E/InstantRun(22217): 	at java.lang.reflect.Method.invokeNative(Native Method)
E/InstantRun(22217): 	at java.lang.reflect.Method.invoke(Method.java:515)
E/InstantRun(22217): 	at com.android.internal.os.ZygoteInit$MethodAndArgsCaller.run(ZygoteInit.java:794)
E/InstantRun(22217): 	at com.android.internal.os.ZygoteInit.main(ZygoteInit.java:610)
E/InstantRun(22217): 	at dalvik.system.NativeStart.main(Native Method)
E/Youku   (22217): ygd  Youku Applicaton ...............
E/AppContext(22217):  %%%%ygd .....1111
E/AppContext(22217):  %%%%ygd .....22222
E/AppContext(22217):  %%%%ygd .....33333
E/AppContext(22217): ygd, appExtraParams : {ua=, is_debug=true, pid=020bdf2679056967, plugin_cp=cp_youku}
W/System.err(22217): java.io.IOException: fcntl failed: EAGAIN (Try again)
W/System.err(22217): 	at java.nio.FileChannelImpl.basicLock(FileChannelImpl.java:123)
W/System.err(22217): 	at java.nio.FileChannelImpl.tryLock(FileChannelImpl.java:177)
W/System.err(22217): 	at java.nio.channels.FileChannel.tryLock(FileChannel.java:587)
W/System.err(22217): 	at java.util.logging.FileHandler.initOutputFiles(FileHandler.java:197)
W/System.err(22217): 	at java.util.logging.FileHandler.init(FileHandler.java:159)
W/System.err(22217): 	at java.util.logging.FileHandler.<init>(FileHandler.java:446)
W/System.err(22217): 	at com.youku.logger.utils.LogFile.init(LogFile.java:222)
W/System.err(22217): 	at com.tv.BaseApplication.onCreate(BaseApplication.java:93)
W/System.err(22217): 	at com.cibn.tv.Youku.onCreate(Youku.java:38)
W/System.err(22217): 	at com.android.tools.fd.runtime.BootstrapApplication.onCreate(BootstrapApplication.java:370)
W/System.err(22217): 	at android.app.Instrumentation.callApplicationOnCreate(Instrumentation.java:1007)
W/System.err(22217): 	at android.app.ActivityThread.handleBindApplication(ActivityThread.java:4344)
W/System.err(22217): 	at android.app.ActivityThread.access$1500(ActivityThread.java:135)
W/System.err(22217): 	at android.app.ActivityThread$H.handleMessage(ActivityThread.java:1256)
W/System.err(22217): 	at android.os.Handler.dispatchMessage(Handler.java:102)
W/System.err(22217): 	at android.os.Looper.loop(Looper.java:136)
W/System.err(22217): 	at android.app.ActivityThread.main(ActivityThread.java:5017)
W/System.err(22217): 	at java.lang.reflect.Method.invokeNative(Native Method)
W/System.err(22217): 	at java.lang.reflect.Method.invoke(Method.java:515)
W/System.err(22217): 	at com.android.internal.os.ZygoteInit$MethodAndArgsCaller.run(ZygoteInit.java:794)
W/System.err(22217): 	at com.android.internal.os.ZygoteInit.main(ZygoteInit.java:610)
W/System.err(22217): 	at dalvik.system.NativeStart.main(Native Method)
W/System.err(22217): Caused by: libcore.io.ErrnoException: fcntl failed: EAGAIN (Try again)
W/System.err(22217): 	at libcore.io.Posix.fcntlFlock(Native Method)
W/System.err(22217): 	at libcore.io.ForwardingOs.fcntlFlock(ForwardingOs.java:54)
W/System.err(22217): 	at java.nio.FileChannelImpl.basicLock(FileChannelImpl.java:121)
W/System.err(22217): 	... 21 more
D/BaseApplication(22217): !!!--### versionName: 2.0.0
D/URLContainer(22217): getPlayLogTokenUrl url=http://yus.navi.cp31.ott.cibntv.net/token/get.json?identity_type=guid&identity_num=
I/H264_DEBUG(  134): deinit DONE
I/vpu_mem_pool(  134): pid 134, close_vpu_memory_pool:526: 
D/PackageParser(22217): Scanning package: /data/data/com.cibn.tv.debug_v2/app_SGLib/libsgmain_315417600000.zip
V/PackageParser(22217): parsePackageName...
V/PackageParser(22217): Root element name: 'manifest'
D/SensorManager(22217): aidl getSensorManager:android.hardware.ISensorManager$Stub$Proxy@417fe870
D/dalvikvm(22217): GC_FOR_ALLOC freed 616K, 19% free 2924K/3568K, paused 12ms, total 12ms
D/dalvikvm(22217): Trying to load lib /data/data/com.cibn.tv.debug_v2/app_SGLib/libsgmainso-5.1.81.so 0x418fb248
D/dalvikvm(22217): Added shared lib /data/data/com.cibn.tv.debug_v2/app_SGLib/libsgmainso-5.1.81.so 0x418fb248
V/AudioFlinger(  134): removeClient_l() pid 21566, calling pid 134
D/FontUtil(22217): modifyTypefaceField MONOSPACE android.graphics.Typeface@74e1df08
D/FontUtil(22217): modifyTypefaceField success :)
