I/dalvikvm-heap(13338): Grow heap (frag case) to 3.239MB for 317367-byte allocation
D/dalvikvm(13338): GC_FOR_ALLOC freed 1K, 16% free 3292K/3880K, paused 11ms, total 11ms
D/dalvikvm(13338): GC_FOR_ALLOC freed 699K, 18% free 3516K/4248K, paused 14ms, total 14ms
D/dalvikvm(13338): GC_FOR_ALLOC freed 742K, 18% free 3765K/4548K, paused 14ms, total 14ms
D/dalvikvm(13338): GC_FOR_ALLOC freed 816K, 18% free 4018K/4880K, paused 15ms, total 15ms
D/dalvikvm(13338): GC_FOR_ALLOC freed 875K, 18% free 4291K/5216K, paused 18ms, total 18ms
D/dalvikvm(13338): GC_FOR_ALLOC freed 946K, 18% free 4579K/5580K, paused 18ms, total 19ms
D/dalvikvm(13338): GC_FOR_ALLOC freed 1014K, 19% free 4889K/5964K, paused 21ms, total 21ms
D/BaseMainActivity(13338): onCreate com.tv.MainActivity@4192a150
D/BaseMainActivity(13338): DisplayItem, item = null
D/NetWorkState(13338): Availabel
D/MainFragment(13338): block title: id:118 ui_type:false block_list
D/MainFragment(13338): block title: id:2 ui_type:true block_list
D/TAGGGGGG(13338): blocks
D/MainFragment(13338): block title: id:87 ui_type:true block_list
D/MainFragment(13338): block title: id:4 ui_type:true block_list
D/MainFragment(13338): block title: id:3 ui_type:true block_list
D/MainFragment(13338): block title: id:5 ui_type:true block_list
D/MainFragment(13338): block title: id:6 ui_type:true block_list
D/MainFragment(13338): block title: id:159 ui_type:false block_list
D/MainFragment(13338): block title:(NEW) id:493 ui_type:false block_list
D/MainFragment(13338): block title:NEW id:691 ui_type:false block_list
D/MainFragment(13338): block title:NEW id:446 ui_type:false block_list
D/MainFragment(13338): block title:NEW id:949 ui_type:false block_list
D/MainFragment(13338): block title:(NEW) id:622 ui_type:false block_list
D/MainFragment(13338): block title:NEW id:986 ui_type:false block_list
D/MainFragment(13338): block title:NEW id:395 ui_type:false block_list
D/MainFragment(13338): block title: id:1299 ui_type:false block_list
D/MainActivity(13338): debuggable true
D/MainActivity(13338): values_dir:values-nodpi-1920x1008 w:1920 h:1032 dpi:160
D/dalvikvm(13338): GC_FOR_ALLOC freed 930K, 23% free 4854K/6300K, paused 21ms, total 21ms
I/MainFragment(13338): onCreate
I/System.out(13338): !!==!! xxxx 99999 BrowseFrameLayout
D/VerticalGridView(13338): !!==!! focusSearch VerticalGridView 
I/System.out(13338): !!==!! xxxx 99999 BrowseFrameLayout
D/VerticalGridView(13338): !!==!! focusSearch VerticalGridView 
D/dalvikvm(13338): GC_FOR_ALLOC freed 106K, 17% free 5263K/6300K, paused 20ms, total 20ms
D/dalvikvm(13338): GC_FOR_ALLOC freed 16K, 16% free 5636K/6652K, paused 29ms, total 29ms
D/Config  (13338): usePerformanceUI ui_mode:Performance
I/MainFragment(13338): onCreate
I/System.out(13338): !!==!! xxxx 99999 BrowseFrameLayout
D/VerticalGridView(13338): !!==!! focusSearch VerticalGridView 
I/System.out(13338): !!==!! xxxx 99999 BrowseFrameLayout
D/VerticalGridView(13338): !!==!! focusSearch VerticalGridView 
D/Config  (13338): usePerformanceUI ui_mode:Performance
D/BaseMainActivity(13338): onResume com.tv.MainActivity@4192a150 mBgDrawable:null
D/MainActivity(13338): BackGroundHelper 123 initBackGroundHelper mBgDrawable:null mBgUrl:null
D/BackgroundHelper(13338): releaseBackgroundManager
D/BackgroundHelper(13338): prepareBackgroundManager activity:com.tv.MainActivity@4192a150
D/BackgroundManager(13338):  activity: com.tv.MainActivity@4192a150
D/BackgroundManager(13338): getSupportInstance fragment:null
V/BgContinuityService(13338): Returning instance with new count 0
V/BackgroundManager(13338): BackgroundManager no window background resource!
V/BackgroundManager(13338): syncWithService color 0build/intermediates/exploded-aar/com.android.support/leanback-v17/23.2.1/res/drawable null
D/Config  (13338): usePerformanceUI ui_mode:Performance
D/BackgroundHelper(13338):  clearBackground  level:0 backgroundManager:com.tv.background.BackgroundManager@41bc6988 mBackgroundLevel1:null mBackgroundLevel2:null mDefaultBackground:android.graphics.drawable.ColorDrawable@41b8e338
V/BackgroundManager(13338): setBackgroundDrawable android.graphics.drawable.ColorDrawable@41b8e338
V/BackgroundManager(13338): not resumed
D/BaseMainActivity(13338): BackGroundHelper 123 setOnBackgroundLevel1ClearListener drawable:null
D/MainActivity(13338): checkUpdate, isUpdateCancle :false
D/Config  (13338): usePerformanceUI ui_mode:Performance
D/statistic(13338): pid=020bdf2679056967&guid=cb5e5e7ddcd210d0762b5a5c5cb8156c&ngdid=626bfa8c40a9b82339a938d0aedfe5b0&sdkint=19&vercode=2016102601&ver=2.0.0&os_ver=4.4.2&ardid=6dd0869b3d160b5e&uid=&performance=true&network=&brand=rockchip&btype=YK-K1&manufacturer=rockchip&uuid=6dd0869b3d160b5e&mac=54%3A36%3A9b%3A00%3Ad8%3A21&imei=012345678912345&package=com.cibn.tv.debug_v2&mem=0.97&wt=1920&ht=1032&time=&os=Yunos
D/AppUpdateManager(13338): updateURL:https://raw.githubusercontent.com/zchong816/tv/master/json/update.json?tt=1477533319639
D/PagesFragment(13338): sj:onResume:
V/BackgroundManager(13338): onActivityStart com.tv.background.BackgroundManager@41bc6988 updating service color 0build/intermediates/exploded-aar/com.android.support/leanback-v17/23.2.1/res/drawable null
V/BackgroundManager(13338): onResume com.tv.background.BackgroundManager@41bc6988
V/BackgroundManager(13338): posting runnable delayMs 0
D/BaseApplication(13338): response={"error":-702}
D/BaseApplication(13338): getPlaylogToken dataStr={"error":-702}
W/System.err(13338): org.json.JSONException: No value for data
W/System.err(13338): 	at org.json.JSONObject.get(JSONObject.java:355)
W/System.err(13338): 	at com.tv.BaseApplication$1.onResponse(BaseApplication.java:214)
W/System.err(13338): 	at com.tv.BaseApplication$1.onResponse(BaseApplication.java:201)
W/System.err(13338): 	at com.android.volley.toolbox.JsonRequest.deliverResponse(JsonRequest.java:65)
W/System.err(13338): 	at com.android.volley.ExecutorDelivery$ResponseDeliveryRunnable.run(ExecutorDelivery.java:99)
W/System.err(13338): 	at android.os.Handler.handleCallback(Handler.java:733)
W/System.err(13338): 	at android.os.Handler.dispatchMessage(Handler.java:95)
W/System.err(13338): 	at android.os.Looper.loop(Looper.java:136)
W/System.err(13338): 	at android.app.ActivityThread.main(ActivityThread.java:5017)
W/System.err(13338): 	at java.lang.reflect.Method.invokeNative(Native Method)
W/System.err(13338): 	at java.lang.reflect.Method.invoke(Method.java:515)
W/System.err(13338): 	at com.android.internal.os.ZygoteInit$MethodAndArgsCaller.run(ZygoteInit.java:794)
W/System.err(13338): 	at com.android.internal.os.ZygoteInit.main(ZygoteInit.java:610)
W/System.err(13338): 	at dalvik.system.NativeStart.main(Native Method)
V/BackgroundManager(13338): applyBackgroundChanges drawable android.graphics.drawable.ColorDrawable@41b8e338
V/BackgroundManager(13338): creating new imagein drawable
V/BackgroundManager(13338): imageInWrapper animation starting
E/WindowManager(  466): smy interceptKeyBeforeDispatching up !!! 
E/WindowManager(  466): smy interceptKeyBeforeDispatching up !!! screensaverDelay = -1
E/WindowManager(  466): smy interceptKeyBeforeDispatching up !!! sleepDelay = -1
D/mali_winsys(13338): new_window_surface returns 0x3000
D/OpenGLRenderer(13338): Enabling debug mode 0
E/RecyclerView(13338): No adapter attached; skipping layout
D/MainFragment(13338): block title: id:118 ui_type:false block_list
D/MainFragment(13338): block title: id:2 ui_type:true block_list
D/TAGGGGGG(13338): blocks
D/MainFragment(13338): block title: id:87 ui_type:true block_list
D/MainFragment(13338): block title: id:4 ui_type:true block_list
D/MainFragment(13338): block title: id:3 ui_type:true block_list
D/MainFragment(13338): block title: id:5 ui_type:true block_list
D/MainFragment(13338): block title: id:6 ui_type:true block_list
W/ViewRootImpl(13338): Dropping event due to no window focus: KeyEvent { action=ACTION_DOWN, keyCode=KEYCODE_DPAD_DOWN, scanCode=108, metaState=0, flags=0x8, repeatCount=0, eventTime=2555732, downTime=2555732, deviceId=1, source=0x101 }
D/MainFragment(13338): block title: id:159 ui_type:false block_list
D/MainFragment(13338): block title:(NEW) id:493 ui_type:false block_list
D/MainFragment(13338): block title:NEW id:691 ui_type:false block_list
D/MainFragment(13338): block title:NEW id:446 ui_type:false block_list
D/MainFragment(13338): block title:NEW id:949 ui_type:false block_list
D/MainFragment(13338): block title:(NEW) id:622 ui_type:false block_list
D/MainFragment(13338): block title:NEW id:986 ui_type:false block_list
D/MainFragment(13338): block title:NEW id:395 ui_type:false block_list
D/MainFragment(13338): block title: id:1299 ui_type:false block_list
D/PagesFragment(13338): blockAdapter.mBlock.ui_type.name = block_list
V/PagesFragment(13338): Adding item #0: f=PageWithLoaderFragment{41b68b08}
D/PagesFragment(13338): blockAdapter.mBlock.ui_type.name = block_list
V/PagesFragment(13338): Adding item #1: f=PageWithLoaderFragment{4191f6f0}
D/PageWithLoaderFragment(13338): setAdapter,  VerticalGridView Visible
D/PagesFragment(13338): checkPageData
I/System.out(13338): !!==!! BrowseLinearLayout requestChildFocus
D/BrowseRelativeLayout(13338): !!==!! BrowseRelativeLayout requestChildFocus
I/System.out(13338): !!==!! BrowseLinearLayout requestChildFocus
V/MainFragment(13338): !!==!! onRequestChildFocus focused com.tv.ui.widget.VerticalGridView{419f2658 VFE..... .F....ID 0,0-287,810 #7f1001ca app:id/headers} + child com.tv.ui.widget.BrowseLinearLayout{418f0608 V.E..... ......ID 0,0-1920,1080 #7f100287 app:id/browse_whole_body}
D/InputEventConsistencyVerifier(13338): KeyEvent: ACTION_UP but key was not down.
D/InputEventConsistencyVerifier(13338):   in com.android.internal.policy.impl.PhoneWindow$DecorView{41925008 V.E..... R.....ID 0,0-1920,1080}
D/InputEventConsistencyVerifier(13338):   0: sent at 2555852000000, KeyEvent { action=ACTION_UP, keyCode=KEYCODE_DPAD_DOWN, scanCode=108, metaState=0, flags=0x8, repeatCount=0, eventTime=2555852, downTime=2555732, deviceId=1, source=0x101 }
D/VerticalGridView(13338): !!==!!  dispatchKeyEvent false 1 0 isFocusSearchDisabled:false
D/BrowseRelativeLayout(13338): !!==!! BrowseRelativeLayout dispatchKeyEvent false
E/WindowManager(  466): smy interceptKeyBeforeDispatching up !!! 
E/WindowManager(  466): smy interceptKeyBeforeDispatching up !!! screensaverDelay = -1
E/WindowManager(  466): smy interceptKeyBeforeDispatching up !!! sleepDelay = -1
W/ViewRootImpl(13338): Dropping event due to no window focus: KeyEvent { action=ACTION_DOWN, keyCode=KEYCODE_DPAD_DOWN, scanCode=108, metaState=0, flags=0x8, repeatCount=0, eventTime=2555972, downTime=2555972, deviceId=1, source=0x101 }
W/Binder  (  622): Caught a RuntimeException from the binder stub implementation.
W/Binder  (  622): java.lang.NullPointerException
W/Binder  (  622): 	at android.inputmethodservice.IInputMethodWrapper.setSessionEnabled(IInputMethodWrapper.java:284)
W/Binder  (  622): 	at com.android.internal.view.IInputMethod$Stub.onTransact(IInputMethod.java:129)
W/Binder  (  622): 	at android.os.Binder.execTransact(Binder.java:404)
W/Binder  (  622): 	at dalvik.system.NativeStart.run(Native Method)
D/RemoteIME(  622): onFinishInput.
D/RemoteIME(  622): onStartInput  ccontentType: 0 Restarting:false
D/RemoteIME(  622): [requestInputWithHkb] estimate if number...
D/RemoteIME(  622): [requestInputWithHkb] mEditorInfo is: android.view.inputmethod.EditorInfo@41965670
D/HeadersFragment(13338): rootUi.name() = left_nav
I/System.out(13338): hhhhhh 555
W/InputMethodManagerService(  466): Got RemoteException sending setActive(false) notification to pid 12211 uid 10884
D/Config  (13338): usePerformanceUI ui_mode:Performance
D/GlideConfiguration(13338): usePerformanceUI=true
D/GlideConfiguration(13338): defaultMemoryCacheSize 15851520
D/GlideConfiguration(13338): defaultBitmapPoolSize 31703040
D/GlideConfiguration(13338): customMemoryCacheSize 11096064
D/GlideConfiguration(13338): customBitmapPoolSize 22192128
D/MainHeaderPresenterNew(13338): header title: normal_icon:Image: 	bgcolor=null 	url=http://r2.ykimg.com/051000005801DC036714C0764008C7ED focused_icon:Image: 	bgcolor=null 	url=http://r4.ykimg.com/05100000580042086714C06D8E065F7D
V/MainFragment(13338): header selected position 1
I/System.out(13338): !!==!! BrowseLinearLayout requestChildFocus
D/BrowseRelativeLayout(13338): !!==!! BrowseRelativeLayout requestChildFocus
I/System.out(13338): !!==!! BrowseLinearLayout requestChildFocus
V/MainFragment(13338): !!==!! onRequestChildFocus focused android.widget.LinearLayout{41bb1bc0 VFE...C. .FS...ID 35,0-287,90} + child com.tv.ui.widget.BrowseLinearLayout{418f0608 V.E..... ......ID 0,0-1920,1080 #7f100287 app:id/browse_whole_body}
D/MainHeaderPresenterNew(13338): onFocusChange:android.widget.LinearLayout{41bb1bc0 VFE...C. .FS...ID 35,0-287,90}
D/Config  (13338): usePerformanceUI ui_mode:Performance
D/DisplayItemSelected(13338): onSelect 
D/DisplayItemSelected(13338): 
D/DisplayItemSelected(13338): Block:  ns:null id:null target=url: tv/v3/component/list?id=118 entity:channel params:{android_intent=} title: sub_title: null desc: null images:ImageGroup: 	poster=nullImageGroup: 	background=null 	icon=null 	normal=null 	pressed=null _ui: type:block_list  id:-1 hint: hint left:null mid:null right:null settings:null 
D/DisplayItemSelected(13338): 	items:null
D/DisplayItemSelected(13338): 	end
D/DisplayItemSelected(13338): 
D/DisplayItemSelected(13338): 
D/DisplayItemSelected(13338):  level:1
D/DisplayItemSelected(13338): onSelect, clearBackground
D/BackgroundHelper(13338):  clearBackground  level:1 backgroundManager:com.tv.background.BackgroundManager@41bc6988 mBackgroundLevel1:null mBackgroundLevel2:null mDefaultBackground:android.graphics.drawable.ColorDrawable@41b8e338
V/BackgroundManager(13338): setBackgroundDrawable android.graphics.drawable.ColorDrawable@41b8e338
V/BackgroundManager(13338): posting runnable delayMs 286
D/BaseMainActivity(13338): BackGroundHelper 123 setOnBackgroundLevel2ClearListener drawable:null
D/HeadersFragment(13338): rootUi.name() = left_nav
I/System.out(13338): hhhhhh 555
D/MainHeaderPresenterNew(13338): header title: normal_icon:Image: 	bgcolor=null 	url=http://r4.ykimg.com/051000005801CB206714C07725016B54 focused_icon:Image: 	bgcolor=null 	url=http://r1.ykimg.com/05100000580722406714C00DE607E367
D/dalvikvm(13338): GC_FOR_ALLOC freed 861K, 13% free 6458K/7372K, paused 26ms, total 26ms
D/HeadersFragment(13338): rootUi.name() = left_nav
I/System.out(13338): hhhhhh 555
D/MainHeaderPresenterNew(13338): header title: normal_icon:Image: 	bgcolor=null 	url=http://r4.ykimg.com/051000005801CB466714C076320BCD14 focused_icon:Image: 	bgcolor=null 	url=http://r2.ykimg.com/051000005807263A6714C00DBA016398
D/HeadersFragment(13338): rootUi.name() = left_nav
I/System.out(13338): hhhhhh 555
D/MainHeaderPresenterNew(13338): header title: normal_icon:Image: 	bgcolor=null 	url=http://r3.ykimg.com/0510000057FDD1A86714C004CD0531A8 focused_icon:Image: 	bgcolor=null 	url=http://r2.ykimg.com/05100000580725E86714C00D090A517E
D/HeadersFragment(13338): rootUi.name() = left_nav
I/System.out(13338): hhhhhh 555
D/MainHeaderPresenterNew(13338): header title: normal_icon:Image: 	bgcolor=null 	url=http://r2.ykimg.com/051000005801CB736714C076890922B6 focused_icon:Image: 	bgcolor=null 	url=http://r1.ykimg.com/05100000580726826714C00D02004B1C
D/HeadersFragment(13338): rootUi.name() = left_nav
I/System.out(13338): hhhhhh 555
D/MainHeaderPresenterNew(13338): header title: normal_icon:Image: 	bgcolor=null 	url=http://r2.ykimg.com/0510000058104A456714C04FED091A33 focused_icon:Image: 	bgcolor=null 	url=http://r4.ykimg.com/0510000058104A546714C050100F37AB
D/HeadersFragment(13338): rootUi.name() = left_nav
I/System.out(13338): hhhhhh 555
D/MainHeaderPresenterNew(13338): header title: normal_icon:Image: 	bgcolor=null 	url=http://r1.ykimg.com/051000005801CB8A6714C076B506DE99 focused_icon:Image: 	bgcolor=null 	url=http://r2.ykimg.com/051000005801CB906714C076C30EC37E
D/HeadersFragment(13338): rootUi.name() = left_nav
I/System.out(13338): hhhhhh 555
D/MainHeaderPresenterNew(13338): header title: normal_icon:Image: 	bgcolor=null 	url=http://r4.ykimg.com/051000005801CB9E6714C076DC06225E focused_icon:Image: 	bgcolor=null 	url=http://r1.ykimg.com/051000005801CBA56714C076ED062773
D/HeadersFragment(13338): rootUi.name() = left_nav
I/System.out(13338): hhhhhh 555
D/MainHeaderPresenterNew(13338): header title:(NEW) normal_icon:Image: 	bgcolor=null 	url=http://r3.ykimg.com/0510000058086F5B6714C00695049AF8 focused_icon:Image: 	bgcolor=null 	url=http://r3.ykimg.com/0510000058086F666714C006AB0A6C43
D/BlockPresenterSelector(13338): ui_type:block_grid_search_box id:30201 title: unitary:true
I/System.out(13338): !!==!! xxxx 99999 BrowseFrameLayout
D/Config  (13338): usePerformanceUI ui_mode:Performance
D/FocusHelper(13338): getScale scale:1.1 width:0 maxWidth:1632 minWidth:240
I/System.out(13338): !!==!! onChildViewHolderSelected
D/PageWithLoaderFragment(13338): onRowSelected. positon: 0  adapter size:4 mCacheVideoView:false
D/BlockPresenterSelector(13338): ui_type:block_grid_classic id:20102 title: unitary:true
I/System.out(13338): !!==!! xxxx 99999 BrowseFrameLayout
D/onBindRowViewHolder(13338): true--hasHeads--position:1
D/DisplayItemSelector(13338): ui_type:block_grid_classic id:20102 title: unitary:true
D/DisplayItemSelector(13338): presenter  com.tv.ui.presenter.CardBasicClassicPresenter@41b7cbf0
D/BlockBasePresenter(13338): rows:1 item size:6 columns:6 title: ui_type:block_grid_classic item0_title:
D/dalvikvm(13338): GC_FOR_ALLOC freed 1215K, 15% free 7207K/8468K, paused 38ms, total 38ms
D/Config  (13338): usePerformanceUI ui_mode:Performance
D/FocusHelper(13338): getScale scale:1.1 width:0 maxWidth:1632 minWidth:240
D/DisplayItemPresenter(13338): setViewId ui_type.rows():-1 old_view_id:-1 view_id:-1 title:
D/Config  (13338): usePerformanceUI ui_mode:Performance
D/FocusHelper(13338): getScale scale:1.1 width:0 maxWidth:1632 minWidth:240
D/DisplayItemPresenter(13338): setViewId ui_type.rows():-1 old_view_id:-1 view_id:-1 title:
D/Config  (13338): usePerformanceUI ui_mode:Performance
D/FocusHelper(13338): getScale scale:1.1 width:0 maxWidth:1632 minWidth:240
D/DisplayItemPresenter(13338): setViewId ui_type.rows():-1 old_view_id:-1 view_id:-1 title::
D/Config  (13338): usePerformanceUI ui_mode:Performance
D/FocusHelper(13338): getScale scale:1.1 width:0 maxWidth:1632 minWidth:240
D/DisplayItemPresenter(13338): setViewId ui_type.rows():-1 old_view_id:-1 view_id:-1 title:
D/Config  (13338): usePerformanceUI ui_mode:Performance
D/FocusHelper(13338): getScale scale:1.1 width:0 maxWidth:1632 minWidth:240
D/DisplayItemPresenter(13338): setViewId ui_type.rows():-1 old_view_id:-1 view_id:-1 title:
D/Config  (13338): usePerformanceUI ui_mode:Performance
D/FocusHelper(13338): getScale scale:1.1 width:0 maxWidth:1632 minWidth:240
D/DisplayItemPresenter(13338): setViewId ui_type.rows():-1 old_view_id:-1 view_id:-1 title:3
D/BlockPresenterSelector(13338): ui_type:block_grid_classic id:20102 title: unitary:true
I/System.out(13338): !!==!! xxxx 99999 BrowseFrameLayout
D/onBindRowViewHolder(13338): true--hasHeads--position:2
D/DisplayItemSelector(13338): ui_type:block_grid_classic id:20102 title: unitary:true
D/DisplayItemSelector(13338): presenter  com.tv.ui.presenter.CardBasicClassicPresenter@41b7cbf0
D/BlockBasePresenter(13338): rows:1 item size:6 columns:6 title: ui_type:block_grid_classic item0_title:
D/dalvikvm(13338): GC_FOR_ALLOC freed 1359K, 15% free 8074K/9468K, paused 30ms, total 30ms
D/Config  (13338): usePerformanceUI ui_mode:Performance
D/FocusHelper(13338): getScale scale:1.1 width:0 maxWidth:1632 minWidth:240
D/DisplayItemPresenter(13338): setViewId ui_type.rows():-1 old_view_id:-1 view_id:-1 title:
D/Config  (13338): usePerformanceUI ui_mode:Performance
D/FocusHelper(13338): getScale scale:1.1 width:0 maxWidth:1632 minWidth:240
D/DisplayItemPresenter(13338): setViewId ui_type.rows():-1 old_view_id:-1 view_id:-1 title:
D/Config  (13338): usePerformanceUI ui_mode:Performance
D/FocusHelper(13338): getScale scale:1.1 width:0 maxWidth:1632 minWidth:240
D/DisplayItemPresenter(13338): setViewId ui_type.rows():-1 old_view_id:-1 view_id:-1 title:
D/Config  (13338): usePerformanceUI ui_mode:Performance
D/FocusHelper(13338): getScale scale:1.1 width:0 maxWidth:1632 minWidth:240
D/DisplayItemPresenter(13338): setViewId ui_type.rows():-1 old_view_id:-1 view_id:-1 title:Running Man 2016
D/Config  (13338): usePerformanceUI ui_mode:Performance
D/FocusHelper(13338): getScale scale:1.1 width:0 maxWidth:1632 minWidth:240
D/DisplayItemPresenter(13338): setViewId ui_type.rows():-1 old_view_id:-1 view_id:-1 title:
D/Config  (13338): usePerformanceUI ui_mode:Performance
D/FocusHelper(13338): getScale scale:1.1 width:0 maxWidth:1632 minWidth:240
D/DisplayItemPresenter(13338): setViewId ui_type.rows():-1 old_view_id:-1 view_id:-1 title:
E/RecyclerView(13338): No adapter attached; skipping layout
D/dalvikvm(13338): GC_FOR_ALLOC freed 1655K, 16% free 8945K/10624K, paused 36ms, total 36ms
D/RemoteIME(  622): onFinishInput.
D/RemoteIME(  622): onStartInput  ccontentType: 0 Restarting:false
D/RemoteIME(  622): [requestInputWithHkb] estimate if number...
D/RemoteIME(  622): [requestInputWithHkb] mEditorInfo is: android.view.inputmethod.EditorInfo@41965c08
W/InputMethodManager(13338): Ignoring onBind: cur seq=440, given seq=439
V/BackgroundManager(13338): new drawable same as current
I/ActivityManager(  466): Displayed com.cibn.tv.debug_v2/com.tv.MainActivity: +2s89ms
D/dalvikvm(13338): GC_FOR_ALLOC freed 1863K, 17% free 9897K/11784K, paused 43ms, total 43ms
D/PackageParser(13338): Scanning package: /data/data/com.cibn.tv.debug_v2/app_SGLib/libsgsecuritybody_315417600000.zip
V/PackageParser(13338): parsePackageName...
V/PackageParser(13338): Root element name: 'manifest'
D/dalvikvm(13338): Trying to load lib /data/data/com.cibn.tv.debug_v2/app_SGLib/libsgsecuritybodyso-5.1.25.so 0x420cbf18
D/dalvikvm(13338): Added shared lib /data/data/com.cibn.tv.debug_v2/app_SGLib/libsgsecuritybodyso-5.1.25.so 0x420cbf18
D/dalvikvm(13338): GC_FOR_ALLOC freed 643K, 14% free 11311K/13024K, paused 38ms, total 38ms
D/PagesFragment(13338): blockAdapter.mBlock.ui_type.name = block_list
V/PagesFragment(13338): Adding item #2: f=PageWithLoaderFragment{421a73c0}
D/PageWithLoaderFragment(13338): setAdapter,  VerticalGridView Visible
D/PageWithLoaderFragment(13338): setAdapter,  VerticalGridView Visible
E/RecyclerView(13338): No adapter attached; skipping layout
D/BlockPresenterSelector(13338): ui_type:block_grid_classic id:21102 title: unitary:false
D/onBindRowViewHolder(13338): true--hasHeads--position:0
D/DisplayItemSelector(13338): ui_type:block_grid_classic id:21102 title: unitary:false
D/DisplayItemSelector(13338): presenter  com.tv.ui.presenter.CardBasicClassicPresenter@41b7cbf0
D/Config  (13338): usePerformanceUI ui_mode:Performance
D/FocusHelper(13338): getScale scale:1.1 width:0 maxWidth:1632 minWidth:240
D/DisplayItemPresenter(13338): setViewId ui_type.rows():-1 old_view_id:-1 view_id:-1 title:
D/Config  (13338): usePerformanceUI ui_mode:Performance
D/FocusHelper(13338): getScale scale:1.1 width:0 maxWidth:1632 minWidth:240
D/DisplayItemPresenter(13338): setViewId ui_type.rows():-1 old_view_id:-1 view_id:-1 title:
I/System.out(13338): !!==!! onChildViewHolderSelected
D/PageWithLoaderFragment(13338): onRowSelected. positon: 0  adapter size:11 mCacheVideoView:false
D/PageWithLoaderFragment(13338): onRowSelected 0
D/PageWithLoaderFragment(13338): adapter.size() 11
D/PageWithLoaderFragment(13338): mMoreBlockURL /tv/v3/recommend?list_id=23
D/dalvikvm(13338): GC_FOR_ALLOC freed 302K, 13% free 12673K/14500K, paused 36ms, total 36ms
D/BlockPresenterSelector(13338): ui_type:block_grid_user id:21151 title: unitary:false
D/onBindRowViewHolder(13338): true--hasHeads--position:1
D/DisplayItemSelector(13338): ui_type:block_grid_user id:21151 title: unitary:false
D/DisplayItemSelector(13338): presenter  com.tv.ui.presenter.HomeUserCenterPresenter@41b92c38
D/Config  (13338): usePerformanceUI ui_mode:Performance
D/FocusHelper(13338): getScale scale:1.1 width:0 maxWidth:1632 minWidth:240
D/DisplayItemPresenter(13338): setViewId ui_type.rows():-1 old_view_id:-1 view_id:-1 title:
D/playHistory(13338): id:0 videoid:XMTY2NTkyMzc1Ng== showid:e46186b0f71711e5a080 title: 01 img:http://r4.cp31.ott.cibntv.net/051C0000576B75F667BC3C136B06E4E7 duration:0 point:0 type:0 playtime:null videoinfo: cats: 
D/Config  (13338): usePerformanceUI ui_mode:Performance
D/FocusHelper(13338): getScale scale:1.1 width:0 maxWidth:1632 minWidth:240
D/DisplayItemPresenter(13338): setViewId ui_type.rows():-1 old_view_id:-1 view_id:-1 title:
D/Config  (13338): usePerformanceUI ui_mode:Performance
D/FocusHelper(13338): getScale scale:1.1 width:0 maxWidth:1632 minWidth:240
D/DisplayItemPresenter(13338): setViewId ui_type.rows():-1 old_view_id:-1 view_id:-1 title:
D/BlockPresenterSelector(13338): ui_type:block_grid_classic id:20102 title: unitary:true
I/System.out(13338): !!==!! xxxx 99999 BrowseFrameLayout
D/onBindRowViewHolder(13338): true--hasHeads--position:2
D/DisplayItemSelector(13338): ui_type:block_grid_classic id:20102 title: unitary:true
D/DisplayItemSelector(13338): presenter  com.tv.ui.presenter.CardBasicClassicPresenter@41b7cbf0
D/BlockBasePresenter(13338): rows:1 item size:3 columns:3 title: ui_type:block_grid_classic item0_title:null
D/Config  (13338): usePerformanceUI ui_mode:Performance
D/FocusHelper(13338): getScale scale:1.1 width:0 maxWidth:1632 minWidth:240
D/DisplayItemPresenter(13338): setViewId ui_type.rows():-1 old_view_id:-1 view_id:-1 title:null
D/Config  (13338): usePerformanceUI ui_mode:Performance
D/FocusHelper(13338): getScale scale:1.1 width:0 maxWidth:1632 minWidth:240
D/DisplayItemPresenter(13338): setViewId ui_type.rows():-1 old_view_id:-1 view_id:-1 title:null
D/Config  (13338): usePerformanceUI ui_mode:Performance
D/FocusHelper(13338): getScale scale:1.1 width:0 maxWidth:1632 minWidth:240
D/DisplayItemPresenter(13338): setViewId ui_type.rows():-1 old_view_id:-1 view_id:-1 title:null
D/dalvikvm(13338): GC_FOR_ALLOC freed 107K, 11% free 14983K/16684K, paused 46ms, total 46ms
E/RecyclerView(13338): No adapter attached; skipping layout
D/setPivotY (13338): setImageDrawable 500
D/setPivotY (13338): setImageDrawable 500
D/AppUpdateManager(13338): response={"update":{"type":3,"desc":"bug fix...\n565\nandroid4.2\n","vercode":2016102601},"guid":"0b8a83367b9b61891cc7b481025d45f9","tv_multi_switch":0,"server_time":1475209848,"format":"1,2,3,4,5,6","code":1,"status":"success"}
D/AppUpdateManager(13338): last upgraded file:/data/data/com.cibn.tv.debug_v2/cache/upgrade_apk/CIBN_APK_8b0fc39793291e8e4b2738b6e4e70642.apk
D/smy_downloader( 1932): selector key size = 0
D/PluginContext(13338): plugin_init isDebug : true
D/PluginContext(13338): plugin_init isTestHost : true
D/PluginContext(13338): plugin_init isDebug : true
V/PLog_ygd(13338):  acache path : /data/data/com.cibn.tv.debug_v2/files/external_package/plugin_infos/external_plugin_infos.json
V/PLog_PlayerPluginManager(13338): getIsNeedForceUpdate : true
V/PLog_PlayerPluginManager(13338): checkPluginInfo cpid cp_youku ,isNeedFromServer : false ,isForceUpdate : true
V/PLog_PlayerPluginManager(13338): ygd checkPluginInfo from local assets
V/PLog_UrlContainer(13338): signParams sign before : android_version=4.4.2&app_version=2016102601&device_ua=YK-K1&guid=cb5e5e7ddcd210d0762b5a5c5cb8156c&is_yunos=true&packagename=com.cibn.tv.debug_v2&pid=020bdf2679056967&plugin_cp=cp_youku&plugin_version=1.0.0&test_host=true&uuid=unknow_tv_imei
V/PLog_ygd(13338):  sign params : android_version=4.4.2&app_version=2016102601&device_ua=YK-K1&guid=cb5e5e7ddcd210d0762b5a5c5cb8156c&is_yunos=true&packagename=com.cibn.tv.debug_v2&pid=020bdf2679056967&plugin_cp=cp_youku&plugin_version=1.0.0&test_host=true&uuid=unknow_tv_imei
V/PLog_PluginStatisticUtils(13338): sendPluginLoader logUrl : http://test.cibn.api.ott.youku.com/player/log?android_version=4.4.2&app_version=2016102601&device_ua=YK-K1&guid=cb5e5e7ddcd210d0762b5a5c5cb8156c&is_yunos=true&packagename=com.cibn.tv.debug_v2&pid=020bdf2679056967&plugin_cp=cp_youku&plugin_version=1.0.0&test_host=true&uuid=unknow_tv_imei&type=304&info=
D/dalvikvm(13338): GC_FOR_ALLOC freed 332K, 9% free 18203K/19816K, paused 60ms, total 60ms
I/AsyncTask(13338): CPU  4
E/OKHTTP  (13338): ---------------------request log start---------------------
E/OKHTTP  (13338): method : GET
E/OKHTTP  (13338): url : http://test.cibn.api.ott.youku.com/player/log?android_version=4.4.2&app_version=2016102601&device_ua=YK-K1&guid=cb5e5e7ddcd210d0762b5a5c5cb8156c&is_yunos=true&packagename=com.cibn.tv.debug_v2&pid=020bdf2679056967&plugin_cp=cp_youku&plugin_version=1.0.0&test_host=true&uuid=unknow_tv_imei&type=304&info=
E/OKHTTP  (13338): headers : 
E/OKHTTP  (13338): Accept-Language: zh-CN,zh;q=0.8
E/OKHTTP  (13338): User-Agent: Mozilla/5.0 (Linux; U; Android 4.4.2; zh-cn; YK-K1 Build/KOT49H) AppleWebKit/534.30 (KHTML, like Gecko) Version/4.0 Mobile Safari/534.30
E/OKHTTP  (13338): ---------------------request log end-----------------------
V/PLog_PluginContext(13338): PluginContext initialize end.
E/OKHTTP  (13338): ---------------------response log start---------------------
E/OKHTTP  (13338): url : http://test.cibn.api.ott.youku.com/player/log?android_version=4.4.2&app_version=2016102601&device_ua=YK-K1&guid=cb5e5e7ddcd210d0762b5a5c5cb8156c&is_yunos=true&packagename=com.cibn.tv.debug_v2&pid=020bdf2679056967&plugin_cp=cp_youku&plugin_version=1.0.0&test_host=true&uuid=unknow_tv_imei&type=304&info=
E/OKHTTP  (13338): code : 200
E/OKHTTP  (13338): protocol : http/1.1
E/OKHTTP  (13338): message : OK
E/OKHTTP  (13338): contentType : application/json; charset=UTF-8
E/OKHTTP  (13338): content : {"status":"success"}
V/LocalBroadcastManager(13338): Resolving type null scheme null of intent Intent { act=action_cp_player_plugin_info_changed (has extras) }
E/OKHTTP  (13338): ---------------------response log end-----------------------
V/LocalBroadcastManager(13338): Action list: [Receiver{com.youku.tv.plugin.common.localbroadcast.DataBroadcast$1@42197c08 filter=android.content.IntentFilter@421952c0}]
V/LocalBroadcastManager(13338): Matching against filter android.content.IntentFilter@421952c0
V/LocalBroadcastManager(13338):   Filter matched!  match=0x108000
E/PlayerPluginManager(13338): ygd  broadcast  action : action_cp_player_plugin_info_changed
E/PlayerPluginManager(13338): ygd  broadcast  type : type_operation_update
V/PLog_ExternalPluginFileStore(13338): Url: http://tds.ott.cp31.ott.cibntv.net/player_plugins/test/cp_youku/16/cp_youku.zip
V/PLog_ExternalPluginFileStore(13338): getExternalFilesDir result: /mnt/internal_sd/Android/data/com.cibn.tv.debug_v2/files/Download/cp_youku
W/BackupManagerService(  466): dataChanged but no participant pkg='com.android.providers.settings' uid=10884
V/PLog_ExternalPluginFileStore(13338): ygd downloadFile start..................  cpid :  cp_youku
E/OKHTTP  (13338): ---------------------request log start---------------------
E/OKHTTP  (13338): method : GET
E/OKHTTP  (13338): url : http://tds.ott.cp31.ott.cibntv.net/player_plugins/test/cp_youku/16/cp_youku.zip
E/OKHTTP  (13338): headers : 
E/OKHTTP  (13338): Accept-Language: zh-CN,zh;q=0.8
E/OKHTTP  (13338): User-Agent: Mozilla/5.0 (Linux; U; Android 4.4.2; zh-cn; YK-K1 Build/KOT49H) AppleWebKit/534.30 (KHTML, like Gecko) Version/4.0 Mobile Safari/534.30
E/OKHTTP  (13338): ---------------------request log end-----------------------
E/OKHTTP  (13338): ---------------------response log start---------------------
E/OKHTTP  (13338): url : http://tds.ott.cp31.ott.cibntv.net/player_plugins/test/cp_youku/16/cp_youku.zip
E/OKHTTP  (13338): code : 200
E/OKHTTP  (13338): protocol : http/1.1
E/OKHTTP  (13338): message : OK
E/OKHTTP  (13338): contentType : application/octet-stream
E/OKHTTP  (13338): content :  maybe [file part] , too large too print , ignored!
E/OKHTTP  (13338): ---------------------response log end-----------------------
D/DeviceFinderManager( 1295): alarmComing
D/DeviceFinderManager( 1295): rescheduleDeviceBroadcase
D/DeviceFinderManager( 1295): bootup
D/DeviceHelper( 1295): ro.build.characteristics = tablet
V/PLog_ExternalPluginFileStore(13338): server downloadFile : /mnt/internal_sd/Android/data/com.cibn.tv.debug_v2/files/Download/cp_youku/cp_youku.zip
V/PLog_ExternalPluginFileStore(13338): ygd local:  13cb537f54f211ad1fff9e18c31abd87
V/PLog_ExternalPluginFileStore(13338): ygd server: 13cb537f54f211ad1fff9e18c31abd87
V/PLog_ExternalPluginFileStore(13338): downloadPluginFile parseNetworkResponse unzipDownloadDir : /mnt/internal_sd/Android/data/com.cibn.tv.debug_v2/files/Download/cp_youku ,downloadFile : /mnt/internal_sd/Android/data/com.cibn.tv.debug_v2/files/Download/cp_youku/cp_youku.zip
V/PLog_ExternalPluginFileStore(13338): ygd downloadAndCopy File : /data/data/com.cibn.tv.debug_v2/files/external_package/cp_youku/player_plugin/cp_youku.apk
D/dalvikvm( 1349): GC_FOR_ALLOC freed 1883K, 28% free 6130K/8480K, paused 237ms, total 237ms
D/dalvikvm( 2000): GC_FOR_ALLOC freed 1912K, 28% free 6234K/8568K, paused 50ms, total 50ms
V/PLog_ExternalPluginFileStore(13338): ygd  downloadSuccess isNotify : true ,cpId : cp_youku
V/LocalBroadcastManager(13338): Resolving type null scheme null of intent Intent { act=action_cp_player_plugin_file_changed (has extras) }
V/LocalBroadcastManager(13338): Action list: [Receiver{com.youku.tv.plugin.common.localbroadcast.DataBroadcast$1@42197c08 filter=android.content.IntentFilter@421952c0}]
V/LocalBroadcastManager(13338): Matching against filter android.content.IntentFilter@421952c0
V/LocalBroadcastManager(13338):   Filter matched!  match=0x108000
E/PlayerPluginManager(13338): ygd  broadcast  action : action_cp_player_plugin_file_changed
E/PlayerPluginManager(13338): ygd  broadcast  type : type_operation_succeed
V/PLog_PlayerPluginManager(13338): ygd classloadtask doInBackground  apkFile : /data/data/com.cibn.tv.debug_v2/files/external_package/cp_youku/player_plugin/cp_youku.apk
V/PLog_ApkClassLoader(13338): !!==!! apkPath:/data/data/com.cibn.tv.debug_v2/files/external_package/cp_youku/player_plugin/cp_youku.apk rootDir:/data/data/com.cibn.tv.debug_v2/files/external_package/cp_youku/player_plugin rawDir:/data/data/com.cibn.tv.debug_v2/files/external_package/cp_youku/player_plugin/raw
V/PLog_ApkClassLoader(13338): !!==!! initNativeLib apk include file:AndroidManifest.xml
V/PLog_ApkClassLoader(13338): !!==!! initNativeLib apk include file:assets/apk_build_info
V/PLog_ApkClassLoader(13338): !!==!! initNativeLib apk include file:resources.arsc
V/PLog_ApkClassLoader(13338): !!==!! initNativeLib apk include file:classes.dex
V/PLog_ApkClassLoader(13338): !!==!! initNativeLib apk include file:assets/build_info
V/PLog_ApkClassLoader(13338): !!==!! initNativeLib apk include file:assets/pcdn_container
V/PLog_ApkClassLoader(13338): !!==!! initNativeLib apk include file:assets/pcdn_vod_acc
V/PLog_ApkClassLoader(13338): !!==!! initNativeLib apk include file:assets/player_sdk_build.properties
V/PLog_ApkClassLoader(13338): !!==!! initNativeLib apk include file:assets/sdkconfig.xml
V/PLog_ApkClassLoader(13338): !!==!! initNativeLib apk include file:assets/youku_player_sdk_ad_close.png
V/PLog_ApkClassLoader(13338): !!==!! initNativeLib apk include file:assets/youku_player_sdk_ad_detail.png
V/PLog_ApkClassLoader(13338): !!==!! initNativeLib apk include file:assets/youku_player_sdk_ad_up.png
V/PLog_ApkClassLoader(13338): !!==!! initNativeLib apk include file:assets/youku_player_sdk_ad_vip.png
V/PLog_ApkClassLoader(13338): !!==!! initNativeLib apk include file:lib/armeabi-v7a/libdecengine_hw_23.so
V/PLog_ApkClassLoader(13338): !!==!! initNativeLib is so lib/armeabi-v7a/libdecengine_hw_23.so
V/PLog_ApkClassLoader(13338): skip copy of same file libdecengine_hw_23.so
V/PLog_ApkClassLoader(13338): !!==!! initNativeLib is so /data/data/com.cibn.tv.debug_v2/files/external_package/cp_youku/player_plugin/raw/libdecengine_hw_23.so true
V/PLog_ApkClassLoader(13338): !!==!! initNativeLib apk include file:lib/armeabi-v7a/libdecengine_hw_40.so
V/PLog_ApkClassLoader(13338): !!==!! initNativeLib is so lib/armeabi-v7a/libdecengine_hw_40.so
V/PLog_ApkClassLoader(13338): skip copy of same file libdecengine_hw_40.so
V/PLog_ApkClassLoader(13338): !!==!! initNativeLib is so /data/data/com.cibn.tv.debug_v2/files/external_package/cp_youku/player_plugin/raw/libdecengine_hw_40.so true
V/PLog_ApkClassLoader(13338): !!==!! initNativeLib apk include file:lib/armeabi-v7a/libdecengine_hw_41.so
V/PLog_ApkClassLoader(13338): !!==!! initNativeLib is so lib/armeabi-v7a/libdecengine_hw_41.so
V/PLog_ApkClassLoader(13338): skip copy of same file libdecengine_hw_41.so
V/PLog_ApkClassLoader(13338): !!==!! initNativeLib is so /data/data/com.cibn.tv.debug_v2/files/external_package/cp_youku/player_plugin/raw/libdecengine_hw_41.so true
V/PLog_ApkClassLoader(13338): !!==!! initNativeLib apk include file:lib/armeabi-v7a/libdecengine_hw_43.so
V/PLog_ApkClassLoader(13338): !!==!! initNativeLib is so lib/armeabi-v7a/libdecengine_hw_43.so
V/PLog_ApkClassLoader(13338): skip copy of same file libdecengine_hw_43.so
V/PLog_ApkClassLoader(13338): !!==!! initNativeLib is so /data/data/com.cibn.tv.debug_v2/files/external_package/cp_youku/player_plugin/raw/libdecengine_hw_43.so true
V/PLog_ApkClassLoader(13338): !!==!! initNativeLib apk include file:lib/armeabi-v7a/libdecengine_mc_41.so
V/PLog_ApkClassLoader(13338): !!==!! initNativeLib is so lib/armeabi-v7a/libdecengine_mc_41.so
V/PLog_ApkClassLoader(13338): skip copy of same file libdecengine_mc_41.so
V/PLog_ApkClassLoader(13338): !!==!! initNativeLib is so /data/data/com.cibn.tv.debug_v2/files/external_package/cp_youku/player_plugin/raw/libdecengine_mc_41.so true
V/PLog_ApkClassLoader(13338): !!==!! initNativeLib apk include file:lib/armeabi-v7a/libdecengine_mc_44.so
V/PLog_ApkClassLoader(13338): !!==!! initNativeLib is so lib/armeabi-v7a/libdecengine_mc_44.so
V/PLog_ApkClassLoader(13338): skip copy of same file libdecengine_mc_44.so
V/PLog_ApkClassLoader(13338): !!==!! initNativeLib is so /data/data/com.cibn.tv.debug_v2/files/external_package/cp_youku/player_plugin/raw/libdecengine_mc_44.so true
V/PLog_ApkClassLoader(13338): !!==!! initNativeLib apk include file:lib/armeabi-v7a/libdecengine_RK_mc_44.so
V/PLog_ApkClassLoader(13338): !!==!! initNativeLib is so lib/armeabi-v7a/libdecengine_RK_mc_44.so
V/PLog_ApkClassLoader(13338): skip copy of same file libdecengine_RK_mc_44.so
V/PLog_ApkClassLoader(13338): !!==!! initNativeLib is so /data/data/com.cibn.tv.debug_v2/files/external_package/cp_youku/player_plugin/raw/libdecengine_RK_mc_44.so true
V/PLog_ApkClassLoader(13338): !!==!! initNativeLib apk include file:lib/armeabi-v7a/libmath_codecs.so
V/PLog_ApkClassLoader(13338): !!==!! initNativeLib is so lib/armeabi-v7a/libmath_codecs.so
V/PLog_ApkClassLoader(13338): skip copy of same file libmath_codecs.so
V/PLog_ApkClassLoader(13338): !!==!! initNativeLib is so /data/data/com.cibn.tv.debug_v2/files/external_package/cp_youku/player_plugin/raw/libmath_codecs.so true
V/PLog_ApkClassLoader(13338): !!==!! initNativeLib apk include file:lib/armeabi-v7a/libmediacodec_hw.so
V/PLog_ApkClassLoader(13338): !!==!! initNativeLib is so lib/armeabi-v7a/libmediacodec_hw.so
V/PLog_ApkClassLoader(13338): skip copy of same file libmediacodec_hw.so
V/PLog_ApkClassLoader(13338): !!==!! initNativeLib is so /data/data/com.cibn.tv.debug_v2/files/external_package/cp_youku/player_plugin/raw/libmediacodec_hw.so true
V/PLog_ApkClassLoader(13338): !!==!! initNativeLib apk include file:lib/armeabi-v7a/libMMANDKSignature.so
V/PLog_ApkClassLoader(13338): !!==!! initNativeLib is so lib/armeabi-v7a/libMMANDKSignature.so
V/PLog_ApkClassLoader(13338): skip copy of same file libMMANDKSignature.so
V/PLog_ApkClassLoader(13338): !!==!! initNativeLib is so /data/data/com.cibn.tv.debug_v2/files/external_package/cp_youku/player_plugin/raw/libMMANDKSignature.so true
V/PLog_ApkClassLoader(13338): !!==!! initNativeLib apk include file:lib/armeabi-v7a/libpcdn_sdk.so
V/PLog_ApkClassLoader(13338): !!==!! initNativeLib is so lib/armeabi-v7a/libpcdn_sdk.so
V/PLog_ApkClassLoader(13338): skip copy of same file libpcdn_sdk.so
V/PLog_ApkClassLoader(13338): !!==!! initNativeLib is so /data/data/com.cibn.tv.debug_v2/files/external_package/cp_youku/player_plugin/raw/libpcdn_sdk.so true
V/PLog_ApkClassLoader(13338): !!==!! initNativeLib apk include file:lib/armeabi-v7a/libplayhelper.so
V/PLog_ApkClassLoader(13338): !!==!! initNativeLib is so lib/armeabi-v7a/libplayhelper.so
V/PLog_ApkClassLoader(13338): skip copy of same file libplayhelper.so
V/PLog_ApkClassLoader(13338): !!==!! initNativeLib is so /data/data/com.cibn.tv.debug_v2/files/external_package/cp_youku/player_plugin/raw/libplayhelper.so true
V/PLog_ApkClassLoader(13338): !!==!! initNativeLib apk include file:lib/armeabi-v7a/libsmartlangdet.so
V/PLog_ApkClassLoader(13338): !!==!! initNativeLib is so lib/armeabi-v7a/libsmartlangdet.so
V/PLog_ApkClassLoader(13338): skip copy of same file libsmartlangdet.so
V/PLog_ApkClassLoader(13338): !!==!! initNativeLib is so /data/data/com.cibn.tv.debug_v2/files/external_package/cp_youku/player_plugin/raw/libsmartlangdet.so true
V/PLog_ApkClassLoader(13338): !!==!! initNativeLib apk include file:lib/armeabi-v7a/libstream_ghost.so
V/PLog_ApkClassLoader(13338): !!==!! initNativeLib is so lib/armeabi-v7a/libstream_ghost.so
V/PLog_ApkClassLoader(13338): skip copy of same file libstream_ghost.so
V/PLog_ApkClassLoader(13338): !!==!! initNativeLib is so /data/data/com.cibn.tv.debug_v2/files/external_package/cp_youku/player_plugin/raw/libstream_ghost.so true
V/PLog_ApkClassLoader(13338): !!==!! mDexLoader = new DexClassLoader (dexPath:/data/data/com.cibn.tv.debug_v2/files/external_package/cp_youku/player_plugin/cp_youku.apk  optimizedDirectory:/data/data/com.cibn.tv.debug_v2/files/external_package/cp_youku/player_plugin libraryPath:/data/data/com.cibn.tv.debug_v2/files/external_package/cp_youku/player_plugin/raw mParent:dalvik.system.PathClassLoader[DexPathList[[zip file "/data/app/com.cibn.tv.debug_v2-2.apk"],nativeLibraryDirectories=[/data/app-lib/com.cibn.tv.debug_v2-2, /vendor/lib, /system/lib]]] )
V/PLog_ApkClassLoader(13338): !!==!! soName:libdecengine_hw_23.so soPath:/data/data/com.cibn.tv.debug_v2/files/external_package/cp_youku/player_plugin/raw/libdecengine_hw_23.so
V/PLog_ApkClassLoader(13338): !!==!! soName:libdecengine_hw_40.so soPath:/data/data/com.cibn.tv.debug_v2/files/external_package/cp_youku/player_plugin/raw/libdecengine_hw_40.so
V/PLog_ApkClassLoader(13338): !!==!! soName:libdecengine_hw_41.so soPath:/data/data/com.cibn.tv.debug_v2/files/external_package/cp_youku/player_plugin/raw/libdecengine_hw_41.so
V/PLog_ApkClassLoader(13338): !!==!! soName:libdecengine_hw_43.so soPath:/data/data/com.cibn.tv.debug_v2/files/external_package/cp_youku/player_plugin/raw/libdecengine_hw_43.so
V/PLog_ApkClassLoader(13338): !!==!! soName:libdecengine_mc_41.so soPath:/data/data/com.cibn.tv.debug_v2/files/external_package/cp_youku/player_plugin/raw/libdecengine_mc_41.so
V/PLog_ApkClassLoader(13338): !!==!! soName:libdecengine_mc_44.so soPath:/data/data/com.cibn.tv.debug_v2/files/external_package/cp_youku/player_plugin/raw/libdecengine_mc_44.so
V/PLog_ApkClassLoader(13338): !!==!! soName:libdecengine_RK_mc_44.so soPath:/data/data/com.cibn.tv.debug_v2/files/external_package/cp_youku/player_plugin/raw/libdecengine_RK_mc_44.so
V/PLog_ApkClassLoader(13338): !!==!! soName:libmath_codecs.so soPath:/data/data/com.cibn.tv.debug_v2/files/external_package/cp_youku/player_plugin/raw/libmath_codecs.so
V/PLog_ApkClassLoader(13338): !!==!! soName:libmediacodec_hw.so soPath:/data/data/com.cibn.tv.debug_v2/files/external_package/cp_youku/player_plugin/raw/libmediacodec_hw.so
V/PLog_ApkClassLoader(13338): !!==!! soName:libMMANDKSignature.so soPath:/data/data/com.cibn.tv.debug_v2/files/external_package/cp_youku/player_plugin/raw/libMMANDKSignature.so
V/PLog_ApkClassLoader(13338): !!==!! soName:libpcdn_sdk.so soPath:/data/data/com.cibn.tv.debug_v2/files/external_package/cp_youku/player_plugin/raw/libpcdn_sdk.so
V/PLog_ApkClassLoader(13338): !!==!! soName:libplayhelper.so soPath:/data/data/com.cibn.tv.debug_v2/files/external_package/cp_youku/player_plugin/raw/libplayhelper.so
V/PLog_ApkClassLoader(13338): !!==!! soName:libsmartlangdet.so soPath:/data/data/com.cibn.tv.debug_v2/files/external_package/cp_youku/player_plugin/raw/libsmartlangdet.so
V/PLog_ApkClassLoader(13338): !!==!! soName:libstream_ghost.so soPath:/data/data/com.cibn.tv.debug_v2/files/external_package/cp_youku/player_plugin/raw/libstream_ghost.so
V/PLog_ApkClassLoader(13338): !!==!! mSoLibPath: /data/data/com.cibn.tv.debug_v2/files/external_package/cp_youku/player_plugin/raw
V/PLog_ApkClassLoader(13338): !!==!! mApkFilePath: /data/data/com.cibn.tv.debug_v2/files/external_package/cp_youku/player_plugin/cp_youku.apk
V/PLog_PlayerPluginManager(13338): ygd classloadtask doInBackground .......... map : {cp_youku=com.youku.tv.plugin.classloader.ApkClassLoader@41a0ba70}
D/smy_downloader( 1932): selector key size = 0
I/com.app.core( 1459): Hua.Wong......{"id":"1001","time":1477533183932}
D/dalvikvm( 1459): GC_FOR_ALLOC freed 805K, 24% free 2884K/3780K, paused 58ms, total 58ms
I/com.app.core( 1459): Hua.Wong......{"id":"1001","time":1477532583923}
I/com.app.core( 1459): Hua.Wong......{"id":"1001","time":1477531983921}
I/com.app.core( 1459): Hua.Wong......{"id":"1001","time":1477531383915}
I/com.app.core( 1459): Hua.Wong......{"id":"1000","time":1477530783922}
I/com.app.core( 1459): Hua.Wong......sendingData: {"id":"1001","time":1477533183931} {"id":"1001","time":1477532583922} {"id":"1001","time":1477531983921} {"id":"1001","time":1477531383915} {"id":"1000","time":1477530783922}
W/System.err( 1459): org.json.JSONException: No value for data
W/System.err( 1459): 	at org.json.JSONObject.get(JSONObject.java:355)
W/System.err( 1459): 	at org.json.JSONObject.getJSONObject(JSONObject.java:574)
W/System.err( 1459): 	at com.youku.collector.core.web.CollectorWebService.sendSecretEvents(CollectorWebService.java:51)
W/System.err( 1459): 	at com.youku.collector.core.CollectorManager$3.onSessionTry(CollectorManager.java:95)
W/System.err( 1459): 	at com.app.core.webservices.WebSession$SessionTask.run(WebSession.java:143)
W/System.err( 1459): 	at java.util.concurrent.Executors$RunnableAdapter.call(Executors.java:422)
W/System.err( 1459): 	at java.util.concurrent.FutureTask.run(FutureTask.java:237)
W/System.err( 1459): 	at java.util.concurrent.ScheduledThreadPoolExecutor$ScheduledFutureTask.access$201(ScheduledThreadPoolExecutor.java:152)
W/System.err( 1459): 	at java.util.concurrent.ScheduledThreadPoolExecutor$ScheduledFutureTask.run(ScheduledThreadPoolExecutor.java:265)
W/System.err( 1459): 	at java.util.concurrent.ThreadPoolExecutor.runWorker(ThreadPoolExecutor.java:1112)
W/System.err( 1459): 	at java.util.concurrent.ThreadPoolExecutor$Worker.run(ThreadPoolExecutor.java:587)
W/System.err( 1459): 	at java.lang.Thread.run(Thread.java:841)
I/com.app.core( 1459): Hua.Wong......onSessionFailed
I/com.app.core( 1459): Hua.Wong......sendSecretEventsDelay: 10000
D/SensorsHal(  466): Couldn't open /dev/mma8452_daemon (No such file or directory)
E/SensorService(  466): Error activating sensor 0 (Operation not permitted)
D/SensorsHal(  466): Couldn't open /dev/mma8452_daemon (No such file or directory)
E/SensorService(  466): Error activating sensor 0 (Operation not permitted)
D/SensorsHal(  466): Couldn't open /dev/compass (No such file or directory)
E/SensorsHal(  466): ECS_IOCTL_APP_SET_XXX failed (Bad file number)
E/SensorService(  466): Error activating sensor 1 (Bad file number)
D/SensorsHal(  466): Couldn't open /dev/gyrosensor (No such file or directory)
E/SensorsHal(  466): LIGHTSENSOR_IOCTL_ENABLE failed (Bad file number)
E/SensorService(  466): Error activating sensor 5 (Bad file number)
D/smy_downloader( 1932): selector key size = 0
D/DeviceFinderManager( 1295): alarmComing
D/DeviceFinderManager( 1295): rescheduleDeviceBroadcase
D/DeviceFinderManager( 1295): bootup
D/DeviceHelper( 1295): ro.build.characteristics = tablet
D/dalvikvm( 1789): GC_FOR_ALLOC freed 1278K, 24% free 4299K/5636K, paused 39ms, total 39ms
D/smy_downloader( 1932): selector key size = 0
I/com.app.core( 1459): Hua.Wong......{"id":"1001","time":1477533183931}
I/com.app.core( 1459): Hua.Wong......{"id":"1001","time":1477532583923}
I/com.app.core( 1459): Hua.Wong......{"id":"1001","time":1477531983921}
I/com.app.core( 1459): Hua.Wong......{"id":"1001","time":1477531383915}
I/com.app.core( 1459): Hua.Wong......{"id":"1000","time":1477530783922}
I/com.app.core( 1459): Hua.Wong......sendingData: {"id":"1001","time":1477533183931} {"id":"1001","time":1477532583922} {"id":"1001","time":1477531983921} {"id":"1001","time":1477531383916} {"id":"1000","time":1477530783922}
W/System.err( 1459): org.json.JSONException: No value for data
W/System.err( 1459): 	at org.json.JSONObject.get(JSONObject.java:355)
W/System.err( 1459): 	at org.json.JSONObject.getJSONObject(JSONObject.java:574)
W/System.err( 1459): 	at com.youku.collector.core.web.CollectorWebService.sendSecretEvents(CollectorWebService.java:51)
W/System.err( 1459): 	at com.youku.collector.core.CollectorManager$3.onSessionTry(CollectorManager.java:95)
W/System.err( 1459): 	at com.app.core.webservices.WebSession$SessionTask.run(WebSession.java:143)
W/System.err( 1459): 	at java.util.concurrent.Executors$RunnableAdapter.call(Executors.java:422)
W/System.err( 1459): 	at java.util.concurrent.FutureTask.run(FutureTask.java:237)
W/System.err( 1459): 	at java.util.concurrent.ScheduledThreadPoolExecutor$ScheduledFutureTask.access$201(ScheduledThreadPoolExecutor.java:152)
W/System.err( 1459): 	at java.util.concurrent.ScheduledThreadPoolExecutor$ScheduledFutureTask.run(ScheduledThreadPoolExecutor.java:265)
