E/NetdConnector(  466): RCV <- {601 limit alert globalAlert eth0} with time:173351288
E/NetdConnector(  466): RCV <- {200 6870 Tethering stats list completed} with time:173351324
E/NetdConnector(  466): RCV <- {200 6871 Bandwidth command succeeeded} with time:173351405
E/NetdConnector(  466): RCV <- {601 limit alert globalAlert eth0} with time:173353397
E/NetdConnector(  466): RCV <- {200 6872 Tethering stats list completed} with time:173353463
E/NetdConnector(  466): RCV <- {200 6873 Bandwidth command succeeeded} with time:173353470
E/NetdConnector(  466): RCV <- {601 limit alert globalAlert lo} with time:173356107
E/NetdConnector(  466): RCV <- {200 6874 Tethering stats list completed} with time:173356158
E/NetdConnector(  466): RCV <- {200 6875 Bandwidth command succeeeded} with time:173356192
E/NetdConnector(  466): RCV <- {601 limit alert globalAlert eth0} with time:173358444
E/NetdConnector(  466): RCV <- {200 6876 Tethering stats list completed} with time:173358474
E/NetdConnector(  466): RCV <- {200 6877 Bandwidth command succeeeded} with time:173358483
W/ContextImpl(  707): Calling a method in the system process without a qualified user: android.app.ContextImpl.startService:1494 android.content.ContextWrapper.startService:494 android.content.ContextWrapper.startService:494 com.youku.pushsdk.receiver.YoukuAppActionReceiver.onReceive:42 android.app.ActivityThread.handleReceiver:2419 
W/ContextImpl(  747): Calling a method in the system process without a qualified user: android.app.ContextImpl.startService:1494 android.content.ContextWrapper.startService:494 android.content.ContextWrapper.startService:494 com.youku.pushsdk.receiver.YoukuAppActionReceiver.onReceive:42 android.app.ActivityThread.handleReceiver:2419 
W/ContextImpl(  720): Calling a method in the system process without a qualified user: android.app.ContextImpl.startService:1494 android.content.ContextWrapper.startService:494 android.content.ContextWrapper.startService:494 com.youku.pushsdk.receiver.YoukuAppActionReceiver.onReceive:42 android.app.ActivityThread.handleReceiver:2419 
W/ContextImpl(  707): Calling a method in the system process without a qualified user: android.app.ContextImpl.startService:1494 android.content.ContextWrapper.startService:494 android.content.ContextWrapper.startService:494 com.youku.pushsdk.receiver.YoukuAppActionReceiver.onReceive:42 android.app.ActivityThread.handleReceiver:2419 
W/ContextImpl(  747): Calling a method in the system process without a qualified user: android.app.ContextImpl.startService:1494 android.content.ContextWrapper.startService:494 android.content.ContextWrapper.startService:494 com.youku.pushsdk.receiver.YoukuAppActionReceiver.onReceive:42 android.app.ActivityThread.handleReceiver:2419 
W/ContextImpl(  720): Calling a method in the system process without a qualified user: android.app.ContextImpl.startService:1494 android.content.ContextWrapper.startService:494 android.content.ContextWrapper.startService:494 com.youku.pushsdk.receiver.YoukuAppActionReceiver.onReceive:42 android.app.ActivityThread.handleReceiver:2419 
W/ContextImpl(  707): Calling a method in the system process without a qualified user: android.app.ContextImpl.startService:1494 android.content.ContextWrapper.startService:494 android.content.ContextWrapper.startService:494 com.youku.pushsdk.receiver.YoukuAppActionReceiver.onReceive:42 android.app.ActivityThread.handleReceiver:2419 
W/ContextImpl(  747): Calling a method in the system process without a qualified user: android.app.ContextImpl.startService:1494 android.content.ContextWrapper.startService:494 android.content.ContextWrapper.startService:494 com.youku.pushsdk.receiver.YoukuAppActionReceiver.onReceive:42 android.app.ActivityThread.handleReceiver:2419 
W/ContextImpl(  720): Calling a method in the system process without a qualified user: android.app.ContextImpl.startService:1494 android.content.ContextWrapper.startService:494 android.content.ContextWrapper.startService:494 com.youku.pushsdk.receiver.YoukuAppActionReceiver.onReceive:42 android.app.ActivityThread.handleReceiver:2419 
E/NetdConnector(  466): RCV <- {601 limit alert globalAlert eth0} with time:173360742
E/NetdConnector(  466): RCV <- {200 6878 Tethering stats list completed} with time:173360766
E/NetdConnector(  466): RCV <- {200 6879 Bandwidth command succeeeded} with time:173360833
E/NetdConnector(  466): RCV <- {601 limit alert globalAlert lo} with time:173362848
E/NetdConnector(  466): RCV <- {200 6880 Tethering stats list completed} with time:173362868
E/NetdConnector(  466): RCV <- {200 6881 Bandwidth command succeeeded} with time:173362876
E/NetdConnector(  466): RCV <- {601 limit alert globalAlert lo} with time:173364271
E/NetdConnector(  466): RCV <- {200 6882 Tethering stats list completed} with time:173364308
E/NetdConnector(  466): RCV <- {200 6883 Bandwidth command succeeeded} with time:173364355
E/NetdConnector(  466): RCV <- {601 limit alert globalAlert lo} with time:173367548
E/NetdConnector(  466): RCV <- {200 6884 Tethering stats list completed} with time:173367588
E/NetdConnector(  466): RCV <- {200 6885 Bandwidth command succeeeded} with time:173367635
E/NetdConnector(  466): RCV <- {601 limit alert globalAlert lo} with time:173369212
E/NetdConnector(  466): RCV <- {200 6886 Tethering stats list completed} with time:173369253
E/NetdConnector(  466): RCV <- {200 6887 Bandwidth command succeeeded} with time:173369277
E/NetdConnector(  466): RCV <- {601 limit alert globalAlert eth0} with time:173371476
E/NetdConnector(  466): RCV <- {200 6888 Tethering stats list completed} with time:173371521
E/NetdConnector(  466): RCV <- {200 6889 Bandwidth command succeeeded} with time:173371603
E/NetdConnector(  466): RCV <- {601 limit alert globalAlert lo} with time:173373651
E/NetdConnector(  466): RCV <- {200 6890 Tethering stats list completed} with time:173373689
E/NetdConnector(  466): RCV <- {200 6891 Bandwidth command succeeeded} with time:173373755
W/ContextImpl(  466): Calling a method in the system process without a qualified user: android.app.ContextImpl.sendBroadcast:1138 com.android.internal.policy.impl.PhoneWindowManager.interceptKeyBeforeQueueing:4448 com.android.server.wm.InputMonitor.interceptKeyBeforeQueueing:357 com.android.server.input.InputManagerService.interceptKeyBeforeQueueing:1332 dalvik.system.NativeStart.run:-2 
W/ContextImpl(  466): Calling a method in the system process without a qualified user: android.app.ContextImpl.sendBroadcast:1138 com.android.internal.policy.impl.PhoneWindowManager.interceptKeyBeforeQueueing:4448 com.android.server.wm.InputMonitor.interceptKeyBeforeQueueing:357 com.android.server.input.InputManagerService.interceptKeyBeforeQueueing:1332 dalvik.system.NativeStart.run:-2 
E/NetdConnector(  466): RCV <- {601 limit alert globalAlert lo} with time:173376005
E/NetdConnector(  466): RCV <- {200 6892 Tethering stats list completed} with time:173376011
E/NetdConnector(  466): RCV <- {200 6893 Bandwidth command succeeeded} with time:173376018
W/ContextImpl(  466): Calling a method in the system process without a qualified user: android.app.ContextImpl.sendBroadcast:1138 com.android.internal.policy.impl.PhoneWindowManager.interceptKeyBeforeQueueing:4448 com.android.server.wm.InputMonitor.interceptKeyBeforeQueueing:357 com.android.server.input.InputManagerService.interceptKeyBeforeQueueing:1332 dalvik.system.NativeStart.run:-2 
E/NetdConnector(  466): RCV <- {601 limit alert globalAlert eth0} with time:173376383
E/NetdConnector(  466): RCV <- {200 6894 Tethering stats list completed} with time:173376389
E/NetdConnector(  466): RCV <- {200 6895 Bandwidth command succeeeded} with time:173376432
W/ContextImpl(  466): Calling a method in the system process without a qualified user: android.app.ContextImpl.sendBroadcast:1138 com.android.internal.policy.impl.PhoneWindowManager.interceptKeyBeforeQueueing:4448 com.android.server.wm.InputMonitor.interceptKeyBeforeQueueing:357 com.android.server.input.InputManagerService.interceptKeyBeforeQueueing:1332 dalvik.system.NativeStart.run:-2 
E/NetdConnector(  466): RCV <- {601 limit alert globalAlert lo} with time:173376766
E/NetdConnector(  466): RCV <- {200 6896 Tethering stats list completed} with time:173376779
E/NetdConnector(  466): RCV <- {200 6897 Bandwidth command succeeeded} with time:173376787
--------- beginning of /dev/log/main
V/LocalBroadcastManager(19627):   Filter matched!  match=0x108000
V/LocalBroadcastManager(19627): Matching against filter android.content.IntentFilter@4240b9f0
V/LocalBroadcastManager(19627):   Filter matched!  match=0x108000
D/PlayerControlFragment(19627): updateProgressBubble progress:89840
D/PlayerControlFragment(19627): updateProgressBubble  seekbarWidth:604 bubbleWidth:100 seekBarMax : 3316200  seekBarLeft: 315
D/PlayerControlFragment(19627): updateProgressBubble leftMargin:281 bubbleParentWidth 894
D/hwcomposer(  131): pFrame->Res[3] = 269488144 
D/hwcomposer(  131): pFrame->Res[3] = 269488144 
D/hwcomposer(  131): pFrame->Res[3] = 269488144 
D/hwcomposer(  131): pFrame->Res[3] = 269488144 
D/hwcomposer(  131): pFrame->Res[3] = 269488144 
D/hwcomposer(  131): pFrame->Res[3] = 269488144 
D/hwcomposer(  131): pFrame->Res[3] = 269488144 
D/WindowManager(  466): action = 0
D/hwcomposer(  131): pFrame->Res[3] = 269488144 
D/WindowManager(  466): hyq is down event 
D/WindowManager(  466): hyq lasteventDownTime=0
D/WindowManager(  466): hyq getEventTime()=173377026
I/com.app.core(  734): Hua.Wong......runWhenKeyPressed 
D/RemoteIME(  630): keycode: 19, realAction: true
D/smy_FeedbackReceiver(18562): one mLastPressBackTime = 173344844
D/smy_FeedbackReceiver(18562): keyCode = 19
W/ContextImpl(  466): Calling a method in the system process without a qualified user: android.app.ContextImpl.sendBroadcast:1138 com.android.internal.policy.impl.PhoneWindowManager.interceptKeyBeforeQueueing:4448 com.android.server.wm.InputMonitor.interceptKeyBeforeQueueing:357 com.android.server.input.InputManagerService.interceptKeyBeforeQueueing:1332 dalvik.system.NativeStart.run:-2 
D/hwcomposer(  131): pFrame->Res[3] = 269488144 
D/hwcomposer(  131): pFrame->Res[3] = 269488144 
V/LocalBroadcastManager(19627): Resolving type null scheme null of intent Intent { act=action_ui_player_control_callback_changed (has extras) }
V/LocalBroadcastManager(19627): Action list: [Receiver{com.youku.tv.player.common.localbroadcast.DataBroadcast$1@42435d88 filter=android.content.IntentFilter@426934c0}, Receiver{com.youku.tv.player.common.localbroadcast.DataBroadcast$1@417bcd58 filter=android.content.IntentFilter@4240b9f0}]
V/LocalBroadcastManager(19627): Matching against filter android.content.IntentFilter@426934c0
V/LocalBroadcastManager(19627):   Filter matched!  match=0x108000
V/LocalBroadcastManager(19627): Matching against filter android.content.IntentFilter@4240b9f0
V/LocalBroadcastManager(19627):   Filter matched!  match=0x108000
D/PlayerControlFragment(19627): updateProgressBubble progress:90040
D/PlayerControlFragment(19627): updateProgressBubble  seekbarWidth:604 bubbleWidth:100 seekBarMax : 3316200  seekBarLeft: 315
D/PlayerControlFragment(19627): updateProgressBubble leftMargin:281 bubbleParentWidth 894
D/hwcomposer(  131): pFrame->Res[3] = 269488144 
D/WindowManager(  466): action = 1
D/WindowManager(  466): hyq lasteventDownTime=0
D/WindowManager(  466): hyq getEventTime()=173377146
D/WindowManager(  466): hyq lasteventDownTime=173377026
D/WindowManager(  466): hyq getEventTime()=173377146
E/WindowManager(  466): smy interceptKeyBeforeDispatching up !!! 
E/WindowManager(  466): smy interceptKeyBeforeDispatching up !!! screensaverDelay = -1
E/WindowManager(  466): smy interceptKeyBeforeDispatching up !!! sleepDelay = -1
D/RemoteIME(  630): keycode: 19, realAction: false
V/LocalBroadcastManager(19627): Resolving type null scheme null of intent Intent { act=action_ui_player_control_callback_changed (has extras) }
V/LocalBroadcastManager(19627): Action list: [Receiver{com.youku.tv.player.common.localbroadcast.DataBroadcast$1@42435d88 filter=android.content.IntentFilter@426934c0}, Receiver{com.youku.tv.player.common.localbroadcast.DataBroadcast$1@417bcd58 filter=android.content.IntentFilter@4240b9f0}]
V/LocalBroadcastManager(19627): Matching against filter android.content.IntentFilter@426934c0
V/LocalBroadcastManager(19627):   Filter matched!  match=0x108000
V/LocalBroadcastManager(19627): Matching against filter android.content.IntentFilter@4240b9f0
V/LocalBroadcastManager(19627):   Filter matched!  match=0x108000
D/PlayerControlFragment(19627): updateProgressBubble progress:90240
D/PlayerControlFragment(19627): updateProgressBubble  seekbarWidth:604 bubbleWidth:100 seekBarMax : 3316200  seekBarLeft: 315
D/PlayerControlFragment(19627): updateProgressBubble leftMargin:281 bubbleParentWidth 894
E/NetdConnector(  466): RCV <- {601 limit alert globalAlert eth0} with time:173377311
E/NetdConnector(  466): RCV <- {200 6898 Tethering stats list completed} with time:173377323
E/NetdConnector(  466): RCV <- {200 6899 Bandwidth command succeeeded} with time:173377373
V/LocalBroadcastManager(19627): Resolving type null scheme null of intent Intent { act=action_ui_player_control_callback_changed (has extras) }
V/LocalBroadcastManager(19627): Action list: [Receiver{com.youku.tv.player.common.localbroadcast.DataBroadcast$1@42435d88 filter=android.content.IntentFilter@426934c0}, Receiver{com.youku.tv.player.common.localbroadcast.DataBroadcast$1@417bcd58 filter=android.content.IntentFilter@4240b9f0}]
V/LocalBroadcastManager(19627): Matching against filter android.content.IntentFilter@426934c0
V/LocalBroadcastManager(19627):   Filter matched!  match=0x108000
V/LocalBroadcastManager(19627): Matching against filter android.content.IntentFilter@4240b9f0
V/LocalBroadcastManager(19627):   Filter matched!  match=0x108000
D/PlayerControlFragment(19627): updateProgressBubble progress:90440
D/PlayerControlFragment(19627): updateProgressBubble  seekbarWidth:604 bubbleWidth:100 seekBarMax : 3316200  seekBarLeft: 315
D/PlayerControlFragment(19627): updateProgressBubble leftMargin:281 bubbleParentWidth 894
V/LocalBroadcastManager(19627): Resolving type null scheme null of intent Intent { act=action_ui_player_control_callback_changed (has extras) }
V/LocalBroadcastManager(19627): Action list: [Receiver{com.youku.tv.player.common.localbroadcast.DataBroadcast$1@42435d88 filter=android.content.IntentFilter@426934c0}, Receiver{com.youku.tv.player.common.localbroadcast.DataBroadcast$1@417bcd58 filter=android.content.IntentFilter@4240b9f0}]
V/LocalBroadcastManager(19627): Matching against filter android.content.IntentFilter@426934c0
V/LocalBroadcastManager(19627):   Filter matched!  match=0x108000
V/LocalBroadcastManager(19627): Matching against filter android.content.IntentFilter@4240b9f0
V/LocalBroadcastManager(19627):   Filter matched!  match=0x108000
D/PlayerControlFragment(19627): updateProgressBubble progress:90640
D/PlayerControlFragment(19627): updateProgressBubble  seekbarWidth:604 bubbleWidth:100 seekBarMax : 3316200  seekBarLeft: 315
D/PlayerControlFragment(19627): updateProgressBubble leftMargin:281 bubbleParentWidth 894
D/WindowManager(  466): action = 0
D/WindowManager(  466): hyq is down event 
D/WindowManager(  466): hyq lasteventDownTime=0
D/WindowManager(  466): hyq getEventTime()=173377666
I/com.app.core(  734): Hua.Wong......runWhenKeyPressed 
D/smy_FeedbackReceiver(18562): one mLastPressBackTime = 173344844
D/smy_FeedbackReceiver(18562): keyCode = 19
W/ContextImpl(  466): Calling a method in the system process without a qualified user: android.app.ContextImpl.sendBroadcast:1138 com.android.internal.policy.impl.PhoneWindowManager.interceptKeyBeforeQueueing:4448 com.android.server.wm.InputMonitor.interceptKeyBeforeQueueing:357 com.android.server.input.InputManagerService.interceptKeyBeforeQueueing:1332 dalvik.system.NativeStart.run:-2 
D/RemoteIME(  630): keycode: 19, realAction: true
D/WindowManager(  466): action = 1
D/WindowManager(  466): hyq lasteventDownTime=0
D/WindowManager(  466): hyq getEventTime()=173377794
D/WindowManager(  466): hyq lasteventDownTime=173377666
D/WindowManager(  466): hyq getEventTime()=173377794
E/WindowManager(  466): smy interceptKeyBeforeDispatching up !!! 
E/WindowManager(  466): smy interceptKeyBeforeDispatching up !!! screensaverDelay = -1
E/WindowManager(  466): smy interceptKeyBeforeDispatching up !!! sleepDelay = -1
D/RemoteIME(  630): keycode: 19, realAction: false
V/LocalBroadcastManager(19627): Resolving type null scheme null of intent Intent { act=action_ui_player_control_callback_changed (has extras) }
V/LocalBroadcastManager(19627): Action list: [Receiver{com.youku.tv.player.common.localbroadcast.DataBroadcast$1@42435d88 filter=android.content.IntentFilter@426934c0}, Receiver{com.youku.tv.player.common.localbroadcast.DataBroadcast$1@417bcd58 filter=android.content.IntentFilter@4240b9f0}]
V/LocalBroadcastManager(19627): Matching against filter android.content.IntentFilter@426934c0
V/LocalBroadcastManager(19627):   Filter matched!  match=0x108000
V/LocalBroadcastManager(19627): Matching against filter android.content.IntentFilter@4240b9f0
V/LocalBroadcastManager(19627):   Filter matched!  match=0x108000
D/PlayerControlFragment(19627): updateProgressBubble progress:90840
D/PlayerControlFragment(19627): updateProgressBubble  seekbarWidth:604 bubbleWidth:100 seekBarMax : 3316200  seekBarLeft: 315
D/PlayerControlFragment(19627): updateProgressBubble leftMargin:281 bubbleParentWidth 894
V/LocalBroadcastManager(19627): Resolving type null scheme null of intent Intent { act=action_ui_player_control_callback_changed (has extras) }
V/LocalBroadcastManager(19627): Action list: [Receiver{com.youku.tv.player.common.localbroadcast.DataBroadcast$1@42435d88 filter=android.content.IntentFilter@426934c0}, Receiver{com.youku.tv.player.common.localbroadcast.DataBroadcast$1@417bcd58 filter=android.content.IntentFilter@4240b9f0}]
V/LocalBroadcastManager(19627): Matching against filter android.content.IntentFilter@426934c0
V/LocalBroadcastManager(19627):   Filter matched!  match=0x108000
V/LocalBroadcastManager(19627): Matching against filter android.content.IntentFilter@4240b9f0
V/LocalBroadcastManager(19627):   Filter matched!  match=0x108000
D/PlayerControlFragment(19627): updateProgressBubble progress:91040
D/PlayerControlFragment(19627): updateProgressBubble  seekbarWidth:604 bubbleWidth:100 seekBarMax : 3316200  seekBarLeft: 315
D/PlayerControlFragment(19627): updateProgressBubble leftMargin:281 bubbleParentWidth 894
E/NetdConnector(  466): RCV <- {601 limit alert globalAlert eth0} with time:173378077
E/NetdConnector(  466): RCV <- {200 6900 Tethering stats list completed} with time:173378087
E/NetdConnector(  466): RCV <- {200 6901 Bandwidth command succeeeded} with time:173378100
D/WindowManager(  466): action = 0
D/WindowManager(  466): hyq is down event 
D/WindowManager(  466): hyq lasteventDownTime=0
D/WindowManager(  466): hyq getEventTime()=173378122
D/RemoteIME(  630): keycode: 19, realAction: true
I/com.app.core(  734): Hua.Wong......runWhenKeyPressed 
W/ContextImpl(  466): Calling a method in the system process without a qualified user: android.app.ContextImpl.sendBroadcast:1138 com.android.internal.policy.impl.PhoneWindowManager.interceptKeyBeforeQueueing:4448 com.android.server.wm.InputMonitor.interceptKeyBeforeQueueing:357 com.android.server.input.InputManagerService.interceptKeyBeforeQueueing:1332 dalvik.system.NativeStart.run:-2 
D/dalvikvm(18562): GC_FOR_ALLOC freed 766K, 23% free 2797K/3596K, paused 16ms, total 16ms
D/smy_FeedbackReceiver(18562): one mLastPressBackTime = 173344844
D/smy_FeedbackReceiver(18562): keyCode = 19
D/WindowManager(  466): action = 1
D/WindowManager(  466): hyq lasteventDownTime=0
D/WindowManager(  466): hyq getEventTime()=173378250
D/WindowManager(  466): hyq lasteventDownTime=173378122
D/WindowManager(  466): hyq getEventTime()=173378250
E/WindowManager(  466): smy interceptKeyBeforeDispatching up !!! 
E/WindowManager(  466): smy interceptKeyBeforeDispatching up !!! screensaverDelay = -1
E/WindowManager(  466): smy interceptKeyBeforeDispatching up !!! sleepDelay = -1
V/LocalBroadcastManager(19627): Resolving type null scheme null of intent Intent { act=action_ui_player_control_callback_changed (has extras) }
V/LocalBroadcastManager(19627): Action list: [Receiver{com.youku.tv.player.common.localbroadcast.DataBroadcast$1@42435d88 filter=android.content.IntentFilter@426934c0}, Receiver{com.youku.tv.player.common.localbroadcast.DataBroadcast$1@417bcd58 filter=android.content.IntentFilter@4240b9f0}]
V/LocalBroadcastManager(19627): Matching against filter android.content.IntentFilter@426934c0
V/LocalBroadcastManager(19627):   Filter matched!  match=0x108000
V/LocalBroadcastManager(19627): Matching against filter android.content.IntentFilter@4240b9f0
V/LocalBroadcastManager(19627):   Filter matched!  match=0x108000
D/RemoteIME(  630): keycode: 19, realAction: false
D/PlayerControlFragment(19627): updateProgressBubble progress:91240
D/PlayerControlFragment(19627): updateProgressBubble  seekbarWidth:604 bubbleWidth:95 seekBarMax : 3316200  seekBarLeft: 315
D/PlayerControlFragment(19627): updateProgressBubble leftMargin:284 bubbleParentWidth 894
V/LocalBroadcastManager(19627): Resolving type null scheme null of intent Intent { act=action_ui_player_control_callback_changed (has extras) }
V/LocalBroadcastManager(19627): Action list: [Receiver{com.youku.tv.player.common.localbroadcast.DataBroadcast$1@42435d88 filter=android.content.IntentFilter@426934c0}, Receiver{com.youku.tv.player.common.localbroadcast.DataBroadcast$1@417bcd58 filter=android.content.IntentFilter@4240b9f0}]
V/LocalBroadcastManager(19627): Matching against filter android.content.IntentFilter@426934c0
V/LocalBroadcastManager(19627):   Filter matched!  match=0x108000
V/LocalBroadcastManager(19627): Matching against filter android.content.IntentFilter@4240b9f0
V/LocalBroadcastManager(19627):   Filter matched!  match=0x108000
D/PlayerControlFragment(19627): updateProgressBubble progress:91440
D/PlayerControlFragment(19627): updateProgressBubble  seekbarWidth:604 bubbleWidth:95 seekBarMax : 3316200  seekBarLeft: 315
D/PlayerControlFragment(19627): updateProgressBubble leftMargin:284 bubbleParentWidth 894
D/WindowManager(  466): action = 0
V/LocalBroadcastManager(19627): Resolving type null scheme null of intent Intent { act=action_ui_player_control_callback_changed (has extras) }
V/LocalBroadcastManager(19627): Action list: [Receiver{com.youku.tv.player.common.localbroadcast.DataBroadcast$1@42435d88 filter=android.content.IntentFilter@426934c0}, Receiver{com.youku.tv.player.common.localbroadcast.DataBroadcast$1@417bcd58 filter=android.content.IntentFilter@4240b9f0}]
V/LocalBroadcastManager(19627): Matching against filter android.content.IntentFilter@426934c0
V/LocalBroadcastManager(19627):   Filter matched!  match=0x108000
V/LocalBroadcastManager(19627): Matching against filter android.content.IntentFilter@4240b9f0
V/LocalBroadcastManager(19627):   Filter matched!  match=0x108000
D/WindowManager(  466): hyq is down event 
D/WindowManager(  466): hyq lasteventDownTime=0
D/WindowManager(  466): hyq getEventTime()=173378650
I/com.app.core(  734): Hua.Wong......runWhenKeyPressed 
D/smy_FeedbackReceiver(18562): one mLastPressBackTime = 173344844
D/smy_FeedbackReceiver(18562): keyCode = 20
D/smy_FeedbackReceiver(18562): curPressBackTime - mLastPressBackTime = 33811, mBackPressCounts = 1
D/smy_FeedbackReceiver(18562): mLastPressBackTime = 173378655
D/PlayerControlFragment(19627): updateProgressBubble progress:91640
D/PlayerControlFragment(19627): updateProgressBubble  seekbarWidth:604 bubbleWidth:95 seekBarMax : 3316200  seekBarLeft: 315
D/PlayerControlFragment(19627): updateProgressBubble leftMargin:284 bubbleParentWidth 894
D/RemoteIME(  630): keycode: 20, realAction: true
W/ContextImpl(  466): Calling a method in the system process without a qualified user: android.app.ContextImpl.sendBroadcast:1138 com.android.internal.policy.impl.PhoneWindowManager.interceptKeyBeforeQueueing:4448 com.android.server.wm.InputMonitor.interceptKeyBeforeQueueing:357 com.android.server.input.InputManagerService.interceptKeyBeforeQueueing:1332 dalvik.system.NativeStart.run:-2 
D/RemoteIME(  630): onFinishInput.
D/RemoteIME(  630): onStartInput  ccontentType: 0 Restarting:false
D/RemoteIME(  630): [requestInputWithHkb] estimate if number...
D/RemoteIME(  630): [requestInputWithHkb] mEditorInfo is: android.view.inputmethod.EditorInfo@41951de8
D/hwcomposer(  131): pFrame->Res[3] = 269488144 
D/hwcomposer(  131): pFrame->Res[3] = 269488144 
D/hwcomposer(  131): pFrame->Res[3] = 269488144 
D/WindowManager(  466): action = 1
D/WindowManager(  466): hyq lasteventDownTime=0
D/WindowManager(  466): hyq getEventTime()=173378754
D/WindowManager(  466): hyq lasteventDownTime=173378650
D/WindowManager(  466): hyq getEventTime()=173378754
E/WindowManager(  466): smy interceptKeyBeforeDispatching up !!! 
E/WindowManager(  466): smy interceptKeyBeforeDispatching up !!! screensaverDelay = -1
E/WindowManager(  466): smy interceptKeyBeforeDispatching up !!! sleepDelay = -1
D/hwcomposer(  131): pFrame->Res[3] = 269488144 
D/RemoteIME(  630): keycode: 20, realAction: false
D/hwcomposer(  131): pFrame->Res[3] = 269488144 
D/InputEventConsistencyVerifier(19627): KeyEvent: ACTION_UP but key was not down.
D/InputEventConsistencyVerifier(19627):   in android.widget.RelativeLayout{45cb7298 VFE...C. .FS..... 0,0-240,120 #7f100158 app:id/detail_series_item_layout}
D/InputEventConsistencyVerifier(19627):   0: sent at 173378754000000, KeyEvent { action=ACTION_UP, keyCode=KEYCODE_DPAD_DOWN, scanCode=108, metaState=META_NUM_LOCK_ON, flags=0x8, repeatCount=0, eventTime=173378754, downTime=173378650, deviceId=1, source=0x101 }
D/InputEventConsistencyVerifier(19627):   -- recent events --
D/InputEventConsistencyVerifier(19627):   1: sent at 173376690000000, (unhandled) KeyEvent { action=ACTION_DOWN, keyCode=KEYCODE_DPAD_UP, scanCode=103, metaState=META_NUM_LOCK_ON, flags=0x8, repeatCount=0, eventTime=173376690, downTime=173376690, deviceId=1, source=0x101 }
D/InputEventConsistencyVerifier(19627):   2: sent at 173376290000000, (unhandled) KeyEvent { action=ACTION_UP, keyCode=KEYCODE_DPAD_UP, scanCode=103, metaState=META_NUM_LOCK_ON, flags=0x80000008, repeatCount=0, eventTime=173376290, downTime=173376170, deviceId=1, source=0x101 }
D/hwcomposer(  131): pFrame->Res[3] = 269488144 
D/hwcomposer(  131): pFrame->Res[3] = 269488144 
D/hwcomposer(  131): pFrame->Res[3] = 269488144 
E/NetdConnector(  466): RCV <- {601 limit alert globalAlert eth0} with time:173378821
E/NetdConnector(  466): RCV <- {200 6902 Tethering stats list completed} with time:173378837
D/hwcomposer(  131): pFrame->Res[3] = 269488144 
D/hwcomposer(  131): pFrame->Res[3] = 269488144 
V/LocalBroadcastManager(19627): Resolving type null scheme null of intent Intent { act=action_ui_player_control_callback_changed (has extras) }
V/LocalBroadcastManager(19627): Action list: [Receiver{com.youku.tv.player.common.localbroadcast.DataBroadcast$1@42435d88 filter=android.content.IntentFilter@426934c0}, Receiver{com.youku.tv.player.common.localbroadcast.DataBroadcast$1@417bcd58 filter=android.content.IntentFilter@4240b9f0}]
V/LocalBroadcastManager(19627): Matching against filter android.content.IntentFilter@426934c0
V/LocalBroadcastManager(19627):   Filter matched!  match=0x108000
V/LocalBroadcastManager(19627): Matching against filter android.content.IntentFilter@4240b9f0
V/LocalBroadcastManager(19627):   Filter matched!  match=0x108000
D/hwcomposer(  131): pFrame->Res[3] = 269488144 
D/PlayerControlFragment(19627): updateProgressBubble progress:91840
D/PlayerControlFragment(19627): updateProgressBubble  seekbarWidth:604 bubbleWidth:95 seekBarMax : 3316200  seekBarLeft: 315
D/PlayerControlFragment(19627): updateProgressBubble leftMargin:284 bubbleParentWidth 894
D/dalvikvm(  466): GC_FOR_ALLOC freed 1591K, 37% free 6918K/10908K, paused 49ms, total 49ms
D/WindowManager(  466): action = 0
D/WindowManager(  466): hyq is down event 
D/WindowManager(  466): hyq lasteventDownTime=0
D/WindowManager(  466): hyq getEventTime()=173378866
I/com.app.core(  734): Hua.Wong......runWhenKeyPressed 
W/ContextImpl(  466): Calling a method in the system process without a qualified user: android.app.ContextImpl.sendBroadcast:1138 com.android.internal.policy.impl.PhoneWindowManager.interceptKeyBeforeQueueing:4448 com.android.server.wm.InputMonitor.interceptKeyBeforeQueueing:357 com.android.server.input.InputManagerService.interceptKeyBeforeQueueing:1332 dalvik.system.NativeStart.run:-2 
D/smy_FeedbackReceiver(18562): one mLastPressBackTime = 173378655
D/smy_FeedbackReceiver(18562): keyCode = 20
D/smy_FeedbackReceiver(18562): mBackPressCounts = 2
D/smy_FeedbackReceiver(18562): mLastPressBackTime = 173378891
D/hwcomposer(  131): pFrame->Res[3] = 269488144 
D/RemoteIME(  630): keycode: 20, realAction: true
D/hwcomposer(  131): pFrame->Res[3] = 269488144 
E/NetdConnector(  466): RCV <- {200 6903 Bandwidth command succeeeded} with time:173378933
D/hwcomposer(  131): pFrame->Res[3] = 269488144 
D/RemoteIME(  630): onFinishInput.
D/RemoteIME(  630): onStartInput  ccontentType: 0 Restarting:false
D/RemoteIME(  630): [requestInputWithHkb] estimate if number...
D/RemoteIME(  630): [requestInputWithHkb] mEditorInfo is: android.view.inputmethod.EditorInfo@41952660
D/DeviceFinderManager( 1646): alarmComing
D/DeviceFinderManager( 1646): rescheduleDeviceBroadcase
D/DeviceFinderManager( 1646): bootup
D/DeviceHelper( 1646): ro.build.characteristics = tablet
D/udp connect( 1646): startup the command is from mobile device =YK-K1rockchip
D/hwcomposer(  131): pFrame->Res[3] = 269488144 
D/WindowManager(  466): action = 1
D/WindowManager(  466): hyq lasteventDownTime=0
D/WindowManager(  466): hyq getEventTime()=173378970
D/WindowManager(  466): hyq lasteventDownTime=173378866
D/WindowManager(  466): hyq getEventTime()=173378970
E/WindowManager(  466): smy interceptKeyBeforeDispatching up !!! 
E/WindowManager(  466): smy interceptKeyBeforeDispatching up !!! screensaverDelay = -1
E/WindowManager(  466): smy interceptKeyBeforeDispatching up !!! sleepDelay = -1
D/hwcomposer(  131): pFrame->Res[3] = 269488144 
D/RemoteIME(  630): keycode: 20, realAction: false
D/hwcomposer(  131): pFrame->Res[3] = 269488144 
D/InputEventConsistencyVerifier(19627): KeyEvent: ACTION_UP but key was not down.
D/InputEventConsistencyVerifier(19627):   in android.widget.FrameLayout{45cc9800 VFE..... .FS..... 0,0-150,70 #7f10015e app:id/item_layout}
D/InputEventConsistencyVerifier(19627):   0: sent at 173378970000000, KeyEvent { action=ACTION_UP, keyCode=KEYCODE_DPAD_DOWN, scanCode=108, metaState=META_NUM_LOCK_ON, flags=0x8, repeatCount=0, eventTime=173378970, downTime=173378866, deviceId=1, source=0x101 }
D/InputEventConsistencyVerifier(19627):   -- recent events --
D/InputEventConsistencyVerifier(19627):   1: sent at 173376170000000, (unhandled) KeyEvent { action=ACTION_DOWN, keyCode=KEYCODE_DPAD_UP, scanCode=103, metaState=META_NUM_LOCK_ON, flags=0x8, repeatCount=0, eventTime=173376170, downTime=173376170, deviceId=1, source=0x101 }
D/InputEventConsistencyVerifier(19627):   2: sent at 173375842000000, (unhandled) KeyEvent { action=ACTION_UP, keyCode=KEYCODE_DPAD_UP, scanCode=103, metaState=META_NUM_LOCK_ON, flags=0x80000008, repeatCount=0, eventTime=173375842, downTime=173375706, deviceId=1, source=0x101 }
D/hwcomposer(  131): pFrame->Res[3] = 269488144 
D/hwcomposer(  131): pFrame->Res[3] = 269488144 
D/hwcomposer(  131): pFrame->Res[3] = 269488144 
D/hwcomposer(  131): pFrame->Res[3] = 269488144 
V/LocalBroadcastManager(19627): Resolving type null scheme null of intent Intent { act=action_ui_player_control_callback_changed (has extras) }
V/LocalBroadcastManager(19627): Action list: [Receiver{com.youku.tv.player.common.localbroadcast.DataBroadcast$1@42435d88 filter=android.content.IntentFilter@426934c0}, Receiver{com.youku.tv.player.common.localbroadcast.DataBroadcast$1@417bcd58 filter=android.content.IntentFilter@4240b9f0}]
V/LocalBroadcastManager(19627): Matching against filter android.content.IntentFilter@426934c0
V/LocalBroadcastManager(19627):   Filter matched!  match=0x108000
V/LocalBroadcastManager(19627): Matching against filter android.content.IntentFilter@4240b9f0
V/LocalBroadcastManager(19627):   Filter matched!  match=0x108000
D/hwcomposer(  131): pFrame->Res[3] = 269488144 
D/PlayerControlFragment(19627): updateProgressBubble progress:92040
D/PlayerControlFragment(19627): updateProgressBubble  seekbarWidth:604 bubbleWidth:95 seekBarMax : 3316200  seekBarLeft: 315
D/PlayerControlFragment(19627): updateProgressBubble leftMargin:284 bubbleParentWidth 894
D/hwcomposer(  131): pFrame->Res[3] = 269488144 
D/WindowManager(  466): action = 0
D/WindowManager(  466): hyq is down event 
D/WindowManager(  466): hyq lasteventDownTime=0
D/WindowManager(  466): hyq getEventTime()=173379098
W/ContextImpl(  466): Calling a method in the system process without a qualified user: android.app.ContextImpl.sendBroadcast:1138 com.android.internal.policy.impl.PhoneWindowManager.interceptKeyBeforeQueueing:4448 com.android.server.wm.InputMonitor.interceptKeyBeforeQueueing:357 com.android.server.input.InputManagerService.interceptKeyBeforeQueueing:1332 dalvik.system.NativeStart.run:-2 
I/com.app.core(  734): Hua.Wong......runWhenKeyPressed 
D/smy_FeedbackReceiver(18562): one mLastPressBackTime = 173378891
D/smy_FeedbackReceiver(18562): keyCode = 20
D/smy_FeedbackReceiver(18562): mBackPressCounts = 3
D/smy_FeedbackReceiver(18562): start service
D/smy_FeedbackReceiver(18562): mLastPressBackTime = 173379102
W/ContextImpl(18562): Calling a method in the system process without a qualified user: android.app.ContextImpl.startService:1494 android.content.ContextWrapper.startService:494 android.content.ContextWrapper.startService:494 com.tvbox.feedback.FeedbackReceiver.onReceive:34 android.app.ActivityThread.handleReceiver:2419 
D/RemoteIME(  630): keycode: 20, realAction: true
D/hwcomposer(  131): pFrame->Res[3] = 269488144 
I/System.out(19627): !!==!! onChildViewHolderSelected
D/PageWithLoaderFragment(19627): onRowSelected 1
D/BackgroundHelper(19627):  clearBackground  level:0 backgroundManager:com.tv.background.BackgroundManager@41a8f1c0 mBackgroundLevel1:null mBackgroundLevel2:null mDefaultBackground:android.graphics.drawable.LayerDrawable@41a67740
V/BackgroundManager(19627): setBackgroundDrawable android.graphics.drawable.LayerDrawable@41a67740
V/BackgroundManager(19627): new drawable same as pending
D/hwcomposer(  131): pFrame->Res[3] = 269488144 
D/RemoteIME(  630): onFinishInput.
D/RemoteIME(  630): onStartInput  ccontentType: 0 Restarting:false
D/RemoteIME(  630): [requestInputWithHkb] estimate if number...
D/RemoteIME(  630): [requestInputWithHkb] mEditorInfo is: android.view.inputmethod.EditorInfo@41952ed8
D/hwcomposer(  131): pFrame->Res[3] = 269488144 
D/hwcomposer(  131): pFrame->Res[3] = 269488144 
D/hwcomposer(  131): pFrame->Res[3] = 269488144 
D/WindowManager(  466): action = 1
D/WindowManager(  466): hyq lasteventDownTime=0
D/WindowManager(  466): hyq getEventTime()=173379210
D/WindowManager(  466): hyq lasteventDownTime=173379098
D/WindowManager(  466): hyq getEventTime()=173379210
E/WindowManager(  466): smy interceptKeyBeforeDispatching up !!! 
E/WindowManager(  466): smy interceptKeyBeforeDispatching up !!! screensaverDelay = -1
D/hwcomposer(  131): pFrame->Res[3] = 269488144 
E/WindowManager(  466): smy interceptKeyBeforeDispatching up !!! sleepDelay = -1
D/RemoteIME(  630): keycode: 20, realAction: false
D/hwcomposer(  131): pFrame->Res[3] = 269488144 
D/hwcomposer(  131): pFrame->Res[3] = 269488144 
D/hwcomposer(  131): pFrame->Res[3] = 269488144 
V/LocalBroadcastManager(19627): Resolving type null scheme null of intent Intent { act=action_ui_player_control_callback_changed (has extras) }
V/LocalBroadcastManager(19627): Action list: [Receiver{com.youku.tv.player.common.localbroadcast.DataBroadcast$1@42435d88 filter=android.content.IntentFilter@426934c0}, Receiver{com.youku.tv.player.common.localbroadcast.DataBroadcast$1@417bcd58 filter=android.content.IntentFilter@4240b9f0}]
V/LocalBroadcastManager(19627): Matching against filter android.content.IntentFilter@426934c0
V/LocalBroadcastManager(19627):   Filter matched!  match=0x108000
V/LocalBroadcastManager(19627): Matching against filter android.content.IntentFilter@4240b9f0
V/LocalBroadcastManager(19627):   Filter matched!  match=0x108000
D/hwcomposer(  131): pFrame->Res[3] = 269488144 
D/PlayerControlFragment(19627): updateProgressBubble progress:92240
D/PlayerControlFragment(19627): updateProgressBubble  seekbarWidth:604 bubbleWidth:99 seekBarMax : 3316200  seekBarLeft: 315
D/PlayerControlFragment(19627): updateProgressBubble leftMargin:282 bubbleParentWidth 894
D/hwcomposer(  131): pFrame->Res[3] = 269488144 
D/hwcomposer(  131): pFrame->Res[3] = 269488144 
D/hwcomposer(  131): pFrame->Res[3] = 269488144 
D/WindowManager(  466): action = 0
D/WindowManager(  466): hyq is down event 
D/WindowManager(  466): hyq lasteventDownTime=0
W/ContextImpl(  466): Calling a method in the system process without a qualified user: android.app.ContextImpl.sendBroadcast:1138 com.android.internal.policy.impl.PhoneWindowManager.interceptKeyBeforeQueueing:4448 com.android.server.wm.InputMonitor.interceptKeyBeforeQueueing:357 com.android.server.input.InputManagerService.interceptKeyBeforeQueueing:1332 dalvik.system.NativeStart.run:-2 
D/WindowManager(  466): hyq getEventTime()=173379346
I/com.app.core(  734): Hua.Wong......runWhenKeyPressed 
D/smy_FeedbackReceiver(18562): one mLastPressBackTime = 173379102
D/smy_FeedbackReceiver(18562): keyCode = 20
D/smy_FeedbackReceiver(18562): mBackPressCounts = 1
D/smy_FeedbackReceiver(18562): mLastPressBackTime = 173379351
E/NetdConnector(  466): RCV <- {601 limit alert globalAlert eth0} with time:173379351
D/hwcomposer(  131): pFrame->Res[3] = 269488144 
D/RemoteIME(  630): keycode: 20, realAction: true
E/NetdConnector(  466): RCV <- {200 6904 Tethering stats list completed} with time:173379362
D/hwcomposer(  131): pFrame->Res[3] = 269488144 
I/System.out(19627): !!==!! xxxx 99999 BrowseFrameLayout
I/System.out(19627): !!==!! onChildViewHolderSelected
D/PageWithLoaderFragment(19627): onRowSelected 2
D/BackgroundHelper(19627):  clearBackground  level:0 backgroundManager:com.tv.background.BackgroundManager@41a8f1c0 mBackgroundLevel1:null mBackgroundLevel2:null mDefaultBackground:android.graphics.drawable.LayerDrawable@41a67740
V/BackgroundManager(19627): setBackgroundDrawable android.graphics.drawable.LayerDrawable@41a67740
V/BackgroundManager(19627): new drawable same as pending
D/hwcomposer(  131): pFrame->Res[3] = 269488144 
D/RemoteIME(  630): onFinishInput.
D/RemoteIME(  630): onStartInput  ccontentType: 0 Restarting:false
D/RemoteIME(  630): [requestInputWithHkb] estimate if number...
D/RemoteIME(  630): [requestInputWithHkb] mEditorInfo is: android.view.inputmethod.EditorInfo@41953750
D/hwcomposer(  131): pFrame->Res[3] = 269488144 
E/NetdConnector(  466): RCV <- {200 6905 Bandwidth command succeeeded} with time:173379414
D/hwcomposer(  131): pFrame->Res[3] = 269488144 
D/WindowManager(  466): action = 1
D/WindowManager(  466): hyq lasteventDownTime=0
D/WindowManager(  466): hyq getEventTime()=173379458
D/WindowManager(  466): hyq lasteventDownTime=173379346
D/WindowManager(  466): hyq getEventTime()=173379458
E/WindowManager(  466): smy interceptKeyBeforeDispatching up !!! 
E/WindowManager(  466): smy interceptKeyBeforeDispatching up !!! screensaverDelay = -1
E/WindowManager(  466): smy interceptKeyBeforeDispatching up !!! sleepDelay = -1
D/RemoteIME(  630): keycode: 20, realAction: false
V/LocalBroadcastManager(19627): Resolving type null scheme null of intent Intent { act=action_ui_player_control_callback_changed (has extras) }
V/LocalBroadcastManager(19627): Action list: [Receiver{com.youku.tv.player.common.localbroadcast.DataBroadcast$1@42435d88 filter=android.content.IntentFilter@426934c0}, Receiver{com.youku.tv.player.common.localbroadcast.DataBroadcast$1@417bcd58 filter=android.content.IntentFilter@4240b9f0}]
V/LocalBroadcastManager(19627): Matching against filter android.content.IntentFilter@426934c0
V/LocalBroadcastManager(19627):   Filter matched!  match=0x108000
V/LocalBroadcastManager(19627): Matching against filter android.content.IntentFilter@4240b9f0
V/LocalBroadcastManager(19627):   Filter matched!  match=0x108000
D/InputEventConsistencyVerifier(19627): KeyEvent: ACTION_UP but key was not down.
D/InputEventConsistencyVerifier(19627):   in com.tv.ui.view.RowContainerView{457f56a0 V.E..... ........ 0,450-1920,1004}
D/InputEventConsistencyVerifier(19627):   0: sent at 173379458000000, KeyEvent { action=ACTION_UP, keyCode=KEYCODE_DPAD_DOWN, scanCode=108, metaState=META_NUM_LOCK_ON, flags=0x8, repeatCount=0, eventTime=173379458, downTime=173379346, deviceId=1, source=0x101 }
D/InputEventConsistencyVerifier(19627):   -- recent events --
D/InputEventConsistencyVerifier(19627):   1: sent at 173375378000000, (unhandled) KeyEvent { action=ACTION_DOWN, keyCode=KEYCODE_DPAD_UP, scanCode=103, metaState=META_NUM_LOCK_ON, flags=0x8, repeatCount=0, eventTime=173375378, downTime=173375378, deviceId=1, source=0x101 }
D/InputEventConsistencyVerifier(19627):   2: sent at 173344960000000, (unhandled) KeyEvent { action=ACTION_UP, keyCode=KEYCODE_DPAD_DOWN, scanCode=108, metaState=META_NUM_LOCK_ON, flags=0x80000008, repeatCount=0, eventTime=173344960, downTime=173344840, deviceId=1, source=0x101 }
D/PlayerControlFragment(19627): updateProgressBubble progress:92440
D/PlayerControlFragment(19627): updateProgressBubble  seekbarWidth:604 bubbleWidth:99 seekBarMax : 3316200  seekBarLeft: 315
D/PlayerControlFragment(19627): updateProgressBubble leftMargin:282 bubbleParentWidth 894
V/PLog_DexVideoView(19627): pause
V/TEA_JNI (19627): JNI--jni_tea_media_player_pause
D/WindowManager(  466): action = 0
D/WindowManager(  466): hyq is down event 
D/WindowManager(  466): hyq lasteventDownTime=0
D/WindowManager(  466): hyq getEventTime()=173379594
I/com.app.core(  734): Hua.Wong......runWhenKeyPressed 
D/smy_FeedbackReceiver(18562): one mLastPressBackTime = 173379351
D/smy_FeedbackReceiver(18562): keyCode = 20
D/smy_FeedbackReceiver(18562): mBackPressCounts = 2
D/smy_FeedbackReceiver(18562): mLastPressBackTime = 173379598
W/ContextImpl(  466): Calling a method in the system process without a qualified user: android.app.ContextImpl.sendBroadcast:1138 com.android.internal.policy.impl.PhoneWindowManager.interceptKeyBeforeQueueing:4448 com.android.server.wm.InputMonitor.interceptKeyBeforeQueueing:357 com.android.server.input.InputManagerService.interceptKeyBeforeQueueing:1332 dalvik.system.NativeStart.run:-2 
D/RemoteIME(  630): keycode: 20, realAction: true
I/System.out(19627): !!==!! xxxx 99999 BrowseFrameLayout
I/System.out(19627): !!==!! onChildViewHolderSelected
D/PageWithLoaderFragment(19627): onRowSelected 3
D/BackgroundHelper(19627):  clearBackground  level:0 backgroundManager:com.tv.background.BackgroundManager@41a8f1c0 mBackgroundLevel1:null mBackgroundLevel2:null mDefaultBackground:android.graphics.drawable.LayerDrawable@41a67740
V/BackgroundManager(19627): setBackgroundDrawable android.graphics.drawable.LayerDrawable@41a67740
V/BackgroundManager(19627): new drawable same as pending
D/dalvikvm(  630): GC_FOR_ALLOC freed 783K, 23% free 2851K/3664K, paused 24ms, total 24ms
D/RemoteIME(  630): onFinishInput.
D/RemoteIME(  630): onStartInput  ccontentType: 0 Restarting:false
D/RemoteIME(  630): [requestInputWithHkb] estimate if number...
D/RemoteIME(  630): [requestInputWithHkb] mEditorInfo is: android.view.inputmethod.EditorInfo@4189ff60
D/DisplayItemSelector(19627): ui_type:block_grid_classic id:21102 title: unitary:false
D/DisplayItemSelector(19627): presenter  com.tv.ui.presenter.CardBasicClassicPresenter@44206ce0
D/WindowManager(  466): action = 1
D/WindowManager(  466): hyq lasteventDownTime=0
D/WindowManager(  466): hyq getEventTime()=173379722
D/WindowManager(  466): hyq lasteventDownTime=173379594
D/WindowManager(  466): hyq getEventTime()=173379722
E/WindowManager(  466): smy interceptKeyBeforeDispatching up !!! 
E/WindowManager(  466): smy interceptKeyBeforeDispatching up !!! screensaverDelay = -1
E/WindowManager(  466): smy interceptKeyBeforeDispatching up !!! sleepDelay = -1
D/dalvikvm(19627): GC_FOR_ALLOC freed 4774K, 7% free 71391K/76192K, paused 70ms, total 70ms
V/AudioFlinger(  134): releasing 93 from 19627
V/AudioFlinger(  134):  decremented refcount to 0
V/AudioFlinger(  134): purging stale effects
D/WindowManager(  466): action = 0
D/WindowManager(  466): hyq is down event 
D/WindowManager(  466): hyq lasteventDownTime=0
D/WindowManager(  466): hyq getEventTime()=173379826
I/com.app.core(  734): Hua.Wong......runWhenKeyPressed 
D/smy_FeedbackReceiver(18562): one mLastPressBackTime = 173379598
D/smy_FeedbackReceiver(18562): keyCode = 20
D/smy_FeedbackReceiver(18562): mBackPressCounts = 3
D/smy_FeedbackReceiver(18562): start service
D/smy_FeedbackReceiver(18562): mLastPressBackTime = 173379828
W/ContextImpl(  466): Calling a method in the system process without a qualified user: android.app.ContextImpl.sendBroadcast:1138 com.android.internal.policy.impl.PhoneWindowManager.interceptKeyBeforeQueueing:4448 com.android.server.wm.InputMonitor.interceptKeyBeforeQueueing:357 com.android.server.input.InputManagerService.interceptKeyBeforeQueueing:1332 dalvik.system.NativeStart.run:-2 
W/ContextImpl(18562): Calling a method in the system process without a qualified user: android.app.ContextImpl.startService:1494 android.content.ContextWrapper.startService:494 android.content.ContextWrapper.startService:494 com.tvbox.feedback.FeedbackReceiver.onReceive:34 android.app.ActivityThread.handleReceiver:2419 
D/dalvikvm(19627): GC_FOR_ALLOC freed 165K, 6% free 74956K/79440K, paused 48ms, total 48ms
W/ResponseProcessCookies(19627): Cookie rejected: "BasicClientCookie[version=0,name=userTrack_predict,domain=.atm.youku.com,path=/,expiry=Wed Oct 15 17:17:08 GMT+08:00 2036]". Illegal domain attribute "atm.youku.com". Domain of origin: "test.cibn.api.ott.youku.com"
E/youku_player_sdk_PlayerManager_ErrorMsg(19627): setPauseAdImageRes info.VAL is null.
D/dalvikvm(19627): GC_FOR_ALLOC freed 202K, 5% free 78845K/82980K, paused 47ms, total 47ms
D/WindowManager(  466): action = 1
D/WindowManager(  466): hyq lasteventDownTime=0
D/WindowManager(  466): hyq getEventTime()=173379962
D/WindowManager(  466): hyq lasteventDownTime=173379826
D/WindowManager(  466): hyq getEventTime()=173379962
D/RemoteIME(  630): keycode: 20, realAction: false
D/InputEventConsistencyVerifier(19627): KeyEvent: ACTION_UP but key was not down.
D/InputEventConsistencyVerifier(19627):   in com.tv.ui.view.RowContainerView{45df3750 V.E..... ........ 0,314-1920,767}
D/InputEventConsistencyVerifier(19627):   0: sent at 173379722000000, KeyEvent { action=ACTION_UP, keyCode=KEYCODE_DPAD_DOWN, scanCode=108, metaState=META_NUM_LOCK_ON, flags=0x8, repeatCount=0, eventTime=173379722, downTime=173379594, deviceId=1, source=0x101 }
E/WindowManager(  466): smy interceptKeyBeforeDispatching up !!! 
E/WindowManager(  466): smy interceptKeyBeforeDispatching up !!! screensaverDelay = -1
E/WindowManager(  466): smy interceptKeyBeforeDispatching up !!! sleepDelay = -1
D/RemoteIME(  630): keycode: 20, realAction: true
I/System.out(19627): !!==!! xxxx 99999 BrowseFrameLayout
I/System.out(19627): !!==!! onChildViewHolderSelected
D/PageWithLoaderFragment(19627): onRowSelected 4
D/BackgroundHelper(19627):  clearBackground  level:0 backgroundManager:com.tv.background.BackgroundManager@41a8f1c0 mBackgroundLevel1:null mBackgroundLevel2:null mDefaultBackground:android.graphics.drawable.LayerDrawable@41a67740
V/BackgroundManager(19627): setBackgroundDrawable android.graphics.drawable.LayerDrawable@41a67740
V/BackgroundManager(19627): new drawable same as pending
D/RemoteIME(  630): keycode: 20, realAction: false
D/InputEventConsistencyVerifier(19627): KeyEvent: ACTION_UP but key was not down.
D/InputEventConsistencyVerifier(19627):   in com.tv.ui.view.RowContainerView{45f9ded0 V.E..... ......ID 0,767-1920,1776}
D/InputEventConsistencyVerifier(19627):   0: sent at 173379962000000, KeyEvent { action=ACTION_UP, keyCode=KEYCODE_DPAD_DOWN, scanCode=108, metaState=META_NUM_LOCK_ON, flags=0x8, repeatCount=0, eventTime=173379962, downTime=173379826, deviceId=1, source=0x101 }
D/RemoteIME(  630): onFinishInput.
D/RemoteIME(  630): onStartInput  ccontentType: 0 Restarting:false
D/RemoteIME(  630): [requestInputWithHkb] estimate if number...
D/RemoteIME(  630): [requestInputWithHkb] mEditorInfo is: android.view.inputmethod.EditorInfo@418970b8
D/smy_downloader( 2023): selector key size = 0
D/WindowManager(  466): action = 0
D/WindowManager(  466): hyq is down event 
D/WindowManager(  466): hyq lasteventDownTime=0
D/WindowManager(  466): hyq getEventTime()=173380066
I/com.app.core(  734): Hua.Wong......runWhenKeyPressed 
D/smy_FeedbackReceiver(18562): one mLastPressBackTime = 173379828
D/smy_FeedbackReceiver(18562): keyCode = 20
D/smy_FeedbackReceiver(18562): mBackPressCounts = 1
D/smy_FeedbackReceiver(18562): mLastPressBackTime = 173380068
W/ContextImpl(  466): Calling a method in the system process without a qualified user: android.app.ContextImpl.sendBroadcast:1138 com.android.internal.policy.impl.PhoneWindowManager.interceptKeyBeforeQueueing:4448 com.android.server.wm.InputMonitor.interceptKeyBeforeQueueing:357 com.android.server.input.InputManagerService.interceptKeyBeforeQueueing:1332 dalvik.system.NativeStart.run:-2 
D/RemoteIME(  630): keycode: 20, realAction: true
I/System.out(19627): !!==!! onChildViewHolderSelected
D/PageWithLoaderFragment(19627): onRowSelected 4
