D/WindowManager(  466): hyq is down event 
D/WindowManager(  466): hyq lasteventDownTime=0
D/WindowManager(  466): hyq getEventTime()=173386370
I/com.app.core(  734): Hua.Wong......runWhenKeyPressed 
D/smy_FeedbackReceiver(18562): one mLastPressBackTime = 173385454
D/smy_FeedbackReceiver(18562): keyCode = 19
D/RemoteIME(  630): keycode: 19, realAction: true
W/ContextImpl(  466): Calling a method in the system process without a qualified user: android.app.ContextImpl.sendBroadcast:1138 com.android.internal.policy.impl.PhoneWindowManager.interceptKeyBeforeQueueing:4448 com.android.server.wm.InputMonitor.interceptKeyBeforeQueueing:357 com.android.server.input.InputManagerService.interceptKeyBeforeQueueing:1332 dalvik.system.NativeStart.run:-2 
I/System.out(19627): !!==!! onChildViewHolderSelected
D/PageWithLoaderFragment(19627): onRowSelected 12
D/BackgroundHelper(19627):  clearBackground  level:0 backgroundManager:com.tv.background.BackgroundManager@41a8f1c0 mBackgroundLevel1:null mBackgroundLevel2:null mDefaultBackground:android.graphics.drawable.LayerDrawable@41a67740
V/BackgroundManager(19627): setBackgroundDrawable android.graphics.drawable.LayerDrawable@41a67740
V/BackgroundManager(19627): new drawable same as pending
D/RemoteIME(  630): onFinishInput.
D/RemoteIME(  630): onStartInput  ccontentType: 0 Restarting:false
D/RemoteIME(  630): [requestInputWithHkb] estimate if number...
D/RemoteIME(  630): [requestInputWithHkb] mEditorInfo is: android.view.inputmethod.EditorInfo@41873900
D/WindowManager(  466): action = 1
D/WindowManager(  466): hyq lasteventDownTime=0
D/WindowManager(  466): hyq getEventTime()=173386434
D/WindowManager(  466): hyq lasteventDownTime=173386370
D/WindowManager(  466): hyq getEventTime()=173386434
E/WindowManager(  466): smy interceptKeyBeforeDispatching up !!! 
E/WindowManager(  466): smy interceptKeyBeforeDispatching up !!! screensaverDelay = -1
E/WindowManager(  466): smy interceptKeyBeforeDispatching up !!! sleepDelay = -1
D/RemoteIME(  630): keycode: 19, realAction: false
D/InputEventConsistencyVerifier(19627): KeyEvent: ACTION_UP but key was not down.
D/InputEventConsistencyVerifier(19627):   in com.tv.ui.view.CardViewBase{4571a830 VFE...C. .FS..... 0,0-530,404}
D/InputEventConsistencyVerifier(19627):   0: sent at 173386434000000, KeyEvent { action=ACTION_UP, keyCode=KEYCODE_DPAD_UP, scanCode=103, metaState=META_NUM_LOCK_ON, flags=0x8, repeatCount=0, eventTime=173386434, downTime=173386370, deviceId=1, source=0x101 }
D/InputEventConsistencyVerifier(19627):   -- recent events --
D/InputEventConsistencyVerifier(19627):   1: sent at 173384762000000, (unhandled) KeyEvent { action=ACTION_DOWN, keyCode=KEYCODE_DPAD_DOWN, scanCode=108, metaState=META_NUM_LOCK_ON, flags=0x8, repeatCount=0, eventTime=173384762, downTime=173384762, deviceId=1, source=0x101 }
D/InputEventConsistencyVerifier(19627):   2: sent at 173384226000000, (unhandled) KeyEvent { action=ACTION_UP, keyCode=KEYCODE_DPAD_DOWN, scanCode=108, metaState=META_NUM_LOCK_ON, flags=0x80000008, repeatCount=0, eventTime=173384226, downTime=173384114, deviceId=1, source=0x101 }
D/WindowManager(  466): action = 0
D/WindowManager(  466): hyq is down event 
D/WindowManager(  466): hyq lasteventDownTime=0
D/WindowManager(  466): hyq getEventTime()=173386570
I/com.app.core(  734): Hua.Wong......runWhenKeyPressed 
D/smy_FeedbackReceiver(18562): one mLastPressBackTime = 173385454
D/smy_FeedbackReceiver(18562): keyCode = 19
D/RemoteIME(  630): keycode: 19, realAction: true
W/ContextImpl(  466): Calling a method in the system process without a qualified user: android.app.ContextImpl.sendBroadcast:1138 com.android.internal.policy.impl.PhoneWindowManager.interceptKeyBeforeQueueing:4448 com.android.server.wm.InputMonitor.interceptKeyBeforeQueueing:357 com.android.server.input.InputManagerService.interceptKeyBeforeQueueing:1332 dalvik.system.NativeStart.run:-2 
I/System.out(19627): !!==!! onChildViewHolderSelected
D/PageWithLoaderFragment(19627): onRowSelected 11
D/BackgroundHelper(19627):  clearBackground  level:0 backgroundManager:com.tv.background.BackgroundManager@41a8f1c0 mBackgroundLevel1:null mBackgroundLevel2:null mDefaultBackground:android.graphics.drawable.LayerDrawable@41a67740
V/BackgroundManager(19627): setBackgroundDrawable android.graphics.drawable.LayerDrawable@41a67740
V/BackgroundManager(19627): new drawable same as pending
D/RemoteIME(  630): onFinishInput.
D/RemoteIME(  630): onStartInput  ccontentType: 0 Restarting:false
D/RemoteIME(  630): [requestInputWithHkb] estimate if number...
D/RemoteIME(  630): [requestInputWithHkb] mEditorInfo is: android.view.inputmethod.EditorInfo@418687e8
D/WindowManager(  466): action = 1
D/WindowManager(  466): hyq lasteventDownTime=0
D/WindowManager(  466): hyq getEventTime()=173386642
D/WindowManager(  466): hyq lasteventDownTime=173386570
D/WindowManager(  466): hyq getEventTime()=173386642
E/WindowManager(  466): smy interceptKeyBeforeDispatching up !!! 
E/WindowManager(  466): smy interceptKeyBeforeDispatching up !!! screensaverDelay = -1
E/WindowManager(  466): smy interceptKeyBeforeDispatching up !!! sleepDelay = -1
D/RemoteIME(  630): keycode: 19, realAction: false
D/InputEventConsistencyVerifier(19627): KeyEvent: ACTION_UP but key was not down.
D/InputEventConsistencyVerifier(19627):   in com.tv.ui.view.RowContainerView{45e21fd8 V.E..... ........ 0,-213-1920,342}
D/InputEventConsistencyVerifier(19627):   0: sent at 173386642000000, KeyEvent { action=ACTION_UP, keyCode=KEYCODE_DPAD_UP, scanCode=103, metaState=META_NUM_LOCK_ON, flags=0x8, repeatCount=0, eventTime=173386642, downTime=173386570, deviceId=1, source=0x101 }
D/InputEventConsistencyVerifier(19627):   -- recent events --
D/InputEventConsistencyVerifier(19627):   1: sent at 173384114000000, (unhandled) KeyEvent { action=ACTION_DOWN, keyCode=KEYCODE_DPAD_DOWN, scanCode=108, metaState=META_NUM_LOCK_ON, flags=0x8, repeatCount=0, eventTime=173384114, downTime=173384114, deviceId=1, source=0x101 }
D/InputEventConsistencyVerifier(19627):   2: sent at 173384002000000, (unhandled) KeyEvent { action=ACTION_UP, keyCode=KEYCODE_DPAD_DOWN, scanCode=108, metaState=META_NUM_LOCK_ON, flags=0x8, repeatCount=0, eventTime=173384002, downTime=173383882, deviceId=1, source=0x101 }
D/InputEventConsistencyVerifier(19627):   3: sent at 173380858000000, (unhandled) KeyEvent { action=ACTION_DOWN, keyCode=KEYCODE_DPAD_DOWN, scanCode=108, metaState=META_NUM_LOCK_ON, flags=0x8, repeatCount=0, eventTime=173380858, downTime=173380858, deviceId=1, source=0x101 }
D/InputEventConsistencyVerifier(19627):   4: sent at 173380746000000, (unhandled) KeyEvent { action=ACTION_UP, keyCode=KEYCODE_DPAD_DOWN, scanCode=108, metaState=META_NUM_LOCK_ON, flags=0x8, repeatCount=0, eventTime=173380746, downTime=173380602, deviceId=1, source=0x101 }
D/InputEventConsistencyVerifier(19627):   5: sent at 173380602000000, (unhandled) KeyEvent { action=ACTION_DOWN, keyCode=KEYCODE_DPAD_DOWN, scanCode=108, metaState=META_NUM_LOCK_ON, flags=0x8, repeatCount=0, eventTime=173380602, downTime=173380602, deviceId=1, source=0x101 }
D/DisplayItemSelector(19627): ui_type:block_grid_classic_same id:20102 title: unitary:true
D/DisplayItemSelector(19627): presenter  com.tv.ui.presenter.CardBasicClassicPresenter@44206ce0
D/WindowManager(  466): action = 0
D/WindowManager(  466): hyq is down event 
D/WindowManager(  466): hyq lasteventDownTime=0
D/WindowManager(  466): hyq getEventTime()=173386794
I/com.app.core(  734): Hua.Wong......runWhenKeyPressed 
D/smy_FeedbackReceiver(18562): one mLastPressBackTime = 173385454
D/smy_FeedbackReceiver(18562): keyCode = 19
W/ContextImpl(  466): Calling a method in the system process without a qualified user: android.app.ContextImpl.sendBroadcast:1138 com.android.internal.policy.impl.PhoneWindowManager.interceptKeyBeforeQueueing:4448 com.android.server.wm.InputMonitor.interceptKeyBeforeQueueing:357 com.android.server.input.InputManagerService.interceptKeyBeforeQueueing:1332 dalvik.system.NativeStart.run:-2 
D/RemoteIME(  630): keycode: 19, realAction: true
I/System.out(19627): !!==!! onChildViewHolderSelected
D/PageWithLoaderFragment(19627): onRowSelected 10
D/BackgroundHelper(19627):  clearBackground  level:0 backgroundManager:com.tv.background.BackgroundManager@41a8f1c0 mBackgroundLevel1:null mBackgroundLevel2:null mDefaultBackground:android.graphics.drawable.LayerDrawable@41a67740
V/BackgroundManager(19627): setBackgroundDrawable android.graphics.drawable.LayerDrawable@41a67740
V/BackgroundManager(19627): new drawable same as pending
D/RemoteIME(  630): onFinishInput.
D/RemoteIME(  630): onStartInput  ccontentType: 0 Restarting:false
D/RemoteIME(  630): [requestInputWithHkb] estimate if number...
D/RemoteIME(  630): [requestInputWithHkb] mEditorInfo is: android.view.inputmethod.EditorInfo@418864e0
D/WindowManager(  466): action = 1
D/WindowManager(  466): hyq lasteventDownTime=0
D/WindowManager(  466): hyq getEventTime()=173386874
D/WindowManager(  466): hyq lasteventDownTime=173386794
D/WindowManager(  466): hyq getEventTime()=173386874
E/WindowManager(  466): smy interceptKeyBeforeDispatching up !!! 
E/WindowManager(  466): smy interceptKeyBeforeDispatching up !!! screensaverDelay = -1
E/WindowManager(  466): smy interceptKeyBeforeDispatching up !!! sleepDelay = -1
D/RemoteIME(  630): keycode: 19, realAction: false
D/InputEventConsistencyVerifier(19627): KeyEvent: ACTION_UP but key was not down.
D/InputEventConsistencyVerifier(19627):   in com.tv.ui.view.RowContainerView{41ab7510 V.E..... ........ 0,-74-1920,480}
D/InputEventConsistencyVerifier(19627):   0: sent at 173386874000000, KeyEvent { action=ACTION_UP, keyCode=KEYCODE_DPAD_UP, scanCode=103, metaState=META_NUM_LOCK_ON, flags=0x8, repeatCount=0, eventTime=173386874, downTime=173386794, deviceId=1, source=0x101 }
D/InputEventConsistencyVerifier(19627):   -- recent events --
D/InputEventConsistencyVerifier(19627):   1: sent at 173383882000000, (unhandled) KeyEvent { action=ACTION_DOWN, keyCode=KEYCODE_DPAD_DOWN, scanCode=108, metaState=META_NUM_LOCK_ON, flags=0x8, repeatCount=0, eventTime=173383882, downTime=173383882, deviceId=1, source=0x101 }
D/InputEventConsistencyVerifier(19627):   2: sent at 173383770000000, (unhandled) KeyEvent { action=ACTION_UP, keyCode=KEYCODE_DPAD_DOWN, scanCode=108, metaState=META_NUM_LOCK_ON, flags=0x80000008, repeatCount=0, eventTime=173383770, downTime=173383642, deviceId=1, source=0x101 }
D/DisplayItemSelector(19627): ui_type:block_grid_classic_same id:20102 title: unitary:true
D/DisplayItemSelector(19627): presenter  com.tv.ui.presenter.CardBasicClassicPresenter@44206ce0
D/WindowManager(  466): action = 0
D/WindowManager(  466): hyq is down event 
D/WindowManager(  466): hyq lasteventDownTime=0
D/WindowManager(  466): hyq getEventTime()=173387074
I/com.app.core(  734): Hua.Wong......runWhenKeyPressed 
D/smy_FeedbackReceiver(18562): one mLastPressBackTime = 173385454
D/smy_FeedbackReceiver(18562): keyCode = 19
D/RemoteIME(  630): keycode: 19, realAction: true
W/ContextImpl(  466): Calling a method in the system process without a qualified user: android.app.ContextImpl.sendBroadcast:1138 com.android.internal.policy.impl.PhoneWindowManager.interceptKeyBeforeQueueing:4448 com.android.server.wm.InputMonitor.interceptKeyBeforeQueueing:357 com.android.server.input.InputManagerService.interceptKeyBeforeQueueing:1332 dalvik.system.NativeStart.run:-2 
I/System.out(19627): !!==!! xxxx 99999 BrowseFrameLayout
I/System.out(19627): !!==!! onChildViewHolderSelected
D/PageWithLoaderFragment(19627): onRowSelected 9
D/BackgroundHelper(19627):  clearBackground  level:0 backgroundManager:com.tv.background.BackgroundManager@41a8f1c0 mBackgroundLevel1:null mBackgroundLevel2:null mDefaultBackground:android.graphics.drawable.LayerDrawable@41a67740
V/BackgroundManager(19627): setBackgroundDrawable android.graphics.drawable.LayerDrawable@41a67740
V/BackgroundManager(19627): new drawable same as pending
D/RemoteIME(  630): onFinishInput.
D/RemoteIME(  630): onStartInput  ccontentType: 0 Restarting:false
D/RemoteIME(  630): [requestInputWithHkb] estimate if number...
D/RemoteIME(  630): [requestInputWithHkb] mEditorInfo is: android.view.inputmethod.EditorInfo@4189a320
D/DisplayItemSelector(19627): ui_type:block_grid_classic_same id:20102 title: unitary:true
D/DisplayItemSelector(19627): presenter  com.tv.ui.presenter.CardBasicClassicPresenter@44206ce0
D/WindowManager(  466): action = 1
D/WindowManager(  466): hyq lasteventDownTime=0
D/WindowManager(  466): hyq getEventTime()=173387178
D/WindowManager(  466): hyq lasteventDownTime=173387074
D/WindowManager(  466): hyq getEventTime()=173387178
E/WindowManager(  466): smy interceptKeyBeforeDispatching up !!! 
E/WindowManager(  466): smy interceptKeyBeforeDispatching up !!! screensaverDelay = -1
E/WindowManager(  466): smy interceptKeyBeforeDispatching up !!! sleepDelay = -1
D/RemoteIME(  630): keycode: 19, realAction: false
D/InputEventConsistencyVerifier(19627): KeyEvent: ACTION_UP but key was not down.
D/InputEventConsistencyVerifier(19627):   in com.tv.ui.view.RowContainerView{425d88a0 V.E..... ........ 0,138-1920,692}
D/InputEventConsistencyVerifier(19627):   0: sent at 173387178000000, KeyEvent { action=ACTION_UP, keyCode=KEYCODE_DPAD_UP, scanCode=103, metaState=META_NUM_LOCK_ON, flags=0x8, repeatCount=0, eventTime=173387178, downTime=173387074, deviceId=1, source=0x101 }
D/InputEventConsistencyVerifier(19627):   -- recent events --
D/InputEventConsistencyVerifier(19627):   1: sent at 173383642000000, (unhandled) KeyEvent { action=ACTION_DOWN, keyCode=KEYCODE_DPAD_DOWN, scanCode=108, metaState=META_NUM_LOCK_ON, flags=0x8, repeatCount=0, eventTime=173383642, downTime=173383642, deviceId=1, source=0x101 }
D/InputEventConsistencyVerifier(19627):   2: sent at 173381890000000, (unhandled) KeyEvent { action=ACTION_UP, keyCode=KEYCODE_DPAD_DOWN, scanCode=108, metaState=META_NUM_LOCK_ON, flags=0x80000008, repeatCount=0, eventTime=173381890, downTime=173381762, deviceId=1, source=0x101 }
D/WindowManager(  466): action = 0
D/WindowManager(  466): hyq is down event 
D/WindowManager(  466): hyq lasteventDownTime=0
D/WindowManager(  466): hyq getEventTime()=173387490
I/com.app.core(  734): Hua.Wong......runWhenKeyPressed 
D/RemoteIME(  630): keycode: 19, realAction: true
D/smy_FeedbackReceiver(18562): one mLastPressBackTime = 173385454
D/smy_FeedbackReceiver(18562): keyCode = 19
I/System.out(19627): !!==!! xxxx 99999 BrowseFrameLayout
W/ContextImpl(  466): Calling a method in the system process without a qualified user: android.app.ContextImpl.sendBroadcast:1138 com.android.internal.policy.impl.PhoneWindowManager.interceptKeyBeforeQueueing:4448 com.android.server.wm.InputMonitor.interceptKeyBeforeQueueing:357 com.android.server.input.InputManagerService.interceptKeyBeforeQueueing:1332 dalvik.system.NativeStart.run:-2 
I/System.out(19627): !!==!! onChildViewHolderSelected
D/PageWithLoaderFragment(19627): onRowSelected 8
D/BackgroundHelper(19627):  clearBackground  level:0 backgroundManager:com.tv.background.BackgroundManager@41a8f1c0 mBackgroundLevel1:null mBackgroundLevel2:null mDefaultBackground:android.graphics.drawable.LayerDrawable@41a67740
V/BackgroundManager(19627): setBackgroundDrawable android.graphics.drawable.LayerDrawable@41a67740
V/BackgroundManager(19627): new drawable same as pending
D/RemoteIME(  630): onFinishInput.
D/RemoteIME(  630): onStartInput  ccontentType: 0 Restarting:false
D/RemoteIME(  630): [requestInputWithHkb] estimate if number...
D/RemoteIME(  630): [requestInputWithHkb] mEditorInfo is: android.view.inputmethod.EditorInfo@418998d8
D/DisplayItemSelector(19627): ui_type:block_grid_classic_same id:20102 title: unitary:true
D/DisplayItemSelector(19627): presenter  com.tv.ui.presenter.CardBasicClassicPresenter@44206ce0
D/WindowManager(  466): action = 1
D/WindowManager(  466): hyq lasteventDownTime=0
D/WindowManager(  466): hyq getEventTime()=173387602
D/WindowManager(  466): hyq lasteventDownTime=173387490
D/WindowManager(  466): hyq getEventTime()=173387602
E/WindowManager(  466): smy interceptKeyBeforeDispatching up !!! 
E/WindowManager(  466): smy interceptKeyBeforeDispatching up !!! screensaverDelay = -1
E/WindowManager(  466): smy interceptKeyBeforeDispatching up !!! sleepDelay = -1
D/RemoteIME(  630): keycode: 19, realAction: false
D/InputEventConsistencyVerifier(19627): KeyEvent: ACTION_UP but key was not down.
D/InputEventConsistencyVerifier(19627):   in com.tv.ui.view.CardViewBase{45866320 VFE...C. .FS..A.. 0,0-240,406}
D/InputEventConsistencyVerifier(19627):   0: sent at 173387602000000, KeyEvent { action=ACTION_UP, keyCode=KEYCODE_DPAD_UP, scanCode=103, metaState=META_NUM_LOCK_ON, flags=0x8, repeatCount=0, eventTime=173387602, downTime=173387490, deviceId=1, source=0x101 }
D/WindowManager(  466): action = 0
D/WindowManager(  466): hyq is down event 
D/WindowManager(  466): hyq lasteventDownTime=0
D/WindowManager(  466): hyq getEventTime()=173387850
I/com.app.core(  734): Hua.Wong......runWhenKeyPressed 
D/smy_FeedbackReceiver(18562): one mLastPressBackTime = 173385454
D/smy_FeedbackReceiver(18562): keyCode = 19
W/ContextImpl(  466): Calling a method in the system process without a qualified user: android.app.ContextImpl.sendBroadcast:1138 com.android.internal.policy.impl.PhoneWindowManager.interceptKeyBeforeQueueing:4448 com.android.server.wm.InputMonitor.interceptKeyBeforeQueueing:357 com.android.server.input.InputManagerService.interceptKeyBeforeQueueing:1332 dalvik.system.NativeStart.run:-2 
D/RemoteIME(  630): keycode: 19, realAction: true
I/System.out(19627): !!==!! xxxx 99999 BrowseFrameLayout
I/System.out(19627): !!==!! onChildViewHolderSelected
D/PageWithLoaderFragment(19627): onRowSelected 7
D/BackgroundHelper(19627):  clearBackground  level:0 backgroundManager:com.tv.background.BackgroundManager@41a8f1c0 mBackgroundLevel1:null mBackgroundLevel2:null mDefaultBackground:android.graphics.drawable.LayerDrawable@41a67740
V/BackgroundManager(19627): setBackgroundDrawable android.graphics.drawable.LayerDrawable@41a67740
V/BackgroundManager(19627): new drawable same as pending
D/RemoteIME(  630): onFinishInput.
D/RemoteIME(  630): onStartInput  ccontentType: 0 Restarting:false
D/RemoteIME(  630): [requestInputWithHkb] estimate if number...
D/RemoteIME(  630): [requestInputWithHkb] mEditorInfo is: android.view.inputmethod.EditorInfo@418969d8
D/DisplayItemSelector(19627): ui_type:block_grid_classic_same id:20102 title: unitary:true
D/DisplayItemSelector(19627): presenter  com.tv.ui.presenter.CardBasicClassicPresenter@44206ce0
D/WindowManager(  466): action = 1
D/WindowManager(  466): hyq lasteventDownTime=0
D/WindowManager(  466): hyq getEventTime()=173387946
D/WindowManager(  466): hyq lasteventDownTime=173387850
D/WindowManager(  466): hyq getEventTime()=173387946
E/WindowManager(  466): smy interceptKeyBeforeDispatching up !!! 
E/WindowManager(  466): smy interceptKeyBeforeDispatching up !!! screensaverDelay = -1
E/WindowManager(  466): smy interceptKeyBeforeDispatching up !!! sleepDelay = -1
D/RemoteIME(  630): keycode: 19, realAction: false
D/InputEventConsistencyVerifier(19627): KeyEvent: ACTION_UP but key was not down.
D/InputEventConsistencyVerifier(19627):   in com.tv.ui.view.CardViewBase{441956f8 VFE...C. .FS..A.. 0,0-240,406}
D/InputEventConsistencyVerifier(19627):   0: sent at 173387946000000, KeyEvent { action=ACTION_UP, keyCode=KEYCODE_DPAD_UP, scanCode=103, metaState=META_NUM_LOCK_ON, flags=0x8, repeatCount=0, eventTime=173387946, downTime=173387850, deviceId=1, source=0x101 }
D/InputEventConsistencyVerifier(19627):   -- recent events --
D/InputEventConsistencyVerifier(19627):   1: sent at 173381762000000, (unhandled) KeyEvent { action=ACTION_DOWN, keyCode=KEYCODE_DPAD_DOWN, scanCode=108, metaState=META_NUM_LOCK_ON, flags=0x8, repeatCount=0, eventTime=173381762, downTime=173381762, deviceId=1, source=0x101 }
D/InputEventConsistencyVerifier(19627):   2: sent at 173381522000000, (unhandled) KeyEvent { action=ACTION_UP, keyCode=KEYCODE_DPAD_DOWN, scanCode=108, metaState=META_NUM_LOCK_ON, flags=0x80000008, repeatCount=0, eventTime=173381522, downTime=173381394, deviceId=1, source=0x101 }
E/NetdConnector(  466): RCV <- {601 limit alert globalAlert lo} with time:173388067
E/NetdConnector(  466): RCV <- {200 6914 Tethering stats list completed} with time:173388075
E/NetdConnector(  466): RCV <- {200 6915 Bandwidth command succeeeded} with time:173388145
D/WindowManager(  466): action = 0
D/WindowManager(  466): hyq is down event 
D/WindowManager(  466): hyq lasteventDownTime=0
D/WindowManager(  466): hyq getEventTime()=173388226
I/com.app.core(  734): Hua.Wong......runWhenKeyPressed 
D/smy_FeedbackReceiver(18562): one mLastPressBackTime = 173385454
D/smy_FeedbackReceiver(18562): keyCode = 19
W/ContextImpl(  466): Calling a method in the system process without a qualified user: android.app.ContextImpl.sendBroadcast:1138 com.android.internal.policy.impl.PhoneWindowManager.interceptKeyBeforeQueueing:4448 com.android.server.wm.InputMonitor.interceptKeyBeforeQueueing:357 com.android.server.input.InputManagerService.interceptKeyBeforeQueueing:1332 dalvik.system.NativeStart.run:-2 
D/RemoteIME(  630): keycode: 19, realAction: true
I/System.out(19627): !!==!! xxxx 99999 BrowseFrameLayout
I/System.out(19627): !!==!! onChildViewHolderSelected
D/PageWithLoaderFragment(19627): onRowSelected 6
D/BackgroundHelper(19627):  clearBackground  level:0 backgroundManager:com.tv.background.BackgroundManager@41a8f1c0 mBackgroundLevel1:null mBackgroundLevel2:null mDefaultBackground:android.graphics.drawable.LayerDrawable@41a67740
V/BackgroundManager(19627): setBackgroundDrawable android.graphics.drawable.LayerDrawable@41a67740
V/BackgroundManager(19627): new drawable same as pending
D/RemoteIME(  630): onFinishInput.
D/RemoteIME(  630): onStartInput  ccontentType: 0 Restarting:false
D/RemoteIME(  630): [requestInputWithHkb] estimate if number...
D/RemoteIME(  630): [requestInputWithHkb] mEditorInfo is: android.view.inputmethod.EditorInfo@41891538
D/DisplayItemSelector(19627): ui_type:block_grid_classic id:21102 title: unitary:false
D/DisplayItemSelector(19627): presenter  com.tv.ui.presenter.CardBasicClassicPresenter@44206ce0
D/WindowManager(  466): action = 1
D/WindowManager(  466): hyq lasteventDownTime=0
D/WindowManager(  466): hyq getEventTime()=173388322
D/WindowManager(  466): hyq lasteventDownTime=173388226
D/WindowManager(  466): hyq getEventTime()=173388322
E/WindowManager(  466): smy interceptKeyBeforeDispatching up !!! 
E/WindowManager(  466): smy interceptKeyBeforeDispatching up !!! screensaverDelay = -1
E/WindowManager(  466): smy interceptKeyBeforeDispatching up !!! sleepDelay = -1
D/RemoteIME(  630): keycode: 19, realAction: false
D/InputEventConsistencyVerifier(19627): KeyEvent: ACTION_UP but key was not down.
D/InputEventConsistencyVerifier(19627):   in com.tv.ui.view.RowContainerView{45b4f548 V.E..... ........ 0,8-1920,562}
D/InputEventConsistencyVerifier(19627):   0: sent at 173388322000000, KeyEvent { action=ACTION_UP, keyCode=KEYCODE_DPAD_UP, scanCode=103, metaState=META_NUM_LOCK_ON, flags=0x8, repeatCount=0, eventTime=173388322, downTime=173388226, deviceId=1, source=0x101 }
D/InputEventConsistencyVerifier(19627):   -- recent events --
D/InputEventConsistencyVerifier(19627):   1: sent at 173381130000000, (unhandled) KeyEvent { action=ACTION_DOWN, keyCode=KEYCODE_DPAD_DOWN, scanCode=108, metaState=META_NUM_LOCK_ON, flags=0x8, repeatCount=0, eventTime=173381130, downTime=173381130, deviceId=1, source=0x101 }
D/InputEventConsistencyVerifier(19627):   2: sent at 173380970000000, (unhandled) KeyEvent { action=ACTION_UP, keyCode=KEYCODE_DPAD_DOWN, scanCode=108, metaState=META_NUM_LOCK_ON, flags=0x80000008, repeatCount=0, eventTime=173380970, downTime=173380858, deviceId=1, source=0x101 }
D/WindowManager(  466): action = 0
D/WindowManager(  466): hyq is down event 
D/WindowManager(  466): hyq lasteventDownTime=0
D/WindowManager(  466): hyq getEventTime()=173388570
I/com.app.core(  734): Hua.Wong......runWhenKeyPressed 
D/smy_FeedbackReceiver(18562): one mLastPressBackTime = 173385454
D/smy_FeedbackReceiver(18562): keyCode = 19
D/RemoteIME(  630): keycode: 19, realAction: true
W/ContextImpl(  466): Calling a method in the system process without a qualified user: android.app.ContextImpl.sendBroadcast:1138 com.android.internal.policy.impl.PhoneWindowManager.interceptKeyBeforeQueueing:4448 com.android.server.wm.InputMonitor.interceptKeyBeforeQueueing:357 com.android.server.input.InputManagerService.interceptKeyBeforeQueueing:1332 dalvik.system.NativeStart.run:-2 
I/System.out(19627): !!==!! xxxx 99999 BrowseFrameLayout
I/System.out(19627): !!==!! onChildViewHolderSelected
D/PageWithLoaderFragment(19627): onRowSelected 5
D/BackgroundHelper(19627):  clearBackground  level:0 backgroundManager:com.tv.background.BackgroundManager@41a8f1c0 mBackgroundLevel1:null mBackgroundLevel2:null mDefaultBackground:android.graphics.drawable.LayerDrawable@41a67740
V/BackgroundManager(19627): setBackgroundDrawable android.graphics.drawable.LayerDrawable@41a67740
V/BackgroundManager(19627): new drawable same as pending
D/RemoteIME(  630): onFinishInput.
D/RemoteIME(  630): onStartInput  ccontentType: 0 Restarting:false
D/RemoteIME(  630): [requestInputWithHkb] estimate if number...
D/RemoteIME(  630): [requestInputWithHkb] mEditorInfo is: android.view.inputmethod.EditorInfo@41897750
D/WindowManager(  466): action = 1
D/WindowManager(  466): hyq lasteventDownTime=0
D/WindowManager(  466): hyq getEventTime()=173388666
D/WindowManager(  466): hyq lasteventDownTime=173388570
D/WindowManager(  466): hyq getEventTime()=173388666
E/WindowManager(  466): smy interceptKeyBeforeDispatching up !!! 
E/WindowManager(  466): smy interceptKeyBeforeDispatching up !!! screensaverDelay = -1
E/WindowManager(  466): smy interceptKeyBeforeDispatching up !!! sleepDelay = -1
D/RemoteIME(  630): keycode: 19, realAction: false
W/ResourceType(19627): No package identifier when getting name for resource number 0x00018a89
D/InputEventConsistencyVerifier(19627): KeyEvent: ACTION_UP but key was not down.
D/InputEventConsistencyVerifier(19627):   in com.tv.ui.view.CardViewBase{419c3a20 VFE...C. .FS..... 0,454-240,858 #18a89}
D/InputEventConsistencyVerifier(19627):   0: sent at 173388666000000, KeyEvent { action=ACTION_UP, keyCode=KEYCODE_DPAD_UP, scanCode=103, metaState=META_NUM_LOCK_ON, flags=0x8, repeatCount=0, eventTime=173388666, downTime=173388570, deviceId=1, source=0x101 }
D/DeviceFinderManager( 1646): alarmComing
D/DeviceFinderManager( 1646): rescheduleDeviceBroadcase
D/DeviceFinderManager( 1646): bootup
D/DeviceHelper( 1646): ro.build.characteristics = tablet
D/udp connect( 1646): startup the command is from mobile device =YK-K1rockchip
D/WindowManager(  466): action = 0
D/WindowManager(  466): hyq is down event 
D/WindowManager(  466): hyq lasteventDownTime=0
D/WindowManager(  466): hyq getEventTime()=173388970
I/com.app.core(  734): Hua.Wong......runWhenKeyPressed 
D/smy_FeedbackReceiver(18562): one mLastPressBackTime = 173385454
D/smy_FeedbackReceiver(18562): keyCode = 19
D/RemoteIME(  630): keycode: 19, realAction: true
W/ContextImpl(  466): Calling a method in the system process without a qualified user: android.app.ContextImpl.sendBroadcast:1138 com.android.internal.policy.impl.PhoneWindowManager.interceptKeyBeforeQueueing:4448 com.android.server.wm.InputMonitor.interceptKeyBeforeQueueing:357 com.android.server.input.InputManagerService.interceptKeyBeforeQueueing:1332 dalvik.system.NativeStart.run:-2 
I/System.out(19627): !!==!! onChildViewHolderSelected
D/PageWithLoaderFragment(19627): onRowSelected 5
D/BackgroundHelper(19627):  clearBackground  level:0 backgroundManager:com.tv.background.BackgroundManager@41a8f1c0 mBackgroundLevel1:null mBackgroundLevel2:null mDefaultBackground:android.graphics.drawable.LayerDrawable@41a67740
V/BackgroundManager(19627): setBackgroundDrawable android.graphics.drawable.LayerDrawable@41a67740
V/BackgroundManager(19627): new drawable same as pending
D/RemoteIME(  630): onFinishInput.
D/RemoteIME(  630): onStartInput  ccontentType: 0 Restarting:false
D/RemoteIME(  630): [requestInputWithHkb] estimate if number...
D/RemoteIME(  630): [requestInputWithHkb] mEditorInfo is: android.view.inputmethod.EditorInfo@41898160
D/WindowManager(  466): action = 1
D/WindowManager(  466): hyq lasteventDownTime=0
D/WindowManager(  466): hyq getEventTime()=173389074
D/WindowManager(  466): hyq lasteventDownTime=173388970
D/WindowManager(  466): hyq getEventTime()=173389074
E/WindowManager(  466): smy interceptKeyBeforeDispatching up !!! 
E/WindowManager(  466): smy interceptKeyBeforeDispatching up !!! screensaverDelay = -1
E/WindowManager(  466): smy interceptKeyBeforeDispatching up !!! sleepDelay = -1
D/RemoteIME(  630): keycode: 19, realAction: false
D/InputEventConsistencyVerifier(19627): KeyEvent: ACTION_UP but key was not down.
D/InputEventConsistencyVerifier(19627):   in com.tv.ui.view.CardViewBase{4253b6a8 VFE...C. .FS..... 0,0-530,404}
D/InputEventConsistencyVerifier(19627):   0: sent at 173389074000000, KeyEvent { action=ACTION_UP, keyCode=KEYCODE_DPAD_UP, scanCode=103, metaState=META_NUM_LOCK_ON, flags=0x8, repeatCount=0, eventTime=173389074, downTime=173388970, deviceId=1, source=0x101 }
D/DisplayItemSelector(19627): ui_type:block_grid_classic id:21102 title: unitary:false
D/DisplayItemSelector(19627): presenter  com.tv.ui.presenter.CardBasicClassicPresenter@44206ce0
D/WindowManager(  466): action = 0
D/WindowManager(  466): hyq is down event 
D/WindowManager(  466): hyq lasteventDownTime=0
D/WindowManager(  466): hyq getEventTime()=173389402
I/com.app.core(  734): Hua.Wong......runWhenKeyPressed 
W/ContextImpl(  466): Calling a method in the system process without a qualified user: android.app.ContextImpl.sendBroadcast:1138 com.android.internal.policy.impl.PhoneWindowManager.interceptKeyBeforeQueueing:4448 com.android.server.wm.InputMonitor.interceptKeyBeforeQueueing:357 com.android.server.input.InputManagerService.interceptKeyBeforeQueueing:1332 dalvik.system.NativeStart.run:-2 
D/smy_FeedbackReceiver(18562): one mLastPressBackTime = 173385454
D/smy_FeedbackReceiver(18562): keyCode = 19
D/WindowManager(  466): action = 1
D/WindowManager(  466): hyq lasteventDownTime=0
D/WindowManager(  466): hyq getEventTime()=173389506
D/WindowManager(  466): hyq lasteventDownTime=173389402
D/WindowManager(  466): hyq getEventTime()=173389506
E/WindowManager(  466): smy interceptKeyBeforeDispatching up !!! 
E/WindowManager(  466): smy interceptKeyBeforeDispatching up !!! screensaverDelay = -1
E/WindowManager(  466): smy interceptKeyBeforeDispatching up !!! sleepDelay = -1
D/RemoteIME(  630): keycode: 19, realAction: true
I/System.out(19627): !!==!! onChildViewHolderSelected
D/PageWithLoaderFragment(19627): onRowSelected 4
D/BackgroundHelper(19627):  clearBackground  level:0 backgroundManager:com.tv.background.BackgroundManager@41a8f1c0 mBackgroundLevel1:null mBackgroundLevel2:null mDefaultBackground:android.graphics.drawable.LayerDrawable@41a67740
V/BackgroundManager(19627): setBackgroundDrawable android.graphics.drawable.LayerDrawable@41a67740
V/BackgroundManager(19627): new drawable same as pending
D/RemoteIME(  630): keycode: 19, realAction: false
W/ResourceType(19627): No package identifier when getting name for resource number 0x00018a89
D/InputEventConsistencyVerifier(19627): KeyEvent: ACTION_UP but key was not down.
D/InputEventConsistencyVerifier(19627):   in com.tv.ui.view.CardViewBase{425ade58 VFE...C. .FS...ID 0,454-240,858 #18a89}
D/InputEventConsistencyVerifier(19627):   0: sent at 173389506000000, KeyEvent { action=ACTION_UP, keyCode=KEYCODE_DPAD_UP, scanCode=103, metaState=META_NUM_LOCK_ON, flags=0x8, repeatCount=0, eventTime=173389506, downTime=173389402, deviceId=1, source=0x101 }
I/System.out(19627): !!==!! onChildViewHolderSelected
D/PageWithLoaderFragment(19627): onRowSelected 4
D/RemoteIME(  630): onFinishInput.
D/RemoteIME(  630): onStartInput  ccontentType: 0 Restarting:false
D/RemoteIME(  630): [requestInputWithHkb] estimate if number...
D/RemoteIME(  630): [requestInputWithHkb] mEditorInfo is: android.view.inputmethod.EditorInfo@4189db30
I/System.out(19627): !!==!! onChildViewHolderSelected
D/PageWithLoaderFragment(19627): onRowSelected 4
D/smy_downloader( 2023): selector key size = 0
D/BaseActivity(  747): onTrimMemory. level: 5
I/PluginCallback(17635): handleMessage(140,TRIM_MEMORY) cost 0 ms
I/ActivityManager(  466): Process com.android.keychain (pid 32063) has died.
I/System.out(19627): !!==!! onChildViewHolderSelected
D/PageWithLoaderFragment(19627): onRowSelected 4
I/ActivityManager(  466): Process com.android.phone (pid 10288) has died.
I/ActivityManager(  466): Process com.android.defcontainer (pid 31970) has died.
D/WindowManager(  466): action = 0
D/WindowManager(  466): hyq is down event 
D/WindowManager(  466): hyq lasteventDownTime=0
D/WindowManager(  466): hyq getEventTime()=173390714
W/ContextImpl(  466): Calling a method in the system process without a qualified user: android.app.ContextImpl.sendBroadcast:1138 com.android.internal.policy.impl.PhoneWindowManager.interceptKeyBeforeQueueing:4448 com.android.server.wm.InputMonitor.interceptKeyBeforeQueueing:357 com.android.server.input.InputManagerService.interceptKeyBeforeQueueing:1332 dalvik.system.NativeStart.run:-2 
I/com.app.core(  734): Hua.Wong......runWhenKeyPressed 
D/RemoteIME(  630): keycode: 19, realAction: true
D/smy_FeedbackReceiver(18562): one mLastPressBackTime = 173385454
D/smy_FeedbackReceiver(18562): keyCode = 19
I/System.out(19627): !!==!! onChildViewHolderSelected
D/PageWithLoaderFragment(19627): onRowSelected 4
D/BackgroundHelper(19627):  clearBackground  level:0 backgroundManager:com.tv.background.BackgroundManager@41a8f1c0 mBackgroundLevel1:null mBackgroundLevel2:null mDefaultBackground:android.graphics.drawable.LayerDrawable@41a67740
V/BackgroundManager(19627): setBackgroundDrawable android.graphics.drawable.LayerDrawable@41a67740
V/BackgroundManager(19627): new drawable same as pending
D/RemoteIME(  630): onFinishInput.
D/RemoteIME(  630): onStartInput  ccontentType: 0 Restarting:false
D/RemoteIME(  630): [requestInputWithHkb] estimate if number...
D/RemoteIME(  630): [requestInputWithHkb] mEditorInfo is: android.view.inputmethod.EditorInfo@418972a0
E/NetdConnector(  466): RCV <- {601 limit alert globalAlert lo} with time:173390807
D/WindowManager(  466): action = 1
D/WindowManager(  466): hyq lasteventDownTime=0
D/WindowManager(  466): hyq getEventTime()=173390826
D/WindowManager(  466): hyq lasteventDownTime=173390714
D/WindowManager(  466): hyq getEventTime()=173390826
E/WindowManager(  466): smy interceptKeyBeforeDispatching up !!! 
E/WindowManager(  466): smy interceptKeyBeforeDispatching up !!! screensaverDelay = -1
E/WindowManager(  466): smy interceptKeyBeforeDispatching up !!! sleepDelay = -1
E/NetdConnector(  466): RCV <- {200 6916 Tethering stats list completed} with time:173390823
D/RemoteIME(  630): keycode: 19, realAction: false
E/NetdConnector(  466): RCV <- {200 6917 Bandwidth command succeeeded} with time:173390836
D/InputEventConsistencyVerifier(19627): KeyEvent: ACTION_UP but key was not down.
D/InputEventConsistencyVerifier(19627):   in com.tv.ui.view.CardViewBase{425aa3a8 VFE...C. .FS..... 0,0-530,404}
D/InputEventConsistencyVerifier(19627):   0: sent at 173390826000000, KeyEvent { action=ACTION_UP, keyCode=KEYCODE_DPAD_UP, scanCode=103, metaState=META_NUM_LOCK_ON, flags=0x8, repeatCount=0, eventTime=173390826, downTime=173390714, deviceId=1, source=0x101 }
D/DisplayItemSelector(19627): ui_type:block_grid_classic_same id:20102 title:null unitary:true
D/DisplayItemSelector(19627): presenter  com.tv.ui.presenter.CardBasicClassicPresenter@44206ce0
V/LocalBroadcastManager(19627): Resolving type null scheme null of intent Intent { act=action_ui_player_control_callback_changed (has extras) }
V/LocalBroadcastManager(19627): Action list: [Receiver{com.youku.tv.player.common.localbroadcast.DataBroadcast$1@42435d88 filter=android.content.IntentFilter@426934c0}, Receiver{com.youku.tv.player.common.localbroadcast.DataBroadcast$1@417bcd58 filter=android.content.IntentFilter@4240b9f0}]
V/LocalBroadcastManager(19627): Matching against filter android.content.IntentFilter@426934c0
V/LocalBroadcastManager(19627):   Filter matched!  match=0x108000
V/LocalBroadcastManager(19627): Matching against filter android.content.IntentFilter@4240b9f0
V/LocalBroadcastManager(19627):   Filter matched!  match=0x108000
D/WindowManager(  466): action = 0
D/WindowManager(  466): hyq is down event 
D/WindowManager(  466): hyq lasteventDownTime=0
D/WindowManager(  466): hyq getEventTime()=173391698
D/RemoteIME(  630): keycode: 20, realAction: true
I/com.app.core(  734): Hua.Wong......runWhenKeyPressed 
W/ContextImpl(  466): Calling a method in the system process without a qualified user: android.app.ContextImpl.sendBroadcast:1138 com.android.internal.policy.impl.PhoneWindowManager.interceptKeyBeforeQueueing:4448 com.android.server.wm.InputMonitor.interceptKeyBeforeQueueing:357 com.android.server.input.InputManagerService.interceptKeyBeforeQueueing:1332 dalvik.system.NativeStart.run:-2 
D/smy_FeedbackReceiver(18562): one mLastPressBackTime = 173385454
D/smy_FeedbackReceiver(18562): keyCode = 20
D/smy_FeedbackReceiver(18562): curPressBackTime - mLastPressBackTime = 6257, mBackPressCounts = 1
D/smy_FeedbackReceiver(18562): mLastPressBackTime = 173391711
I/System.out(19627): !!==!! onChildViewHolderSelected
D/PageWithLoaderFragment(19627): onRowSelected 4
D/BackgroundHelper(19627):  clearBackground  level:0 backgroundManager:com.tv.background.BackgroundManager@41a8f1c0 mBackgroundLevel1:null mBackgroundLevel2:null mDefaultBackground:android.graphics.drawable.LayerDrawable@41a67740
V/BackgroundManager(19627): setBackgroundDrawable android.graphics.drawable.LayerDrawable@41a67740
V/BackgroundManager(19627): new drawable same as pending
D/RemoteIME(  630): onFinishInput.
D/RemoteIME(  630): onStartInput  ccontentType: 0 Restarting:false
D/RemoteIME(  630): [requestInputWithHkb] estimate if number...
D/RemoteIME(  630): [requestInputWithHkb] mEditorInfo is: android.view.inputmethod.EditorInfo@418cf5d0
D/WindowManager(  466): action = 1
D/WindowManager(  466): hyq lasteventDownTime=0
D/WindowManager(  466): hyq getEventTime()=173391794
D/WindowManager(  466): hyq lasteventDownTime=173391698
D/WindowManager(  466): hyq getEventTime()=173391794
E/WindowManager(  466): smy interceptKeyBeforeDispatching up !!! 
E/WindowManager(  466): smy interceptKeyBeforeDispatching up !!! screensaverDelay = -1
E/WindowManager(  466): smy interceptKeyBeforeDispatching up !!! sleepDelay = -1
D/RemoteIME(  630): keycode: 20, realAction: false
W/ResourceType(19627): No package identifier when getting name for resource number 0x00018a89
D/InputEventConsistencyVerifier(19627): KeyEvent: ACTION_UP but key was not down.
D/InputEventConsistencyVerifier(19627):   in com.tv.ui.view.CardViewBase{425ade58 VFE...C. .FS..... 0,454-240,858 #18a89}
D/InputEventConsistencyVerifier(19627):   0: sent at 173391794000000, KeyEvent { action=ACTION_UP, keyCode=KEYCODE_DPAD_DOWN, scanCode=108, metaState=META_NUM_LOCK_ON, flags=0x8, repeatCount=0, eventTime=173391794, downTime=173391698, deviceId=1, source=0x101 }
D/InputEventConsistencyVerifier(19627):   -- recent events --
D/InputEventConsistencyVerifier(19627):   1: sent at 173390714000000, (unhandled) KeyEvent { action=ACTION_DOWN, keyCode=KEYCODE_DPAD_UP, scanCode=103, metaState=META_NUM_LOCK_ON, flags=0x8, repeatCount=0, eventTime=173390714, downTime=173390714, deviceId=1, source=0x101 }
D/InputEventConsistencyVerifier(19627):   2: sent at 173389506000000, (unhandled) KeyEvent { action=ACTION_UP, keyCode=KEYCODE_DPAD_UP, scanCode=103, metaState=META_NUM_LOCK_ON, flags=0x80000008, repeatCount=0, eventTime=173389506, downTime=173389402, deviceId=1, source=0x101 }
D/WindowManager(  466): action = 0
D/WindowManager(  466): hyq is down event 
D/WindowManager(  466): hyq lasteventDownTime=0
D/WindowManager(  466): hyq getEventTime()=173391890
I/com.app.core(  734): Hua.Wong......runWhenKeyPressed 
D/RemoteIME(  630): keycode: 20, realAction: true
D/smy_FeedbackReceiver(18562): one mLastPressBackTime = 173391711
D/smy_FeedbackReceiver(18562): keyCode = 20
D/smy_FeedbackReceiver(18562): mBackPressCounts = 2
D/smy_FeedbackReceiver(18562): mLastPressBackTime = 173391894
W/ContextImpl(  466): Calling a method in the system process without a qualified user: android.app.ContextImpl.sendBroadcast:1138 com.android.internal.policy.impl.PhoneWindowManager.interceptKeyBeforeQueueing:4448 com.android.server.wm.InputMonitor.interceptKeyBeforeQueueing:357 com.android.server.input.InputManagerService.interceptKeyBeforeQueueing:1332 dalvik.system.NativeStart.run:-2 
I/System.out(19627): !!==!! onChildViewHolderSelected
D/PageWithLoaderFragment(19627): onRowSelected 5
D/BackgroundHelper(19627):  clearBackground  level:0 backgroundManager:com.tv.background.BackgroundManager@41a8f1c0 mBackgroundLevel1:null mBackgroundLevel2:null mDefaultBackground:android.graphics.drawable.LayerDrawable@41a67740
V/BackgroundManager(19627): setBackgroundDrawable android.graphics.drawable.LayerDrawable@41a67740
V/BackgroundManager(19627): new drawable same as pending
D/RemoteIME(  630): onFinishInput.
D/RemoteIME(  630): onStartInput  ccontentType: 0 Restarting:false
D/RemoteIME(  630): [requestInputWithHkb] estimate if number...
D/RemoteIME(  630): [requestInputWithHkb] mEditorInfo is: android.view.inputmethod.EditorInfo@419510d0
D/WindowManager(  466): action = 1
D/WindowManager(  466): hyq lasteventDownTime=0
D/WindowManager(  466): hyq getEventTime()=173391978
D/WindowManager(  466): hyq lasteventDownTime=173391890
D/WindowManager(  466): hyq getEventTime()=173391978
E/WindowManager(  466): smy interceptKeyBeforeDispatching up !!! 
E/WindowManager(  466): smy interceptKeyBeforeDispatching up !!! screensaverDelay = -1
E/WindowManager(  466): smy interceptKeyBeforeDispatching up !!! sleepDelay = -1
D/RemoteIME(  630): keycode: 20, realAction: false
D/InputEventConsistencyVerifier(19627): KeyEvent: ACTION_UP but key was not down.
D/InputEventConsistencyVerifier(19627):   in com.tv.ui.view.CardViewBase{4253b6a8 VFE...C. .FS..... 0,0-530,404}
D/InputEventConsistencyVerifier(19627):   0: sent at 173391978000000, KeyEvent { action=ACTION_UP, keyCode=KEYCODE_DPAD_DOWN, scanCode=108, metaState=META_NUM_LOCK_ON, flags=0x8, repeatCount=0, eventTime=173391978, downTime=173391890, deviceId=1, source=0x101 }
D/InputEventConsistencyVerifier(19627):   -- recent events --
D/InputEventConsistencyVerifier(19627):   1: sent at 173389402000000, (unhandled) KeyEvent { action=ACTION_DOWN, keyCode=KEYCODE_DPAD_UP, scanCode=103, metaState=META_NUM_LOCK_ON, flags=0x8, repeatCount=0, eventTime=173389402, downTime=173389402, deviceId=1, source=0x101 }
D/InputEventConsistencyVerifier(19627):   2: sent at 173389074000000, (unhandled) KeyEvent { action=ACTION_UP, keyCode=KEYCODE_DPAD_UP, scanCode=103, metaState=META_NUM_LOCK_ON, flags=0x80000008, repeatCount=0, eventTime=173389074, downTime=173388970, deviceId=1, source=0x101 }
D/WindowManager(  466): action = 0
D/WindowManager(  466): hyq is down event 
D/WindowManager(  466): hyq lasteventDownTime=0
D/WindowManager(  466): hyq getEventTime()=173392074
I/com.app.core(  734): Hua.Wong......runWhenKeyPressed 
D/RemoteIME(  630): keycode: 20, realAction: true
D/smy_FeedbackReceiver(18562): one mLastPressBackTime = 173391894
D/smy_FeedbackReceiver(18562): keyCode = 20
D/smy_FeedbackReceiver(18562): mBackPressCounts = 3
D/smy_FeedbackReceiver(18562): start service
W/ContextImpl(  466): Calling a method in the system process without a qualified user: android.app.ContextImpl.sendBroadcast:1138 com.android.internal.policy.impl.PhoneWindowManager.interceptKeyBeforeQueueing:4448 com.android.server.wm.InputMonitor.interceptKeyBeforeQueueing:357 com.android.server.input.InputManagerService.interceptKeyBeforeQueueing:1332 dalvik.system.NativeStart.run:-2 
D/smy_FeedbackReceiver(18562): mLastPressBackTime = 173392079
I/System.out(19627): !!==!! onChildViewHolderSelected
D/PageWithLoaderFragment(19627): onRowSelected 5
W/ContextImpl(18562): Calling a method in the system process without a qualified user: android.app.ContextImpl.startService:1494 android.content.ContextWrapper.startService:494 android.content.ContextWrapper.startService:494 com.tvbox.feedback.FeedbackReceiver.onReceive:34 android.app.ActivityThread.handleReceiver:2419 
D/BackgroundHelper(19627):  clearBackground  level:0 backgroundManager:com.tv.background.BackgroundManager@41a8f1c0 mBackgroundLevel1:null mBackgroundLevel2:null mDefaultBackground:android.graphics.drawable.LayerDrawable@41a67740
V/BackgroundManager(19627): setBackgroundDrawable android.graphics.drawable.LayerDrawable@41a67740
V/BackgroundManager(19627): new drawable same as pending
D/RemoteIME(  630): onFinishInput.
D/RemoteIME(  630): onStartInput  ccontentType: 0 Restarting:false
D/RemoteIME(  630): [requestInputWithHkb] estimate if number...
D/RemoteIME(  630): [requestInputWithHkb] mEditorInfo is: android.view.inputmethod.EditorInfo@418fa6c8
D/WindowManager(  466): action = 1
D/WindowManager(  466): hyq lasteventDownTime=0
D/WindowManager(  466): hyq getEventTime()=173392202
D/WindowManager(  466): hyq lasteventDownTime=173392074
D/WindowManager(  466): hyq getEventTime()=173392202
E/WindowManager(  466): smy interceptKeyBeforeDispatching up !!! 
E/WindowManager(  466): smy interceptKeyBeforeDispatching up !!! screensaverDelay = -1
E/WindowManager(  466): smy interceptKeyBeforeDispatching up !!! sleepDelay = -1
D/RemoteIME(  630): keycode: 20, realAction: false
W/ResourceType(19627): No package identifier when getting name for resource number 0x00018a89
D/InputEventConsistencyVerifier(19627): KeyEvent: ACTION_UP but key was not down.
D/InputEventConsistencyVerifier(19627):   in com.tv.ui.view.CardViewBase{419c3a20 VFE...C. .FS..... 0,454-240,858 #18a89}
D/InputEventConsistencyVerifier(19627):   0: sent at 173392202000000, KeyEvent { action=ACTION_UP, keyCode=KEYCODE_DPAD_DOWN, scanCode=108, metaState=META_NUM_LOCK_ON, flags=0x8, repeatCount=0, eventTime=173392202, downTime=173392074, deviceId=1, source=0x101 }
D/InputEventConsistencyVerifier(19627):   -- recent events --
D/InputEventConsistencyVerifier(19627):   1: sent at 173388970000000, (unhandled) KeyEvent { action=ACTION_DOWN, keyCode=KEYCODE_DPAD_UP, scanCode=103, metaState=META_NUM_LOCK_ON, flags=0x8, repeatCount=0, eventTime=173388970, downTime=173388970, deviceId=1, source=0x101 }
D/InputEventConsistencyVerifier(19627):   2: sent at 173388666000000, (unhandled) KeyEvent { action=ACTION_UP, keyCode=KEYCODE_DPAD_UP, scanCode=103, metaState=META_NUM_LOCK_ON, flags=0x80000008, repeatCount=0, eventTime=173388666, downTime=173388570, deviceId=1, source=0x101 }
D/WindowManager(  466): action = 0
D/WindowManager(  466): hyq is down event 
D/WindowManager(  466): hyq lasteventDownTime=0
D/WindowManager(  466): hyq getEventTime()=173392442
D/RemoteIME(  630): keycode: 20, realAction: true
I/com.app.core(  734): Hua.Wong......runWhenKeyPressed 
D/smy_FeedbackReceiver(18562): one mLastPressBackTime = 173392079
D/smy_FeedbackReceiver(18562): keyCode = 20
D/smy_FeedbackReceiver(18562): mBackPressCounts = 1
D/smy_FeedbackReceiver(18562): mLastPressBackTime = 173392447
W/ContextImpl(  466): Calling a method in the system process without a qualified user: android.app.ContextImpl.sendBroadcast:1138 com.android.internal.policy.impl.PhoneWindowManager.interceptKeyBeforeQueueing:4448 com.android.server.wm.InputMonitor.interceptKeyBeforeQueueing:357 com.android.server.input.InputManagerService.interceptKeyBeforeQueueing:1332 dalvik.system.NativeStart.run:-2 
I/System.out(19627): !!==!! onChildViewHolderSelected
D/PageWithLoaderFragment(19627): onRowSelected 6
D/BackgroundHelper(19627):  clearBackground  level:0 backgroundManager:com.tv.background.BackgroundManager@41a8f1c0 mBackgroundLevel1:null mBackgroundLevel2:null mDefaultBackground:android.graphics.drawable.LayerDrawable@41a67740
V/BackgroundManager(19627): setBackgroundDrawable android.graphics.drawable.LayerDrawable@41a67740
V/BackgroundManager(19627): new drawable same as pending
D/RemoteIME(  630): onFinishInput.
D/RemoteIME(  630): onStartInput  ccontentType: 0 Restarting:false
D/RemoteIME(  630): [requestInputWithHkb] estimate if number...
E/NetdConnector(  466): RCV <- {601 limit alert globalAlert lo} with time:173392471
D/RemoteIME(  630): [requestInputWithHkb] mEditorInfo is: android.view.inputmethod.EditorInfo@4189c5c8
E/NetdConnector(  466): RCV <- {200 6918 Tethering stats list completed} with time:173392485
E/NetdConnector(  466): RCV <- {200 6919 Bandwidth command succeeeded} with time:173392492
D/DisplayItemSelector(19627): ui_type:block_grid_classic_same id:20102 title: unitary:true
D/DisplayItemSelector(19627): presenter  com.tv.ui.presenter.CardBasicClassicPresenter@44206ce0
D/WindowManager(  466): action = 1
D/WindowManager(  466): hyq lasteventDownTime=0
D/WindowManager(  466): hyq getEventTime()=173392562
D/WindowManager(  466): hyq lasteventDownTime=173392442
D/WindowManager(  466): hyq getEventTime()=173392562
E/WindowManager(  466): smy interceptKeyBeforeDispatching up !!! 
E/WindowManager(  466): smy interceptKeyBeforeDispatching up !!! screensaverDelay = -1
E/WindowManager(  466): smy interceptKeyBeforeDispatching up !!! sleepDelay = -1
D/RemoteIME(  630): keycode: 20, realAction: false
D/InputEventConsistencyVerifier(19627): KeyEvent: ACTION_UP but key was not down.
D/InputEventConsistencyVerifier(19627):   in com.tv.ui.view.CardViewBase{424d8218 VFE...C. .FS..A.. 0,0-240,406}
