D/InputEventConsistencyVerifier(19627):   0: sent at 173392562000000, KeyEvent { action=ACTION_UP, keyCode=KEYCODE_DPAD_DOWN, scanCode=108, metaState=META_NUM_LOCK_ON, flags=0x8, repeatCount=0, eventTime=173392562, downTime=173392442, deviceId=1, source=0x101 }
D/InputEventConsistencyVerifier(19627):   -- recent events --
D/InputEventConsistencyVerifier(19627):   1: sent at 173388570000000, (unhandled) KeyEvent { action=ACTION_DOWN, keyCode=KEYCODE_DPAD_UP, scanCode=103, metaState=META_NUM_LOCK_ON, flags=0x8, repeatCount=0, eventTime=173388570, downTime=173388570, deviceId=1, source=0x101 }
D/InputEventConsistencyVerifier(19627):   2: sent at 173388322000000, (unhandled) KeyEvent { action=ACTION_UP, keyCode=KEYCODE_DPAD_UP, scanCode=103, metaState=META_NUM_LOCK_ON, flags=0x80000008, repeatCount=0, eventTime=173388322, downTime=173388226, deviceId=1, source=0x101 }
D/WindowManager(  466): action = 0
D/WindowManager(  466): hyq is down event 
D/WindowManager(  466): hyq lasteventDownTime=0
D/WindowManager(  466): hyq getEventTime()=173392914
I/com.app.core(  734): Hua.Wong......runWhenKeyPressed 
D/smy_FeedbackReceiver(18562): one mLastPressBackTime = 173392447
D/smy_FeedbackReceiver(18562): keyCode = 19
D/RemoteIME(  630): keycode: 19, realAction: true
W/ContextImpl(  466): Calling a method in the system process without a qualified user: android.app.ContextImpl.sendBroadcast:1138 com.android.internal.policy.impl.PhoneWindowManager.interceptKeyBeforeQueueing:4448 com.android.server.wm.InputMonitor.interceptKeyBeforeQueueing:357 com.android.server.input.InputManagerService.interceptKeyBeforeQueueing:1332 dalvik.system.NativeStart.run:-2 
I/System.out(19627): !!==!! xxxx 99999 BrowseFrameLayout
I/System.out(19627): !!==!! onChildViewHolderSelected
D/PageWithLoaderFragment(19627): onRowSelected 5
D/BackgroundHelper(19627):  clearBackground  level:0 backgroundManager:com.tv.background.BackgroundManager@41a8f1c0 mBackgroundLevel1:null mBackgroundLevel2:null mDefaultBackground:android.graphics.drawable.LayerDrawable@41a67740
V/BackgroundManager(19627): setBackgroundDrawable android.graphics.drawable.LayerDrawable@41a67740
V/BackgroundManager(19627): new drawable same as pending
D/RemoteIME(  630): onFinishInput.
D/RemoteIME(  630): onStartInput  ccontentType: 0 Restarting:false
D/RemoteIME(  630): [requestInputWithHkb] estimate if number...
D/RemoteIME(  630): [requestInputWithHkb] mEditorInfo is: android.view.inputmethod.EditorInfo@418fb3f0
D/WindowManager(  466): action = 1
D/WindowManager(  466): hyq lasteventDownTime=0
D/WindowManager(  466): hyq getEventTime()=173393010
D/WindowManager(  466): hyq lasteventDownTime=173392914
D/WindowManager(  466): hyq getEventTime()=173393010
E/WindowManager(  466): smy interceptKeyBeforeDispatching up !!! 
E/WindowManager(  466): smy interceptKeyBeforeDispatching up !!! screensaverDelay = -1
E/WindowManager(  466): smy interceptKeyBeforeDispatching up !!! sleepDelay = -1
D/RemoteIME(  630): keycode: 19, realAction: false
V/PLog_DexVideoView(19627): getDuration.
E/NetdConnector(  466): RCV <- {601 limit alert globalAlert lo} with time:173393967
E/NetdConnector(  466): RCV <- {200 6920 Tethering stats list completed} with time:173394015
D/WindowManager(  466): action = 0
D/WindowManager(  466): hyq is down event 
D/WindowManager(  466): hyq lasteventDownTime=0
D/WindowManager(  466): hyq getEventTime()=173394034
I/com.app.core(  734): Hua.Wong......runWhenKeyPressed 
D/RemoteIME(  630): keycode: 19, realAction: true
D/smy_FeedbackReceiver(18562): one mLastPressBackTime = 173392447
D/smy_FeedbackReceiver(18562): keyCode = 19
W/ContextImpl(  466): Calling a method in the system process without a qualified user: android.app.ContextImpl.sendBroadcast:1138 com.android.internal.policy.impl.PhoneWindowManager.interceptKeyBeforeQueueing:4448 com.android.server.wm.InputMonitor.interceptKeyBeforeQueueing:357 com.android.server.input.InputManagerService.interceptKeyBeforeQueueing:1332 dalvik.system.NativeStart.run:-2 
I/System.out(19627): !!==!! onChildViewHolderSelected
D/PageWithLoaderFragment(19627): onRowSelected 5
D/BackgroundHelper(19627):  clearBackground  level:0 backgroundManager:com.tv.background.BackgroundManager@41a8f1c0 mBackgroundLevel1:null mBackgroundLevel2:null mDefaultBackground:android.graphics.drawable.LayerDrawable@41a67740
V/BackgroundManager(19627): setBackgroundDrawable android.graphics.drawable.LayerDrawable@41a67740
V/BackgroundManager(19627): new drawable same as pending
D/RemoteIME(  630): onFinishInput.
D/RemoteIME(  630): onStartInput  ccontentType: 0 Restarting:false
D/RemoteIME(  630): [requestInputWithHkb] estimate if number...
D/RemoteIME(  630): [requestInputWithHkb] mEditorInfo is: android.view.inputmethod.EditorInfo@418a1ab8
D/WindowManager(  466): action = 1
D/WindowManager(  466): hyq lasteventDownTime=0
D/WindowManager(  466): hyq getEventTime()=173394106
D/WindowManager(  466): hyq lasteventDownTime=173394034
D/WindowManager(  466): hyq getEventTime()=173394106
E/WindowManager(  466): smy interceptKeyBeforeDispatching up !!! 
E/WindowManager(  466): smy interceptKeyBeforeDispatching up !!! screensaverDelay = -1
E/WindowManager(  466): smy interceptKeyBeforeDispatching up !!! sleepDelay = -1
D/RemoteIME(  630): keycode: 19, realAction: false
E/NetdConnector(  466): RCV <- {200 6921 Bandwidth command succeeeded} with time:173394114
D/WindowManager(  466): action = 0
D/WindowManager(  466): hyq is down event 
D/WindowManager(  466): hyq lasteventDownTime=0
D/WindowManager(  466): hyq getEventTime()=173394530
I/com.app.core(  734): Hua.Wong......runWhenKeyPressed 
D/RemoteIME(  630): keycode: 19, realAction: true
D/smy_FeedbackReceiver(18562): one mLastPressBackTime = 173392447
D/smy_FeedbackReceiver(18562): keyCode = 19
I/System.out(19627): !!==!! onChildViewHolderSelected
D/PageWithLoaderFragment(19627): onRowSelected 4
D/BackgroundHelper(19627):  clearBackground  level:0 backgroundManager:com.tv.background.BackgroundManager@41a8f1c0 mBackgroundLevel1:null mBackgroundLevel2:null mDefaultBackground:android.graphics.drawable.LayerDrawable@41a67740
V/BackgroundManager(19627): setBackgroundDrawable android.graphics.drawable.LayerDrawable@41a67740
V/BackgroundManager(19627): new drawable same as pending
W/ContextImpl(  466): Calling a method in the system process without a qualified user: android.app.ContextImpl.sendBroadcast:1138 com.android.internal.policy.impl.PhoneWindowManager.interceptKeyBeforeQueueing:4448 com.android.server.wm.InputMonitor.interceptKeyBeforeQueueing:357 com.android.server.input.InputManagerService.interceptKeyBeforeQueueing:1332 dalvik.system.NativeStart.run:-2 
D/RemoteIME(  630): onFinishInput.
D/RemoteIME(  630): onStartInput  ccontentType: 0 Restarting:false
D/RemoteIME(  630): [requestInputWithHkb] estimate if number...
D/RemoteIME(  630): [requestInputWithHkb] mEditorInfo is: android.view.inputmethod.EditorInfo@418a2a70
D/WindowManager(  466): action = 1
D/WindowManager(  466): hyq lasteventDownTime=0
D/WindowManager(  466): hyq getEventTime()=173394634
D/WindowManager(  466): hyq lasteventDownTime=173394530
D/WindowManager(  466): hyq getEventTime()=173394634
E/WindowManager(  466): smy interceptKeyBeforeDispatching up !!! 
E/WindowManager(  466): smy interceptKeyBeforeDispatching up !!! screensaverDelay = -1
E/WindowManager(  466): smy interceptKeyBeforeDispatching up !!! sleepDelay = -1
D/RemoteIME(  630): keycode: 19, realAction: false
D/InputEventConsistencyVerifier(19627): KeyEvent: ACTION_UP but key was not down.
D/InputEventConsistencyVerifier(19627):   in com.tv.ui.view.RowContainerView{45f9ded0 V.E..... ........ 0,-537-1920,472}
D/InputEventConsistencyVerifier(19627):   0: sent at 173394634000000, KeyEvent { action=ACTION_UP, keyCode=KEYCODE_DPAD_UP, scanCode=103, metaState=META_NUM_LOCK_ON, flags=0x8, repeatCount=0, eventTime=173394634, downTime=173394530, deviceId=1, source=0x101 }
D/InputEventConsistencyVerifier(19627):   -- recent events --
D/InputEventConsistencyVerifier(19627):   1: sent at 173391890000000, (unhandled) KeyEvent { action=ACTION_DOWN, keyCode=KEYCODE_DPAD_DOWN, scanCode=108, metaState=META_NUM_LOCK_ON, flags=0x8, repeatCount=0, eventTime=173391890, downTime=173391890, deviceId=1, source=0x101 }
D/InputEventConsistencyVerifier(19627):   2: sent at 173391794000000, (unhandled) KeyEvent { action=ACTION_UP, keyCode=KEYCODE_DPAD_DOWN, scanCode=108, metaState=META_NUM_LOCK_ON, flags=0x8, repeatCount=0, eventTime=173391794, downTime=173391698, deviceId=1, source=0x101 }
D/InputEventConsistencyVerifier(19627):   3: sent at 173391698000000, (unhandled) KeyEvent { action=ACTION_DOWN, keyCode=KEYCODE_DPAD_DOWN, scanCode=108, metaState=META_NUM_LOCK_ON, flags=0x8, repeatCount=0, eventTime=173391698, downTime=173391698, deviceId=1, source=0x101 }
D/InputEventConsistencyVerifier(19627):   4: sent at 173390826000000, (unhandled) KeyEvent { action=ACTION_UP, keyCode=KEYCODE_DPAD_UP, scanCode=103, metaState=META_NUM_LOCK_ON, flags=0x8, repeatCount=0, eventTime=173390826, downTime=173390714, deviceId=1, source=0x101 }
D/InputEventConsistencyVerifier(19627):   5: sent at 173390714000000, (unhandled) KeyEvent { action=ACTION_DOWN, keyCode=KEYCODE_DPAD_UP, scanCode=103, metaState=META_NUM_LOCK_ON, flags=0x8, repeatCount=0, eventTime=173390714, downTime=173390714, deviceId=1, source=0x101 }
D/bk      (15772): heart-->[heart_connect_timeout_5808][server_receive]
D/smy_downloader( 2023): selector key size = 0
D/WindowManager(  466): action = 0
D/WindowManager(  466): hyq is down event 
D/WindowManager(  466): hyq lasteventDownTime=0
D/WindowManager(  466): hyq getEventTime()=173395066
I/com.app.core(  734): Hua.Wong......runWhenKeyPressed 
D/RemoteIME(  630): keycode: 19, realAction: true
W/ContextImpl(  466): Calling a method in the system process without a qualified user: android.app.ContextImpl.sendBroadcast:1138 com.android.internal.policy.impl.PhoneWindowManager.interceptKeyBeforeQueueing:4448 com.android.server.wm.InputMonitor.interceptKeyBeforeQueueing:357 com.android.server.input.InputManagerService.interceptKeyBeforeQueueing:1332 dalvik.system.NativeStart.run:-2 
D/smy_FeedbackReceiver(18562): one mLastPressBackTime = 173392447
D/smy_FeedbackReceiver(18562): keyCode = 19
I/System.out(19627): !!==!! onChildViewHolderSelected
D/PageWithLoaderFragment(19627): onRowSelected 4
D/BackgroundHelper(19627):  clearBackground  level:0 backgroundManager:com.tv.background.BackgroundManager@41a8f1c0 mBackgroundLevel1:null mBackgroundLevel2:null mDefaultBackground:android.graphics.drawable.LayerDrawable@41a67740
V/BackgroundManager(19627): setBackgroundDrawable android.graphics.drawable.LayerDrawable@41a67740
V/BackgroundManager(19627): new drawable same as pending
D/RemoteIME(  630): onFinishInput.
D/RemoteIME(  630): onStartInput  ccontentType: 0 Restarting:false
D/RemoteIME(  630): [requestInputWithHkb] estimate if number...
D/RemoteIME(  630): [requestInputWithHkb] mEditorInfo is: android.view.inputmethod.EditorInfo@418a3388
D/WindowManager(  466): action = 1
D/WindowManager(  466): hyq lasteventDownTime=0
D/WindowManager(  466): hyq getEventTime()=173395178
D/WindowManager(  466): hyq lasteventDownTime=173395066
D/WindowManager(  466): hyq getEventTime()=173395178
E/WindowManager(  466): smy interceptKeyBeforeDispatching up !!! 
E/WindowManager(  466): smy interceptKeyBeforeDispatching up !!! screensaverDelay = -1
E/WindowManager(  466): smy interceptKeyBeforeDispatching up !!! sleepDelay = -1
D/RemoteIME(  630): keycode: 19, realAction: false
D/InputEventConsistencyVerifier(19627): KeyEvent: ACTION_UP but key was not down.
D/InputEventConsistencyVerifier(19627):   in com.tv.ui.view.CardViewBase{425aa3a8 VFE...C. .FS..... 0,0-530,404}
D/InputEventConsistencyVerifier(19627):   0: sent at 173395178000000, KeyEvent { action=ACTION_UP, keyCode=KEYCODE_DPAD_UP, scanCode=103, metaState=META_NUM_LOCK_ON, flags=0x8, repeatCount=0, eventTime=173395178, downTime=173395066, deviceId=1, source=0x101 }
D/InputEventConsistencyVerifier(19627):   -- recent events --
D/InputEventConsistencyVerifier(19627):   1: sent at 173391698000000, (unhandled) KeyEvent { action=ACTION_DOWN, keyCode=KEYCODE_DPAD_DOWN, scanCode=108, metaState=META_NUM_LOCK_ON, flags=0x8, repeatCount=0, eventTime=173391698, downTime=173391698, deviceId=1, source=0x101 }
D/InputEventConsistencyVerifier(19627):   2: sent at 173390826000000, (unhandled) KeyEvent { action=ACTION_UP, keyCode=KEYCODE_DPAD_UP, scanCode=103, metaState=META_NUM_LOCK_ON, flags=0x80000008, repeatCount=0, eventTime=173390826, downTime=173390714, deviceId=1, source=0x101 }
D/DisplayItemSelector(19627): ui_type:block_grid_classic_same id:20102 title:null unitary:true
D/DisplayItemSelector(19627): presenter  com.tv.ui.presenter.CardBasicClassicPresenter@44206ce0
I/IcbnTv_Analytics(  747): Thread[AnalyticsAgent,5,main]: send report by interval
D/IcbnTv_Analytics(  747): Thread[AnalyticsAgent,5,main]: url:http://test.sdk.m.cp31.ott.cibntv.net/sdk/cibntv/data.json
I/IcbnTv_Analytics(  747): Thread[AnalyticsAgent,5,main]: send app report:{"b":{"a":[{"n1":"OTHER","t2":"1476954863.989T+08:00","t1":"A1006","l":false,"s1":"beab908e49477441185ae7dbaec3e213","p1":"activity","n2":70},{"n1":"OTHER","t2":"1476954795.952T+08:00","t1":"A1005","l":false,"s1":"beab908e49477441185ae7dbaec3e213","p1":"activity","n2":69}]},"h":{"i":{"o2":"4.4.2","o1":"Android","b2":"YK-K1","m":"54:36:9b:00:d8:21","h":1032,"w":1920,"u":"3a26a128-dccc-45ec-869d-6a8d588d55e4","s":"1.1","b1":"rockchip","p":"6eefece3555c55f6","a1":"CIBN SmartTV","g2":"ba9e28838d17b9faaef0328433b8a456","a2":"1.6.0","g1":"cb5e5e7ddcd210d0762b5a5c5cb8156c","i1":"012345678912345"}}}
E/IcbnTv_Analytics(  747): Thread[AnalyticsAgent,5,main]: StatusCode code:200
E/IcbnTv_Analytics(  747): Thread[AnalyticsAgent,5,main]: result:{"status":"success","ip":"10.155.0.186","desc":"submit datas success!","code":200}
D/WindowManager(  466): action = 0
W/ContextImpl(  466): Calling a method in the system process without a qualified user: android.app.ContextImpl.sendBroadcast:1138 com.android.internal.policy.impl.PhoneWindowManager.interceptKeyBeforeQueueing:4448 com.android.server.wm.InputMonitor.interceptKeyBeforeQueueing:357 com.android.server.input.InputManagerService.interceptKeyBeforeQueueing:1332 dalvik.system.NativeStart.run:-2 
D/WindowManager(  466): hyq is down event 
D/WindowManager(  466): hyq lasteventDownTime=0
D/WindowManager(  466): hyq getEventTime()=173395554
I/com.app.core(  734): Hua.Wong......runWhenKeyPressed 
D/RemoteIME(  630): keycode: 19, realAction: true
D/smy_FeedbackReceiver(18562): one mLastPressBackTime = 173392447
D/smy_FeedbackReceiver(18562): keyCode = 19
I/System.out(19627): !!==!! onChildViewHolderSelected
D/PageWithLoaderFragment(19627): onRowSelected 3
D/BackgroundHelper(19627):  clearBackground  level:0 backgroundManager:com.tv.background.BackgroundManager@41a8f1c0 mBackgroundLevel1:null mBackgroundLevel2:null mDefaultBackground:android.graphics.drawable.LayerDrawable@41a67740
V/BackgroundManager(19627): setBackgroundDrawable android.graphics.drawable.LayerDrawable@41a67740
V/BackgroundManager(19627): new drawable same as pending
D/RemoteIME(  630): onFinishInput.
D/RemoteIME(  630): onStartInput  ccontentType: 0 Restarting:false
D/RemoteIME(  630): [requestInputWithHkb] estimate if number...
D/RemoteIME(  630): [requestInputWithHkb] mEditorInfo is: android.view.inputmethod.EditorInfo@418a5ed8
D/WindowManager(  466): action = 1
D/WindowManager(  466): hyq lasteventDownTime=0
D/WindowManager(  466): hyq getEventTime()=173395658
D/WindowManager(  466): hyq lasteventDownTime=173395554
D/WindowManager(  466): hyq getEventTime()=173395658
E/WindowManager(  466): smy interceptKeyBeforeDispatching up !!! 
E/WindowManager(  466): smy interceptKeyBeforeDispatching up !!! screensaverDelay = -1
E/WindowManager(  466): smy interceptKeyBeforeDispatching up !!! sleepDelay = -1
D/RemoteIME(  630): keycode: 19, realAction: false
D/DisplayItemSelector(19627): ui_type:block_grid_classic_same id:20102 title: unitary:true
D/DisplayItemSelector(19627): presenter  com.tv.ui.presenter.CardBasicClassicPresenter@44206ce0
E/NetdConnector(  466): RCV <- {601 limit alert globalAlert eth0} with time:173396013
E/NetdConnector(  466): RCV <- {200 6922 Tethering stats list completed} with time:173396023
E/NetdConnector(  466): RCV <- {200 6923 Bandwidth command succeeeded} with time:173396033
D/WindowManager(  466): action = 0
D/WindowManager(  466): hyq is down event 
D/WindowManager(  466): hyq lasteventDownTime=0
D/WindowManager(  466): hyq getEventTime()=173396090
I/com.app.core(  734): Hua.Wong......runWhenKeyPressed 
D/RemoteIME(  630): keycode: 19, realAction: true
I/System.out(19627): !!==!! xxxx 99999 BrowseFrameLayout
I/System.out(19627): !!==!! onChildViewHolderSelected
D/PageWithLoaderFragment(19627): onRowSelected 2
D/BackgroundHelper(19627):  clearBackground  level:0 backgroundManager:com.tv.background.BackgroundManager@41a8f1c0 mBackgroundLevel1:null mBackgroundLevel2:null mDefaultBackground:android.graphics.drawable.LayerDrawable@41a67740
V/BackgroundManager(19627): setBackgroundDrawable android.graphics.drawable.LayerDrawable@41a67740
V/BackgroundManager(19627): new drawable same as pending
D/smy_FeedbackReceiver(18562): one mLastPressBackTime = 173392447
D/smy_FeedbackReceiver(18562): keyCode = 19
W/ContextImpl(  466): Calling a method in the system process without a qualified user: android.app.ContextImpl.sendBroadcast:1138 com.android.internal.policy.impl.PhoneWindowManager.interceptKeyBeforeQueueing:4448 com.android.server.wm.InputMonitor.interceptKeyBeforeQueueing:357 com.android.server.input.InputManagerService.interceptKeyBeforeQueueing:1332 dalvik.system.NativeStart.run:-2 
D/RemoteIME(  630): onFinishInput.
D/RemoteIME(  630): onStartInput  ccontentType: 0 Restarting:false
D/RemoteIME(  630): [requestInputWithHkb] estimate if number...
D/RemoteIME(  630): [requestInputWithHkb] mEditorInfo is: android.view.inputmethod.EditorInfo@418a6728
D/DisplayItemSelector(19627): ui_type:block_grid_star_h id:31252 title: unitary:true
D/DisplayItemSelector(19627): presenter  com.tv.ui.presenter.StarPresenter@44207130
D/WindowManager(  466): action = 1
D/WindowManager(  466): hyq lasteventDownTime=0
D/WindowManager(  466): hyq getEventTime()=173396202
D/WindowManager(  466): hyq lasteventDownTime=173396090
D/WindowManager(  466): hyq getEventTime()=173396202
E/WindowManager(  466): smy interceptKeyBeforeDispatching up !!! 
E/WindowManager(  466): smy interceptKeyBeforeDispatching up !!! screensaverDelay = -1
E/WindowManager(  466): smy interceptKeyBeforeDispatching up !!! sleepDelay = -1
D/RemoteIME(  630): keycode: 19, realAction: false
V/PLog_DexVideoView(19627): start
V/TEA_JNI (19627): JNI--jni_tea_vplayer_surface_change_end
E/ACodec  (19627): dd~ACodec:close mCodec->fb1_fd
E/ACodec  (19627): changeStateIfWeOwnAllBuffers out
E/ACodec  (19627): changeStateIfWeOwnAllBuffers out
E/ACodec  (19627): changeStateIfWeOwnAllBuffers out
E/ACodec  (19627): changeStateIfWeOwnAllBuffers out
D/ACodec  (19627): renderBuffer:freeBuffer
D/ACodec  (19627): renderBuffer:freeBuffer
I/H264_DEBUG(  134): deinit DONE
W/BufferQueue(  131): [SurfaceView] cancelBuffer: BufferQueue has been abandoned!
I/vpu_mem_pool(  134): pid 134, close_vpu_memory_pool:526: 
W/BufferQueue(  131): [SurfaceView] cancelBuffer: BufferQueue has been abandoned!
W/BufferQueue(  131): [SurfaceView] cancelBuffer: BufferQueue has been abandoned!
W/BufferQueue(  131): [SurfaceView] cancelBuffer: BufferQueue has been abandoned!
W/BufferQueue(  131): [SurfaceView] cancelBuffer: BufferQueue has been abandoned!
W/BufferQueue(  131): [SurfaceView] cancelBuffer: BufferQueue has been abandoned!
W/BufferQueue(  131): [SurfaceView] cancelBuffer: BufferQueue has been abandoned!
W/BufferQueue(  131): [SurfaceView] cancelBuffer: BufferQueue has been abandoned!
W/BufferQueue(  131): [SurfaceView] cancelBuffer: BufferQueue has been abandoned!
W/BufferQueue(  131): [SurfaceView] cancelBuffer: BufferQueue has been abandoned!
W/BufferQueue(  131): [SurfaceView] cancelBuffer: BufferQueue has been abandoned!
W/BufferQueue(  131): [SurfaceView] cancelBuffer: BufferQueue has been abandoned!
W/BufferQueue(  131): [SurfaceView] cancelBuffer: BufferQueue has been abandoned!
W/BufferQueue(  131): [SurfaceView] cancelBuffer: BufferQueue has been abandoned!
W/BufferQueue(  131): [SurfaceView] cancelBuffer: BufferQueue has been abandoned!
W/BufferQueue(  131): [SurfaceView] cancelBuffer: BufferQueue has been abandoned!
W/BufferQueue(  131): [SurfaceView] cancelBuffer: BufferQueue has been abandoned!
W/BufferQueue(  131): [SurfaceView] cancelBuffer: BufferQueue has been abandoned!
E/ACodec  (19627): changeStateIfWeOwnAllBuffers out
V/TEA_JNI (19627): JNI--jni_tea_media_player_open:6  start_pos(ms):92440
I/TEA_JNI (19627): open dll:libdecengine_RK_mc_44.so success, dlhander 0x7a327a48
V/TEA_JNI (19627): jni_tea_media_player_load_so:0
V/PLog_DexVideoView(19627): pause
V/TEA_JNI (19627): JNI--jni_tea_media_player_pause
V/LocalBroadcastManager(19627): Resolving type null scheme null of intent Intent { act=action_ui_player_control_callback_changed (has extras) }
V/LocalBroadcastManager(19627): Action list: [Receiver{com.youku.tv.player.common.localbroadcast.DataBroadcast$1@42435d88 filter=android.content.IntentFilter@426934c0}, Receiver{com.youku.tv.player.common.localbroadcast.DataBroadcast$1@417bcd58 filter=android.content.IntentFilter@4240b9f0}]
V/LocalBroadcastManager(19627): Matching against filter android.content.IntentFilter@426934c0
V/LocalBroadcastManager(19627):   Filter matched!  match=0x108000
V/LocalBroadcastManager(19627): Matching against filter android.content.IntentFilter@4240b9f0
V/LocalBroadcastManager(19627):   Filter matched!  match=0x108000
D/WindowManager(  466): action = 0
D/WindowManager(  466): hyq is down event 
D/WindowManager(  466): hyq lasteventDownTime=0
D/WindowManager(  466): hyq getEventTime()=173396594
D/RemoteIME(  630): keycode: 19, realAction: true
I/com.app.core(  734): Hua.Wong......runWhenKeyPressed 
D/smy_FeedbackReceiver(18562): one mLastPressBackTime = 173392447
I/System.out(19627): !!==!! xxxx 99999 BrowseFrameLayout
D/smy_FeedbackReceiver(18562): keyCode = 19
I/System.out(19627): !!==!! onChildViewHolderSelected
D/PageWithLoaderFragment(19627): onRowSelected 1
D/BackgroundHelper(19627):  clearBackground  level:0 backgroundManager:com.tv.background.BackgroundManager@41a8f1c0 mBackgroundLevel1:null mBackgroundLevel2:null mDefaultBackground:android.graphics.drawable.LayerDrawable@41a67740
V/BackgroundManager(19627): setBackgroundDrawable android.graphics.drawable.LayerDrawable@41a67740
V/BackgroundManager(19627): new drawable same as pending
W/ContextImpl(  466): Calling a method in the system process without a qualified user: android.app.ContextImpl.sendBroadcast:1138 com.android.internal.policy.impl.PhoneWindowManager.interceptKeyBeforeQueueing:4448 com.android.server.wm.InputMonitor.interceptKeyBeforeQueueing:357 com.android.server.input.InputManagerService.interceptKeyBeforeQueueing:1332 dalvik.system.NativeStart.run:-2 
V/PLog_DexVideoView(19627): start
D/WindowManager(  466): action = 1
D/WindowManager(  466): hyq lasteventDownTime=0
D/WindowManager(  466): hyq getEventTime()=173396698
D/WindowManager(  466): hyq lasteventDownTime=173396594
D/WindowManager(  466): hyq getEventTime()=173396698
E/WindowManager(  466): smy interceptKeyBeforeDispatching up !!! 
E/WindowManager(  466): smy interceptKeyBeforeDispatching up !!! screensaverDelay = -1
E/WindowManager(  466): smy interceptKeyBeforeDispatching up !!! sleepDelay = -1
I/TEA_JNI (19627): JSetSurface enter, new object: 0x12e0001d, old object: 0x1d6004be
V/TEA_JNI (19627): JNI--jni_tea_vplayer_surface_ready
D/RemoteIME(  630): keycode: 19, realAction: false
D/RemoteIME(  630): onFinishInput.
D/RemoteIME(  630): onStartInput  ccontentType: 0 Restarting:false
D/RemoteIME(  630): [requestInputWithHkb] estimate if number...
D/RemoteIME(  630): [requestInputWithHkb] mEditorInfo is: android.view.inputmethod.EditorInfo@4188cbd8
D/InputEventConsistencyVerifier(19627): KeyEvent: ACTION_UP but key was not down.
D/InputEventConsistencyVerifier(19627):   in android.widget.RelativeLayout{457d2a88 VFE...C. .FS..... 0,8-240,288}
D/InputEventConsistencyVerifier(19627):   0: sent at 173396698000000, KeyEvent { action=ACTION_UP, keyCode=KEYCODE_DPAD_UP, scanCode=103, metaState=META_NUM_LOCK_ON, flags=0x8, repeatCount=0, eventTime=173396698, downTime=173396594, deviceId=1, source=0x101 }
V/LocalBroadcastManager(19627): Resolving type null scheme null of intent Intent { act=action_ui_player_control_callback_changed (has extras) }
V/LocalBroadcastManager(19627): Action list: [Receiver{com.youku.tv.player.common.localbroadcast.DataBroadcast$1@42435d88 filter=android.content.IntentFilter@426934c0}, Receiver{com.youku.tv.player.common.localbroadcast.DataBroadcast$1@417bcd58 filter=android.content.IntentFilter@4240b9f0}]
V/LocalBroadcastManager(19627): Matching against filter android.content.IntentFilter@426934c0
V/LocalBroadcastManager(19627):   Filter matched!  match=0x108000
V/LocalBroadcastManager(19627): Matching against filter android.content.IntentFilter@4240b9f0
V/LocalBroadcastManager(19627):   Filter matched!  match=0x108000
W/ResponseProcessCookies(19627): Cookie rejected: "BasicClientCookie[version=0,name=userTrack_predict,domain=.atm.youku.com,path=/,expiry=Wed Oct 15 17:17:08 GMT+08:00 2036]". Illegal domain attribute "atm.youku.com". Domain of origin: "test.cibn.api.ott.youku.com"
E/youku_player_sdk_PlayerManager_ErrorMsg(19627): setPauseAdImageRes info.VAL is null.
V/TEA_JNI (19627): JNI--jni_tea_media_player_set_videoview x=0,y=0,view_w=894,view_h=502
V/TEA_JNI (19627): JNI--jni_tea_media_player_start
I/TEA_JNI (19627): cur_decoder get success
I/OMXClient(19627): Using client-side OMX mux.
E/OMXNodeInstance(  134): OMX_SetParameter() failed for StoreMetaDataInBuffers: 0x8000101a
E/ACodec  (19627): [OMX.rk.video_decoder.avc] storeMetaDataInBuffers failed w/ err -2147483648
I/vpu_mem_pool(  134): pid 134, open_vpu_memory_pool:447: success
I/PluginCallback(17635): handleMessage(140,TRIM_MEMORY) cost 0 ms
I/ActivityManager(  466): Process com.wukongtv.wkhelper.remoteplugin2 (pid 32093) has died.
I/H264_DEBUG(  134): init done status 0, ts_en = 0
D/BaseActivity(  747): onTrimMemory. level: 10
I/ActivityManager(  466): Process android:userExpericenceService (pid 16070) has died.
D/dalvikvm(19627): GC_FOR_ALLOC freed 8147K, 7% free 111918K/120092K, paused 74ms, total 74ms
V/AudioFlinger(  134): releasing 94 from 19627
V/AudioFlinger(  134):  decremented refcount to 0
V/AudioFlinger(  134): purging stale effects
V/AudioFlinger(  134): removeClient_l() pid 19627, calling pid 134
I/AudioTrack(19627): set() streamType 3 frameCount 12288 flags 0000 channelMask 3 sampleRate 44100 format 1
V/AudioFlinger(  134): createTrack() sessionId: 0
V/AudioFlinger(  134): createTrack() lSessionId: 95
V/AudioFlinger(  134): acquiring 95 from 19627
V/AudioFlinger(  134):  added new entry for 95
E/NetdConnector(  466): RCV <- {601 limit alert globalAlert eth0} with time:173397165
I/H264_DEBUG(  134): Width 960 Height 544
I/H264_DEBUG(  134): videoRange 0, matrixCoefficients 2
I/H264_DEBUG(  134): found skipRedundantSlices
V/TEA_JNI (19627): JNI--jni_tea_get_slice_domain_name, domainname is  k.cp31.ott.cibntv.net
D/dalvikvm(  466): GC_FOR_ALLOC freed 1618K, 37% free 6912K/10908K, paused 39ms, total 39ms
D/WindowManager(  466): action = 0
D/WindowManager(  466): hyq is down event 
D/WindowManager(  466): hyq lasteventDownTime=0
D/WindowManager(  466): hyq getEventTime()=173397202
I/com.app.core(  734): Hua.Wong......runWhenKeyPressed 
W/ContextImpl(  466): Calling a method in the system process without a qualified user: android.app.ContextImpl.sendBroadcast:1138 com.android.internal.policy.impl.PhoneWindowManager.interceptKeyBeforeQueueing:4448 com.android.server.wm.InputMonitor.interceptKeyBeforeQueueing:357 com.android.server.input.InputManagerService.interceptKeyBeforeQueueing:1332 dalvik.system.NativeStart.run:-2 
D/smy_FeedbackReceiver(18562): one mLastPressBackTime = 173392447
D/smy_FeedbackReceiver(18562): keyCode = 19
D/RemoteIME(  630): keycode: 19, realAction: true
E/NetdConnector(  466): RCV <- {200 6924 Tethering stats list completed} with time:173397212
I/System.out(19627): !!==!! xxxx 99999 BrowseFrameLayout
I/System.out(19627): !!==!! onChildViewHolderSelected
D/PageWithLoaderFragment(19627): onRowSelected 0
D/RemoteIME(  630): onFinishInput.
D/RemoteIME(  630): onStartInput  ccontentType: 0 Restarting:false
D/RemoteIME(  630): [requestInputWithHkb] estimate if number...
D/RemoteIME(  630): [requestInputWithHkb] mEditorInfo is: android.view.inputmethod.EditorInfo@4188d340
E/NetdConnector(  466): RCV <- {200 6925 Bandwidth command succeeeded} with time:173397253
D/WindowManager(  466): action = 1
D/WindowManager(  466): hyq lasteventDownTime=0
D/WindowManager(  466): hyq getEventTime()=173397298
D/WindowManager(  466): hyq lasteventDownTime=173397202
D/WindowManager(  466): hyq getEventTime()=173397298
E/WindowManager(  466): smy interceptKeyBeforeDispatching up !!! 
E/WindowManager(  466): smy interceptKeyBeforeDispatching up !!! screensaverDelay = -1
E/WindowManager(  466): smy interceptKeyBeforeDispatching up !!! sleepDelay = -1
D/RemoteIME(  630): keycode: 19, realAction: false
D/InputEventConsistencyVerifier(19627): KeyEvent: ACTION_UP but key was not down.
D/InputEventConsistencyVerifier(19627):   in com.tv.ui.view.RowContainerView{4570bec0 V.E..... ........ 0,-184-1920,715}
D/InputEventConsistencyVerifier(19627):   0: sent at 173397298000000, KeyEvent { action=ACTION_UP, keyCode=KEYCODE_DPAD_UP, scanCode=103, metaState=META_NUM_LOCK_ON, flags=0x8, repeatCount=0, eventTime=173397298, downTime=173397202, deviceId=1, source=0x101 }
D/InputEventConsistencyVerifier(19627):   -- recent events --
D/InputEventConsistencyVerifier(19627):   1: sent at 173379098000000, (unhandled) KeyEvent { action=ACTION_DOWN, keyCode=KEYCODE_DPAD_DOWN, scanCode=108, metaState=META_NUM_LOCK_ON, flags=0x8, repeatCount=0, eventTime=173379098, downTime=173379098, deviceId=1, source=0x101 }
D/InputEventConsistencyVerifier(19627):   2: sent at 173378970000000, (unhandled) KeyEvent { action=ACTION_UP, keyCode=KEYCODE_DPAD_DOWN, scanCode=108, metaState=META_NUM_LOCK_ON, flags=0x8, repeatCount=0, eventTime=173378970, downTime=173378866, deviceId=1, source=0x101 }
D/InputEventConsistencyVerifier(19627):   3: sent at 173378866000000, (unhandled) KeyEvent { action=ACTION_DOWN, keyCode=KEYCODE_DPAD_DOWN, scanCode=108, metaState=META_NUM_LOCK_ON, flags=0x8, repeatCount=0, eventTime=173378866, downTime=173378866, deviceId=1, source=0x101 }
D/InputEventConsistencyVerifier(19627):   4: sent at 173378754000000, (unhandled) KeyEvent { action=ACTION_UP, keyCode=KEYCODE_DPAD_DOWN, scanCode=108, metaState=META_NUM_LOCK_ON, flags=0x8, repeatCount=0, eventTime=173378754, downTime=173378650, deviceId=1, source=0x101 }
D/InputEventConsistencyVerifier(19627):   5: sent at 173378650000000, (unhandled) KeyEvent { action=ACTION_DOWN, keyCode=KEYCODE_DPAD_DOWN, scanCode=108, metaState=META_NUM_LOCK_ON, flags=0x8, repeatCount=0, eventTime=173378650, downTime=173378650, deviceId=1, source=0x101 }
E/youku_player_sdk_Track_ErrorMsg(19627): onPlayLoadingEnd loadingTime=615.0 loadingPosition=92.44 ,CurrentTime : 173397360
V/LocalBroadcastManager(19627): Resolving type null scheme null of intent Intent { act=action_ui_player_control_callback_changed (has extras) }
V/LocalBroadcastManager(19627): Action list: [Receiver{com.youku.tv.player.common.localbroadcast.DataBroadcast$1@42435d88 filter=android.content.IntentFilter@426934c0}, Receiver{com.youku.tv.player.common.localbroadcast.DataBroadcast$1@417bcd58 filter=android.content.IntentFilter@4240b9f0}]
V/LocalBroadcastManager(19627): Matching against filter android.content.IntentFilter@426934c0
V/LocalBroadcastManager(19627):   Filter matched!  match=0x108000
V/LocalBroadcastManager(19627): Matching against filter android.content.IntentFilter@4240b9f0
V/LocalBroadcastManager(19627):   Filter matched!  match=0x108000
V/LocalBroadcastManager(19627): Resolving type null scheme null of intent Intent { act=action_ui_player_control_callback_changed (has extras) }
V/LocalBroadcastManager(19627): Action list: [Receiver{com.youku.tv.player.common.localbroadcast.DataBroadcast$1@42435d88 filter=android.content.IntentFilter@426934c0}, Receiver{com.youku.tv.player.common.localbroadcast.DataBroadcast$1@417bcd58 filter=android.content.IntentFilter@4240b9f0}]
V/LocalBroadcastManager(19627): Matching against filter android.content.IntentFilter@426934c0
V/LocalBroadcastManager(19627):   Filter matched!  match=0x108000
V/LocalBroadcastManager(19627): Matching against filter android.content.IntentFilter@4240b9f0
V/LocalBroadcastManager(19627):   Filter matched!  match=0x108000
V/TEA_JNI (19627): JNI--jni_tea_media_player_play
I/AudioHardwareALSA(  134): Audio exiting sandby will open audio device
V/ALSAModule(  134): SAMPLERATE:44100
D/ALSAModule(  134): open called for devices 00000002 in mode 0...
D/ALSAModule(  134): DevName: AndroidPlayback_Speaker_normal
E/ALSAModule(  134): buffersize: 6144, periodsize:2048
V/ALSAModule(  134): Set PLAYBACK PCM format to S16_LE (Signed 16 bit Little Endian)
V/ALSAModule(  134): Using 2 channels for PLAYBACK.
V/ALSAModule(  134): Set PLAYBACK sample rate to 44100 HZ
E/ALSAModule(  134): audio type flag: 0
V/ALSAModule(  134): Buffer size: 6144(frames)  period Size: 2048(frames)  periods: 3 (buffersize=periodSize*periods)
V/ALSAModule(  134): Latency: 139319   periodTime: 46439
D/ALSAModule(  134): 
D/ALSAModule(  134): DumpHandleInfo:
D/ALSAModule(  134): devices: 0xbfff
D/ALSAModule(  134): format: 0x2
D/ALSAModule(  134): channels: 2
D/ALSAModule(  134): sampleRate: 44100
D/ALSAModule(  134): latency: 139319
D/ALSAModule(  134): periodSize:2048
D/ALSAModule(  134): bufferSize:6144
E/NetdConnector(  466): RCV <- {601 limit alert globalAlert lo} with time:173397569
E/NetdConnector(  466): RCV <- {200 6926 Tethering stats list completed} with time:173397577
E/NetdConnector(  466): RCV <- {200 6927 Bandwidth command succeeeded} with time:173397585
D/ACodec  (19627): que first frame for set xy
D/ACodec  (19627): dequeueBufferFromNativeWindow:something err
V/LocalBroadcastManager(19627): Resolving type null scheme null of intent Intent { act=action_ui_player_control_callback_changed (has extras) }
V/LocalBroadcastManager(19627): Action list: [Receiver{com.youku.tv.player.common.localbroadcast.DataBroadcast$1@42435d88 filter=android.content.IntentFilter@426934c0}, Receiver{com.youku.tv.player.common.localbroadcast.DataBroadcast$1@417bcd58 filter=android.content.IntentFilter@4240b9f0}]
V/LocalBroadcastManager(19627): Matching against filter android.content.IntentFilter@426934c0
V/LocalBroadcastManager(19627):   Filter matched!  match=0x108000
V/LocalBroadcastManager(19627): Matching against filter android.content.IntentFilter@4240b9f0
V/LocalBroadcastManager(19627):   Filter matched!  match=0x108000
D/PlayerControlFragment(19627): updateProgressBubble progress:91920
D/PlayerControlFragment(19627): updateProgressBubble  seekbarWidth:604 bubbleWidth:99 seekBarMax : 3316200  seekBarLeft: 315
D/PlayerControlFragment(19627): updateProgressBubble leftMargin:282 bubbleParentWidth 894
D/hwcomposer(  131): pFrame->Res[3] = -2004450946 
D/ACodec  (19627): open fb1 success
D/ACodec  (19627): dequeueBufferFromNativeWindow renderBuffer:time not enough
D/hwcomposer(  131): pFrame->Res[3] = -2004450946 
D/ACodec  (19627): dequeueBufferFromNativeWindow renderBuffer:time not enough
V/LocalBroadcastManager(19627): Resolving type null scheme null of intent Intent { act=action_ui_player_control_callback_changed (has extras) }
V/LocalBroadcastManager(19627): Action list: [Receiver{com.youku.tv.player.common.localbroadcast.DataBroadcast$1@42435d88 filter=android.content.IntentFilter@426934c0}, Receiver{com.youku.tv.player.common.localbroadcast.DataBroadcast$1@417bcd58 filter=android.content.IntentFilter@4240b9f0}]
V/LocalBroadcastManager(19627): Matching against filter android.content.IntentFilter@426934c0
V/LocalBroadcastManager(19627):   Filter matched!  match=0x108000
V/LocalBroadcastManager(19627): Matching against filter android.content.IntentFilter@4240b9f0
V/LocalBroadcastManager(19627):   Filter matched!  match=0x108000
D/PlayerControlFragment(19627): updateProgressBubble progress:92120
D/PlayerControlFragment(19627): updateProgressBubble  seekbarWidth:604 bubbleWidth:95 seekBarMax : 3316200  seekBarLeft: 315
D/PlayerControlFragment(19627): updateProgressBubble leftMargin:284 bubbleParentWidth 894
E/NetdConnector(  466): RCV <- {601 limit alert globalAlert eth0} with time:173398129
E/NetdConnector(  466): RCV <- {200 6928 Tethering stats list completed} with time:173398140
V/LocalBroadcastManager(19627): Resolving type null scheme null of intent Intent { act=action_ui_player_control_callback_changed (has extras) }
V/LocalBroadcastManager(19627): Action list: [Receiver{com.youku.tv.player.common.localbroadcast.DataBroadcast$1@42435d88 filter=android.content.IntentFilter@426934c0}, Receiver{com.youku.tv.player.common.localbroadcast.DataBroadcast$1@417bcd58 filter=android.content.IntentFilter@4240b9f0}]
V/LocalBroadcastManager(19627): Matching against filter android.content.IntentFilter@426934c0
V/LocalBroadcastManager(19627):   Filter matched!  match=0x108000
V/LocalBroadcastManager(19627): Matching against filter android.content.IntentFilter@4240b9f0
V/LocalBroadcastManager(19627):   Filter matched!  match=0x108000
D/PlayerControlFragment(19627): updateProgressBubble progress:92320
D/PlayerControlFragment(19627): updateProgressBubble  seekbarWidth:604 bubbleWidth:99 seekBarMax : 3316200  seekBarLeft: 315
D/PlayerControlFragment(19627): updateProgressBubble leftMargin:282 bubbleParentWidth 894
E/NetdConnector(  466): RCV <- {200 6929 Bandwidth command succeeeded} with time:173398204
V/LocalBroadcastManager(19627): Resolving type null scheme null of intent Intent { act=action_ui_player_control_callback_changed (has extras) }
V/LocalBroadcastManager(19627): Action list: [Receiver{com.youku.tv.player.common.localbroadcast.DataBroadcast$1@42435d88 filter=android.content.IntentFilter@426934c0}, Receiver{com.youku.tv.player.common.localbroadcast.DataBroadcast$1@417bcd58 filter=android.content.IntentFilter@4240b9f0}]
V/LocalBroadcastManager(19627): Matching against filter android.content.IntentFilter@426934c0
V/LocalBroadcastManager(19627):   Filter matched!  match=0x108000
V/LocalBroadcastManager(19627): Matching against filter android.content.IntentFilter@4240b9f0
V/LocalBroadcastManager(19627):   Filter matched!  match=0x108000
D/PlayerControlFragment(19627): updateProgressBubble progress:92520
D/PlayerControlFragment(19627): updateProgressBubble  seekbarWidth:604 bubbleWidth:99 seekBarMax : 3316200  seekBarLeft: 315
D/PlayerControlFragment(19627): updateProgressBubble leftMargin:282 bubbleParentWidth 894
D/WindowManager(  466): action = 0
D/WindowManager(  466): hyq is down event 
D/WindowManager(  466): hyq lasteventDownTime=0
D/WindowManager(  466): hyq getEventTime()=173398490
I/com.app.core(  734): Hua.Wong......runWhenKeyPressed 
W/ContextImpl(  466): Calling a method in the system process without a qualified user: android.app.ContextImpl.sendBroadcast:1138 com.android.internal.policy.impl.PhoneWindowManager.interceptKeyBeforeQueueing:4448 com.android.server.wm.InputMonitor.interceptKeyBeforeQueueing:357 com.android.server.input.InputManagerService.interceptKeyBeforeQueueing:1332 dalvik.system.NativeStart.run:-2 
D/smy_FeedbackReceiver(18562): one mLastPressBackTime = 173392447
D/smy_FeedbackReceiver(18562): keyCode = 22
D/RemoteIME(  630): keycode: 22, realAction: true
D/RemoteIME(  630): onFinishInput.
D/RemoteIME(  630): onStartInput  ccontentType: 0 Restarting:false
D/RemoteIME(  630): [requestInputWithHkb] estimate if number...
D/RemoteIME(  630): [requestInputWithHkb] mEditorInfo is: android.view.inputmethod.EditorInfo@4188dbb8
V/LocalBroadcastManager(19627): Resolving type null scheme null of intent Intent { act=action_ui_player_control_callback_changed (has extras) }
V/LocalBroadcastManager(19627): Action list: [Receiver{com.youku.tv.player.common.localbroadcast.DataBroadcast$1@42435d88 filter=android.content.IntentFilter@426934c0}, Receiver{com.youku.tv.player.common.localbroadcast.DataBroadcast$1@417bcd58 filter=android.content.IntentFilter@4240b9f0}]
V/LocalBroadcastManager(19627): Matching against filter android.content.IntentFilter@426934c0
V/LocalBroadcastManager(19627):   Filter matched!  match=0x108000
V/LocalBroadcastManager(19627): Matching against filter android.content.IntentFilter@4240b9f0
V/LocalBroadcastManager(19627):   Filter matched!  match=0x108000
D/hwcomposer(  131): pFrame->Res[3] = -2004450946 
D/PlayerControlFragment(19627): updateProgressBubble progress:92720
D/PlayerControlFragment(19627): updateProgressBubble  seekbarWidth:604 bubbleWidth:99 seekBarMax : 3316200  seekBarLeft: 315
D/PlayerControlFragment(19627): updateProgressBubble leftMargin:282 bubbleParentWidth 894
D/hwcomposer(  131): pFrame->Res[3] = -2004450946 
D/WindowManager(  466): action = 1
D/WindowManager(  466): hyq lasteventDownTime=0
D/WindowManager(  466): hyq getEventTime()=173398642
D/WindowManager(  466): hyq lasteventDownTime=173398490
D/WindowManager(  466): hyq getEventTime()=173398642
E/WindowManager(  466): smy interceptKeyBeforeDispatching up !!! 
E/WindowManager(  466): smy interceptKeyBeforeDispatching up !!! screensaverDelay = -1
E/WindowManager(  466): smy interceptKeyBeforeDispatching up !!! sleepDelay = -1
D/RemoteIME(  630): keycode: 22, realAction: false
D/InputEventConsistencyVerifier(19627): KeyEvent: ACTION_UP but key was not down.
D/InputEventConsistencyVerifier(19627):   in android.widget.FrameLayout{48adda28 VFE..... .F...... 160,0-310,70 #7f10015e app:id/item_layout}
D/InputEventConsistencyVerifier(19627):   0: sent at 173398642000000, KeyEvent { action=ACTION_UP, keyCode=KEYCODE_DPAD_RIGHT, scanCode=106, metaState=META_NUM_LOCK_ON, flags=0x8, repeatCount=0, eventTime=173398642, downTime=173398490, deviceId=1, source=0x101 }
V/LocalBroadcastManager(19627): Resolving type null scheme null of intent Intent { act=action_ui_player_control_callback_changed (has extras) }
V/LocalBroadcastManager(19627): Action list: [Receiver{com.youku.tv.player.common.localbroadcast.DataBroadcast$1@42435d88 filter=android.content.IntentFilter@426934c0}, Receiver{com.youku.tv.player.common.localbroadcast.DataBroadcast$1@417bcd58 filter=android.content.IntentFilter@4240b9f0}]
V/LocalBroadcastManager(19627): Matching against filter android.content.IntentFilter@426934c0
V/LocalBroadcastManager(19627):   Filter matched!  match=0x108000
V/LocalBroadcastManager(19627): Matching against filter android.content.IntentFilter@4240b9f0
V/LocalBroadcastManager(19627):   Filter matched!  match=0x108000
D/PlayerControlFragment(19627): updateProgressBubble progress:92920
D/PlayerControlFragment(19627): updateProgressBubble  seekbarWidth:604 bubbleWidth:99 seekBarMax : 3316200  seekBarLeft: 315
D/PlayerControlFragment(19627): updateProgressBubble leftMargin:282 bubbleParentWidth 894
E/NetdConnector(  466): RCV <- {601 limit alert globalAlert eth0} with time:173398766
E/NetdConnector(  466): RCV <- {200 6930 Tethering stats list completed} with time:173398777
E/NetdConnector(  466): RCV <- {200 6931 Bandwidth command succeeeded} with time:173398786
D/DeviceFinderManager( 1646): alarmComing
D/DeviceFinderManager( 1646): rescheduleDeviceBroadcase
V/LocalBroadcastManager(19627): Resolving type null scheme null of intent Intent { act=action_ui_player_control_callback_changed (has extras) }
V/LocalBroadcastManager(19627): Action list: [Receiver{com.youku.tv.player.common.localbroadcast.DataBroadcast$1@42435d88 filter=android.content.IntentFilter@426934c0}, Receiver{com.youku.tv.player.common.localbroadcast.DataBroadcast$1@417bcd58 filter=android.content.IntentFilter@4240b9f0}]
V/LocalBroadcastManager(19627): Matching against filter android.content.IntentFilter@426934c0
V/LocalBroadcastManager(19627):   Filter matched!  match=0x108000
V/LocalBroadcastManager(19627): Matching against filter android.content.IntentFilter@4240b9f0
V/LocalBroadcastManager(19627):   Filter matched!  match=0x108000
D/DeviceFinderManager( 1646): bootup
D/DeviceHelper( 1646): ro.build.characteristics = tablet
D/PlayerControlFragment(19627): updateProgressBubble progress:93120
D/PlayerControlFragment(19627): updateProgressBubble  seekbarWidth:604 bubbleWidth:99 seekBarMax : 3316200  seekBarLeft: 315
D/PlayerControlFragment(19627): updateProgressBubble leftMargin:282 bubbleParentWidth 894
D/udp connect( 1646): startup the command is from mobile device =YK-K1rockchip
D/WindowManager(  466): action = 0
D/WindowManager(  466): hyq is down event 
D/WindowManager(  466): hyq lasteventDownTime=0
D/WindowManager(  466): hyq getEventTime()=173399098
D/RemoteIME(  630): keycode: 20, realAction: true
I/com.app.core(  734): Hua.Wong......runWhenKeyPressed 
D/smy_FeedbackReceiver(18562): one mLastPressBackTime = 173392447
D/smy_FeedbackReceiver(18562): keyCode = 20
D/smy_FeedbackReceiver(18562): curPressBackTime - mLastPressBackTime = 6656, mBackPressCounts = 1
D/smy_FeedbackReceiver(18562): mLastPressBackTime = 173399103
I/System.out(19627): !!==!! onChildViewHolderSelected
D/PageWithLoaderFragment(19627): onRowSelected 1
D/BackgroundHelper(19627):  clearBackground  level:0 backgroundManager:com.tv.background.BackgroundManager@41a8f1c0 mBackgroundLevel1:null mBackgroundLevel2:null mDefaultBackground:android.graphics.drawable.LayerDrawable@41a67740
V/BackgroundManager(19627): setBackgroundDrawable android.graphics.drawable.LayerDrawable@41a67740
V/BackgroundManager(19627): new drawable same as pending
W/ContextImpl(  466): Calling a method in the system process without a qualified user: android.app.ContextImpl.sendBroadcast:1138 com.android.internal.policy.impl.PhoneWindowManager.interceptKeyBeforeQueueing:4448 com.android.server.wm.InputMonitor.interceptKeyBeforeQueueing:357 com.android.server.input.InputManagerService.interceptKeyBeforeQueueing:1332 dalvik.system.NativeStart.run:-2 
D/RemoteIME(  630): onFinishInput.
D/RemoteIME(  630): onStartInput  ccontentType: 0 Restarting:false
D/RemoteIME(  630): [requestInputWithHkb] estimate if number...
D/RemoteIME(  630): [requestInputWithHkb] mEditorInfo is: android.view.inputmethod.EditorInfo@418b3768
D/hwcomposer(  131): pFrame->Res[3] = -2004450946 
D/hwcomposer(  131): pFrame->Res[3] = -2004450946 
D/hwcomposer(  131): pFrame->Res[3] = -2004450946 
V/LocalBroadcastManager(19627): Resolving type null scheme null of intent Intent { act=action_ui_player_control_callback_changed (has extras) }
V/LocalBroadcastManager(19627): Action list: [Receiver{com.youku.tv.player.common.localbroadcast.DataBroadcast$1@42435d88 filter=android.content.IntentFilter@426934c0}, Receiver{com.youku.tv.player.common.localbroadcast.DataBroadcast$1@417bcd58 filter=android.content.IntentFilter@4240b9f0}]
V/LocalBroadcastManager(19627): Matching against filter android.content.IntentFilter@426934c0
V/LocalBroadcastManager(19627):   Filter matched!  match=0x108000
V/LocalBroadcastManager(19627): Matching against filter android.content.IntentFilter@4240b9f0
V/LocalBroadcastManager(19627):   Filter matched!  match=0x108000
D/hwcomposer(  131): pFrame->Res[3] = -2004450946 
D/PlayerControlFragment(19627): updateProgressBubble progress:93320
D/PlayerControlFragment(19627): updateProgressBubble  seekbarWidth:604 bubbleWidth:99 seekBarMax : 3316200  seekBarLeft: 315
D/PlayerControlFragment(19627): updateProgressBubble leftMargin:282 bubbleParentWidth 894
D/hwcomposer(  131): pFrame->Res[3] = -2004450946 
D/WindowManager(  466): action = 1
D/WindowManager(  466): hyq lasteventDownTime=0
D/WindowManager(  466): hyq getEventTime()=173399194
D/WindowManager(  466): hyq lasteventDownTime=173399098
D/WindowManager(  466): hyq getEventTime()=173399194
E/WindowManager(  466): smy interceptKeyBeforeDispatching up !!! 
E/WindowManager(  466): smy interceptKeyBeforeDispatching up !!! screensaverDelay = -1
E/WindowManager(  466): smy interceptKeyBeforeDispatching up !!! sleepDelay = -1
D/RemoteIME(  630): keycode: 20, realAction: false
D/hwcomposer(  131): pFrame->Res[3] = -2004450946 
D/InputEventConsistencyVerifier(19627): KeyEvent: ACTION_UP but key was not down.
D/InputEventConsistencyVerifier(19627):   in android.widget.RelativeLayout{457d2a88 VFE...C. .FS..... 0,8-240,288}
D/InputEventConsistencyVerifier(19627):   0: sent at 173399194000000, KeyEvent { action=ACTION_UP, keyCode=KEYCODE_DPAD_DOWN, scanCode=108, metaState=META_NUM_LOCK_ON, flags=0x8, repeatCount=0, eventTime=173399194, downTime=173399098, deviceId=1, source=0x101 }
D/InputEventConsistencyVerifier(19627):   -- recent events --
D/InputEventConsistencyVerifier(19627):   1: sent at 173397202000000, (unhandled) KeyEvent { action=ACTION_DOWN, keyCode=KEYCODE_DPAD_UP, scanCode=103, metaState=META_NUM_LOCK_ON, flags=0x8, repeatCount=0, eventTime=173397202, downTime=173397202, deviceId=1, source=0x101 }
D/InputEventConsistencyVerifier(19627):   2: sent at 173396698000000, (unhandled) KeyEvent { action=ACTION_UP, keyCode=KEYCODE_DPAD_UP, scanCode=103, metaState=META_NUM_LOCK_ON, flags=0x80000008, repeatCount=0, eventTime=173396698, downTime=173396594, deviceId=1, source=0x101 }
E/NetdConnector(  466): RCV <- {601 limit alert globalAlert eth0} with time:173399234
D/hwcomposer(  131): pFrame->Res[3] = -2004450946 
E/NetdConnector(  466): RCV <- {200 6932 Tethering stats list completed} with time:173399243
D/hwcomposer(  131): pFrame->Res[3] = -2004450946 
