D/BackgroundHelper(19627):  clearBackground  level:0 backgroundManager:com.tv.background.BackgroundManager@41a8f1c0 mBackgroundLevel1:null mBackgroundLevel2:null mDefaultBackground:android.graphics.drawable.LayerDrawable@41a67740
V/BackgroundManager(19627): setBackgroundDrawable android.graphics.drawable.LayerDrawable@41a67740
V/BackgroundManager(19627): new drawable same as pending
D/RemoteIME(  630): onFinishInput.
D/RemoteIME(  630): onStartInput  ccontentType: 0 Restarting:false
D/RemoteIME(  630): [requestInputWithHkb] estimate if number...
D/RemoteIME(  630): [requestInputWithHkb] mEditorInfo is: android.view.inputmethod.EditorInfo@4188f350
D/DisplayItemSelector(19627): ui_type:block_grid_classic id:21102 title: unitary:false
D/DisplayItemSelector(19627): presenter  com.tv.ui.presenter.CardBasicClassicPresenter@44206ce0
D/WindowManager(  466): action = 1
D/WindowManager(  466): hyq lasteventDownTime=0
D/WindowManager(  466): hyq getEventTime()=173380170
D/WindowManager(  466): hyq lasteventDownTime=173380066
D/WindowManager(  466): hyq getEventTime()=173380170
E/WindowManager(  466): smy interceptKeyBeforeDispatching up !!! 
E/WindowManager(  466): smy interceptKeyBeforeDispatching up !!! screensaverDelay = -1
E/WindowManager(  466): smy interceptKeyBeforeDispatching up !!! sleepDelay = -1
D/dalvikvm(19627): GC_FOR_ALLOC freed 168K, 5% free 82582K/86228K, paused 49ms, total 50ms
D/WindowManager(  466): action = 0
D/WindowManager(  466): hyq is down event 
D/WindowManager(  466): hyq lasteventDownTime=0
D/WindowManager(  466): hyq getEventTime()=173380290
I/com.app.core(  734): Hua.Wong......runWhenKeyPressed 
D/smy_FeedbackReceiver(18562): one mLastPressBackTime = 173380068
D/smy_FeedbackReceiver(18562): keyCode = 20
D/smy_FeedbackReceiver(18562): mBackPressCounts = 2
D/smy_FeedbackReceiver(18562): mLastPressBackTime = 173380293
W/ContextImpl(  466): Calling a method in the system process without a qualified user: android.app.ContextImpl.sendBroadcast:1138 com.android.internal.policy.impl.PhoneWindowManager.interceptKeyBeforeQueueing:4448 com.android.server.wm.InputMonitor.interceptKeyBeforeQueueing:357 com.android.server.input.InputManagerService.interceptKeyBeforeQueueing:1332 dalvik.system.NativeStart.run:-2 
D/RemoteIME(  630): keycode: 20, realAction: false
W/ResourceType(19627): No package identifier when getting name for resource number 0x00018a89
D/InputEventConsistencyVerifier(19627): KeyEvent: ACTION_UP but key was not down.
D/InputEventConsistencyVerifier(19627):   in com.tv.ui.view.CardViewBase{425d6978 VFE...C. .FS..... 0,454-240,858 #18a89}
D/InputEventConsistencyVerifier(19627):   0: sent at 173380170000000, KeyEvent { action=ACTION_UP, keyCode=KEYCODE_DPAD_DOWN, scanCode=108, metaState=META_NUM_LOCK_ON, flags=0x8, repeatCount=0, eventTime=173380170, downTime=173380066, deviceId=1, source=0x101 }
D/RemoteIME(  630): keycode: 20, realAction: true
I/System.out(19627): !!==!! onChildViewHolderSelected
D/PageWithLoaderFragment(19627): onRowSelected 5
D/BackgroundHelper(19627):  clearBackground  level:0 backgroundManager:com.tv.background.BackgroundManager@41a8f1c0 mBackgroundLevel1:null mBackgroundLevel2:null mDefaultBackground:android.graphics.drawable.LayerDrawable@41a67740
V/BackgroundManager(19627): setBackgroundDrawable android.graphics.drawable.LayerDrawable@41a67740
V/BackgroundManager(19627): new drawable same as pending
D/RemoteIME(  630): onFinishInput.
D/RemoteIME(  630): onStartInput  ccontentType: 0 Restarting:false
D/RemoteIME(  630): [requestInputWithHkb] estimate if number...
D/RemoteIME(  630): [requestInputWithHkb] mEditorInfo is: android.view.inputmethod.EditorInfo@41882760
D/WindowManager(  466): action = 1
D/WindowManager(  466): hyq lasteventDownTime=0
D/WindowManager(  466): hyq getEventTime()=173380426
D/WindowManager(  466): hyq lasteventDownTime=173380290
D/WindowManager(  466): hyq getEventTime()=173380426
E/WindowManager(  466): smy interceptKeyBeforeDispatching up !!! 
E/WindowManager(  466): smy interceptKeyBeforeDispatching up !!! screensaverDelay = -1
E/WindowManager(  466): smy interceptKeyBeforeDispatching up !!! sleepDelay = -1
D/RemoteIME(  630): keycode: 20, realAction: false
D/InputEventConsistencyVerifier(19627): KeyEvent: ACTION_UP but key was not down.
D/InputEventConsistencyVerifier(19627):   in com.tv.ui.view.RowContainerView{45e21fd8 V.E..... ........ 0,329-1920,1338}
D/InputEventConsistencyVerifier(19627):   0: sent at 173380426000000, KeyEvent { action=ACTION_UP, keyCode=KEYCODE_DPAD_DOWN, scanCode=108, metaState=META_NUM_LOCK_ON, flags=0x8, repeatCount=0, eventTime=173380426, downTime=173380290, deviceId=1, source=0x101 }
I/System.out(19627): !!==!! xxxx 99999 BrowseFrameLayout
D/DisplayItemSelector(19627): ui_type:block_grid_classic_same id:20102 title: unitary:true
D/DisplayItemSelector(19627): presenter  com.tv.ui.presenter.CardBasicClassicPresenter@44206ce0
D/WindowManager(  466): action = 0
D/WindowManager(  466): hyq is down event 
D/WindowManager(  466): hyq lasteventDownTime=0
D/WindowManager(  466): hyq getEventTime()=173380602
I/com.app.core(  734): Hua.Wong......runWhenKeyPressed 
D/smy_FeedbackReceiver(18562): one mLastPressBackTime = 173380293
D/smy_FeedbackReceiver(18562): keyCode = 20
D/smy_FeedbackReceiver(18562): mBackPressCounts = 3
D/smy_FeedbackReceiver(18562): start service
D/smy_FeedbackReceiver(18562): mLastPressBackTime = 173380605
W/ContextImpl(  466): Calling a method in the system process without a qualified user: android.app.ContextImpl.sendBroadcast:1138 com.android.internal.policy.impl.PhoneWindowManager.interceptKeyBeforeQueueing:4448 com.android.server.wm.InputMonitor.interceptKeyBeforeQueueing:357 com.android.server.input.InputManagerService.interceptKeyBeforeQueueing:1332 dalvik.system.NativeStart.run:-2 
W/ContextImpl(18562): Calling a method in the system process without a qualified user: android.app.ContextImpl.startService:1494 android.content.ContextWrapper.startService:494 android.content.ContextWrapper.startService:494 com.tvbox.feedback.FeedbackReceiver.onReceive:34 android.app.ActivityThread.handleReceiver:2419 
D/dalvikvm(19627): GC_FOR_ALLOC freed 135K, 4% free 86575K/90008K, paused 71ms, total 71ms
D/WindowManager(  466): action = 1
D/WindowManager(  466): hyq lasteventDownTime=0
D/WindowManager(  466): hyq getEventTime()=173380746
D/WindowManager(  466): hyq lasteventDownTime=173380602
D/WindowManager(  466): hyq getEventTime()=173380746
E/WindowManager(  466): smy interceptKeyBeforeDispatching up !!! 
E/WindowManager(  466): smy interceptKeyBeforeDispatching up !!! screensaverDelay = -1
E/WindowManager(  466): smy interceptKeyBeforeDispatching up !!! sleepDelay = -1
D/dalvikvm(19627): GC_FOR_ALLOC freed 53K, 4% free 90499K/93828K, paused 66ms, total 66ms
D/RemoteIME(  630): keycode: 20, realAction: true
D/WindowManager(  466): action = 0
W/ContextImpl(  466): Calling a method in the system process without a qualified user: android.app.ContextImpl.sendBroadcast:1138 com.android.internal.policy.impl.PhoneWindowManager.interceptKeyBeforeQueueing:4448 com.android.server.wm.InputMonitor.interceptKeyBeforeQueueing:357 com.android.server.input.InputManagerService.interceptKeyBeforeQueueing:1332 dalvik.system.NativeStart.run:-2 
D/WindowManager(  466): hyq is down event 
D/WindowManager(  466): hyq lasteventDownTime=0
D/WindowManager(  466): hyq getEventTime()=173380858
I/com.app.core(  734): Hua.Wong......runWhenKeyPressed 
D/smy_FeedbackReceiver(18562): one mLastPressBackTime = 173380605
D/smy_FeedbackReceiver(18562): keyCode = 20
D/smy_FeedbackReceiver(18562): mBackPressCounts = 1
D/smy_FeedbackReceiver(18562): mLastPressBackTime = 173380862
I/System.out(19627): !!==!! onChildViewHolderSelected
D/PageWithLoaderFragment(19627): onRowSelected 5
D/BackgroundHelper(19627):  clearBackground  level:0 backgroundManager:com.tv.background.BackgroundManager@41a8f1c0 mBackgroundLevel1:null mBackgroundLevel2:null mDefaultBackground:android.graphics.drawable.LayerDrawable@41a67740
V/BackgroundManager(19627): setBackgroundDrawable android.graphics.drawable.LayerDrawable@41a67740
V/BackgroundManager(19627): new drawable same as pending
D/RemoteIME(  630): keycode: 20, realAction: false
W/ResourceType(19627): No package identifier when getting name for resource number 0x00018a89
D/InputEventConsistencyVerifier(19627): KeyEvent: ACTION_UP but key was not down.
D/InputEventConsistencyVerifier(19627):   in com.tv.ui.view.CardViewBase{45eca610 VFE...C. .FS...ID 0,454-240,858 #18a89}
D/InputEventConsistencyVerifier(19627):   0: sent at 173380746000000, KeyEvent { action=ACTION_UP, keyCode=KEYCODE_DPAD_DOWN, scanCode=108, metaState=META_NUM_LOCK_ON, flags=0x8, repeatCount=0, eventTime=173380746, downTime=173380602, deviceId=1, source=0x101 }
D/RemoteIME(  630): keycode: 20, realAction: true
I/System.out(19627): !!==!! onChildViewHolderSelected
D/PageWithLoaderFragment(19627): onRowSelected 6
D/BackgroundHelper(19627):  clearBackground  level:0 backgroundManager:com.tv.background.BackgroundManager@41a8f1c0 mBackgroundLevel1:null mBackgroundLevel2:null mDefaultBackground:android.graphics.drawable.LayerDrawable@41a67740
V/BackgroundManager(19627): setBackgroundDrawable android.graphics.drawable.LayerDrawable@41a67740
V/BackgroundManager(19627): new drawable same as pending
D/RemoteIME(  630): onFinishInput.
D/RemoteIME(  630): onStartInput  ccontentType: 0 Restarting:false
D/RemoteIME(  630): [requestInputWithHkb] estimate if number...
D/RemoteIME(  630): [requestInputWithHkb] mEditorInfo is: android.view.inputmethod.EditorInfo@41874390
D/WindowManager(  466): action = 1
D/WindowManager(  466): hyq lasteventDownTime=0
D/WindowManager(  466): hyq getEventTime()=173380970
D/WindowManager(  466): hyq lasteventDownTime=173380858
D/WindowManager(  466): hyq getEventTime()=173380970
E/WindowManager(  466): smy interceptKeyBeforeDispatching up !!! 
E/WindowManager(  466): smy interceptKeyBeforeDispatching up !!! screensaverDelay = -1
E/WindowManager(  466): smy interceptKeyBeforeDispatching up !!! sleepDelay = -1
D/RemoteIME(  630): keycode: 20, realAction: false
D/DisplayItemSelector(19627): ui_type:block_grid_classic_same id:20102 title: unitary:true
D/DisplayItemSelector(19627): presenter  com.tv.ui.presenter.CardBasicClassicPresenter@44206ce0
E/NetdConnector(  466): RCV <- {601 limit alert globalAlert eth0} with time:173381029
E/NetdConnector(  466): RCV <- {200 6906 Tethering stats list completed} with time:173381036
E/NetdConnector(  466): RCV <- {200 6907 Bandwidth command succeeeded} with time:173381041
D/dalvikvm(19627): GC_FOR_ALLOC freed 141K, 4% free 94376K/97688K, paused 60ms, total 60ms
D/InputEventConsistencyVerifier(19627): KeyEvent: ACTION_UP but key was not down.
D/InputEventConsistencyVerifier(19627):   in com.tv.ui.view.RowContainerView{45b4f548 V.E..... ........ 0,497-1920,1051}
D/InputEventConsistencyVerifier(19627):   0: sent at 173380970000000, KeyEvent { action=ACTION_UP, keyCode=KEYCODE_DPAD_DOWN, scanCode=108, metaState=META_NUM_LOCK_ON, flags=0x8, repeatCount=0, eventTime=173380970, downTime=173380858, deviceId=1, source=0x101 }
D/WindowManager(  466): action = 0
D/WindowManager(  466): hyq is down event 
D/WindowManager(  466): hyq lasteventDownTime=0
D/WindowManager(  466): hyq getEventTime()=173381130
I/com.app.core(  734): Hua.Wong......runWhenKeyPressed 
D/smy_FeedbackReceiver(18562): one mLastPressBackTime = 173380862
D/smy_FeedbackReceiver(18562): keyCode = 20
D/smy_FeedbackReceiver(18562): mBackPressCounts = 2
D/smy_FeedbackReceiver(18562): mLastPressBackTime = 173381133
W/ContextImpl(  466): Calling a method in the system process without a qualified user: android.app.ContextImpl.sendBroadcast:1138 com.android.internal.policy.impl.PhoneWindowManager.interceptKeyBeforeQueueing:4448 com.android.server.wm.InputMonitor.interceptKeyBeforeQueueing:357 com.android.server.input.InputManagerService.interceptKeyBeforeQueueing:1332 dalvik.system.NativeStart.run:-2 
D/RemoteIME(  630): keycode: 20, realAction: true
I/System.out(19627): !!==!! xxxx 99999 BrowseFrameLayout
I/System.out(19627): !!==!! onChildViewHolderSelected
D/PageWithLoaderFragment(19627): onRowSelected 7
D/BackgroundHelper(19627):  clearBackground  level:0 backgroundManager:com.tv.background.BackgroundManager@41a8f1c0 mBackgroundLevel1:null mBackgroundLevel2:null mDefaultBackground:android.graphics.drawable.LayerDrawable@41a67740
V/BackgroundManager(19627): setBackgroundDrawable android.graphics.drawable.LayerDrawable@41a67740
V/BackgroundManager(19627): new drawable same as pending
D/RemoteIME(  630): onFinishInput.
D/RemoteIME(  630): onStartInput  ccontentType: 0 Restarting:false
D/RemoteIME(  630): [requestInputWithHkb] estimate if number...
D/RemoteIME(  630): [requestInputWithHkb] mEditorInfo is: android.view.inputmethod.EditorInfo@41867b10
V/LocalBroadcastManager(19627): Resolving type null scheme null of intent Intent { act=action_ui_player_control_callback_changed (has extras) }
V/LocalBroadcastManager(19627): Action list: [Receiver{com.youku.tv.player.common.localbroadcast.DataBroadcast$1@42435d88 filter=android.content.IntentFilter@426934c0}, Receiver{com.youku.tv.player.common.localbroadcast.DataBroadcast$1@417bcd58 filter=android.content.IntentFilter@4240b9f0}]
V/LocalBroadcastManager(19627): Matching against filter android.content.IntentFilter@426934c0
V/LocalBroadcastManager(19627):   Filter matched!  match=0x108000
V/LocalBroadcastManager(19627): Matching against filter android.content.IntentFilter@4240b9f0
V/LocalBroadcastManager(19627):   Filter matched!  match=0x108000
D/DisplayItemSelector(19627): ui_type:block_grid_classic_same id:20102 title: unitary:true
D/DisplayItemSelector(19627): presenter  com.tv.ui.presenter.CardBasicClassicPresenter@44206ce0
D/WindowManager(  466): action = 1
D/WindowManager(  466): hyq lasteventDownTime=0
D/WindowManager(  466): hyq getEventTime()=173381274
D/WindowManager(  466): hyq lasteventDownTime=173381130
D/WindowManager(  466): hyq getEventTime()=173381274
E/WindowManager(  466): smy interceptKeyBeforeDispatching up !!! 
E/WindowManager(  466): smy interceptKeyBeforeDispatching up !!! screensaverDelay = -1
E/WindowManager(  466): smy interceptKeyBeforeDispatching up !!! sleepDelay = -1
D/dalvikvm(19627): GC_FOR_ALLOC freed 115K, 4% free 99088K/102408K, paused 58ms, total 58ms
D/WindowManager(  466): action = 0
D/WindowManager(  466): hyq is down event 
D/WindowManager(  466): hyq lasteventDownTime=0
D/WindowManager(  466): hyq getEventTime()=173381394
I/com.app.core(  734): Hua.Wong......runWhenKeyPressed 
D/smy_FeedbackReceiver(18562): one mLastPressBackTime = 173381133
D/smy_FeedbackReceiver(18562): keyCode = 20
D/smy_FeedbackReceiver(18562): mBackPressCounts = 3
D/smy_FeedbackReceiver(18562): start service
D/smy_FeedbackReceiver(18562): mLastPressBackTime = 173381396
W/ContextImpl(  466): Calling a method in the system process without a qualified user: android.app.ContextImpl.sendBroadcast:1138 com.android.internal.policy.impl.PhoneWindowManager.interceptKeyBeforeQueueing:4448 com.android.server.wm.InputMonitor.interceptKeyBeforeQueueing:357 com.android.server.input.InputManagerService.interceptKeyBeforeQueueing:1332 dalvik.system.NativeStart.run:-2 
W/ContextImpl(18562): Calling a method in the system process without a qualified user: android.app.ContextImpl.startService:1494 android.content.ContextWrapper.startService:494 android.content.ContextWrapper.startService:494 com.tvbox.feedback.FeedbackReceiver.onReceive:34 android.app.ActivityThread.handleReceiver:2419 
D/dalvikvm(19627): GC_FOR_ALLOC freed 36K, 4% free 102952K/106188K, paused 59ms, total 59ms
D/RemoteIME(  630): keycode: 20, realAction: false
D/InputEventConsistencyVerifier(19627): KeyEvent: ACTION_UP but key was not down.
D/InputEventConsistencyVerifier(19627):   in com.tv.ui.view.CardViewBase{45850a78 VFE...C. .FS..A.. 0,0-240,406}
D/InputEventConsistencyVerifier(19627):   0: sent at 173381274000000, KeyEvent { action=ACTION_UP, keyCode=KEYCODE_DPAD_DOWN, scanCode=108, metaState=META_NUM_LOCK_ON, flags=0x8, repeatCount=0, eventTime=173381274, downTime=173381130, deviceId=1, source=0x101 }
D/RemoteIME(  630): keycode: 20, realAction: true
I/System.out(19627): !!==!! xxxx 99999 BrowseFrameLayout
I/System.out(19627): !!==!! onChildViewHolderSelected
D/PageWithLoaderFragment(19627): onRowSelected 8
D/BackgroundHelper(19627):  clearBackground  level:0 backgroundManager:com.tv.background.BackgroundManager@41a8f1c0 mBackgroundLevel1:null mBackgroundLevel2:null mDefaultBackground:android.graphics.drawable.LayerDrawable@41a67740
V/BackgroundManager(19627): setBackgroundDrawable android.graphics.drawable.LayerDrawable@41a67740
V/BackgroundManager(19627): new drawable same as pending
D/RemoteIME(  630): onFinishInput.
D/RemoteIME(  630): onStartInput  ccontentType: 0 Restarting:false
D/RemoteIME(  630): [requestInputWithHkb] estimate if number...
D/RemoteIME(  630): [requestInputWithHkb] mEditorInfo is: android.view.inputmethod.EditorInfo@417f9898
D/WindowManager(  466): action = 1
D/WindowManager(  466): hyq lasteventDownTime=0
D/WindowManager(  466): hyq getEventTime()=173381522
D/WindowManager(  466): hyq lasteventDownTime=173381394
D/WindowManager(  466): hyq getEventTime()=173381522
E/WindowManager(  466): smy interceptKeyBeforeDispatching up !!! 
E/WindowManager(  466): smy interceptKeyBeforeDispatching up !!! screensaverDelay = -1
E/WindowManager(  466): smy interceptKeyBeforeDispatching up !!! sleepDelay = -1
D/RemoteIME(  630): keycode: 20, realAction: false
D/InputEventConsistencyVerifier(19627): KeyEvent: ACTION_UP but key was not down.
D/InputEventConsistencyVerifier(19627):   in com.tv.ui.view.CardViewBase{441956f8 VFE...C. .FS..A.D 0,0-240,406}
D/InputEventConsistencyVerifier(19627):   0: sent at 173381522000000, KeyEvent { action=ACTION_UP, keyCode=KEYCODE_DPAD_DOWN, scanCode=108, metaState=META_NUM_LOCK_ON, flags=0x8, repeatCount=0, eventTime=173381522, downTime=173381394, deviceId=1, source=0x101 }
I/System.out(19627): !!==!! xxxx 99999 BrowseFrameLayout
D/DisplayItemSelector(19627): ui_type:block_grid_classic_same id:20102 title: unitary:true
D/DisplayItemSelector(19627): presenter  com.tv.ui.presenter.CardBasicClassicPresenter@44206ce0
D/dalvikvm(19627): GC_FOR_ALLOC freed 86K, 3% free 106904K/110048K, paused 60ms, total 60ms
D/dalvikvm(19627): GC_FOR_ALLOC freed 68K, 3% free 112036K/115048K, paused 62ms, total 62ms
D/WindowManager(  466): action = 0
D/WindowManager(  466): hyq is down event 
D/WindowManager(  466): hyq lasteventDownTime=0
D/WindowManager(  466): hyq getEventTime()=173381762
I/com.app.core(  734): Hua.Wong......runWhenKeyPressed 
D/smy_FeedbackReceiver(18562): one mLastPressBackTime = 173381396
D/smy_FeedbackReceiver(18562): keyCode = 20
D/smy_FeedbackReceiver(18562): mBackPressCounts = 1
D/smy_FeedbackReceiver(18562): mLastPressBackTime = 173381765
W/ContextImpl(  466): Calling a method in the system process without a qualified user: android.app.ContextImpl.sendBroadcast:1138 com.android.internal.policy.impl.PhoneWindowManager.interceptKeyBeforeQueueing:4448 com.android.server.wm.InputMonitor.interceptKeyBeforeQueueing:357 com.android.server.input.InputManagerService.interceptKeyBeforeQueueing:1332 dalvik.system.NativeStart.run:-2 
D/RemoteIME(  630): keycode: 20, realAction: true
I/System.out(19627): !!==!! xxxx 99999 BrowseFrameLayout
I/System.out(19627): !!==!! onChildViewHolderSelected
D/PageWithLoaderFragment(19627): onRowSelected 9
D/BackgroundHelper(19627):  clearBackground  level:0 backgroundManager:com.tv.background.BackgroundManager@41a8f1c0 mBackgroundLevel1:null mBackgroundLevel2:null mDefaultBackground:android.graphics.drawable.LayerDrawable@41a67740
V/BackgroundManager(19627): setBackgroundDrawable android.graphics.drawable.LayerDrawable@41a67740
V/BackgroundManager(19627): new drawable same as pending
D/RemoteIME(  630): onFinishInput.
D/RemoteIME(  630): onStartInput  ccontentType: 0 Restarting:false
D/RemoteIME(  630): [requestInputWithHkb] estimate if number...
D/RemoteIME(  630): [requestInputWithHkb] mEditorInfo is: android.view.inputmethod.EditorInfo@41824408
D/WindowManager(  466): action = 1
D/WindowManager(  466): hyq lasteventDownTime=0
D/WindowManager(  466): hyq getEventTime()=173381890
D/WindowManager(  466): hyq lasteventDownTime=173381762
D/WindowManager(  466): hyq getEventTime()=173381890
E/WindowManager(  466): smy interceptKeyBeforeDispatching up !!! 
E/WindowManager(  466): smy interceptKeyBeforeDispatching up !!! screensaverDelay = -1
E/WindowManager(  466): smy interceptKeyBeforeDispatching up !!! sleepDelay = -1
D/RemoteIME(  630): keycode: 20, realAction: false
D/InputEventConsistencyVerifier(19627): KeyEvent: ACTION_UP but key was not down.
D/InputEventConsistencyVerifier(19627):   in com.tv.ui.view.RowContainerView{425d88a0 V.E..... ........ 0,570-1920,1124}
D/InputEventConsistencyVerifier(19627):   0: sent at 173381890000000, KeyEvent { action=ACTION_UP, keyCode=KEYCODE_DPAD_DOWN, scanCode=108, metaState=META_NUM_LOCK_ON, flags=0x8, repeatCount=0, eventTime=173381890, downTime=173381762, deviceId=1, source=0x101 }
I/System.out(19627): !!==!! xxxx 99999 BrowseFrameLayout
D/DisplayItemSelector(19627): ui_type:block_grid_classic_same id:20102 title: unitary:true
D/DisplayItemSelector(19627): presenter  com.tv.ui.presenter.CardBasicClassicPresenter@44206ce0
D/AudioHardwareALSA(  134): AudioStreamOutALSA::standby().....
E/NetdConnector(  466): RCV <- {601 limit alert globalAlert lo} with time:173383349
E/NetdConnector(  466): RCV <- {200 6908 Tethering stats list completed} with time:173383388
E/NetdConnector(  466): RCV <- {200 6909 Bandwidth command succeeeded} with time:173383404
D/WindowManager(  466): action = 0
D/WindowManager(  466): hyq is down event 
D/WindowManager(  466): hyq lasteventDownTime=0
D/WindowManager(  466): hyq getEventTime()=173383642
W/ContextImpl(  466): Calling a method in the system process without a qualified user: android.app.ContextImpl.sendBroadcast:1138 com.android.internal.policy.impl.PhoneWindowManager.interceptKeyBeforeQueueing:4448 com.android.server.wm.InputMonitor.interceptKeyBeforeQueueing:357 com.android.server.input.InputManagerService.interceptKeyBeforeQueueing:1332 dalvik.system.NativeStart.run:-2 
D/RemoteIME(  630): keycode: 20, realAction: true
I/com.app.core(  734): Hua.Wong......runWhenKeyPressed 
I/System.out(19627): !!==!! xxxx 99999 BrowseFrameLayout
D/smy_FeedbackReceiver(18562): one mLastPressBackTime = 173381765
D/smy_FeedbackReceiver(18562): keyCode = 20
I/System.out(19627): !!==!! onChildViewHolderSelected
D/smy_FeedbackReceiver(18562): curPressBackTime - mLastPressBackTime = 1890, mBackPressCounts = 1
D/PageWithLoaderFragment(19627): onRowSelected 10
D/smy_FeedbackReceiver(18562): mLastPressBackTime = 173383655
D/BackgroundHelper(19627):  clearBackground  level:0 backgroundManager:com.tv.background.BackgroundManager@41a8f1c0 mBackgroundLevel1:null mBackgroundLevel2:null mDefaultBackground:android.graphics.drawable.LayerDrawable@41a67740
V/BackgroundManager(19627): setBackgroundDrawable android.graphics.drawable.LayerDrawable@41a67740
V/BackgroundManager(19627): new drawable same as pending
D/RemoteIME(  630): onFinishInput.
D/RemoteIME(  630): onStartInput  ccontentType: 0 Restarting:false
D/RemoteIME(  630): [requestInputWithHkb] estimate if number...
D/RemoteIME(  630): [requestInputWithHkb] mEditorInfo is: android.view.inputmethod.EditorInfo@418895a0
D/DisplayItemSelector(19627): ui_type:block_grid_classic id:21102 title: unitary:false
D/DisplayItemSelector(19627): presenter  com.tv.ui.presenter.CardBasicClassicPresenter@44206ce0
D/WindowManager(  466): action = 1
D/WindowManager(  466): hyq lasteventDownTime=0
D/WindowManager(  466): hyq getEventTime()=173383770
D/WindowManager(  466): hyq lasteventDownTime=173383642
D/WindowManager(  466): hyq getEventTime()=173383770
E/WindowManager(  466): smy interceptKeyBeforeDispatching up !!! 
E/WindowManager(  466): smy interceptKeyBeforeDispatching up !!! screensaverDelay = -1
E/WindowManager(  466): smy interceptKeyBeforeDispatching up !!! sleepDelay = -1
D/RemoteIME(  630): keycode: 20, realAction: false
D/InputEventConsistencyVerifier(19627): KeyEvent: ACTION_UP but key was not down.
D/InputEventConsistencyVerifier(19627):   in com.tv.ui.view.RowContainerView{41ab7510 V.E..... ........ 0,377-1920,931}
D/InputEventConsistencyVerifier(19627):   0: sent at 173383770000000, KeyEvent { action=ACTION_UP, keyCode=KEYCODE_DPAD_DOWN, scanCode=108, metaState=META_NUM_LOCK_ON, flags=0x8, repeatCount=0, eventTime=173383770, downTime=173383642, deviceId=1, source=0x101 }
D/WindowManager(  466): action = 0
D/WindowManager(  466): hyq is down event 
D/WindowManager(  466): hyq lasteventDownTime=0
D/WindowManager(  466): hyq getEventTime()=173383882
I/com.app.core(  734): Hua.Wong......runWhenKeyPressed 
D/smy_FeedbackReceiver(18562): one mLastPressBackTime = 173383655
D/smy_FeedbackReceiver(18562): keyCode = 20
D/smy_FeedbackReceiver(18562): mBackPressCounts = 2
D/smy_FeedbackReceiver(18562): mLastPressBackTime = 173383886
W/ContextImpl(  466): Calling a method in the system process without a qualified user: android.app.ContextImpl.sendBroadcast:1138 com.android.internal.policy.impl.PhoneWindowManager.interceptKeyBeforeQueueing:4448 com.android.server.wm.InputMonitor.interceptKeyBeforeQueueing:357 com.android.server.input.InputManagerService.interceptKeyBeforeQueueing:1332 dalvik.system.NativeStart.run:-2 
D/RemoteIME(  630): keycode: 20, realAction: true
I/System.out(19627): !!==!! xxxx 99999 BrowseFrameLayout
I/System.out(19627): !!==!! onChildViewHolderSelected
D/PageWithLoaderFragment(19627): onRowSelected 11
D/BackgroundHelper(19627):  clearBackground  level:0 backgroundManager:com.tv.background.BackgroundManager@41a8f1c0 mBackgroundLevel1:null mBackgroundLevel2:null mDefaultBackground:android.graphics.drawable.LayerDrawable@41a67740
V/BackgroundManager(19627): setBackgroundDrawable android.graphics.drawable.LayerDrawable@41a67740
V/BackgroundManager(19627): new drawable same as pending
D/RemoteIME(  630): onFinishInput.
D/RemoteIME(  630): onStartInput  ccontentType: 0 Restarting:false
D/RemoteIME(  630): [requestInputWithHkb] estimate if number...
D/RemoteIME(  630): [requestInputWithHkb] mEditorInfo is: android.view.inputmethod.EditorInfo@4187ee78
D/DisplayItemSelector(19627): ui_type:block_grid_classic id:21102 title: unitary:false
D/DisplayItemSelector(19627): presenter  com.tv.ui.presenter.CardBasicClassicPresenter@44206ce0
D/WindowManager(  466): action = 1
D/WindowManager(  466): hyq lasteventDownTime=0
D/WindowManager(  466): hyq getEventTime()=173384002
D/WindowManager(  466): hyq lasteventDownTime=173383882
D/WindowManager(  466): hyq getEventTime()=173384002
E/WindowManager(  466): smy interceptKeyBeforeDispatching up !!! 
E/WindowManager(  466): smy interceptKeyBeforeDispatching up !!! screensaverDelay = -1
E/WindowManager(  466): smy interceptKeyBeforeDispatching up !!! sleepDelay = -1
D/RemoteIME(  630): keycode: 20, realAction: false
D/InputEventConsistencyVerifier(19627): KeyEvent: ACTION_UP but key was not down.
D/InputEventConsistencyVerifier(19627):   in com.tv.ui.view.CardViewBase{425f5a40 VFE...C. .FS..... 0,0-530,404}
D/InputEventConsistencyVerifier(19627):   0: sent at 173384002000000, KeyEvent { action=ACTION_UP, keyCode=KEYCODE_DPAD_DOWN, scanCode=108, metaState=META_NUM_LOCK_ON, flags=0x8, repeatCount=0, eventTime=173384002, downTime=173383882, deviceId=1, source=0x101 }
D/WindowManager(  466): action = 0
D/WindowManager(  466): hyq is down event 
D/WindowManager(  466): hyq lasteventDownTime=0
D/WindowManager(  466): hyq getEventTime()=173384114
I/com.app.core(  734): Hua.Wong......runWhenKeyPressed 
D/smy_FeedbackReceiver(18562): one mLastPressBackTime = 173383886
D/smy_FeedbackReceiver(18562): keyCode = 20
D/smy_FeedbackReceiver(18562): mBackPressCounts = 3
D/smy_FeedbackReceiver(18562): start service
D/smy_FeedbackReceiver(18562): mLastPressBackTime = 173384118
W/ContextImpl(  466): Calling a method in the system process without a qualified user: android.app.ContextImpl.sendBroadcast:1138 com.android.internal.policy.impl.PhoneWindowManager.interceptKeyBeforeQueueing:4448 com.android.server.wm.InputMonitor.interceptKeyBeforeQueueing:357 com.android.server.input.InputManagerService.interceptKeyBeforeQueueing:1332 dalvik.system.NativeStart.run:-2 
W/ContextImpl(18562): Calling a method in the system process without a qualified user: android.app.ContextImpl.startService:1494 android.content.ContextWrapper.startService:494 android.content.ContextWrapper.startService:494 com.tvbox.feedback.FeedbackReceiver.onReceive:34 android.app.ActivityThread.handleReceiver:2419 
D/RemoteIME(  630): keycode: 20, realAction: true
I/System.out(19627): !!==!! onChildViewHolderSelected
D/PageWithLoaderFragment(19627): onRowSelected 12
D/BackgroundHelper(19627):  clearBackground  level:0 backgroundManager:com.tv.background.BackgroundManager@41a8f1c0 mBackgroundLevel1:null mBackgroundLevel2:null mDefaultBackground:android.graphics.drawable.LayerDrawable@41a67740
V/BackgroundManager(19627): setBackgroundDrawable android.graphics.drawable.LayerDrawable@41a67740
V/BackgroundManager(19627): new drawable same as pending
D/RemoteIME(  630): onFinishInput.
D/RemoteIME(  630): onStartInput  ccontentType: 0 Restarting:false
D/RemoteIME(  630): [requestInputWithHkb] estimate if number...
D/RemoteIME(  630): [requestInputWithHkb] mEditorInfo is: android.view.inputmethod.EditorInfo@4187f3f0
D/WindowManager(  466): action = 1
D/WindowManager(  466): hyq lasteventDownTime=0
D/WindowManager(  466): hyq getEventTime()=173384226
D/WindowManager(  466): hyq lasteventDownTime=173384114
D/WindowManager(  466): hyq getEventTime()=173384226
E/WindowManager(  466): smy interceptKeyBeforeDispatching up !!! 
E/WindowManager(  466): smy interceptKeyBeforeDispatching up !!! screensaverDelay = -1
E/WindowManager(  466): smy interceptKeyBeforeDispatching up !!! sleepDelay = -1
D/RemoteIME(  630): keycode: 20, realAction: false
D/InputEventConsistencyVerifier(19627): KeyEvent: ACTION_UP but key was not down.
D/InputEventConsistencyVerifier(19627):   in com.tv.ui.view.CardViewBase{4571a830 VFE...C. .FS....D 0,0-530,404}
D/InputEventConsistencyVerifier(19627):   0: sent at 173384226000000, KeyEvent { action=ACTION_UP, keyCode=KEYCODE_DPAD_DOWN, scanCode=108, metaState=META_NUM_LOCK_ON, flags=0x8, repeatCount=0, eventTime=173384226, downTime=173384114, deviceId=1, source=0x101 }
D/DisplayItemSelector(19627): ui_type:block_grid_classic_same id:20102 title: unitary:true
D/DisplayItemSelector(19627): presenter  com.tv.ui.presenter.CardBasicClassicPresenter@44206ce0
E/NetdConnector(  466): RCV <- {601 limit alert globalAlert lo} with time:173384437
E/NetdConnector(  466): RCV <- {200 6910 Tethering stats list completed} with time:173384447
E/NetdConnector(  466): RCV <- {200 6911 Bandwidth command succeeeded} with time:173384504
D/WindowManager(  466): action = 0
D/WindowManager(  466): hyq is down event 
D/WindowManager(  466): hyq lasteventDownTime=0
D/WindowManager(  466): hyq getEventTime()=173384762
I/com.app.core(  734): Hua.Wong......runWhenKeyPressed 
D/smy_FeedbackReceiver(18562): one mLastPressBackTime = 173384118
D/smy_FeedbackReceiver(18562): keyCode = 20
D/smy_FeedbackReceiver(18562): mBackPressCounts = 1
D/smy_FeedbackReceiver(18562): mLastPressBackTime = 173384766
W/ContextImpl(  466): Calling a method in the system process without a qualified user: android.app.ContextImpl.sendBroadcast:1138 com.android.internal.policy.impl.PhoneWindowManager.interceptKeyBeforeQueueing:4448 com.android.server.wm.InputMonitor.interceptKeyBeforeQueueing:357 com.android.server.input.InputManagerService.interceptKeyBeforeQueueing:1332 dalvik.system.NativeStart.run:-2 
D/RemoteIME(  630): keycode: 20, realAction: true
I/System.out(19627): !!==!! onChildViewHolderSelected
D/PageWithLoaderFragment(19627): onRowSelected 12
D/BackgroundHelper(19627):  clearBackground  level:0 backgroundManager:com.tv.background.BackgroundManager@41a8f1c0 mBackgroundLevel1:null mBackgroundLevel2:null mDefaultBackground:android.graphics.drawable.LayerDrawable@41a67740
V/BackgroundManager(19627): setBackgroundDrawable android.graphics.drawable.LayerDrawable@41a67740
V/BackgroundManager(19627): new drawable same as pending
I/System.out(19627): !!==!! onChildViewHolderSelected
D/PageWithLoaderFragment(19627): onRowSelected 12
D/RemoteIME(  630): onFinishInput.
D/RemoteIME(  630): onStartInput  ccontentType: 0 Restarting:false
D/RemoteIME(  630): [requestInputWithHkb] estimate if number...
D/RemoteIME(  630): [requestInputWithHkb] mEditorInfo is: android.view.inputmethod.EditorInfo@4188f938
D/WindowManager(  466): action = 1
D/WindowManager(  466): hyq lasteventDownTime=0
D/WindowManager(  466): hyq getEventTime()=173384882
D/WindowManager(  466): hyq lasteventDownTime=173384762
D/WindowManager(  466): hyq getEventTime()=173384882
E/WindowManager(  466): smy interceptKeyBeforeDispatching up !!! 
E/WindowManager(  466): smy interceptKeyBeforeDispatching up !!! screensaverDelay = -1
E/WindowManager(  466): smy interceptKeyBeforeDispatching up !!! sleepDelay = -1
D/RemoteIME(  630): keycode: 20, realAction: false
W/ResourceType(19627): No package identifier when getting name for resource number 0x00018a89
D/InputEventConsistencyVerifier(19627): KeyEvent: ACTION_UP but key was not down.
D/InputEventConsistencyVerifier(19627):   in com.tv.ui.view.CardViewBase{45ec5438 VFE...C. .FS..... 0,454-240,858 #18a89}
D/InputEventConsistencyVerifier(19627):   0: sent at 173384882000000, KeyEvent { action=ACTION_UP, keyCode=KEYCODE_DPAD_DOWN, scanCode=108, metaState=META_NUM_LOCK_ON, flags=0x8, repeatCount=0, eventTime=173384882, downTime=173384762, deviceId=1, source=0x101 }
D/WindowManager(  466): action = 0
D/WindowManager(  466): hyq is down event 
D/WindowManager(  466): hyq lasteventDownTime=0
D/WindowManager(  466): hyq getEventTime()=173384962
I/com.app.core(  734): Hua.Wong......runWhenKeyPressed 
D/smy_FeedbackReceiver(18562): one mLastPressBackTime = 173384766
D/smy_FeedbackReceiver(18562): keyCode = 20
D/smy_FeedbackReceiver(18562): mBackPressCounts = 2
D/smy_FeedbackReceiver(18562): mLastPressBackTime = 173384966
W/ContextImpl(  466): Calling a method in the system process without a qualified user: android.app.ContextImpl.sendBroadcast:1138 com.android.internal.policy.impl.PhoneWindowManager.interceptKeyBeforeQueueing:4448 com.android.server.wm.InputMonitor.interceptKeyBeforeQueueing:357 com.android.server.input.InputManagerService.interceptKeyBeforeQueueing:1332 dalvik.system.NativeStart.run:-2 
D/RemoteIME(  630): keycode: 20, realAction: true
I/System.out(19627): !!==!! onChildViewHolderSelected
D/PageWithLoaderFragment(19627): onRowSelected 13
D/BackgroundHelper(19627):  clearBackground  level:0 backgroundManager:com.tv.background.BackgroundManager@41a8f1c0 mBackgroundLevel1:null mBackgroundLevel2:null mDefaultBackground:android.graphics.drawable.LayerDrawable@41a67740
V/BackgroundManager(19627): setBackgroundDrawable android.graphics.drawable.LayerDrawable@41a67740
V/BackgroundManager(19627): new drawable same as pending
D/RemoteIME(  630): onFinishInput.
D/RemoteIME(  630): onStartInput  ccontentType: 0 Restarting:false
D/RemoteIME(  630): [requestInputWithHkb] estimate if number...
D/RemoteIME(  630): [requestInputWithHkb] mEditorInfo is: android.view.inputmethod.EditorInfo@418987b8
D/smy_downloader( 2023): selector key size = 0
D/DisplayItemSelector(19627): ui_type:block_grid_classic id:21102 title: unitary:false
D/DisplayItemSelector(19627): presenter  com.tv.ui.presenter.CardBasicClassicPresenter@44206ce0
D/WindowManager(  466): action = 1
D/WindowManager(  466): hyq lasteventDownTime=0
D/WindowManager(  466): hyq getEventTime()=173385106
D/WindowManager(  466): hyq lasteventDownTime=173384962
D/WindowManager(  466): hyq getEventTime()=173385106
E/WindowManager(  466): smy interceptKeyBeforeDispatching up !!! 
E/WindowManager(  466): smy interceptKeyBeforeDispatching up !!! screensaverDelay = -1
E/WindowManager(  466): smy interceptKeyBeforeDispatching up !!! sleepDelay = -1
D/RemoteIME(  630): keycode: 20, realAction: false
D/WindowManager(  466): action = 0
D/WindowManager(  466): hyq is down event 
D/WindowManager(  466): hyq lasteventDownTime=0
D/WindowManager(  466): hyq getEventTime()=173385186
I/com.app.core(  734): Hua.Wong......runWhenKeyPressed 
D/smy_FeedbackReceiver(18562): one mLastPressBackTime = 173384966
D/smy_FeedbackReceiver(18562): keyCode = 20
D/smy_FeedbackReceiver(18562): mBackPressCounts = 3
D/smy_FeedbackReceiver(18562): start service
W/ContextImpl(  466): Calling a method in the system process without a qualified user: android.app.ContextImpl.sendBroadcast:1138 com.android.internal.policy.impl.PhoneWindowManager.interceptKeyBeforeQueueing:4448 com.android.server.wm.InputMonitor.interceptKeyBeforeQueueing:357 com.android.server.input.InputManagerService.interceptKeyBeforeQueueing:1332 dalvik.system.NativeStart.run:-2 
D/smy_FeedbackReceiver(18562): mLastPressBackTime = 173385189
D/RemoteIME(  630): keycode: 20, realAction: true
W/ContextImpl(18562): Calling a method in the system process without a qualified user: android.app.ContextImpl.startService:1494 android.content.ContextWrapper.startService:494 android.content.ContextWrapper.startService:494 com.tvbox.feedback.FeedbackReceiver.onReceive:34 android.app.ActivityThread.handleReceiver:2419 
I/System.out(19627): !!==!! xxxx 99999 BrowseFrameLayout
I/System.out(19627): !!==!! onChildViewHolderSelected
D/PageWithLoaderFragment(19627): onRowSelected 14
D/BackgroundHelper(19627):  clearBackground  level:0 backgroundManager:com.tv.background.BackgroundManager@41a8f1c0 mBackgroundLevel1:null mBackgroundLevel2:null mDefaultBackground:android.graphics.drawable.LayerDrawable@41a67740
V/BackgroundManager(19627): setBackgroundDrawable android.graphics.drawable.LayerDrawable@41a67740
V/BackgroundManager(19627): new drawable same as pending
D/RemoteIME(  630): onFinishInput.
D/RemoteIME(  630): onStartInput  ccontentType: 0 Restarting:false
D/RemoteIME(  630): [requestInputWithHkb] estimate if number...
D/RemoteIME(  630): [requestInputWithHkb] mEditorInfo is: android.view.inputmethod.EditorInfo@41898d58
D/WindowManager(  466): action = 1
D/WindowManager(  466): hyq lasteventDownTime=0
D/WindowManager(  466): hyq getEventTime()=173385314
D/WindowManager(  466): hyq lasteventDownTime=173385186
D/WindowManager(  466): hyq getEventTime()=173385314
E/WindowManager(  466): smy interceptKeyBeforeDispatching up !!! 
E/WindowManager(  466): smy interceptKeyBeforeDispatching up !!! screensaverDelay = -1
E/WindowManager(  466): smy interceptKeyBeforeDispatching up !!! sleepDelay = -1
D/RemoteIME(  630): keycode: 20, realAction: false
D/InputEventConsistencyVerifier(19627): KeyEvent: ACTION_UP but key was not down.
D/InputEventConsistencyVerifier(19627):   in com.tv.ui.view.RowContainerView{45a69770 V.E..... ........ 0,538-1920,1093}
D/InputEventConsistencyVerifier(19627):   0: sent at 173385314000000, KeyEvent { action=ACTION_UP, keyCode=KEYCODE_DPAD_DOWN, scanCode=108, metaState=META_NUM_LOCK_ON, flags=0x8, repeatCount=0, eventTime=173385314, downTime=173385186, deviceId=1, source=0x101 }
D/WindowManager(  466): action = 0
D/WindowManager(  466): hyq is down event 
D/WindowManager(  466): hyq lasteventDownTime=0
D/WindowManager(  466): hyq getEventTime()=173385450
I/com.app.core(  734): Hua.Wong......runWhenKeyPressed 
D/smy_FeedbackReceiver(18562): one mLastPressBackTime = 173385189
D/smy_FeedbackReceiver(18562): keyCode = 20
D/smy_FeedbackReceiver(18562): mBackPressCounts = 1
D/smy_FeedbackReceiver(18562): mLastPressBackTime = 173385454
W/ContextImpl(  466): Calling a method in the system process without a qualified user: android.app.ContextImpl.sendBroadcast:1138 com.android.internal.policy.impl.PhoneWindowManager.interceptKeyBeforeQueueing:4448 com.android.server.wm.InputMonitor.interceptKeyBeforeQueueing:357 com.android.server.input.InputManagerService.interceptKeyBeforeQueueing:1332 dalvik.system.NativeStart.run:-2 
D/RemoteIME(  630): keycode: 20, realAction: true
D/WindowManager(  466): action = 1
D/WindowManager(  466): hyq lasteventDownTime=0
D/WindowManager(  466): hyq getEventTime()=173385578
D/WindowManager(  466): hyq lasteventDownTime=173385450
D/WindowManager(  466): hyq getEventTime()=173385578
E/WindowManager(  466): smy interceptKeyBeforeDispatching up !!! 
E/WindowManager(  466): smy interceptKeyBeforeDispatching up !!! screensaverDelay = -1
E/WindowManager(  466): smy interceptKeyBeforeDispatching up !!! sleepDelay = -1
D/RemoteIME(  630): keycode: 20, realAction: false
E/NetdConnector(  466): RCV <- {601 limit alert globalAlert eth0} with time:173385874
D/dalvikvm(  466): GC_FOR_ALLOC freed 1601K, 37% free 6923K/10908K, paused 61ms, total 61ms
D/WindowManager(  466): action = 0
D/WindowManager(  466): hyq is down event 
D/WindowManager(  466): hyq lasteventDownTime=0
D/WindowManager(  466): hyq getEventTime()=173385938
D/RemoteIME(  630): keycode: 19, realAction: true
I/com.app.core(  734): Hua.Wong......runWhenKeyPressed 
D/smy_FeedbackReceiver(18562): one mLastPressBackTime = 173385454
D/smy_FeedbackReceiver(18562): keyCode = 19
I/System.out(19627): !!==!! onChildViewHolderSelected
D/PageWithLoaderFragment(19627): onRowSelected 13
D/BackgroundHelper(19627):  clearBackground  level:0 backgroundManager:com.tv.background.BackgroundManager@41a8f1c0 mBackgroundLevel1:null mBackgroundLevel2:null mDefaultBackground:android.graphics.drawable.LayerDrawable@41a67740
V/BackgroundManager(19627): setBackgroundDrawable android.graphics.drawable.LayerDrawable@41a67740
V/BackgroundManager(19627): new drawable same as pending
W/ContextImpl(  466): Calling a method in the system process without a qualified user: android.app.ContextImpl.sendBroadcast:1138 com.android.internal.policy.impl.PhoneWindowManager.interceptKeyBeforeQueueing:4448 com.android.server.wm.InputMonitor.interceptKeyBeforeQueueing:357 com.android.server.input.InputManagerService.interceptKeyBeforeQueueing:1332 dalvik.system.NativeStart.run:-2 
E/NetdConnector(  466): RCV <- {200 6912 Tethering stats list completed} with time:173385948
E/NetdConnector(  466): RCV <- {200 6913 Bandwidth command succeeeded} with time:173385954
D/RemoteIME(  630): onFinishInput.
D/RemoteIME(  630): onStartInput  ccontentType: 0 Restarting:false
D/RemoteIME(  630): [requestInputWithHkb] estimate if number...
D/RemoteIME(  630): [requestInputWithHkb] mEditorInfo is: android.view.inputmethod.EditorInfo@4187f708
D/WindowManager(  466): action = 1
D/WindowManager(  466): hyq lasteventDownTime=0
D/WindowManager(  466): hyq getEventTime()=173386026
D/WindowManager(  466): hyq lasteventDownTime=173385938
D/WindowManager(  466): hyq getEventTime()=173386026
E/WindowManager(  466): smy interceptKeyBeforeDispatching up !!! 
E/WindowManager(  466): smy interceptKeyBeforeDispatching up !!! screensaverDelay = -1
E/WindowManager(  466): smy interceptKeyBeforeDispatching up !!! sleepDelay = -1
D/RemoteIME(  630): keycode: 19, realAction: false
D/InputEventConsistencyVerifier(19627): KeyEvent: ACTION_UP but key was not down.
D/InputEventConsistencyVerifier(19627):   in com.tv.ui.view.RowContainerView{45df3750 V.E..... ........ 0,155-1920,709}
D/InputEventConsistencyVerifier(19627):   0: sent at 173386026000000, KeyEvent { action=ACTION_UP, keyCode=KEYCODE_DPAD_UP, scanCode=103, metaState=META_NUM_LOCK_ON, flags=0x8, repeatCount=0, eventTime=173386026, downTime=173385938, deviceId=1, source=0x101 }
D/InputEventConsistencyVerifier(19627):   -- recent events --
D/InputEventConsistencyVerifier(19627):   1: sent at 173385186000000, (unhandled) KeyEvent { action=ACTION_DOWN, keyCode=KEYCODE_DPAD_DOWN, scanCode=108, metaState=META_NUM_LOCK_ON, flags=0x8, repeatCount=0, eventTime=173385186, downTime=173385186, deviceId=1, source=0x101 }
D/InputEventConsistencyVerifier(19627):   2: sent at 173385106000000, (unhandled) KeyEvent { action=ACTION_UP, keyCode=KEYCODE_DPAD_DOWN, scanCode=108, metaState=META_NUM_LOCK_ON, flags=0x8, repeatCount=0, eventTime=173385106, downTime=173384962, deviceId=1, source=0x101 }
D/InputEventConsistencyVerifier(19627):   3: sent at 173381762000000, (unhandled) KeyEvent { action=ACTION_DOWN, keyCode=KEYCODE_DPAD_DOWN, scanCode=108, metaState=META_NUM_LOCK_ON, flags=0x8, repeatCount=0, eventTime=173381762, downTime=173381762, deviceId=1, source=0x101 }
D/InputEventConsistencyVerifier(19627):   4: sent at 173381522000000, (unhandled) KeyEvent { action=ACTION_UP, keyCode=KEYCODE_DPAD_DOWN, scanCode=108, metaState=META_NUM_LOCK_ON, flags=0x8, repeatCount=0, eventTime=173381522, downTime=173381394, deviceId=1, source=0x101 }
D/InputEventConsistencyVerifier(19627):   5: sent at 173379826000000, (unhandled) KeyEvent { action=ACTION_DOWN, keyCode=KEYCODE_DPAD_DOWN, scanCode=108, metaState=META_NUM_LOCK_ON, flags=0x8, repeatCount=0, eventTime=173379826, downTime=173379826, deviceId=1, source=0x101 }
D/WindowManager(  466): action = 0
D/WindowManager(  466): hyq is down event 
D/WindowManager(  466): hyq lasteventDownTime=0
D/WindowManager(  466): hyq getEventTime()=173386154
I/com.app.core(  734): Hua.Wong......runWhenKeyPressed 
D/smy_FeedbackReceiver(18562): one mLastPressBackTime = 173385454
D/smy_FeedbackReceiver(18562): keyCode = 19
W/ContextImpl(  466): Calling a method in the system process without a qualified user: android.app.ContextImpl.sendBroadcast:1138 com.android.internal.policy.impl.PhoneWindowManager.interceptKeyBeforeQueueing:4448 com.android.server.wm.InputMonitor.interceptKeyBeforeQueueing:357 com.android.server.input.InputManagerService.interceptKeyBeforeQueueing:1332 dalvik.system.NativeStart.run:-2 
D/RemoteIME(  630): keycode: 19, realAction: true
I/System.out(19627): !!==!! xxxx 99999 BrowseFrameLayout
I/System.out(19627): !!==!! onChildViewHolderSelected
D/PageWithLoaderFragment(19627): onRowSelected 12
D/BackgroundHelper(19627):  clearBackground  level:0 backgroundManager:com.tv.background.BackgroundManager@41a8f1c0 mBackgroundLevel1:null mBackgroundLevel2:null mDefaultBackground:android.graphics.drawable.LayerDrawable@41a67740
V/BackgroundManager(19627): setBackgroundDrawable android.graphics.drawable.LayerDrawable@41a67740
V/BackgroundManager(19627): new drawable same as pending
D/RemoteIME(  630): onFinishInput.
D/RemoteIME(  630): onStartInput  ccontentType: 0 Restarting:false
D/RemoteIME(  630): [requestInputWithHkb] estimate if number...
D/RemoteIME(  630): [requestInputWithHkb] mEditorInfo is: android.view.inputmethod.EditorInfo@4189f5a8
D/WindowManager(  466): action = 1
D/WindowManager(  466): hyq lasteventDownTime=0
D/WindowManager(  466): hyq getEventTime()=173386242
D/WindowManager(  466): hyq lasteventDownTime=173386154
D/WindowManager(  466): hyq getEventTime()=173386242
E/WindowManager(  466): smy interceptKeyBeforeDispatching up !!! 
E/WindowManager(  466): smy interceptKeyBeforeDispatching up !!! screensaverDelay = -1
E/WindowManager(  466): smy interceptKeyBeforeDispatching up !!! sleepDelay = -1
V/LocalBroadcastManager(19627): Resolving type null scheme null of intent Intent { act=action_ui_player_control_callback_changed (has extras) }
D/RemoteIME(  630): keycode: 19, realAction: false
V/LocalBroadcastManager(19627): Action list: [Receiver{com.youku.tv.player.common.localbroadcast.DataBroadcast$1@42435d88 filter=android.content.IntentFilter@426934c0}, Receiver{com.youku.tv.player.common.localbroadcast.DataBroadcast$1@417bcd58 filter=android.content.IntentFilter@4240b9f0}]
V/LocalBroadcastManager(19627): Matching against filter android.content.IntentFilter@426934c0
V/LocalBroadcastManager(19627):   Filter matched!  match=0x108000
V/LocalBroadcastManager(19627): Matching against filter android.content.IntentFilter@4240b9f0
V/LocalBroadcastManager(19627):   Filter matched!  match=0x108000
D/InputEventConsistencyVerifier(19627): KeyEvent: ACTION_UP but key was not down.
D/InputEventConsistencyVerifier(19627):   in com.tv.ui.view.RowContainerView{45f9ded0 V.E..... ........ 0,-539-1630,470}
D/InputEventConsistencyVerifier(19627):   0: sent at 173386242000000, KeyEvent { action=ACTION_UP, keyCode=KEYCODE_DPAD_UP, scanCode=103, metaState=META_NUM_LOCK_ON, flags=0x8, repeatCount=0, eventTime=173386242, downTime=173386154, deviceId=1, source=0x101 }
D/InputEventConsistencyVerifier(19627):   -- recent events --
D/InputEventConsistencyVerifier(19627):   1: sent at 173384962000000, (unhandled) KeyEvent { action=ACTION_DOWN, keyCode=KEYCODE_DPAD_DOWN, scanCode=108, metaState=META_NUM_LOCK_ON, flags=0x8, repeatCount=0, eventTime=173384962, downTime=173384962, deviceId=1, source=0x101 }
D/InputEventConsistencyVerifier(19627):   2: sent at 173384882000000, (unhandled) KeyEvent { action=ACTION_UP, keyCode=KEYCODE_DPAD_DOWN, scanCode=108, metaState=META_NUM_LOCK_ON, flags=0x8, repeatCount=0, eventTime=173384882, downTime=173384762, deviceId=1, source=0x101 }
D/InputEventConsistencyVerifier(19627):   3: sent at 173384762000000, (unhandled) KeyEvent { action=ACTION_DOWN, keyCode=KEYCODE_DPAD_DOWN, scanCode=108, metaState=META_NUM_LOCK_ON, flags=0x8, repeatCount=0, eventTime=173384762, downTime=173384762, deviceId=1, source=0x101 }
D/InputEventConsistencyVerifier(19627):   4: sent at 173384226000000, (unhandled) KeyEvent { action=ACTION_UP, keyCode=KEYCODE_DPAD_DOWN, scanCode=108, metaState=META_NUM_LOCK_ON, flags=0x8, repeatCount=0, eventTime=173384226, downTime=173384114, deviceId=1, source=0x101 }
D/InputEventConsistencyVerifier(19627):   5: sent at 173380290000000, (unhandled) KeyEvent { action=ACTION_DOWN, keyCode=KEYCODE_DPAD_DOWN, scanCode=108, metaState=META_NUM_LOCK_ON, flags=0x8, repeatCount=0, eventTime=173380290, downTime=173380290, deviceId=1, source=0x101 }
D/WindowManager(  466): action = 0
